Data set/Center wise/Center_11_Rank7.csv
id,week,center_id,meal_id,checkout_price,base_price,emailer_for_promotion,homepage_featured,num_orders,city_code,region_code,center_type,op_area,category,cuisine
1103215,1,11,1885,136.83,136.83,0,0,959,679,56,TYPE_A,3.7,Beverages,Thai
1091356,2,11,1885,133.86,135.86,0,0,1054,679,56,TYPE_A,3.7,Beverages,Thai
1195933,3,11,1885,135.86,133.86,0,0,891,679,56,TYPE_A,3.7,Beverages,Thai
1425602,4,11,1885,134.86,135.86,0,0,1107,679,56,TYPE_A,3.7,Beverages,Thai
1249127,5,11,1885,146.53,146.53,0,0,919,679,56,TYPE_A,3.7,Beverages,Thai
1195801,6,11,1885,144.53,146.53,0,0,1025,679,56,TYPE_A,3.7,Beverages,Thai
1007434,7,11,1885,146.53,144.53,0,0,959,679,56,TYPE_A,3.7,Beverages,Thai
1168988,8,11,1885,143.56,145.56,0,0,1093,679,56,TYPE_A,3.7,Beverages,Thai
1282577,9,11,1885,143.62,141.62,0,0,1014,679,56,TYPE_A,3.7,Beverages,Thai
1375012,10,11,1885,143.56,143.56,0,0,972,679,56,TYPE_A,3.7,Beverages,Thai
1005838,11,11,1885,146.53,145.53,0,0,917,679,56,TYPE_A,3.7,Beverages,Thai
1363587,12,11,1885,141.65,141.65,0,0,851,679,56,TYPE_A,3.7,Beverages,Thai
1113592,13,11,1885,143.59,141.65,0,1,1338,679,56,TYPE_A,3.7,Beverages,Thai
1077595,14,11,1885,145.53,146.53,0,0,1256,679,56,TYPE_A,3.7,Beverages,Thai
1013496,15,11,1885,119.31,144.53,0,1,1403,679,56,TYPE_A,3.7,Beverages,Thai
1234858,16,11,1885,119.31,144.53,0,1,1471,679,56,TYPE_A,3.7,Beverages,Thai
1384340,17,11,1885,118.34,146.53,0,1,1608,679,56,TYPE_A,3.7,Beverages,Thai
1258943,18,11,1885,120.28,146.53,0,1,1837,679,56,TYPE_A,3.7,Beverages,Thai
1277554,19,11,1885,122.28,146.53,0,0,1175,679,56,TYPE_A,3.7,Beverages,Thai
1365047,20,11,1885,120.28,144.53,0,0,1431,679,56,TYPE_A,3.7,Beverages,Thai
1189716,21,11,1885,122.28,144.53,0,0,783,679,56,TYPE_A,3.7,Beverages,Thai
1060547,22,11,1885,120.28,144.53,0,0,1039,679,56,TYPE_A,3.7,Beverages,Thai
1005829,23,11,1885,119.31,144.53,0,0,1012,679,56,TYPE_A,3.7,Beverages,Thai
1171710,24,11,1885,120.28,145.53,0,0,1256,679,56,TYPE_A,3.7,Beverages,Thai
1477014,25,11,1885,122.28,122.28,0,0,878,679,56,TYPE_A,3.7,Beverages,Thai
1071413,26,11,1885,121.28,120.28,0,0,1040,679,56,TYPE_A,3.7,Beverages,Thai
1019037,27,11,1885,121.25,122.25,0,0,809,679,56,TYPE_A,3.7,Beverages,Thai
1353614,28,11,1885,119.31,121.31,0,0,1013,679,56,TYPE_A,3.7,Beverages,Thai
1447188,29,11,1885,123.25,121.25,0,0,973,679,56,TYPE_A,3.7,Beverages,Thai
1153284,30,11,1885,122.28,121.28,0,0,1000,679,56,TYPE_A,3.7,Beverages,Thai
1122666,31,11,1885,122.25,123.25,0,0,985,679,56,TYPE_A,3.7,Beverages,Thai
1216685,32,11,1885,123.25,121.25,0,0,1268,679,56,TYPE_A,3.7,Beverages,Thai
1117798,33,11,1885,121.28,120.28,0,0,1095,679,56,TYPE_A,3.7,Beverages,Thai
1219675,34,11,1885,122.25,123.25,0,0,906,679,56,TYPE_A,3.7,Beverages,Thai
1120275,35,11,1885,120.28,122.28,0,0,917,679,56,TYPE_A,3.7,Beverages,Thai
1448123,36,11,1885,122.28,122.28,0,0,1202,679,56,TYPE_A,3.7,Beverages,Thai
1160821,37,11,1885,122.28,120.28,0,0,1106,679,56,TYPE_A,3.7,Beverages,Thai
1261984,38,11,1885,119.37,117.37,0,0,1201,679,56,TYPE_A,3.7,Beverages,Thai
1334025,39,11,1885,143.62,143.62,0,0,1187,679,56,TYPE_A,3.7,Beverages,Thai
1356691,40,11,1885,143.62,143.62,0,0,1363,679,56,TYPE_A,3.7,Beverages,Thai
1020677,41,11,1885,143.59,143.59,0,0,1027,679,56,TYPE_A,3.7,Beverages,Thai
1022072,42,11,1885,144.53,144.53,0,0,1134,679,56,TYPE_A,3.7,Beverages,Thai
1371898,43,11,1885,141.62,141.62,0,0,1026,679,56,TYPE_A,3.7,Beverages,Thai
1399187,44,11,1885,140.65,141.65,0,0,1052,679,56,TYPE_A,3.7,Beverages,Thai
1351073,45,11,1885,143.56,143.56,0,0,1513,679,56,TYPE_A,3.7,Beverages,Thai
1279697,46,11,1885,146.53,146.53,0,0,1607,679,56,TYPE_A,3.7,Beverages,Thai
1494145,47,11,1885,143.59,144.59,0,0,1594,679,56,TYPE_A,3.7,Beverages,Thai
1468159,48,11,1885,120.28,142.59,0,1,1485,679,56,TYPE_A,3.7,Beverages,Thai
1439172,49,11,1885,122.25,143.59,0,0,1486,679,56,TYPE_A,3.7,Beverages,Thai
1359581,50,11,1885,120.28,142.59,0,0,2039,679,56,TYPE_A,3.7,Beverages,Thai
1440401,51,11,1885,120.31,143.59,0,0,1540,679,56,TYPE_A,3.7,Beverages,Thai
1435536,52,11,1885,123.25,143.59,1,1,1768,679,56,TYPE_A,3.7,Beverages,Thai
1011392,53,11,1885,123.25,144.59,1,1,2187,679,56,TYPE_A,3.7,Beverages,Thai
1361336,54,11,1885,122.28,143.59,0,1,1579,679,56,TYPE_A,3.7,Beverages,Thai
1034302,55,11,1885,120.28,143.59,0,0,1365,679,56,TYPE_A,3.7,Beverages,Thai
1493833,56,11,1885,122.28,143.59,0,1,1552,679,56,TYPE_A,3.7,Beverages,Thai
1327341,57,11,1885,145.53,142.59,0,1,1797,679,56,TYPE_A,3.7,Beverages,Thai
1169116,58,11,1885,145.53,144.53,0,0,1176,679,56,TYPE_A,3.7,Beverages,Thai
1303274,59,11,1885,145.53,146.53,0,0,1390,679,56,TYPE_A,3.7,Beverages,Thai
1272364,60,11,1885,145.53,145.53,0,0,1162,679,56,TYPE_A,3.7,Beverages,Thai
1455614,61,11,1885,140.71,140.71,0,0,1755,679,56,TYPE_A,3.7,Beverages,Thai
1295242,62,11,1885,140.65,140.65,0,0,514,679,56,TYPE_A,3.7,Beverages,Thai
1250024,63,11,1885,142.62,143.62,0,0,1565,679,56,TYPE_A,3.7,Beverages,Thai
1170757,64,11,1885,142.59,143.59,0,0,2039,679,56,TYPE_A,3.7,Beverages,Thai
1080807,65,11,1885,146.53,146.53,0,0,1822,679,56,TYPE_A,3.7,Beverages,Thai
1198634,66,11,1885,140.65,140.65,0,0,1377,679,56,TYPE_A,3.7,Beverages,Thai
1484573,67,11,1885,144.59,142.59,0,0,2121,679,56,TYPE_A,3.7,Beverages,Thai
1093105,68,11,1885,142.59,142.59,0,1,2377,679,56,TYPE_A,3.7,Beverages,Thai
1255455,69,11,1885,144.56,144.59,0,1,2753,679,56,TYPE_A,3.7,Beverages,Thai
1437025,70,11,1885,142.62,144.59,0,1,2823,679,56,TYPE_A,3.7,Beverages,Thai
1231363,71,11,1885,145.56,143.59,0,1,2660,679,56,TYPE_A,3.7,Beverages,Thai
1048669,72,11,1885,144.53,144.59,0,1,2174,679,56,TYPE_A,3.7,Beverages,Thai
1007131,73,11,1885,144.53,145.53,0,0,2227,679,56,TYPE_A,3.7,Beverages,Thai
1214079,74,11,1885,145.53,146.53,0,0,1606,679,56,TYPE_A,3.7,Beverages,Thai
1281819,75,11,1885,144.53,145.53,0,0,1769,679,56,TYPE_A,3.7,Beverages,Thai
1006712,76,11,1885,145.53,144.53,0,0,1890,679,56,TYPE_A,3.7,Beverages,Thai
1326643,77,11,1885,146.53,145.53,0,0,2078,679,56,TYPE_A,3.7,Beverages,Thai
1022687,78,11,1885,146.53,145.53,0,0,1890,679,56,TYPE_A,3.7,Beverages,Thai
1048301,79,11,1885,144.53,146.53,0,0,2105,679,56,TYPE_A,3.7,Beverages,Thai
1154932,80,11,1885,144.53,146.53,0,0,1675,679,56,TYPE_A,3.7,Beverages,Thai
1057922,81,11,1885,146.53,145.53,0,0,1889,679,56,TYPE_A,3.7,Beverages,Thai
1113256,82,11,1885,144.53,145.53,0,0,2012,679,56,TYPE_A,3.7,Beverages,Thai
1383704,83,11,1885,144.53,145.53,0,0,1756,679,56,TYPE_A,3.7,Beverages,Thai
1487154,84,11,1885,144.56,144.56,0,0,1567,679,56,TYPE_A,3.7,Beverages,Thai
1318008,85,11,1885,141.68,139.68,0,0,1673,679,56,TYPE_A,3.7,Beverages,Thai
1473518,86,11,1885,143.62,143.62,0,0,1781,679,56,TYPE_A,3.7,Beverages,Thai
1263247,87,11,1885,142.59,143.59,0,0,2066,679,56,TYPE_A,3.7,Beverages,Thai
1030148,88,11,1885,142.59,143.59,0,0,1863,679,56,TYPE_A,3.7,Beverages,Thai
1429783,89,11,1885,145.56,145.56,0,0,1863,679,56,TYPE_A,3.7,Beverages,Thai
1066212,90,11,1885,145.56,145.56,0,0,2134,679,56,TYPE_A,3.7,Beverages,Thai
1446087,91,11,1885,133.92,133.92,0,0,2186,679,56,TYPE_A,3.7,Beverages,Thai
1087049,92,11,1885,131.92,133.92,0,0,1997,679,56,TYPE_A,3.7,Beverages,Thai
1389385,93,11,1885,133.92,131.92,0,0,2186,679,56,TYPE_A,3.7,Beverages,Thai
1134698,94,11,1885,133.89,133.89,0,0,2053,679,56,TYPE_A,3.7,Beverages,Thai
1376925,95,11,1885,133.89,132.89,0,0,1863,679,56,TYPE_A,3.7,Beverages,Thai
1055453,96,11,1885,132.89,134.89,0,0,1863,679,56,TYPE_A,3.7,Beverages,Thai
1408909,97,11,1885,133.86,133.86,0,0,1985,679,56,TYPE_A,3.7,Beverages,Thai
1340876,98,11,1885,134.89,134.89,0,0,1581,679,56,TYPE_A,3.7,Beverages,Thai
1407550,99,11,1885,149.44,149.44,0,0,1364,679,56,TYPE_A,3.7,Beverages,Thai
1119044,100,11,1885,150.41,150.41,0,0,1566,679,56,TYPE_A,3.7,Beverages,Thai
1067536,101,11,1885,146.47,148.47,0,0,2159,679,56,TYPE_A,3.7,Beverages,Thai
1199383,102,11,1885,146.47,146.47,0,0,2038,679,56,TYPE_A,3.7,Beverages,Thai
1444075,103,11,1885,149.44,148.44,0,0,1417,679,56,TYPE_A,3.7,Beverages,Thai
1335706,104,11,1885,150.41,150.41,0,0,1620,679,56,TYPE_A,3.7,Beverages,Thai
1094960,105,11,1885,151.38,151.38,0,0,1323,679,56,TYPE_A,3.7,Beverages,Thai
1023792,106,11,1885,147.44,148.44,0,0,1660,679,56,TYPE_A,3.7,Beverages,Thai
1377346,107,11,1885,147.47,146.47,0,0,1796,679,56,TYPE_A,3.7,Beverages,Thai
1359157,108,11,1885,148.47,146.47,0,0,1500,679,56,TYPE_A,3.7,Beverages,Thai
1029785,109,11,1885,147.5,147.5,0,0,1986,679,56,TYPE_A,3.7,Beverages,Thai
1392885,110,11,1885,145.5,147.5,0,0,1473,679,56,TYPE_A,3.7,Beverages,Thai
1146685,111,11,1885,148.41,149.41,0,0,1297,679,56,TYPE_A,3.7,Beverages,Thai
1295632,112,11,1885,148.41,148.41,0,0,620,679,56,TYPE_A,3.7,Beverages,Thai
1046684,113,11,1885,150.41,150.41,0,0,1364,679,56,TYPE_A,3.7,Beverages,Thai
1244494,114,11,1885,148.47,146.47,0,0,1284,679,56,TYPE_A,3.7,Beverages,Thai
1352986,115,11,1885,148.47,146.47,0,0,1283,679,56,TYPE_A,3.7,Beverages,Thai
1367418,116,11,1885,148.41,149.41,0,0,1458,679,56,TYPE_A,3.7,Beverages,Thai
1093939,1,11,1993,133.89,133.89,0,0,1052,679,56,TYPE_A,3.7,Beverages,Thai
1499733,2,11,1993,135.86,133.86,0,0,1000,679,56,TYPE_A,3.7,Beverages,Thai
1119883,3,11,1993,134.89,134.89,0,0,852,679,56,TYPE_A,3.7,Beverages,Thai
1179526,4,11,1993,132.89,133.89,0,0,755,679,56,TYPE_A,3.7,Beverages,Thai
1015828,5,11,1993,144.53,144.53,0,0,998,679,56,TYPE_A,3.7,Beverages,Thai
1128194,6,11,1993,145.56,144.56,0,0,891,679,56,TYPE_A,3.7,Beverages,Thai
1039040,7,11,1993,147.5,147.5,0,0,892,679,56,TYPE_A,3.7,Beverages,Thai
1169002,8,11,1993,145.53,144.53,0,0,878,679,56,TYPE_A,3.7,Beverages,Thai
1307229,9,11,1993,141.62,143.62,0,0,906,679,56,TYPE_A,3.7,Beverages,Thai
1448918,10,11,1993,143.56,144.56,0,0,1106,679,56,TYPE_A,3.7,Beverages,Thai
1400193,11,11,1993,142.62,142.62,0,0,945,679,56,TYPE_A,3.7,Beverages,Thai
1089596,12,11,1993,145.56,145.56,0,0,973,679,56,TYPE_A,3.7,Beverages,Thai
1302870,13,11,1993,144.53,146.53,0,0,1593,679,56,TYPE_A,3.7,Beverages,Thai
1300840,14,11,1993,143.59,143.59,0,0,1499,679,56,TYPE_A,3.7,Beverages,Thai
1373148,15,11,1993,121.28,144.59,0,1,1444,679,56,TYPE_A,3.7,Beverages,Thai
1109123,16,11,1993,122.28,142.59,0,1,1418,679,56,TYPE_A,3.7,Beverages,Thai
1072563,17,11,1993,119.34,143.59,0,1,1714,679,56,TYPE_A,3.7,Beverages,Thai
1466292,18,11,1993,121.28,144.59,0,1,1796,679,56,TYPE_A,3.7,Beverages,Thai
1277771,19,11,1993,120.28,142.59,0,0,917,679,56,TYPE_A,3.7,Beverages,Thai
1102892,20,11,1993,120.28,144.59,0,0,1201,679,56,TYPE_A,3.7,Beverages,Thai
1348402,21,11,1993,123.25,144.59,0,0,1052,679,56,TYPE_A,3.7,Beverages,Thai
1078495,22,11,1993,123.25,142.59,0,0,932,679,56,TYPE_A,3.7,Beverages,Thai
1123089,23,11,1993,120.28,144.59,0,0,919,679,56,TYPE_A,3.7,Beverages,Thai
1066400,24,11,1993,121.28,144.59,0,0,1187,679,56,TYPE_A,3.7,Beverages,Thai
1067944,25,11,1993,122.25,123.25,0,0,771,679,56,TYPE_A,3.7,Beverages,Thai
1159491,26,11,1993,120.28,121.28,0,0,999,679,56,TYPE_A,3.7,Beverages,Thai
1001880,27,11,1993,122.28,122.28,0,0,823,679,56,TYPE_A,3.7,Beverages,Thai
1245649,28,11,1993,122.28,120.28,0,0,890,679,56,TYPE_A,3.7,Beverages,Thai
1493207,29,11,1993,123.25,123.25,0,0,837,679,56,TYPE_A,3.7,Beverages,Thai
1250172,30,11,1993,120.28,122.28,0,0,593,679,56,TYPE_A,3.7,Beverages,Thai
1003808,31,11,1993,121.28,122.28,0,0,1095,679,56,TYPE_A,3.7,Beverages,Thai
1072453,32,11,1993,120.28,122.28,0,0,784,679,56,TYPE_A,3.7,Beverages,Thai
1110578,33,11,1993,122.28,120.28,0,0,879,679,56,TYPE_A,3.7,Beverages,Thai
1334135,34,11,1993,121.28,120.28,0,0,770,679,56,TYPE_A,3.7,Beverages,Thai
1029096,35,11,1993,122.28,120.28,0,0,838,679,56,TYPE_A,3.7,Beverages,Thai
1021072,36,11,1993,122.25,123.25,0,0,796,679,56,TYPE_A,3.7,Beverages,Thai
1134207,37,11,1993,122.28,121.28,0,0,744,679,56,TYPE_A,3.7,Beverages,Thai
1123639,38,11,1993,116.46,116.46,0,0,1080,679,56,TYPE_A,3.7,Beverages,Thai
1008459,39,11,1993,140.71,139.71,0,0,879,679,56,TYPE_A,3.7,Beverages,Thai
1345278,40,11,1993,138.71,139.71,0,0,890,679,56,TYPE_A,3.7,Beverages,Thai
1324735,41,11,1993,147.5,146.5,0,0,554,679,56,TYPE_A,3.7,Beverages,Thai
1034670,42,11,1993,145.53,145.53,0,0,582,679,56,TYPE_A,3.7,Beverages,Thai
1388528,43,11,1993,145.53,145.53,0,0,728,679,56,TYPE_A,3.7,Beverages,Thai
1445174,44,11,1993,143.62,142.62,0,0,688,679,56,TYPE_A,3.7,Beverages,Thai
1459441,45,11,1993,141.62,143.62,0,0,864,679,56,TYPE_A,3.7,Beverages,Thai
1336848,46,11,1993,146.53,146.53,0,0,811,679,56,TYPE_A,3.7,Beverages,Thai
1007575,47,11,1993,144.53,145.53,0,0,811,679,56,TYPE_A,3.7,Beverages,Thai
1074528,48,11,1993,120.28,146.53,0,0,919,679,56,TYPE_A,3.7,Beverages,Thai
1371745,49,11,1993,119.31,145.53,0,0,838,679,56,TYPE_A,3.7,Beverages,Thai
1203391,50,11,1993,121.28,145.53,0,0,932,679,56,TYPE_A,3.7,Beverages,Thai
1399198,51,11,1993,121.31,146.53,0,0,663,679,56,TYPE_A,3.7,Beverages,Thai
1342681,52,11,1993,122.28,146.53,1,1,1241,679,56,TYPE_A,3.7,Beverages,Thai
1100043,53,11,1993,120.28,144.53,1,1,1727,679,56,TYPE_A,3.7,Beverages,Thai
1217587,54,11,1993,121.28,144.53,0,1,1107,679,56,TYPE_A,3.7,Beverages,Thai
1292552,55,11,1993,120.28,146.53,0,1,689,679,56,TYPE_A,3.7,Beverages,Thai
1079993,56,11,1993,122.28,146.53,0,0,863,679,56,TYPE_A,3.7,Beverages,Thai
1351628,57,11,1993,144.56,146.53,0,1,998,679,56,TYPE_A,3.7,Beverages,Thai
1408538,58,11,1993,147.5,146.5,0,0,555,679,56,TYPE_A,3.7,Beverages,Thai
1416675,59,11,1993,144.53,144.53,0,0,566,679,56,TYPE_A,3.7,Beverages,Thai
1064369,60,11,1993,145.56,143.56,0,0,404,679,56,TYPE_A,3.7,Beverages,Thai
1295641,61,11,1993,142.59,143.59,0,0,636,679,56,TYPE_A,3.7,Beverages,Thai
1109910,62,11,1993,138.77,136.77,0,0,188,679,56,TYPE_A,3.7,Beverages,Thai
1022778,63,11,1993,143.59,143.59,0,0,771,679,56,TYPE_A,3.7,Beverages,Thai
1051031,64,11,1993,140.65,140.65,0,0,890,679,56,TYPE_A,3.7,Beverages,Thai
1332182,65,11,1993,144.53,141.65,0,1,1068,679,56,TYPE_A,3.7,Beverages,Thai
1076502,66,11,1993,145.56,143.56,0,0,1040,679,56,TYPE_A,3.7,Beverages,Thai
1112574,67,11,1993,145.53,144.56,0,1,1457,679,56,TYPE_A,3.7,Beverages,Thai
1197746,68,11,1993,143.59,143.59,0,0,1067,679,56,TYPE_A,3.7,Beverages,Thai
1234474,69,11,1993,141.65,140.65,0,0,1511,679,56,TYPE_A,3.7,Beverages,Thai
1438349,70,11,1993,140.65,140.65,0,1,1472,679,56,TYPE_A,3.7,Beverages,Thai
1070255,71,11,1993,144.56,141.65,0,1,1540,679,56,TYPE_A,3.7,Beverages,Thai
1465328,72,11,1993,145.53,140.65,0,1,1431,679,56,TYPE_A,3.7,Beverages,Thai
1498380,73,11,1993,147.5,147.5,0,0,702,679,56,TYPE_A,3.7,Beverages,Thai
1159942,74,11,1993,146.5,147.5,0,0,690,679,56,TYPE_A,3.7,Beverages,Thai
1269226,75,11,1993,146.53,145.53,0,0,689,679,56,TYPE_A,3.7,Beverages,Thai
1075473,76,11,1993,144.53,145.53,0,0,892,679,56,TYPE_A,3.7,Beverages,Thai
1128252,77,11,1993,143.56,145.56,0,0,743,679,56,TYPE_A,3.7,Beverages,Thai
1099797,78,11,1993,145.56,145.56,0,0,782,679,56,TYPE_A,3.7,Beverages,Thai
1347838,79,11,1993,146.5,145.5,0,0,756,679,56,TYPE_A,3.7,Beverages,Thai
1021388,80,11,1993,147.5,146.5,0,0,688,679,56,TYPE_A,3.7,Beverages,Thai
1078496,81,11,1993,145.56,144.56,0,0,742,679,56,TYPE_A,3.7,Beverages,Thai
1051630,82,11,1993,145.53,146.53,0,0,690,679,56,TYPE_A,3.7,Beverages,Thai
1261147,83,11,1993,145.53,146.53,0,0,809,679,56,TYPE_A,3.7,Beverages,Thai
1359638,84,11,1993,146.53,145.53,0,0,836,679,56,TYPE_A,3.7,Beverages,Thai
1201522,85,11,1993,139.68,140.68,0,0,620,679,56,TYPE_A,3.7,Beverages,Thai
1227418,86,11,1993,142.59,144.59,0,0,581,679,56,TYPE_A,3.7,Beverages,Thai
1134465,87,11,1993,144.59,142.59,0,0,717,679,56,TYPE_A,3.7,Beverages,Thai
1173633,88,11,1993,141.65,142.65,0,0,474,679,56,TYPE_A,3.7,Beverages,Thai
1028326,89,11,1993,143.62,143.62,0,0,836,679,56,TYPE_A,3.7,Beverages,Thai
1181804,90,11,1993,138.74,138.74,0,0,703,679,56,TYPE_A,3.7,Beverages,Thai
1212994,91,11,1993,132.95,132.95,0,0,837,679,56,TYPE_A,3.7,Beverages,Thai
1390754,92,11,1993,135.86,133.86,0,0,701,679,56,TYPE_A,3.7,Beverages,Thai
1059099,93,11,1993,130.95,130.95,0,0,674,679,56,TYPE_A,3.7,Beverages,Thai
1155505,94,11,1993,133.89,134.89,0,0,879,679,56,TYPE_A,3.7,Beverages,Thai
1485942,95,11,1993,131.92,132.92,0,0,607,679,56,TYPE_A,3.7,Beverages,Thai
1029034,96,11,1993,134.86,134.86,0,0,796,679,56,TYPE_A,3.7,Beverages,Thai
1159820,97,11,1993,135.83,134.83,0,0,904,679,56,TYPE_A,3.7,Beverages,Thai
1196665,98,11,1993,133.89,133.89,0,0,634,679,56,TYPE_A,3.7,Beverages,Thai
1246892,99,11,1993,148.41,149.41,0,0,540,679,56,TYPE_A,3.7,Beverages,Thai
1348337,100,11,1993,147.47,148.47,0,0,595,679,56,TYPE_A,3.7,Beverages,Thai
1174790,101,11,1993,144.53,145.53,0,0,810,679,56,TYPE_A,3.7,Beverages,Thai
1009552,102,11,1993,147.5,147.5,0,0,959,679,56,TYPE_A,3.7,Beverages,Thai
1024784,103,11,1993,148.44,147.44,0,0,959,679,56,TYPE_A,3.7,Beverages,Thai
1458646,104,11,1993,152.35,152.35,0,0,473,679,56,TYPE_A,3.7,Beverages,Thai
1271643,105,11,1993,149.41,148.41,0,0,836,679,56,TYPE_A,3.7,Beverages,Thai
1040315,106,11,1993,143.59,143.59,0,0,663,679,56,TYPE_A,3.7,Beverages,Thai
1164321,107,11,1993,147.44,148.44,0,0,837,679,56,TYPE_A,3.7,Beverages,Thai
1162518,108,11,1993,145.5,146.5,0,0,541,679,56,TYPE_A,3.7,Beverages,Thai
1179368,109,11,1993,142.62,141.62,0,0,744,679,56,TYPE_A,3.7,Beverages,Thai
1461110,110,11,1993,148.47,147.47,0,0,649,679,56,TYPE_A,3.7,Beverages,Thai
1093236,111,11,1993,150.35,150.35,0,0,890,679,56,TYPE_A,3.7,Beverages,Thai
1020692,112,11,1993,148.44,149.44,0,0,298,679,56,TYPE_A,3.7,Beverages,Thai
1042144,113,11,1993,146.47,147.47,0,0,850,679,56,TYPE_A,3.7,Beverages,Thai
1064849,114,11,1993,144.53,146.53,0,0,919,679,56,TYPE_A,3.7,Beverages,Thai
1003785,115,11,1993,147.44,149.44,0,0,769,679,56,TYPE_A,3.7,Beverages,Thai
1077246,116,11,1993,150.35,151.35,0,0,891,679,56,TYPE_A,3.7,Beverages,Thai
