Data set/Center wise/Center_11_Rank7.csv
id,week,center_id,meal_id,checkout_price,base_price,emailer_for_promotion,homepage_featured,num_orders,city_code,region_code,center_type,op_area,category,cuisine
1120771,1,11,2539,133.86,135.86,0,0,379,679,56,TYPE_A,3.7,Beverages,Thai
1268442,2,11,2539,135.86,135.86,0,0,325,679,56,TYPE_A,3.7,Beverages,Thai
1196594,3,11,2539,136.83,135.83,0,0,284,679,56,TYPE_A,3.7,Beverages,Thai
1302418,4,11,2539,132.89,133.89,0,0,418,679,56,TYPE_A,3.7,Beverages,Thai
1029374,5,11,2539,144.53,145.53,0,0,391,679,56,TYPE_A,3.7,Beverages,Thai
1153998,6,11,2539,145.56,144.56,0,0,230,679,56,TYPE_A,3.7,Beverages,Thai
1139370,7,11,2539,146.5,146.5,0,0,271,679,56,TYPE_A,3.7,Beverages,Thai
1199479,8,11,2539,144.59,144.59,0,0,312,679,56,TYPE_A,3.7,Beverages,Thai
1273828,9,11,2539,141.62,143.62,0,0,285,679,56,TYPE_A,3.7,Beverages,Thai
1179849,10,11,2539,143.56,144.56,0,0,325,679,56,TYPE_A,3.7,Beverages,Thai
1270957,11,11,2539,143.56,144.56,0,0,323,679,56,TYPE_A,3.7,Beverages,Thai
1023295,12,11,2539,146.53,146.53,0,0,499,679,56,TYPE_A,3.7,Beverages,Thai
1360959,13,11,2539,144.53,145.53,0,1,878,679,56,TYPE_A,3.7,Beverages,Thai
1259498,14,11,2539,145.53,146.53,0,0,877,679,56,TYPE_A,3.7,Beverages,Thai
1050939,15,11,2539,119.37,144.53,0,1,769,679,56,TYPE_A,3.7,Beverages,Thai
1235149,16,11,2539,120.34,146.53,0,1,797,679,56,TYPE_A,3.7,Beverages,Thai
1217630,17,11,2539,120.28,144.53,0,1,865,679,56,TYPE_A,3.7,Beverages,Thai
1291627,18,11,2539,119.34,144.53,0,1,1148,679,56,TYPE_A,3.7,Beverages,Thai
1313625,19,11,2539,121.25,145.53,0,0,351,679,56,TYPE_A,3.7,Beverages,Thai
1080612,20,11,2539,116.4,145.53,0,0,473,679,56,TYPE_A,3.7,Beverages,Thai
1396705,21,11,2539,121.25,146.53,0,0,404,679,56,TYPE_A,3.7,Beverages,Thai
1055043,22,11,2539,122.28,145.53,0,0,420,679,56,TYPE_A,3.7,Beverages,Thai
1278880,23,11,2539,117.37,145.53,0,0,393,679,56,TYPE_A,3.7,Beverages,Thai
1008657,24,11,2539,120.31,144.53,0,0,176,679,56,TYPE_A,3.7,Beverages,Thai
1321603,25,11,2539,114.52,113.52,0,0,404,679,56,TYPE_A,3.7,Beverages,Thai
1471950,26,11,2539,119.31,120.31,0,0,447,679,56,TYPE_A,3.7,Beverages,Thai
1304129,27,11,2539,120.28,120.28,0,0,325,679,56,TYPE_A,3.7,Beverages,Thai
1331099,28,11,2539,121.28,122.28,0,0,418,679,56,TYPE_A,3.7,Beverages,Thai
1285126,29,11,2539,120.28,121.28,0,0,487,679,56,TYPE_A,3.7,Beverages,Thai
1279350,30,11,2539,122.25,123.25,0,0,190,679,56,TYPE_A,3.7,Beverages,Thai
1046515,31,11,2539,121.31,119.31,0,0,324,679,56,TYPE_A,3.7,Beverages,Thai
1388403,32,11,2539,122.28,121.28,0,0,406,679,56,TYPE_A,3.7,Beverages,Thai
1493150,33,11,2539,119.31,119.31,0,0,339,679,56,TYPE_A,3.7,Beverages,Thai
1014815,34,11,2539,121.28,122.28,0,0,391,679,56,TYPE_A,3.7,Beverages,Thai
1076773,35,11,2539,122.28,121.28,0,0,499,679,56,TYPE_A,3.7,Beverages,Thai
1215608,36,11,2539,123.25,121.25,0,0,391,679,56,TYPE_A,3.7,Beverages,Thai
1167511,37,11,2539,122.25,122.25,0,0,392,679,56,TYPE_A,3.7,Beverages,Thai
1280523,38,11,2539,113.49,115.49,0,0,338,679,56,TYPE_A,3.7,Beverages,Thai
1459858,39,11,2539,141.62,141.62,0,0,528,679,56,TYPE_A,3.7,Beverages,Thai
1423637,40,11,2539,146.5,146.5,0,0,310,679,56,TYPE_A,3.7,Beverages,Thai
1454223,41,11,2539,145.56,143.56,0,0,675,679,56,TYPE_A,3.7,Beverages,Thai
1253577,42,11,2539,143.62,141.62,0,0,702,679,56,TYPE_A,3.7,Beverages,Thai
1358544,43,11,2539,143.62,143.62,0,0,743,679,56,TYPE_A,3.7,Beverages,Thai
1319014,44,11,2539,142.62,141.62,0,0,648,679,56,TYPE_A,3.7,Beverages,Thai
1455970,45,11,2539,143.62,143.62,0,0,675,679,56,TYPE_A,3.7,Beverages,Thai
1120062,46,11,2539,142.59,142.59,0,0,648,679,56,TYPE_A,3.7,Beverages,Thai
1491233,47,11,2539,141.65,142.65,0,0,729,679,56,TYPE_A,3.7,Beverages,Thai
1355745,48,11,2539,123.25,142.65,0,1,865,679,56,TYPE_A,3.7,Beverages,Thai
1444314,49,11,2539,122.25,142.65,0,0,676,679,56,TYPE_A,3.7,Beverages,Thai
1190709,50,11,2539,123.25,140.65,0,0,879,679,56,TYPE_A,3.7,Beverages,Thai
1202105,51,11,2539,123.19,142.65,0,0,892,679,56,TYPE_A,3.7,Beverages,Thai
1318375,52,11,2539,122.28,142.65,1,0,568,679,56,TYPE_A,3.7,Beverages,Thai
1079024,53,11,2539,120.28,140.65,1,1,1417,679,56,TYPE_A,3.7,Beverages,Thai
1322368,54,11,2539,121.28,141.65,0,1,823,679,56,TYPE_A,3.7,Beverages,Thai
1054230,55,11,2539,122.28,141.65,0,1,756,679,56,TYPE_A,3.7,Beverages,Thai
1421942,56,11,2539,122.28,141.65,0,1,1133,679,56,TYPE_A,3.7,Beverages,Thai
1194872,57,11,2539,144.53,142.65,0,1,1175,679,56,TYPE_A,3.7,Beverages,Thai
1461099,58,11,2539,146.53,144.53,0,0,485,679,56,TYPE_A,3.7,Beverages,Thai
1214944,59,11,2539,144.53,146.53,0,0,690,679,56,TYPE_A,3.7,Beverages,Thai
1057422,60,11,2539,143.56,145.56,0,0,715,679,56,TYPE_A,3.7,Beverages,Thai
1054954,61,11,2539,140.65,141.65,0,0,998,679,56,TYPE_A,3.7,Beverages,Thai
1025441,62,11,2539,138.71,138.71,0,0,175,679,56,TYPE_A,3.7,Beverages,Thai
1455076,63,11,2539,143.59,143.59,0,0,837,679,56,TYPE_A,3.7,Beverages,Thai
1175993,64,11,2539,142.62,143.62,0,0,865,679,56,TYPE_A,3.7,Beverages,Thai
1102073,65,11,2539,143.56,143.62,0,1,1593,679,56,TYPE_A,3.7,Beverages,Thai
1215201,66,11,2539,143.56,141.62,0,1,1445,679,56,TYPE_A,3.7,Beverages,Thai
1156049,67,11,2539,144.53,146.53,0,0,1337,679,56,TYPE_A,3.7,Beverages,Thai
1442911,68,11,2539,146.53,146.53,0,1,1295,679,56,TYPE_A,3.7,Beverages,Thai
1040355,69,11,2539,145.56,145.53,0,1,1889,679,56,TYPE_A,3.7,Beverages,Thai
1241131,70,11,2539,144.56,145.53,0,1,1445,679,56,TYPE_A,3.7,Beverages,Thai
1498144,71,11,2539,144.53,145.53,0,1,1552,679,56,TYPE_A,3.7,Beverages,Thai
1104656,72,11,2539,144.53,145.53,0,1,1365,679,56,TYPE_A,3.7,Beverages,Thai
1369771,73,11,2539,146.53,146.53,0,0,972,679,56,TYPE_A,3.7,Beverages,Thai
1271762,74,11,2539,146.53,146.53,0,0,864,679,56,TYPE_A,3.7,Beverages,Thai
1281676,75,11,2539,145.53,144.53,0,0,918,679,56,TYPE_A,3.7,Beverages,Thai
1301943,76,11,2539,145.56,145.56,0,0,1014,679,56,TYPE_A,3.7,Beverages,Thai
1125877,77,11,2539,141.65,140.65,0,0,1040,679,56,TYPE_A,3.7,Beverages,Thai
1432352,78,11,2539,146.53,144.53,0,0,1079,679,56,TYPE_A,3.7,Beverages,Thai
1275535,79,11,2539,145.53,145.53,0,0,715,679,56,TYPE_A,3.7,Beverages,Thai
1268092,80,11,2539,146.53,146.53,0,0,891,679,56,TYPE_A,3.7,Beverages,Thai
1277166,81,11,2539,144.53,144.53,0,0,701,679,56,TYPE_A,3.7,Beverages,Thai
1441025,82,11,2539,144.53,145.53,0,0,796,679,56,TYPE_A,3.7,Beverages,Thai
1061233,83,11,2539,145.53,146.53,0,0,1014,679,56,TYPE_A,3.7,Beverages,Thai
1229434,84,11,2539,146.53,145.53,0,0,675,679,56,TYPE_A,3.7,Beverages,Thai
1456954,85,11,2539,137.74,139.74,0,0,635,679,56,TYPE_A,3.7,Beverages,Thai
1289845,86,11,2539,144.56,144.56,0,0,837,679,56,TYPE_A,3.7,Beverages,Thai
1045677,87,11,2539,141.65,140.65,0,0,985,679,56,TYPE_A,3.7,Beverages,Thai
1367954,88,11,2539,143.59,143.59,0,0,782,679,56,TYPE_A,3.7,Beverages,Thai
1315014,89,11,2539,140.65,142.65,0,0,879,679,56,TYPE_A,3.7,Beverages,Thai
1319251,90,11,2539,142.59,143.59,0,0,824,679,56,TYPE_A,3.7,Beverages,Thai
1157254,91,11,2539,133.86,135.86,0,0,1107,679,56,TYPE_A,3.7,Beverages,Thai
1411970,92,11,2539,130.95,130.95,0,0,701,679,56,TYPE_A,3.7,Beverages,Thai
1353252,93,11,2539,132.89,133.89,0,0,675,679,56,TYPE_A,3.7,Beverages,Thai
1254179,94,11,2539,131.92,133.92,0,0,836,679,56,TYPE_A,3.7,Beverages,Thai
1003338,95,11,2539,133.89,132.89,0,0,1120,679,56,TYPE_A,3.7,Beverages,Thai
1124835,96,11,2539,134.86,134.86,0,0,825,679,56,TYPE_A,3.7,Beverages,Thai
1257614,97,11,2539,132.89,133.89,0,0,878,679,56,TYPE_A,3.7,Beverages,Thai
1435189,98,11,2539,134.86,135.86,0,0,688,679,56,TYPE_A,3.7,Beverages,Thai
1117688,99,11,2539,151.35,152.35,0,0,568,679,56,TYPE_A,3.7,Beverages,Thai
1324729,100,11,2539,144.53,144.53,0,0,701,679,56,TYPE_A,3.7,Beverages,Thai
1477250,101,11,2539,147.5,147.5,0,0,636,679,56,TYPE_A,3.7,Beverages,Thai
1464642,102,11,2539,147.44,148.44,0,0,755,679,56,TYPE_A,3.7,Beverages,Thai
1252073,103,11,2539,149.44,148.44,0,0,661,679,56,TYPE_A,3.7,Beverages,Thai
1452160,104,11,2539,150.41,149.41,0,0,743,679,56,TYPE_A,3.7,Beverages,Thai
1004069,105,11,2539,149.38,149.38,0,0,460,679,56,TYPE_A,3.7,Beverages,Thai
1037686,106,11,2539,148.44,149.44,0,0,580,679,56,TYPE_A,3.7,Beverages,Thai
1424387,107,11,2539,145.53,145.53,0,0,527,679,56,TYPE_A,3.7,Beverages,Thai
1284556,108,11,2539,150.38,151.38,0,0,594,679,56,TYPE_A,3.7,Beverages,Thai
1280762,109,11,2539,146.47,147.47,0,0,690,679,56,TYPE_A,3.7,Beverages,Thai
1053615,110,11,2539,148.47,148.47,0,0,661,679,56,TYPE_A,3.7,Beverages,Thai
1019283,111,11,2539,145.5,147.5,0,0,95,679,56,TYPE_A,3.7,Beverages,Thai
1113747,112,11,2539,149.38,150.38,0,0,161,679,56,TYPE_A,3.7,Beverages,Thai
1174766,113,11,2539,149.41,150.41,0,0,270,679,56,TYPE_A,3.7,Beverages,Thai
1495947,114,11,2539,149.44,148.44,0,0,528,679,56,TYPE_A,3.7,Beverages,Thai
1190407,115,11,2539,146.5,145.5,0,0,432,679,56,TYPE_A,3.7,Beverages,Thai
1167864,116,11,2539,149.41,150.41,0,0,514,679,56,TYPE_A,3.7,Beverages,Thai
1472938,1,11,2139,339.5,436.53,0,0,54,679,56,TYPE_A,3.7,Beverages,Indian
1088659,2,11,2139,323.01,437.53,0,0,28,679,56,TYPE_A,3.7,Beverages,Indian
1171601,3,11,2139,339.5,436.53,0,0,26,679,56,TYPE_A,3.7,Beverages,Indian
1298679,4,11,2139,339.5,435.53,0,0,96,679,56,TYPE_A,3.7,Beverages,Indian
1072217,5,11,2139,437.53,437.53,0,0,14,679,56,TYPE_A,3.7,Beverages,Indian
1222609,7,11,2139,435.53,435.53,0,0,15,679,56,TYPE_A,3.7,Beverages,Indian
1072201,8,11,2139,436.53,437.53,0,0,27,679,56,TYPE_A,3.7,Beverages,Indian
1463831,9,11,2139,387.03,436.53,0,0,27,679,56,TYPE_A,3.7,Beverages,Indian
1232892,10,11,2139,387.03,435.53,0,0,42,679,56,TYPE_A,3.7,Beverages,Indian
1498529,11,11,2139,388.03,437.53,0,1,28,679,56,TYPE_A,3.7,Beverages,Indian
1457272,12,11,2139,348.23,435.53,0,1,15,679,56,TYPE_A,3.7,Beverages,Indian
1197070,14,11,2139,435.53,437.53,0,1,15,679,56,TYPE_A,3.7,Beverages,Indian
1491490,15,11,2139,437.53,435.53,0,1,14,679,56,TYPE_A,3.7,Beverages,Indian
1416886,17,11,2139,392.88,437.53,0,0,14,679,56,TYPE_A,3.7,Beverages,Indian
1349099,18,11,2139,437.53,435.53,0,0,13,679,56,TYPE_A,3.7,Beverages,Indian
1404608,19,11,2139,436.53,435.53,0,0,13,679,56,TYPE_A,3.7,Beverages,Indian
1210190,20,11,2139,436.53,435.53,0,0,13,679,56,TYPE_A,3.7,Beverages,Indian
1012306,21,11,2139,324.04,437.53,0,0,134,679,56,TYPE_A,3.7,Beverages,Indian
1446911,22,11,2139,296.82,435.53,0,1,41,679,56,TYPE_A,3.7,Beverages,Indian
1390020,23,11,2139,296.82,437.53,0,0,40,679,56,TYPE_A,3.7,Beverages,Indian
1338628,24,11,2139,298.82,437.53,0,0,40,679,56,TYPE_A,3.7,Beverages,Indian
1481208,25,11,2139,297.82,436.53,0,1,54,679,56,TYPE_A,3.7,Beverages,Indian
1492381,26,11,2139,297.82,435.53,0,1,26,679,56,TYPE_A,3.7,Beverages,Indian
1155169,27,11,2139,296.82,435.53,0,1,55,679,56,TYPE_A,3.7,Beverages,Indian
1230729,28,11,2139,291.0,437.53,0,0,26,679,56,TYPE_A,3.7,Beverages,Indian
1079158,29,11,2139,292.94,436.53,0,0,40,679,56,TYPE_A,3.7,Beverages,Indian
1186976,30,11,2139,293.0,436.53,0,0,28,679,56,TYPE_A,3.7,Beverages,Indian
1103599,31,11,2139,292.94,293.94,0,0,40,679,56,TYPE_A,3.7,Beverages,Indian
1389346,32,11,2139,286.18,286.18,0,0,55,679,56,TYPE_A,3.7,Beverages,Indian
1224069,33,11,2139,297.82,297.82,0,0,15,679,56,TYPE_A,3.7,Beverages,Indian
1198655,34,11,2139,298.82,298.82,0,0,42,679,56,TYPE_A,3.7,Beverages,Indian
1230886,35,11,2139,296.82,298.82,0,0,42,679,56,TYPE_A,3.7,Beverages,Indian
1348665,36,11,2139,283.27,284.27,0,0,27,679,56,TYPE_A,3.7,Beverages,Indian
1463498,37,11,2139,298.82,298.82,0,0,53,679,56,TYPE_A,3.7,Beverages,Indian
1392870,39,11,2139,298.82,296.82,0,0,15,679,56,TYPE_A,3.7,Beverages,Indian
1198134,40,11,2139,296.82,296.82,0,0,55,679,56,TYPE_A,3.7,Beverages,Indian
1091054,41,11,2139,298.82,297.82,0,0,26,679,56,TYPE_A,3.7,Beverages,Indian
1077936,42,11,2139,296.82,296.82,0,0,53,679,56,TYPE_A,3.7,Beverages,Indian
1409747,43,11,2139,297.82,297.82,0,0,40,679,56,TYPE_A,3.7,Beverages,Indian
1406335,44,11,2139,284.27,282.27,0,0,27,679,56,TYPE_A,3.7,Beverages,Indian
1229184,45,11,2139,296.82,297.82,0,0,95,679,56,TYPE_A,3.7,Beverages,Indian
1351432,46,11,2139,298.82,296.82,0,0,14,679,56,TYPE_A,3.7,Beverages,Indian
1403284,47,11,2139,296.82,296.82,0,0,94,679,56,TYPE_A,3.7,Beverages,Indian
1174531,49,11,2139,298.82,298.82,0,0,28,679,56,TYPE_A,3.7,Beverages,Indian
1272784,50,11,2139,296.82,298.82,0,0,54,679,56,TYPE_A,3.7,Beverages,Indian
1109555,51,11,2139,298.82,298.82,0,0,28,679,56,TYPE_A,3.7,Beverages,Indian
1215504,52,11,2139,284.27,284.27,0,0,28,679,56,TYPE_A,3.7,Beverages,Indian
1189189,53,11,2139,297.82,296.82,0,0,42,679,56,TYPE_A,3.7,Beverages,Indian
1167706,54,11,2139,296.82,297.82,0,0,40,679,56,TYPE_A,3.7,Beverages,Indian
1109137,55,11,2139,298.82,296.82,0,0,26,679,56,TYPE_A,3.7,Beverages,Indian
1391745,56,11,2139,296.82,296.82,0,0,41,679,56,TYPE_A,3.7,Beverages,Indian
1321599,57,11,2139,296.82,298.82,0,0,27,679,56,TYPE_A,3.7,Beverages,Indian
1456622,58,11,2139,296.82,297.82,0,0,40,679,56,TYPE_A,3.7,Beverages,Indian
1468631,59,11,2139,298.82,296.82,0,0,69,679,56,TYPE_A,3.7,Beverages,Indian
1059779,60,11,2139,296.82,298.82,0,0,26,679,56,TYPE_A,3.7,Beverages,Indian
1238434,61,11,2139,298.82,297.82,0,0,40,679,56,TYPE_A,3.7,Beverages,Indian
1368127,62,11,2139,287.18,287.18,0,0,28,679,56,TYPE_A,3.7,Beverages,Indian
1063615,63,11,2139,290.03,292.03,0,0,69,679,56,TYPE_A,3.7,Beverages,Indian
1219802,64,11,2139,286.18,285.18,0,0,80,679,56,TYPE_A,3.7,Beverages,Indian
1029833,65,11,2139,291.03,290.03,0,0,41,679,56,TYPE_A,3.7,Beverages,Indian
1473844,66,11,2139,291.03,291.03,0,0,96,679,56,TYPE_A,3.7,Beverages,Indian
1097764,67,11,2139,291.03,291.03,0,0,14,679,56,TYPE_A,3.7,Beverages,Indian
1276932,68,11,2139,290.03,290.03,0,0,107,679,56,TYPE_A,3.7,Beverages,Indian
1134707,69,11,2139,292.03,292.03,0,0,41,679,56,TYPE_A,3.7,Beverages,Indian
1305660,70,11,2139,286.15,286.15,0,0,96,679,56,TYPE_A,3.7,Beverages,Indian
1010889,71,11,2139,292.03,290.03,0,0,81,679,56,TYPE_A,3.7,Beverages,Indian
1345912,72,11,2139,290.03,290.03,0,0,67,679,56,TYPE_A,3.7,Beverages,Indian
1298014,73,11,2139,292.03,292.03,0,0,41,679,56,TYPE_A,3.7,Beverages,Indian
1386354,74,11,2139,290.03,290.03,0,0,41,679,56,TYPE_A,3.7,Beverages,Indian
1149998,75,11,2139,291.03,291.03,0,0,68,679,56,TYPE_A,3.7,Beverages,Indian
1084042,76,11,2139,292.03,290.03,0,0,14,679,56,TYPE_A,3.7,Beverages,Indian
1460626,77,11,2139,309.49,307.49,0,0,55,679,56,TYPE_A,3.7,Beverages,Indian
1272549,78,11,2139,307.49,309.49,0,0,27,679,56,TYPE_A,3.7,Beverages,Indian
1217155,79,11,2139,309.49,308.49,0,0,28,679,56,TYPE_A,3.7,Beverages,Indian
1140016,80,11,2139,307.49,307.49,0,0,69,679,56,TYPE_A,3.7,Beverages,Indian
1305047,81,11,2139,307.49,308.49,0,0,55,679,56,TYPE_A,3.7,Beverages,Indian
1479314,82,11,2139,309.49,308.49,0,0,69,679,56,TYPE_A,3.7,Beverages,Indian
1153848,83,11,2139,308.49,307.49,0,0,69,679,56,TYPE_A,3.7,Beverages,Indian
1119366,84,11,2139,303.64,302.64,0,0,94,679,56,TYPE_A,3.7,Beverages,Indian
1486189,85,11,2139,309.49,307.49,0,0,13,679,56,TYPE_A,3.7,Beverages,Indian
1406446,86,11,2139,307.49,309.49,0,0,13,679,56,TYPE_A,3.7,Beverages,Indian
1433142,87,11,2139,308.49,307.49,0,0,40,679,56,TYPE_A,3.7,Beverages,Indian
1385106,88,11,2139,307.49,308.49,0,0,54,679,56,TYPE_A,3.7,Beverages,Indian
1016619,89,11,2139,303.64,303.64,0,0,81,679,56,TYPE_A,3.7,Beverages,Indian
1306851,90,11,2139,308.49,307.49,0,0,67,679,56,TYPE_A,3.7,Beverages,Indian
1319483,91,11,2139,309.49,307.49,0,0,53,679,56,TYPE_A,3.7,Beverages,Indian
1327959,92,11,2139,304.64,304.64,0,0,82,679,56,TYPE_A,3.7,Beverages,Indian
1300585,93,11,2139,302.64,302.64,0,0,80,679,56,TYPE_A,3.7,Beverages,Indian
1418204,94,11,2139,308.49,309.49,0,0,95,679,56,TYPE_A,3.7,Beverages,Indian
1115993,95,11,2139,298.76,300.76,0,0,150,679,56,TYPE_A,3.7,Beverages,Indian
1236273,96,11,2139,303.64,303.64,0,0,96,679,56,TYPE_A,3.7,Beverages,Indian
1026766,97,11,2139,309.49,308.49,0,0,54,679,56,TYPE_A,3.7,Beverages,Indian
1020999,98,11,2139,276.45,309.49,0,0,27,679,56,TYPE_A,3.7,Beverages,Indian
1231693,99,11,2139,308.49,308.49,0,0,27,679,56,TYPE_A,3.7,Beverages,Indian
1395129,100,11,2139,299.73,301.73,0,0,54,679,56,TYPE_A,3.7,Beverages,Indian
1426500,101,11,2139,308.49,309.49,0,0,95,679,56,TYPE_A,3.7,Beverages,Indian
1376747,102,11,2139,309.49,307.49,0,0,13,679,56,TYPE_A,3.7,Beverages,Indian
1032305,105,11,2139,292.03,290.03,0,0,13,679,56,TYPE_A,3.7,Beverages,Indian
1441721,106,11,2139,290.03,292.03,0,0,54,679,56,TYPE_A,3.7,Beverages,Indian
1265994,107,11,2139,284.21,284.21,0,0,67,679,56,TYPE_A,3.7,Beverages,Indian
1139261,108,11,2139,291.03,291.03,0,0,95,679,56,TYPE_A,3.7,Beverages,Indian
1454324,109,11,2139,298.82,297.82,0,0,40,679,56,TYPE_A,3.7,Beverages,Indian
1036000,110,11,2139,308.49,308.49,0,0,54,679,56,TYPE_A,3.7,Beverages,Indian
1202536,111,11,2139,309.49,309.49,0,0,40,679,56,TYPE_A,3.7,Beverages,Indian
1063970,112,11,2139,307.49,309.49,0,0,15,679,56,TYPE_A,3.7,Beverages,Indian
1101697,113,11,2139,315.31,315.31,0,0,40,679,56,TYPE_A,3.7,Beverages,Indian
1043740,114,11,2139,308.49,308.49,0,0,27,679,56,TYPE_A,3.7,Beverages,Indian
1075609,115,11,2139,298.82,297.82,0,0,42,679,56,TYPE_A,3.7,Beverages,Indian
1203445,116,11,2139,309.49,308.49,0,0,40,679,56,TYPE_A,3.7,Beverages,Indian
