Data set/Center wise/Center_11_Rank7.csv
id,week,center_id,meal_id,checkout_price,base_price,emailer_for_promotion,homepage_featured,num_orders,city_code,region_code,center_type,op_area,category,cuisine
1136817,1,11,2631,251.23,251.23,0,0,80,679,56,TYPE_A,3.7,Beverages,Indian
1187728,2,11,2631,95.06,252.23,1,1,379,679,56,TYPE_A,3.7,Beverages,Indian
1205617,3,11,2631,99.0,253.23,0,0,324,679,56,TYPE_A,3.7,Beverages,Indian
1009973,4,11,2631,99.0,251.23,0,0,175,679,56,TYPE_A,3.7,Beverages,Indian
1104121,5,11,2631,97.0,251.23,0,0,216,679,56,TYPE_A,3.7,Beverages,Indian
1086426,6,11,2631,248.38,246.38,0,0,67,679,56,TYPE_A,3.7,Beverages,Indian
1045168,8,11,2631,252.23,251.23,0,0,55,679,56,TYPE_A,3.7,Beverages,Indian
1234705,9,11,2631,253.23,253.23,0,0,42,679,56,TYPE_A,3.7,Beverages,Indian
1087424,10,11,2631,252.23,253.23,0,0,14,679,56,TYPE_A,3.7,Beverages,Indian
1397962,11,11,2631,238.62,239.62,0,0,54,679,56,TYPE_A,3.7,Beverages,Indian
1228796,12,11,2631,251.23,252.23,0,0,55,679,56,TYPE_A,3.7,Beverages,Indian
1132689,13,11,2631,251.23,252.23,0,0,41,679,56,TYPE_A,3.7,Beverages,Indian
1195263,14,11,2631,239.62,238.62,0,0,53,679,56,TYPE_A,3.7,Beverages,Indian
1335238,15,11,2631,99.0,240.62,1,0,472,679,56,TYPE_A,3.7,Beverages,Indian
1284930,16,11,2631,99.0,240.62,0,0,162,679,56,TYPE_A,3.7,Beverages,Indian
1060877,17,11,2631,96.03,238.62,0,0,217,679,56,TYPE_A,3.7,Beverages,Indian
1462714,18,11,2631,99.0,240.62,0,0,175,679,56,TYPE_A,3.7,Beverages,Indian
1253885,19,11,2631,251.23,251.23,0,0,26,679,56,TYPE_A,3.7,Beverages,Indian
1138176,20,11,2631,252.23,252.23,0,0,27,679,56,TYPE_A,3.7,Beverages,Indian
1071818,21,11,2631,144.53,251.23,0,0,122,679,56,TYPE_A,3.7,Beverages,Indian
1043788,22,11,2631,154.26,251.23,0,0,96,679,56,TYPE_A,3.7,Beverages,Indian
1181247,23,11,2631,150.38,252.23,1,0,123,679,56,TYPE_A,3.7,Beverages,Indian
1242136,24,11,2631,154.26,253.23,0,0,81,679,56,TYPE_A,3.7,Beverages,Indian
1458609,25,11,2631,155.26,252.23,0,0,68,679,56,TYPE_A,3.7,Beverages,Indian
1488272,26,11,2631,154.26,252.23,0,0,107,679,56,TYPE_A,3.7,Beverages,Indian
1130415,27,11,2631,155.26,251.23,0,0,67,679,56,TYPE_A,3.7,Beverages,Indian
1152839,28,11,2631,154.26,153.26,0,0,68,679,56,TYPE_A,3.7,Beverages,Indian
1373877,29,11,2631,150.35,150.35,0,0,80,679,56,TYPE_A,3.7,Beverages,Indian
1320747,30,11,2631,153.26,154.26,0,0,55,679,56,TYPE_A,3.7,Beverages,Indian
1488029,31,11,2631,152.35,151.35,0,0,81,679,56,TYPE_A,3.7,Beverages,Indian
1405835,32,11,2631,154.26,153.26,0,0,53,679,56,TYPE_A,3.7,Beverages,Indian
1405708,33,11,2631,154.26,155.26,0,0,81,679,56,TYPE_A,3.7,Beverages,Indian
1036628,34,11,2631,150.41,148.41,0,0,80,679,56,TYPE_A,3.7,Beverages,Indian
1492963,35,11,2631,153.26,153.26,0,0,40,679,56,TYPE_A,3.7,Beverages,Indian
1167994,36,11,2631,153.32,153.32,0,0,96,679,56,TYPE_A,3.7,Beverages,Indian
1413668,37,11,2631,150.41,150.41,0,0,82,679,56,TYPE_A,3.7,Beverages,Indian
1089148,38,11,2631,155.26,153.26,0,0,136,679,56,TYPE_A,3.7,Beverages,Indian
1352076,39,11,2631,151.32,152.32,0,0,134,679,56,TYPE_A,3.7,Beverages,Indian
1239000,40,11,2631,155.26,154.26,0,0,55,679,56,TYPE_A,3.7,Beverages,Indian
1121002,41,11,2631,154.26,154.26,0,0,55,679,56,TYPE_A,3.7,Beverages,Indian
1340806,42,11,2631,153.26,154.26,0,0,162,679,56,TYPE_A,3.7,Beverages,Indian
1085700,43,11,2631,150.38,150.38,0,0,121,679,56,TYPE_A,3.7,Beverages,Indian
1164436,44,11,2631,151.32,151.32,0,0,109,679,56,TYPE_A,3.7,Beverages,Indian
1036604,45,11,2631,151.38,151.38,0,0,108,679,56,TYPE_A,3.7,Beverages,Indian
1104229,46,11,2631,153.26,153.26,0,0,26,679,56,TYPE_A,3.7,Beverages,Indian
1274902,47,11,2631,155.26,154.26,0,0,41,679,56,TYPE_A,3.7,Beverages,Indian
1420285,48,11,2631,155.26,153.26,0,0,161,679,56,TYPE_A,3.7,Beverages,Indian
1020407,49,11,2631,153.32,152.32,0,0,123,679,56,TYPE_A,3.7,Beverages,Indian
1111019,50,11,2631,154.26,154.26,0,0,40,679,56,TYPE_A,3.7,Beverages,Indian
1019129,51,11,2631,155.26,155.26,0,0,68,679,56,TYPE_A,3.7,Beverages,Indian
1000360,52,11,2631,155.26,155.26,0,0,82,679,56,TYPE_A,3.7,Beverages,Indian
1152008,53,11,2631,153.26,154.26,0,0,122,679,56,TYPE_A,3.7,Beverages,Indian
1116014,54,11,2631,155.26,155.26,0,0,67,679,56,TYPE_A,3.7,Beverages,Indian
1165871,55,11,2631,152.35,150.35,0,0,150,679,56,TYPE_A,3.7,Beverages,Indian
1389292,56,11,2631,154.26,155.26,0,0,121,679,56,TYPE_A,3.7,Beverages,Indian
1128322,57,11,2631,155.26,155.26,0,0,81,679,56,TYPE_A,3.7,Beverages,Indian
1038546,58,11,2631,154.26,153.26,0,0,82,679,56,TYPE_A,3.7,Beverages,Indian
1094352,59,11,2631,154.26,154.26,0,0,82,679,56,TYPE_A,3.7,Beverages,Indian
1296021,60,11,2631,154.26,153.26,0,0,122,679,56,TYPE_A,3.7,Beverages,Indian
1280675,61,11,2631,153.26,154.26,0,0,54,679,56,TYPE_A,3.7,Beverages,Indian
1412236,62,11,2631,153.26,154.26,0,0,109,679,56,TYPE_A,3.7,Beverages,Indian
1316702,63,11,2631,153.26,155.26,0,0,28,679,56,TYPE_A,3.7,Beverages,Indian
1487098,64,11,2631,151.32,153.32,0,0,94,679,56,TYPE_A,3.7,Beverages,Indian
1260434,65,11,2631,154.26,154.26,0,0,41,679,56,TYPE_A,3.7,Beverages,Indian
1429664,66,11,2631,155.26,153.26,0,0,68,679,56,TYPE_A,3.7,Beverages,Indian
1474544,67,11,2631,155.26,155.26,0,0,55,679,56,TYPE_A,3.7,Beverages,Indian
1182780,68,11,2631,99.97,155.26,1,1,527,679,56,TYPE_A,3.7,Beverages,Indian
1448317,69,11,2631,96.06,154.26,0,1,258,679,56,TYPE_A,3.7,Beverages,Indian
1219725,70,11,2631,97.06,153.26,0,1,323,679,56,TYPE_A,3.7,Beverages,Indian
1332871,71,11,2631,102.88,153.26,0,0,188,679,56,TYPE_A,3.7,Beverages,Indian
1040391,72,11,2631,152.32,152.32,0,0,94,679,56,TYPE_A,3.7,Beverages,Indian
1414016,73,11,2631,153.26,155.26,0,0,69,679,56,TYPE_A,3.7,Beverages,Indian
1462561,74,11,2631,152.32,152.32,0,0,134,679,56,TYPE_A,3.7,Beverages,Indian
1455301,75,11,2631,152.29,153.29,0,0,162,679,56,TYPE_A,3.7,Beverages,Indian
1257901,76,11,2631,153.26,153.26,0,0,67,679,56,TYPE_A,3.7,Beverages,Indian
1021235,77,11,2631,106.73,155.26,0,0,175,679,56,TYPE_A,3.7,Beverages,Indian
1429063,78,11,2631,99.0,155.26,0,0,107,679,56,TYPE_A,3.7,Beverages,Indian
1095360,79,11,2631,96.06,154.26,0,0,177,679,56,TYPE_A,3.7,Beverages,Indian
1454281,80,11,2631,99.0,154.26,0,0,94,679,56,TYPE_A,3.7,Beverages,Indian
1060063,81,11,2631,147.47,148.47,0,0,109,679,56,TYPE_A,3.7,Beverages,Indian
1216049,82,11,2631,153.32,151.32,0,0,134,679,56,TYPE_A,3.7,Beverages,Indian
1248794,83,11,2631,155.26,154.26,0,0,81,679,56,TYPE_A,3.7,Beverages,Indian
1187871,84,11,2631,148.44,147.44,0,0,67,679,56,TYPE_A,3.7,Beverages,Indian
1017131,85,11,2631,98.0,149.44,1,1,392,679,56,TYPE_A,3.7,Beverages,Indian
1369517,86,11,2631,98.03,147.44,0,1,730,679,56,TYPE_A,3.7,Beverages,Indian
1051822,87,11,2631,95.06,147.44,0,0,297,679,56,TYPE_A,3.7,Beverages,Indian
1169314,88,11,2631,98.03,149.44,0,0,284,679,56,TYPE_A,3.7,Beverages,Indian
1209627,89,11,2631,93.12,148.44,0,0,189,679,56,TYPE_A,3.7,Beverages,Indian
1391266,90,11,2631,154.26,155.26,0,0,231,679,56,TYPE_A,3.7,Beverages,Indian
1244879,91,11,2631,152.32,152.32,0,0,215,679,56,TYPE_A,3.7,Beverages,Indian
1117993,92,11,2631,154.29,152.29,0,0,177,679,56,TYPE_A,3.7,Beverages,Indian
1011768,93,11,2631,150.35,152.35,0,0,242,679,56,TYPE_A,3.7,Beverages,Indian
1019025,94,11,2631,154.29,154.29,0,0,202,679,56,TYPE_A,3.7,Beverages,Indian
1351848,95,11,2631,153.29,153.29,0,0,298,679,56,TYPE_A,3.7,Beverages,Indian
1057877,96,11,2631,155.26,154.26,0,0,135,679,56,TYPE_A,3.7,Beverages,Indian
1044087,97,11,2631,155.26,154.26,0,0,108,679,56,TYPE_A,3.7,Beverages,Indian
1141652,98,11,2631,153.26,153.26,0,0,94,679,56,TYPE_A,3.7,Beverages,Indian
1020220,99,11,2631,153.26,154.26,0,0,108,679,56,TYPE_A,3.7,Beverages,Indian
1014597,100,11,2631,95.06,155.26,0,0,215,679,56,TYPE_A,3.7,Beverages,Indian
1444916,101,11,2631,99.0,154.26,0,0,204,679,56,TYPE_A,3.7,Beverages,Indian
1259633,102,11,2631,98.0,154.26,0,0,162,679,56,TYPE_A,3.7,Beverages,Indian
1065181,103,11,2631,99.0,154.26,0,0,15,679,56,TYPE_A,3.7,Beverages,Indian
1116788,104,11,2631,99.0,155.26,0,0,54,679,56,TYPE_A,3.7,Beverages,Indian
1209115,105,11,2631,99.0,155.26,0,0,270,679,56,TYPE_A,3.7,Beverages,Indian
1304984,106,11,2631,143.56,143.56,0,0,81,679,56,TYPE_A,3.7,Beverages,Indian
1428560,107,11,2631,153.29,154.29,0,0,150,679,56,TYPE_A,3.7,Beverages,Indian
1265794,108,11,2631,153.26,154.26,0,0,81,679,56,TYPE_A,3.7,Beverages,Indian
1376726,109,11,2631,150.35,150.35,0,0,68,679,56,TYPE_A,3.7,Beverages,Indian
1054125,110,11,2631,155.26,153.26,0,0,135,679,56,TYPE_A,3.7,Beverages,Indian
1092242,111,11,2631,151.32,153.32,0,0,135,679,56,TYPE_A,3.7,Beverages,Indian
1425247,112,11,2631,153.26,153.26,0,0,123,679,56,TYPE_A,3.7,Beverages,Indian
1099652,113,11,2631,153.32,152.32,0,0,121,679,56,TYPE_A,3.7,Beverages,Indian
1336184,114,11,2631,155.26,154.26,0,0,69,679,56,TYPE_A,3.7,Beverages,Indian
1224653,115,11,2631,155.26,154.26,0,0,136,679,56,TYPE_A,3.7,Beverages,Indian
1478711,116,11,2631,154.26,154.26,0,0,149,679,56,TYPE_A,3.7,Beverages,Indian
1425970,1,11,1248,253.23,253.23,0,0,27,679,56,TYPE_A,3.7,Beverages,Indian
1400301,2,11,1248,96.06,251.23,1,1,527,679,56,TYPE_A,3.7,Beverages,Indian
1411767,3,11,1248,95.06,253.23,0,1,231,679,56,TYPE_A,3.7,Beverages,Indian
1438644,4,11,1248,106.76,251.23,0,1,256,679,56,TYPE_A,3.7,Beverages,Indian
1148262,5,11,1248,97.06,251.23,0,0,163,679,56,TYPE_A,3.7,Beverages,Indian
1325520,6,11,1248,252.23,251.23,0,0,13,679,56,TYPE_A,3.7,Beverages,Indian
1208545,8,11,1248,240.62,238.62,0,0,27,679,56,TYPE_A,3.7,Beverages,Indian
1245169,9,11,1248,251.23,253.23,0,0,13,679,56,TYPE_A,3.7,Beverages,Indian
1040638,10,11,1248,253.23,253.23,0,0,13,679,56,TYPE_A,3.7,Beverages,Indian
1093411,11,11,1248,252.23,251.23,0,0,13,679,56,TYPE_A,3.7,Beverages,Indian
1127702,12,11,1248,251.23,253.23,0,0,27,679,56,TYPE_A,3.7,Beverages,Indian
1266936,13,11,1248,253.23,251.23,0,0,68,679,56,TYPE_A,3.7,Beverages,Indian
1087432,14,11,1248,253.23,253.23,0,0,41,679,56,TYPE_A,3.7,Beverages,Indian
1139527,15,11,1248,97.0,252.23,1,0,283,679,56,TYPE_A,3.7,Beverages,Indian
1132589,16,11,1248,97.0,253.23,0,0,69,679,56,TYPE_A,3.7,Beverages,Indian
1205263,17,11,1248,95.06,253.23,0,0,258,679,56,TYPE_A,3.7,Beverages,Indian
1345568,18,11,1248,98.0,251.23,0,0,149,679,56,TYPE_A,3.7,Beverages,Indian
1056800,19,11,1248,248.38,247.38,0,0,67,679,56,TYPE_A,3.7,Beverages,Indian
1118369,20,11,1248,253.23,252.23,0,0,28,679,56,TYPE_A,3.7,Beverages,Indian
1137865,21,11,1248,154.26,252.23,0,0,69,679,56,TYPE_A,3.7,Beverages,Indian
1272706,22,11,1248,155.26,253.23,0,0,134,679,56,TYPE_A,3.7,Beverages,Indian
1496494,23,11,1248,153.26,253.23,1,0,94,679,56,TYPE_A,3.7,Beverages,Indian
1400662,24,11,1248,150.35,252.23,0,0,135,679,56,TYPE_A,3.7,Beverages,Indian
1086811,25,11,1248,155.26,253.23,0,0,55,679,56,TYPE_A,3.7,Beverages,Indian
1291381,26,11,1248,151.32,253.23,0,0,107,679,56,TYPE_A,3.7,Beverages,Indian
1352355,27,11,1248,153.26,253.23,0,0,80,679,56,TYPE_A,3.7,Beverages,Indian
1247599,28,11,1248,155.26,153.26,0,0,67,679,56,TYPE_A,3.7,Beverages,Indian
1277133,29,11,1248,154.26,154.26,0,0,26,679,56,TYPE_A,3.7,Beverages,Indian
1457610,30,11,1248,151.35,150.35,0,0,134,679,56,TYPE_A,3.7,Beverages,Indian
1457181,31,11,1248,151.32,153.32,0,0,122,679,56,TYPE_A,3.7,Beverages,Indian
1346567,32,11,1248,153.26,154.26,0,0,123,679,56,TYPE_A,3.7,Beverages,Indian
1489780,33,11,1248,155.26,155.26,0,0,96,679,56,TYPE_A,3.7,Beverages,Indian
1193759,34,11,1248,154.26,154.26,0,0,123,679,56,TYPE_A,3.7,Beverages,Indian
1031514,35,11,1248,153.29,152.29,0,0,188,679,56,TYPE_A,3.7,Beverages,Indian
1172885,36,11,1248,155.26,153.26,0,0,81,679,56,TYPE_A,3.7,Beverages,Indian
1307730,37,11,1248,154.26,155.26,0,0,26,679,56,TYPE_A,3.7,Beverages,Indian
1285312,38,11,1248,151.32,152.32,0,0,109,679,56,TYPE_A,3.7,Beverages,Indian
1419898,39,11,1248,155.26,153.26,0,0,161,679,56,TYPE_A,3.7,Beverages,Indian
1245931,40,11,1248,153.32,151.32,0,0,123,679,56,TYPE_A,3.7,Beverages,Indian
1131370,41,11,1248,153.29,153.29,0,0,202,679,56,TYPE_A,3.7,Beverages,Indian
1148881,42,11,1248,153.26,154.26,0,0,80,679,56,TYPE_A,3.7,Beverages,Indian
1124783,43,11,1248,155.26,154.26,0,0,109,679,56,TYPE_A,3.7,Beverages,Indian
1442887,44,11,1248,154.26,153.26,0,0,136,679,56,TYPE_A,3.7,Beverages,Indian
1021785,45,11,1248,154.26,155.26,0,0,28,679,56,TYPE_A,3.7,Beverages,Indian
1341672,46,11,1248,153.26,153.26,0,0,109,679,56,TYPE_A,3.7,Beverages,Indian
1233254,47,11,1248,154.26,153.26,0,0,68,679,56,TYPE_A,3.7,Beverages,Indian
1397797,48,11,1248,154.26,155.26,0,0,108,679,56,TYPE_A,3.7,Beverages,Indian
1491092,49,11,1248,153.26,154.26,0,0,121,679,56,TYPE_A,3.7,Beverages,Indian
1247527,50,11,1248,154.26,154.26,0,0,82,679,56,TYPE_A,3.7,Beverages,Indian
1477132,51,11,1248,153.32,151.32,0,0,122,679,56,TYPE_A,3.7,Beverages,Indian
1333888,52,11,1248,152.35,150.35,0,0,82,679,56,TYPE_A,3.7,Beverages,Indian
1269203,53,11,1248,152.32,153.32,0,0,190,679,56,TYPE_A,3.7,Beverages,Indian
1372189,54,11,1248,153.29,152.29,0,0,163,679,56,TYPE_A,3.7,Beverages,Indian
1313845,55,11,1248,149.38,149.38,0,0,121,679,56,TYPE_A,3.7,Beverages,Indian
1280548,56,11,1248,153.26,155.26,0,0,80,679,56,TYPE_A,3.7,Beverages,Indian
1039078,57,11,1248,154.26,153.26,0,0,203,679,56,TYPE_A,3.7,Beverages,Indian
1359363,58,11,1248,152.35,150.35,0,0,134,679,56,TYPE_A,3.7,Beverages,Indian
1427171,59,11,1248,154.29,153.29,0,0,149,679,56,TYPE_A,3.7,Beverages,Indian
1426799,60,11,1248,154.29,154.29,0,0,177,679,56,TYPE_A,3.7,Beverages,Indian
1190658,61,11,1248,154.26,155.26,0,0,109,679,56,TYPE_A,3.7,Beverages,Indian
1170110,62,11,1248,151.32,153.32,0,0,94,679,56,TYPE_A,3.7,Beverages,Indian
1418246,63,11,1248,155.26,155.26,0,0,122,679,56,TYPE_A,3.7,Beverages,Indian
1078314,64,11,1248,151.32,153.32,0,0,134,679,56,TYPE_A,3.7,Beverages,Indian
1472223,65,11,1248,155.26,155.26,0,0,121,679,56,TYPE_A,3.7,Beverages,Indian
1343729,66,11,1248,155.26,153.26,0,0,96,679,56,TYPE_A,3.7,Beverages,Indian
1029376,67,11,1248,151.32,152.32,0,0,109,679,56,TYPE_A,3.7,Beverages,Indian
1027202,68,11,1248,97.03,151.32,1,1,526,679,56,TYPE_A,3.7,Beverages,Indian
1265662,69,11,1248,99.91,151.32,0,1,283,679,56,TYPE_A,3.7,Beverages,Indian
1481097,70,11,1248,98.0,152.32,0,1,298,679,56,TYPE_A,3.7,Beverages,Indian
1212552,71,11,1248,93.12,152.32,0,1,528,679,56,TYPE_A,3.7,Beverages,Indian
1389093,72,11,1248,152.32,153.32,0,0,135,679,56,TYPE_A,3.7,Beverages,Indian
1235269,73,11,1248,153.26,153.26,0,0,122,679,56,TYPE_A,3.7,Beverages,Indian
1446877,74,11,1248,151.32,153.32,0,0,244,679,56,TYPE_A,3.7,Beverages,Indian
1203660,75,11,1248,155.26,155.26,0,0,256,679,56,TYPE_A,3.7,Beverages,Indian
1216976,76,11,1248,153.26,155.26,0,0,96,679,56,TYPE_A,3.7,Beverages,Indian
1182142,77,11,1248,95.06,154.26,0,0,243,679,56,TYPE_A,3.7,Beverages,Indian
1032279,78,11,1248,98.03,155.26,0,0,310,679,56,TYPE_A,3.7,Beverages,Indian
1154882,79,11,1248,96.03,155.26,0,0,258,679,56,TYPE_A,3.7,Beverages,Indian
1219342,80,11,1248,97.03,153.26,0,0,256,679,56,TYPE_A,3.7,Beverages,Indian
1264559,81,11,1248,151.32,151.32,0,0,107,679,56,TYPE_A,3.7,Beverages,Indian
1390847,82,11,1248,151.35,152.35,0,0,163,679,56,TYPE_A,3.7,Beverages,Indian
1024797,83,11,1248,151.38,150.38,0,0,231,679,56,TYPE_A,3.7,Beverages,Indian
1364722,84,11,1248,152.32,152.32,0,0,121,679,56,TYPE_A,3.7,Beverages,Indian
1196427,85,11,1248,98.97,153.32,1,1,447,679,56,TYPE_A,3.7,Beverages,Indian
1313509,86,11,1248,97.0,152.32,0,1,582,679,56,TYPE_A,3.7,Beverages,Indian
1404929,87,11,1248,96.03,151.32,0,0,337,679,56,TYPE_A,3.7,Beverages,Indian
1420479,88,11,1248,96.03,152.32,0,0,271,679,56,TYPE_A,3.7,Beverages,Indian
1247526,89,11,1248,98.0,152.32,0,0,123,679,56,TYPE_A,3.7,Beverages,Indian
1114828,90,11,1248,155.26,154.26,0,0,96,679,56,TYPE_A,3.7,Beverages,Indian
1036790,91,11,1248,153.26,155.26,0,0,107,679,56,TYPE_A,3.7,Beverages,Indian
1266933,92,11,1248,154.26,153.26,0,0,96,679,56,TYPE_A,3.7,Beverages,Indian
1404722,93,11,1248,150.35,150.35,0,0,82,679,56,TYPE_A,3.7,Beverages,Indian
1325423,94,11,1248,153.29,152.29,0,0,162,679,56,TYPE_A,3.7,Beverages,Indian
1189341,95,11,1248,154.26,154.26,0,0,81,679,56,TYPE_A,3.7,Beverages,Indian
1335702,96,11,1248,152.35,151.35,0,0,80,679,56,TYPE_A,3.7,Beverages,Indian
1137994,97,11,1248,152.32,152.32,0,0,122,679,56,TYPE_A,3.7,Beverages,Indian
1065001,98,11,1248,153.26,154.26,0,0,107,679,56,TYPE_A,3.7,Beverages,Indian
1047748,99,11,1248,155.26,155.26,0,0,26,679,56,TYPE_A,3.7,Beverages,Indian
1004058,100,11,1248,97.0,153.26,0,0,109,679,56,TYPE_A,3.7,Beverages,Indian
1113548,101,11,1248,98.0,154.26,0,0,188,679,56,TYPE_A,3.7,Beverages,Indian
1187451,102,11,1248,98.0,155.26,0,0,26,679,56,TYPE_A,3.7,Beverages,Indian
1458805,103,11,1248,98.0,154.26,0,0,27,679,56,TYPE_A,3.7,Beverages,Indian
1456927,104,11,1248,96.03,155.26,0,0,82,679,56,TYPE_A,3.7,Beverages,Indian
1337851,105,11,1248,100.91,154.26,0,0,150,679,56,TYPE_A,3.7,Beverages,Indian
1193803,106,11,1248,142.59,143.59,0,0,96,679,56,TYPE_A,3.7,Beverages,Indian
1483496,107,11,1248,155.26,154.26,0,0,26,679,56,TYPE_A,3.7,Beverages,Indian
1435575,108,11,1248,150.41,148.41,0,0,42,679,56,TYPE_A,3.7,Beverages,Indian
1029090,109,11,1248,153.26,154.26,0,0,80,679,56,TYPE_A,3.7,Beverages,Indian
1031644,110,11,1248,154.26,155.26,0,0,40,679,56,TYPE_A,3.7,Beverages,Indian
1172226,111,11,1248,155.26,153.26,0,0,41,679,56,TYPE_A,3.7,Beverages,Indian
1220042,112,11,1248,155.26,153.26,0,0,68,679,56,TYPE_A,3.7,Beverages,Indian
1219658,113,11,1248,149.41,149.41,0,0,67,679,56,TYPE_A,3.7,Beverages,Indian
1357784,114,11,1248,152.32,151.32,0,0,95,679,56,TYPE_A,3.7,Beverages,Indian
1050894,115,11,1248,153.26,153.26,0,0,162,679,56,TYPE_A,3.7,Beverages,Indian
