Data set/Center wise/Center_11_Rank7.csv
id,week,center_id,meal_id,checkout_price,base_price,emailer_for_promotion,homepage_featured,num_orders,city_code,region_code,center_type,op_area,category,cuisine
1053516,1,11,1778,183.39,181.39,0,0,620,679,56,TYPE_A,3.7,Beverages,Italian
1061719,2,11,1778,181.39,183.39,0,0,742,679,56,TYPE_A,3.7,Beverages,Italian
1404943,3,11,1778,184.33,183.33,0,0,688,679,56,TYPE_A,3.7,Beverages,Italian
1126385,4,11,1778,183.36,184.36,0,0,661,679,56,TYPE_A,3.7,Beverages,Italian
1075113,5,11,1778,182.42,181.42,0,0,419,679,56,TYPE_A,3.7,Beverages,Italian
1303373,6,11,1778,161.05,180.42,0,0,485,679,56,TYPE_A,3.7,Beverages,Italian
1280050,7,11,1778,157.14,180.42,0,0,663,679,56,TYPE_A,3.7,Beverages,Italian
1157679,8,11,1778,162.99,180.42,0,0,190,679,56,TYPE_A,3.7,Beverages,Italian
1483632,9,11,1778,161.08,180.42,0,0,905,679,56,TYPE_A,3.7,Beverages,Italian
1063524,10,11,1778,160.05,181.42,0,0,1053,679,56,TYPE_A,3.7,Beverages,Italian
1165234,11,11,1778,162.02,182.42,0,0,730,679,56,TYPE_A,3.7,Beverages,Italian
1481205,12,11,1778,183.39,183.39,0,0,716,679,56,TYPE_A,3.7,Beverages,Italian
1151654,13,11,1778,181.39,183.39,0,0,676,679,56,TYPE_A,3.7,Beverages,Italian
1426931,14,11,1778,184.33,183.33,0,0,703,679,56,TYPE_A,3.7,Beverages,Italian
1366990,15,11,1778,182.36,183.36,0,0,690,679,56,TYPE_A,3.7,Beverages,Italian
1253428,16,11,1778,183.36,182.36,0,0,447,679,56,TYPE_A,3.7,Beverages,Italian
1045113,17,11,1778,163.02,182.36,1,0,770,679,56,TYPE_A,3.7,Beverages,Italian
1450743,18,11,1778,149.38,184.36,0,0,1000,679,56,TYPE_A,3.7,Beverages,Italian
1086868,19,11,1778,153.26,184.36,0,0,1014,679,56,TYPE_A,3.7,Beverages,Italian
1241064,20,11,1778,161.05,182.36,0,0,836,679,56,TYPE_A,3.7,Beverages,Italian
1195239,21,11,1778,159.08,182.36,0,0,1216,679,56,TYPE_A,3.7,Beverages,Italian
1024780,22,11,1778,163.99,184.36,0,0,1174,679,56,TYPE_A,3.7,Beverages,Italian
1292385,23,11,1778,162.05,182.36,0,0,933,679,56,TYPE_A,3.7,Beverages,Italian
1384229,24,11,1778,182.39,181.39,0,0,581,679,56,TYPE_A,3.7,Beverages,Italian
1136783,25,11,1778,183.33,183.33,0,0,647,679,56,TYPE_A,3.7,Beverages,Italian
1027583,26,11,1778,177.51,177.51,0,0,689,679,56,TYPE_A,3.7,Beverages,Italian
1143095,27,11,1778,183.36,182.36,0,0,447,679,56,TYPE_A,3.7,Beverages,Italian
1004424,28,11,1778,178.48,178.48,0,0,296,679,56,TYPE_A,3.7,Beverages,Italian
1476456,29,11,1778,183.39,181.39,0,0,609,679,56,TYPE_A,3.7,Beverages,Italian
1105639,30,11,1778,161.05,183.39,0,0,756,679,56,TYPE_A,3.7,Beverages,Italian
1459421,31,11,1778,159.08,182.39,0,0,811,679,56,TYPE_A,3.7,Beverages,Italian
1246455,32,11,1778,158.11,182.39,1,0,769,679,56,TYPE_A,3.7,Beverages,Italian
1086746,33,11,1778,160.05,183.39,0,0,971,679,56,TYPE_A,3.7,Beverages,Italian
1496544,34,11,1778,161.02,183.39,0,0,836,679,56,TYPE_A,3.7,Beverages,Italian
1297792,35,11,1778,163.02,183.39,0,0,973,679,56,TYPE_A,3.7,Beverages,Italian
1191242,36,11,1778,162.05,181.39,0,0,824,679,56,TYPE_A,3.7,Beverages,Italian
1042529,37,11,1778,183.39,182.39,0,0,797,679,56,TYPE_A,3.7,Beverages,Italian
1123077,38,11,1778,183.33,184.33,0,0,433,679,56,TYPE_A,3.7,Beverages,Italian
1252870,39,11,1778,183.33,184.33,0,0,513,679,56,TYPE_A,3.7,Beverages,Italian
1338289,40,11,1778,181.39,181.39,0,0,797,679,56,TYPE_A,3.7,Beverages,Italian
1363646,41,11,1778,182.36,183.36,0,0,513,679,56,TYPE_A,3.7,Beverages,Italian
1017659,42,11,1778,181.42,181.42,0,0,513,679,56,TYPE_A,3.7,Beverages,Italian
1284114,43,11,1778,183.36,184.36,0,0,526,679,56,TYPE_A,3.7,Beverages,Italian
1209968,44,11,1778,176.57,176.57,0,0,486,679,56,TYPE_A,3.7,Beverages,Italian
1020106,45,11,1778,161.02,161.02,0,0,825,679,56,TYPE_A,3.7,Beverages,Italian
1132585,46,11,1778,161.05,160.05,0,0,742,679,56,TYPE_A,3.7,Beverages,Italian
1442504,47,11,1778,161.05,160.05,0,0,608,679,56,TYPE_A,3.7,Beverages,Italian
1215657,48,11,1778,185.33,185.33,0,0,621,679,56,TYPE_A,3.7,Beverages,Italian
1071143,49,11,1778,183.39,183.39,0,0,555,679,56,TYPE_A,3.7,Beverages,Italian
1227233,50,11,1778,183.36,184.36,0,0,526,679,56,TYPE_A,3.7,Beverages,Italian
1056822,51,11,1778,183.33,183.33,0,0,432,679,56,TYPE_A,3.7,Beverages,Italian
1058280,52,11,1778,182.39,181.39,0,0,634,679,56,TYPE_A,3.7,Beverages,Italian
1024607,53,11,1778,183.36,183.36,0,0,824,679,56,TYPE_A,3.7,Beverages,Italian
1049980,54,11,1778,184.36,182.36,0,0,649,679,56,TYPE_A,3.7,Beverages,Italian
1458767,55,11,1778,181.39,182.39,0,0,647,679,56,TYPE_A,3.7,Beverages,Italian
1263508,56,11,1778,178.54,178.54,0,0,743,679,56,TYPE_A,3.7,Beverages,Italian
1247010,57,11,1778,160.08,159.08,0,0,1000,679,56,TYPE_A,3.7,Beverages,Italian
1411059,58,11,1778,160.11,159.11,0,0,1079,679,56,TYPE_A,3.7,Beverages,Italian
1389490,59,11,1778,160.08,159.08,0,0,944,679,56,TYPE_A,3.7,Beverages,Italian
1270254,60,11,1778,160.11,160.11,0,0,757,679,56,TYPE_A,3.7,Beverages,Italian
1062655,61,11,1778,160.11,160.11,0,0,607,679,56,TYPE_A,3.7,Beverages,Italian
1489208,62,11,1778,181.45,181.45,0,0,81,679,56,TYPE_A,3.7,Beverages,Italian
1040840,63,11,1778,185.33,184.33,0,0,432,679,56,TYPE_A,3.7,Beverages,Italian
1423318,64,11,1778,180.45,181.45,0,0,526,679,56,TYPE_A,3.7,Beverages,Italian
1244924,65,11,1778,162.05,179.45,0,0,580,679,56,TYPE_A,3.7,Beverages,Italian
1483081,66,11,1778,158.11,179.45,0,0,715,679,56,TYPE_A,3.7,Beverages,Italian
1115142,67,11,1778,162.05,180.45,0,0,811,679,56,TYPE_A,3.7,Beverages,Italian
1461329,68,11,1778,160.05,181.45,0,0,1052,679,56,TYPE_A,3.7,Beverages,Italian
1006748,69,11,1778,174.66,172.66,0,0,878,679,56,TYPE_A,3.7,Beverages,Italian
1112539,70,11,1778,184.33,184.33,0,0,148,679,56,TYPE_A,3.7,Beverages,Italian
1344922,71,11,1778,178.51,177.51,0,0,703,679,56,TYPE_A,3.7,Beverages,Italian
1065167,72,11,1778,184.33,185.33,0,0,635,679,56,TYPE_A,3.7,Beverages,Italian
1052520,73,11,1778,182.39,182.39,0,0,539,679,56,TYPE_A,3.7,Beverages,Italian
1376715,74,11,1778,181.39,183.39,0,0,649,679,56,TYPE_A,3.7,Beverages,Italian
1226308,75,11,1778,182.39,181.39,0,0,676,679,56,TYPE_A,3.7,Beverages,Italian
1248944,76,11,1778,181.42,180.42,0,0,634,679,56,TYPE_A,3.7,Beverages,Italian
1200617,77,11,1778,184.36,182.36,0,0,528,679,56,TYPE_A,3.7,Beverages,Italian
1103446,78,11,1778,181.39,183.39,0,0,500,679,56,TYPE_A,3.7,Beverages,Italian
1173791,79,11,1778,180.48,180.48,0,0,539,679,56,TYPE_A,3.7,Beverages,Italian
1388834,80,11,1778,181.42,181.42,0,0,674,679,56,TYPE_A,3.7,Beverages,Italian
1313543,81,11,1778,179.45,179.45,0,0,783,679,56,TYPE_A,3.7,Beverages,Italian
1041569,82,11,1778,182.39,181.39,0,0,674,679,56,TYPE_A,3.7,Beverages,Italian
1311308,83,11,1778,166.9,165.9,0,0,825,679,56,TYPE_A,3.7,Beverages,Italian
1438004,84,11,1778,180.42,182.42,0,0,607,679,56,TYPE_A,3.7,Beverages,Italian
1362038,85,11,1778,179.51,177.51,0,0,865,679,56,TYPE_A,3.7,Beverages,Italian
1068998,86,11,1778,183.39,182.39,0,0,555,679,56,TYPE_A,3.7,Beverages,Italian
1288682,87,11,1778,179.48,178.48,0,0,809,679,56,TYPE_A,3.7,Beverages,Italian
1450130,88,11,1778,164.9,164.9,0,0,770,679,56,TYPE_A,3.7,Beverages,Italian
1093462,89,11,1778,159.08,159.08,0,0,878,679,56,TYPE_A,3.7,Beverages,Italian
1477317,90,11,1778,161.08,159.08,0,0,743,679,56,TYPE_A,3.7,Beverages,Italian
1428346,91,11,1778,161.08,159.08,0,0,890,679,56,TYPE_A,3.7,Beverages,Italian
1092092,92,11,1778,162.05,160.05,0,0,960,679,56,TYPE_A,3.7,Beverages,Italian
1235802,93,11,1778,161.05,161.05,0,0,865,679,56,TYPE_A,3.7,Beverages,Italian
1477696,94,11,1778,161.08,161.08,0,0,837,679,56,TYPE_A,3.7,Beverages,Italian
1360694,95,11,1778,161.05,160.05,0,0,526,679,56,TYPE_A,3.7,Beverages,Italian
1086894,96,11,1778,160.05,161.05,0,0,906,679,56,TYPE_A,3.7,Beverages,Italian
1097849,97,11,1778,159.08,159.08,0,0,244,679,56,TYPE_A,3.7,Beverages,Italian
1478718,98,11,1778,160.05,160.05,0,0,621,679,56,TYPE_A,3.7,Beverages,Italian
1310842,99,11,1778,162.96,162.96,0,0,473,679,56,TYPE_A,3.7,Beverages,Italian
1273893,100,11,1778,160.05,160.05,0,0,567,679,56,TYPE_A,3.7,Beverages,Italian
1091701,101,11,1778,159.11,158.11,0,0,797,679,56,TYPE_A,3.7,Beverages,Italian
1347796,102,11,1778,160.08,159.08,0,0,432,679,56,TYPE_A,3.7,Beverages,Italian
1483702,103,11,1778,161.99,161.99,0,0,717,679,56,TYPE_A,3.7,Beverages,Italian
1285721,104,11,1778,162.02,161.02,0,0,715,679,56,TYPE_A,3.7,Beverages,Italian
1027562,105,11,1778,162.05,162.05,0,0,1093,679,56,TYPE_A,3.7,Beverages,Italian
1068560,106,11,1778,160.05,161.05,0,0,905,679,56,TYPE_A,3.7,Beverages,Italian
1266721,107,11,1778,162.05,161.05,0,0,810,679,56,TYPE_A,3.7,Beverages,Italian
1119005,108,11,1778,163.02,162.02,0,0,838,679,56,TYPE_A,3.7,Beverages,Italian
1293951,109,11,1778,182.42,181.42,0,0,904,679,56,TYPE_A,3.7,Beverages,Italian
1422087,110,11,1778,181.39,182.39,0,0,851,679,56,TYPE_A,3.7,Beverages,Italian
1437803,111,11,1778,183.39,181.39,0,0,878,679,56,TYPE_A,3.7,Beverages,Italian
1014606,112,11,1778,180.42,181.42,0,0,796,679,56,TYPE_A,3.7,Beverages,Italian
1130871,113,11,1778,162.05,180.42,0,1,823,679,56,TYPE_A,3.7,Beverages,Italian
1261646,114,11,1778,159.08,182.42,1,1,674,679,56,TYPE_A,3.7,Beverages,Italian
1427900,115,11,1778,160.08,182.42,0,1,824,679,56,TYPE_A,3.7,Beverages,Italian
1057835,1,11,1062,184.36,182.36,0,0,798,679,56,TYPE_A,3.7,Beverages,Italian
1499745,2,11,1062,181.39,182.39,0,0,689,679,56,TYPE_A,3.7,Beverages,Italian
1313228,3,11,1062,181.39,182.39,0,0,796,679,56,TYPE_A,3.7,Beverages,Italian
1437906,4,11,1062,184.36,182.36,0,0,783,679,56,TYPE_A,3.7,Beverages,Italian
1405802,5,11,1062,182.42,181.42,0,0,582,679,56,TYPE_A,3.7,Beverages,Italian
1375833,6,11,1062,161.08,182.42,0,0,716,679,56,TYPE_A,3.7,Beverages,Italian
1464795,7,11,1062,159.14,180.42,0,0,877,679,56,TYPE_A,3.7,Beverages,Italian
1345257,8,11,1062,160.08,182.42,0,0,782,679,56,TYPE_A,3.7,Beverages,Italian
1289719,9,11,1062,161.08,182.42,0,0,1054,679,56,TYPE_A,3.7,Beverages,Italian
1106909,10,11,1062,159.11,180.42,0,0,850,679,56,TYPE_A,3.7,Beverages,Italian
1177530,11,11,1062,163.02,180.42,0,0,932,679,56,TYPE_A,3.7,Beverages,Italian
1403315,12,11,1062,182.39,181.39,0,0,621,679,56,TYPE_A,3.7,Beverages,Italian
1002148,13,11,1062,181.42,181.42,0,0,649,679,56,TYPE_A,3.7,Beverages,Italian
1018085,14,11,1062,184.36,182.36,0,0,555,679,56,TYPE_A,3.7,Beverages,Italian
1192733,15,11,1062,182.36,184.36,0,0,690,679,56,TYPE_A,3.7,Beverages,Italian
1444318,16,11,1062,182.36,183.36,0,0,609,679,56,TYPE_A,3.7,Beverages,Italian
1049563,17,11,1062,160.05,182.36,1,0,971,679,56,TYPE_A,3.7,Beverages,Italian
1021835,18,11,1062,161.08,182.36,0,0,769,679,56,TYPE_A,3.7,Beverages,Italian
1265389,19,11,1062,160.11,183.36,0,0,851,679,56,TYPE_A,3.7,Beverages,Italian
1341055,20,11,1062,160.05,184.36,0,0,1000,679,56,TYPE_A,3.7,Beverages,Italian
1162591,21,11,1062,161.05,184.36,0,0,1257,679,56,TYPE_A,3.7,Beverages,Italian
1376144,22,11,1062,161.08,182.36,0,0,1041,679,56,TYPE_A,3.7,Beverages,Italian
1250363,23,11,1062,162.02,183.36,0,0,998,679,56,TYPE_A,3.7,Beverages,Italian
1032127,24,11,1062,182.36,184.36,0,0,689,679,56,TYPE_A,3.7,Beverages,Italian
1292825,25,11,1062,181.39,181.39,0,0,987,679,56,TYPE_A,3.7,Beverages,Italian
1052797,26,11,1062,180.42,180.42,0,0,811,679,56,TYPE_A,3.7,Beverages,Italian
1385775,27,11,1062,181.42,182.42,0,0,836,679,56,TYPE_A,3.7,Beverages,Italian
1300966,28,11,1062,183.39,183.39,0,0,809,679,56,TYPE_A,3.7,Beverages,Italian
1349643,29,11,1062,184.33,185.33,0,0,744,679,56,TYPE_A,3.7,Beverages,Italian
1258082,30,11,1062,163.02,183.33,0,0,958,679,56,TYPE_A,3.7,Beverages,Italian
1311815,31,11,1062,160.11,185.33,0,0,1039,679,56,TYPE_A,3.7,Beverages,Italian
1311303,32,11,1062,157.14,183.33,1,0,1187,679,56,TYPE_A,3.7,Beverages,Italian
1126509,33,11,1062,159.14,184.33,0,0,1134,679,56,TYPE_A,3.7,Beverages,Italian
1249802,34,11,1062,158.11,185.33,0,0,959,679,56,TYPE_A,3.7,Beverages,Italian
1073404,35,11,1062,159.08,184.33,0,0,1079,679,56,TYPE_A,3.7,Beverages,Italian
1430577,36,11,1062,162.02,184.33,0,0,1133,679,56,TYPE_A,3.7,Beverages,Italian
1437333,37,11,1062,181.39,182.39,0,0,690,679,56,TYPE_A,3.7,Beverages,Italian
1485203,38,11,1062,183.36,184.36,0,0,865,679,56,TYPE_A,3.7,Beverages,Italian
1375511,39,11,1062,182.39,181.39,0,0,701,679,56,TYPE_A,3.7,Beverages,Italian
1395880,40,11,1062,183.36,182.36,0,0,905,679,56,TYPE_A,3.7,Beverages,Italian
1139506,41,11,1062,182.39,181.39,0,0,796,679,56,TYPE_A,3.7,Beverages,Italian
1075191,42,11,1062,184.36,183.36,0,0,810,679,56,TYPE_A,3.7,Beverages,Italian
1231530,43,11,1062,183.36,184.36,0,0,743,679,56,TYPE_A,3.7,Beverages,Italian
1237733,44,11,1062,179.48,179.48,0,0,636,679,56,TYPE_A,3.7,Beverages,Italian
1144797,45,11,1062,161.08,178.48,0,0,1282,679,56,TYPE_A,3.7,Beverages,Italian
1090483,46,11,1062,160.11,179.48,0,0,1025,679,56,TYPE_A,3.7,Beverages,Italian
1010239,47,11,1062,159.08,180.48,0,0,864,679,56,TYPE_A,3.7,Beverages,Italian
1208124,48,11,1062,181.39,181.39,0,0,944,679,56,TYPE_A,3.7,Beverages,Italian
1110086,49,11,1062,182.36,183.36,0,0,553,679,56,TYPE_A,3.7,Beverages,Italian
1214516,50,11,1062,180.42,182.42,0,0,730,679,56,TYPE_A,3.7,Beverages,Italian
1264009,51,11,1062,183.39,182.39,0,0,177,679,56,TYPE_A,3.7,Beverages,Italian
1204343,52,11,1062,177.51,179.51,0,0,649,679,56,TYPE_A,3.7,Beverages,Italian
1038866,53,11,1062,183.39,183.39,0,0,689,679,56,TYPE_A,3.7,Beverages,Italian
1113968,54,11,1062,183.39,183.39,0,0,190,679,56,TYPE_A,3.7,Beverages,Italian
1380195,55,11,1062,182.39,183.39,0,0,783,679,56,TYPE_A,3.7,Beverages,Italian
1409476,56,11,1062,179.45,181.45,0,0,784,679,56,TYPE_A,3.7,Beverages,Italian
1356061,57,11,1062,163.02,180.45,0,0,1243,679,56,TYPE_A,3.7,Beverages,Italian
1111489,58,11,1062,159.14,179.45,0,0,986,679,56,TYPE_A,3.7,Beverages,Italian
1389029,59,11,1062,162.05,180.45,0,0,1068,679,56,TYPE_A,3.7,Beverages,Italian
1075438,60,11,1062,159.14,181.45,0,0,931,679,56,TYPE_A,3.7,Beverages,Italian
1165878,61,11,1062,162.05,179.45,0,0,1012,679,56,TYPE_A,3.7,Beverages,Italian
1490601,62,11,1062,184.36,183.36,0,0,242,679,56,TYPE_A,3.7,Beverages,Italian
1324785,63,11,1062,181.42,182.42,0,0,663,679,56,TYPE_A,3.7,Beverages,Italian
1106181,64,11,1062,184.36,182.36,0,0,676,679,56,TYPE_A,3.7,Beverages,Italian
1376281,65,11,1062,161.08,184.36,0,0,850,679,56,TYPE_A,3.7,Beverages,Italian
1409974,66,11,1062,161.05,184.36,0,0,971,679,56,TYPE_A,3.7,Beverages,Italian
1058110,67,11,1062,162.02,182.36,0,0,1457,679,56,TYPE_A,3.7,Beverages,Italian
1262667,68,11,1062,163.02,184.36,0,0,985,679,56,TYPE_A,3.7,Beverages,Italian
1365906,69,11,1062,178.48,179.48,0,0,607,679,56,TYPE_A,3.7,Beverages,Italian
1329515,70,11,1062,179.45,179.45,0,0,609,679,56,TYPE_A,3.7,Beverages,Italian
1299241,71,11,1062,182.39,182.39,0,0,636,679,56,TYPE_A,3.7,Beverages,Italian
1094040,72,11,1062,182.39,182.39,0,0,1066,679,56,TYPE_A,3.7,Beverages,Italian
1322447,73,11,1062,182.42,180.42,0,0,1148,679,56,TYPE_A,3.7,Beverages,Italian
1125909,74,11,1062,183.36,183.36,0,0,1189,679,56,TYPE_A,3.7,Beverages,Italian
1072547,75,11,1062,182.42,180.42,0,0,917,679,56,TYPE_A,3.7,Beverages,Italian
1270943,76,11,1062,183.33,184.33,0,0,932,679,56,TYPE_A,3.7,Beverages,Italian
1016325,77,11,1062,183.36,184.36,0,0,879,679,56,TYPE_A,3.7,Beverages,Italian
1257931,78,11,1062,182.42,180.42,0,0,743,679,56,TYPE_A,3.7,Beverages,Italian
1076734,79,11,1062,185.33,184.33,0,0,730,679,56,TYPE_A,3.7,Beverages,Italian
1305678,80,11,1062,181.39,182.39,0,0,972,679,56,TYPE_A,3.7,Beverages,Italian
1428414,81,11,1062,182.39,182.39,0,0,715,679,56,TYPE_A,3.7,Beverages,Italian
1265640,82,11,1062,183.33,184.33,0,0,1068,679,56,TYPE_A,3.7,Beverages,Italian
1331082,83,11,1062,165.87,166.87,0,0,1025,679,56,TYPE_A,3.7,Beverages,Italian
1054822,84,11,1062,182.39,182.39,0,0,1229,679,56,TYPE_A,3.7,Beverages,Italian
1017084,85,11,1062,180.45,181.45,0,0,960,679,56,TYPE_A,3.7,Beverages,Italian
1036735,86,11,1062,181.39,182.39,0,0,1202,679,56,TYPE_A,3.7,Beverages,Italian
1434852,87,11,1062,181.42,182.42,0,0,1161,679,56,TYPE_A,3.7,Beverages,Italian
1424560,88,11,1062,162.99,181.42,0,0,1284,679,56,TYPE_A,3.7,Beverages,Italian
1197971,89,11,1062,161.05,180.42,0,0,1052,679,56,TYPE_A,3.7,Beverages,Italian
1024031,90,11,1062,161.05,182.42,0,0,864,679,56,TYPE_A,3.7,Beverages,Italian
1392083,91,11,1062,161.08,181.42,0,0,999,679,56,TYPE_A,3.7,Beverages,Italian
1154532,92,11,1062,162.02,181.42,0,0,1053,679,56,TYPE_A,3.7,Beverages,Italian
1150851,93,11,1062,161.05,182.42,0,0,1095,679,56,TYPE_A,3.7,Beverages,Italian
1018952,94,11,1062,162.02,162.02,0,0,998,679,56,TYPE_A,3.7,Beverages,Italian
1481761,95,11,1062,163.02,163.02,0,0,1040,679,56,TYPE_A,3.7,Beverages,Italian
1169143,96,11,1062,161.05,161.05,0,0,823,679,56,TYPE_A,3.7,Beverages,Italian
1020838,97,11,1062,161.05,161.05,0,0,350,679,56,TYPE_A,3.7,Beverages,Italian
1148199,98,11,1062,161.08,159.08,0,0,864,679,56,TYPE_A,3.7,Beverages,Italian
1326031,99,11,1062,157.14,157.14,0,0,649,679,56,TYPE_A,3.7,Beverages,Italian
1190596,100,11,1062,163.02,163.02,0,0,960,679,56,TYPE_A,3.7,Beverages,Italian
1036448,101,11,1062,163.02,162.02,0,0,688,679,56,TYPE_A,3.7,Beverages,Italian
1336952,102,11,1062,161.05,161.05,0,0,324,679,56,TYPE_A,3.7,Beverages,Italian
1002610,103,11,1062,163.99,161.99,0,0,636,679,56,TYPE_A,3.7,Beverages,Italian
1082901,104,11,1062,161.02,161.02,0,0,662,679,56,TYPE_A,3.7,Beverages,Italian
1498959,105,11,1062,161.02,163.02,0,0,838,679,56,TYPE_A,3.7,Beverages,Italian
1499558,106,11,1062,160.05,162.05,0,0,783,679,56,TYPE_A,3.7,Beverages,Italian
1495785,107,11,1062,163.02,162.02,0,0,1120,679,56,TYPE_A,3.7,Beverages,Italian
1067325,108,11,1062,160.11,160.11,0,0,433,679,56,TYPE_A,3.7,Beverages,Italian
1478959,109,11,1062,181.39,183.39,0,0,689,679,56,TYPE_A,3.7,Beverages,Italian
1139474,110,11,1062,183.36,183.36,0,0,743,679,56,TYPE_A,3.7,Beverages,Italian
1350652,111,11,1062,181.42,180.42,0,0,662,679,56,TYPE_A,3.7,Beverages,Italian
1488223,112,11,1062,182.36,184.36,0,0,959,679,56,TYPE_A,3.7,Beverages,Italian
1088409,113,11,1062,161.02,183.36,0,1,1068,679,56,TYPE_A,3.7,Beverages,Italian
1261659,114,11,1062,162.05,184.36,1,1,973,679,56,TYPE_A,3.7,Beverages,Italian
1090128,115,11,1062,161.08,182.36,0,1,688,679,56,TYPE_A,3.7,Beverages,Italian
