Data set/Center wise/Center_11_Rank7.csv
id,week,center_id,meal_id,checkout_price,base_price,emailer_for_promotion,homepage_featured,num_orders,city_code,region_code,center_type,op_area,category,cuisine
1309667,1,11,2707,190.12,192.12,0,0,1594,679,56,TYPE_A,3.7,Beverages,Italian
1342481,2,11,2707,191.09,191.09,0,0,1376,679,56,TYPE_A,3.7,Beverages,Italian
1388312,3,11,2707,192.06,194.06,0,0,1592,679,56,TYPE_A,3.7,Beverages,Italian
1242302,4,11,2707,193.03,193.03,0,0,1432,679,56,TYPE_A,3.7,Beverages,Italian
1161933,5,11,2707,190.12,192.12,0,0,1392,679,56,TYPE_A,3.7,Beverages,Italian
1094316,6,11,2707,226.07,225.07,0,0,919,679,56,TYPE_A,3.7,Beverages,Italian
1481036,7,11,2707,228.01,226.01,0,0,864,679,56,TYPE_A,3.7,Beverages,Italian
1287899,8,11,2707,228.98,227.98,0,0,796,679,56,TYPE_A,3.7,Beverages,Italian
1146244,9,11,2707,226.07,225.07,0,0,810,679,56,TYPE_A,3.7,Beverages,Italian
1378154,10,11,2707,228.01,228.01,0,0,809,679,56,TYPE_A,3.7,Beverages,Italian
1261937,11,11,2707,227.98,226.98,0,0,622,679,56,TYPE_A,3.7,Beverages,Italian
1329079,12,11,2707,192.12,228.98,0,0,1500,679,56,TYPE_A,3.7,Beverages,Italian
1159524,13,11,2707,191.09,228.98,0,0,809,679,56,TYPE_A,3.7,Beverages,Italian
1035692,14,11,2707,194.03,228.98,0,0,973,679,56,TYPE_A,3.7,Beverages,Italian
1486240,15,11,2707,193.03,228.98,0,0,944,679,56,TYPE_A,3.7,Beverages,Italian
1210433,16,11,2707,196.0,227.98,0,0,918,679,56,TYPE_A,3.7,Beverages,Italian
1316825,17,11,2707,193.06,227.98,1,0,1187,679,56,TYPE_A,3.7,Beverages,Italian
1464369,18,11,2707,194.06,226.98,0,0,796,679,56,TYPE_A,3.7,Beverages,Italian
1167293,19,11,2707,228.01,227.01,0,0,756,679,56,TYPE_A,3.7,Beverages,Italian
1419115,20,11,2707,225.07,225.07,0,0,863,679,56,TYPE_A,3.7,Beverages,Italian
1325959,21,11,2707,226.04,225.04,0,0,1026,679,56,TYPE_A,3.7,Beverages,Italian
1247446,22,11,2707,230.92,230.92,0,0,973,679,56,TYPE_A,3.7,Beverages,Italian
1225242,23,11,2707,228.95,227.95,0,0,972,679,56,TYPE_A,3.7,Beverages,Italian
1457177,24,11,2707,192.12,227.95,0,0,1499,679,56,TYPE_A,3.7,Beverages,Italian
1115320,25,11,2707,195.97,227.95,0,0,1405,679,56,TYPE_A,3.7,Beverages,Italian
1142530,26,11,2707,193.09,229.95,0,0,1324,679,56,TYPE_A,3.7,Beverages,Italian
1374792,27,11,2707,192.06,229.95,0,0,1403,679,56,TYPE_A,3.7,Beverages,Italian
1437402,28,11,2707,191.09,227.95,0,0,1174,679,56,TYPE_A,3.7,Beverages,Italian
1487677,29,11,2707,195.0,228.95,0,0,1430,679,56,TYPE_A,3.7,Beverages,Italian
1015789,30,11,2707,229.92,229.92,0,0,918,679,56,TYPE_A,3.7,Beverages,Italian
1174187,31,11,2707,229.89,231.89,0,0,823,679,56,TYPE_A,3.7,Beverages,Italian
1444789,32,11,2707,228.98,227.98,0,0,863,679,56,TYPE_A,3.7,Beverages,Italian
1067299,33,11,2707,226.01,226.01,0,0,865,679,56,TYPE_A,3.7,Beverages,Italian
1299176,34,11,2707,224.1,224.1,0,0,971,679,56,TYPE_A,3.7,Beverages,Italian
1182713,35,11,2707,227.95,229.95,0,0,757,679,56,TYPE_A,3.7,Beverages,Italian
1074544,36,11,2707,229.92,230.92,0,0,960,679,56,TYPE_A,3.7,Beverages,Italian
1053472,37,11,2707,196.0,228.92,0,0,1201,679,56,TYPE_A,3.7,Beverages,Italian
1352818,38,11,2707,193.06,230.92,0,0,1243,679,56,TYPE_A,3.7,Beverages,Italian
1278016,39,11,2707,192.06,228.92,0,0,1553,679,56,TYPE_A,3.7,Beverages,Italian
1402460,40,11,2707,193.06,228.92,0,0,892,679,56,TYPE_A,3.7,Beverages,Italian
1305450,41,11,2707,227.01,226.01,0,0,1175,679,56,TYPE_A,3.7,Beverages,Italian
1475064,42,11,2707,232.86,232.86,0,0,986,679,56,TYPE_A,3.7,Beverages,Italian
1473761,43,11,2707,228.98,228.98,0,0,1067,679,56,TYPE_A,3.7,Beverages,Italian
1365234,44,11,2707,225.07,224.07,0,0,783,679,56,TYPE_A,3.7,Beverages,Italian
1185845,45,11,2707,206.67,204.67,0,0,1214,679,56,TYPE_A,3.7,Beverages,Italian
1492482,46,11,2707,203.76,203.76,0,0,1241,679,56,TYPE_A,3.7,Beverages,Italian
1201955,47,11,2707,226.01,228.01,0,0,933,679,56,TYPE_A,3.7,Beverages,Italian
1203905,48,11,2707,194.06,226.01,1,1,2011,679,56,TYPE_A,3.7,Beverages,Italian
1111937,49,11,2707,191.09,227.01,0,0,1189,679,56,TYPE_A,3.7,Beverages,Italian
1027729,50,11,2707,195.03,228.01,0,0,1160,679,56,TYPE_A,3.7,Beverages,Italian
1221938,51,11,2707,196.0,227.01,0,0,312,679,56,TYPE_A,3.7,Beverages,Italian
1201270,52,11,2707,193.09,228.01,0,0,1336,679,56,TYPE_A,3.7,Beverages,Italian
1236124,53,11,2707,195.03,228.01,0,0,1457,679,56,TYPE_A,3.7,Beverages,Italian
1051758,54,11,2707,191.09,228.01,0,0,607,679,56,TYPE_A,3.7,Beverages,Italian
1142351,55,11,2707,194.03,195.03,0,0,1646,679,56,TYPE_A,3.7,Beverages,Italian
1100745,56,11,2707,230.92,228.92,0,0,1054,679,56,TYPE_A,3.7,Beverages,Italian
1367807,57,11,2707,230.92,229.92,0,0,1241,679,56,TYPE_A,3.7,Beverages,Italian
1301704,58,11,2707,224.07,225.07,0,0,1511,679,56,TYPE_A,3.7,Beverages,Italian
1223163,59,11,2707,226.07,225.07,0,0,1039,679,56,TYPE_A,3.7,Beverages,Italian
1248425,60,11,2707,226.98,226.98,0,0,1161,679,56,TYPE_A,3.7,Beverages,Italian
1464715,61,11,2707,225.04,225.04,0,0,972,679,56,TYPE_A,3.7,Beverages,Italian
1377039,62,11,2707,189.15,226.04,0,0,715,679,56,TYPE_A,3.7,Beverages,Italian
1309111,63,11,2707,191.12,225.04,0,0,1148,679,56,TYPE_A,3.7,Beverages,Italian
1351693,64,11,2707,192.06,225.04,0,0,1419,679,56,TYPE_A,3.7,Beverages,Italian
1298113,65,11,2707,190.12,226.04,0,0,1228,679,56,TYPE_A,3.7,Beverages,Italian
1259649,66,11,2707,189.15,227.04,0,0,1877,679,56,TYPE_A,3.7,Beverages,Italian
1251706,67,11,2707,192.12,227.04,0,0,1634,679,56,TYPE_A,3.7,Beverages,Italian
1073212,68,11,2707,193.09,193.09,0,0,1958,679,56,TYPE_A,3.7,Beverages,Italian
1380736,69,11,2707,193.09,193.09,0,0,1446,679,56,TYPE_A,3.7,Beverages,Italian
1090158,70,11,2707,188.24,188.24,0,0,635,679,56,TYPE_A,3.7,Beverages,Italian
1472108,71,11,2707,190.15,190.15,0,0,2119,679,56,TYPE_A,3.7,Beverages,Italian
1181849,72,11,2707,189.18,190.15,1,0,2132,679,56,TYPE_A,3.7,Beverages,Italian
1357495,73,11,2707,190.12,191.12,0,0,1851,679,56,TYPE_A,3.7,Beverages,Italian
1202880,74,11,2707,192.12,192.12,1,0,1944,679,56,TYPE_A,3.7,Beverages,Italian
1398527,75,11,2707,185.33,185.33,0,0,1458,679,56,TYPE_A,3.7,Beverages,Italian
1066162,76,11,2707,192.06,192.06,0,0,1349,679,56,TYPE_A,3.7,Beverages,Italian
1349370,77,11,2707,227.04,227.04,0,0,959,679,56,TYPE_A,3.7,Beverages,Italian
1129249,78,11,2707,226.04,227.04,0,0,1148,679,56,TYPE_A,3.7,Beverages,Italian
1292325,79,11,2707,228.01,228.01,0,0,782,679,56,TYPE_A,3.7,Beverages,Italian
1455177,80,11,2707,228.01,228.01,0,0,1041,679,56,TYPE_A,3.7,Beverages,Italian
1459303,81,11,2707,225.07,224.07,0,0,1230,679,56,TYPE_A,3.7,Beverages,Italian
1343614,82,11,2707,227.98,226.98,0,0,1324,679,56,TYPE_A,3.7,Beverages,Italian
1201092,83,11,2707,192.12,228.98,1,0,1970,679,56,TYPE_A,3.7,Beverages,Italian
1360318,84,11,2707,227.98,227.98,0,0,1336,679,56,TYPE_A,3.7,Beverages,Italian
1187194,85,11,2707,228.01,228.01,0,0,1446,679,56,TYPE_A,3.7,Beverages,Italian
1103287,86,11,2707,187.21,226.01,0,0,1971,679,56,TYPE_A,3.7,Beverages,Italian
1232953,87,11,2707,187.21,227.01,0,0,1903,679,56,TYPE_A,3.7,Beverages,Italian
1087718,88,11,2707,190.15,228.01,0,0,1782,679,56,TYPE_A,3.7,Beverages,Italian
1101189,89,11,2707,190.12,226.01,0,0,1808,679,56,TYPE_A,3.7,Beverages,Italian
1169710,90,11,2707,227.95,229.95,0,0,1068,679,56,TYPE_A,3.7,Beverages,Italian
1141584,91,11,2707,192.12,227.95,0,0,1714,679,56,TYPE_A,3.7,Beverages,Italian
1160585,92,11,2707,190.12,229.95,0,0,1810,679,56,TYPE_A,3.7,Beverages,Italian
1119394,93,11,2707,191.12,228.95,0,0,1904,679,56,TYPE_A,3.7,Beverages,Italian
1094172,94,11,2707,192.09,227.95,1,0,1701,679,56,TYPE_A,3.7,Beverages,Italian
1020888,95,11,2707,191.12,227.95,0,0,1702,679,56,TYPE_A,3.7,Beverages,Italian
1150880,96,11,2707,192.09,229.95,0,0,1580,679,56,TYPE_A,3.7,Beverages,Italian
1136089,97,11,2707,187.21,227.95,0,0,607,679,56,TYPE_A,3.7,Beverages,Italian
1018303,98,11,2707,194.06,194.06,0,0,1066,679,56,TYPE_A,3.7,Beverages,Italian
1244337,99,11,2707,193.06,193.06,0,0,1054,679,56,TYPE_A,3.7,Beverages,Italian
1132574,100,11,2707,192.06,193.06,0,0,2094,679,56,TYPE_A,3.7,Beverages,Italian
1244547,101,11,2707,191.15,191.15,0,0,1215,679,56,TYPE_A,3.7,Beverages,Italian
1485174,102,11,2707,194.06,192.06,0,0,1161,679,56,TYPE_A,3.7,Beverages,Italian
1027584,103,11,2707,190.12,191.12,0,0,1081,679,56,TYPE_A,3.7,Beverages,Italian
1455559,104,11,2707,192.12,191.12,0,0,1242,679,56,TYPE_A,3.7,Beverages,Italian
1198008,105,11,2707,194.06,193.06,0,0,1499,679,56,TYPE_A,3.7,Beverages,Italian
1276720,106,11,2707,192.09,191.09,0,0,1525,679,56,TYPE_A,3.7,Beverages,Italian
1291820,107,11,2707,194.06,193.06,0,0,1486,679,56,TYPE_A,3.7,Beverages,Italian
1409561,108,11,2707,191.12,192.12,0,0,1538,679,56,TYPE_A,3.7,Beverages,Italian
1341009,109,11,2707,236.71,236.71,0,0,1297,679,56,TYPE_A,3.7,Beverages,Italian
1266388,110,11,2707,233.77,235.77,0,0,985,679,56,TYPE_A,3.7,Beverages,Italian
1154837,111,11,2707,235.71,236.71,0,0,904,679,56,TYPE_A,3.7,Beverages,Italian
1024758,112,11,2707,238.68,238.68,0,0,890,679,56,TYPE_A,3.7,Beverages,Italian
1326831,113,11,2707,238.65,238.65,0,0,1229,679,56,TYPE_A,3.7,Beverages,Italian
1166791,114,11,2707,238.68,237.68,0,0,1041,679,56,TYPE_A,3.7,Beverages,Italian
1045949,115,11,2707,237.68,236.68,0,0,1093,679,56,TYPE_A,3.7,Beverages,Italian
