Data set/Center wise/Center_11_Rank7.csv
id,week,center_id,meal_id,checkout_price,base_price,emailer_for_promotion,homepage_featured,num_orders,city_code,region_code,center_type,op_area,category,cuisine
1277077,1,11,1207,315.25,353.08,0,1,446,679,56,TYPE_A,3.7,Beverages,Continental
1106021,2,11,1207,322.04,323.04,0,0,230,679,56,TYPE_A,3.7,Beverages,Continental
1333188,3,11,1207,324.98,323.04,1,0,230,679,56,TYPE_A,3.7,Beverages,Continental
1268751,4,11,1207,318.16,319.16,0,0,149,679,56,TYPE_A,3.7,Beverages,Continental
1403388,5,11,1207,388.97,389.97,0,0,204,679,56,TYPE_A,3.7,Beverages,Continental
1005081,6,11,1207,368.63,368.63,0,0,94,679,56,TYPE_A,3.7,Beverages,Continental
1341929,7,11,1207,356.05,354.05,0,0,177,679,56,TYPE_A,3.7,Beverages,Continental
1091699,8,11,1207,389.0,390.0,0,0,14,679,56,TYPE_A,3.7,Beverages,Continental
1452718,9,11,1207,389.0,390.0,0,0,81,679,56,TYPE_A,3.7,Beverages,Continental
1348636,10,11,1207,380.24,382.24,0,0,135,679,56,TYPE_A,3.7,Beverages,Continental
1439851,11,11,1207,385.12,385.12,0,0,135,679,56,TYPE_A,3.7,Beverages,Continental
1224485,12,11,1207,387.06,386.06,0,0,216,679,56,TYPE_A,3.7,Beverages,Continental
1026009,13,11,1207,400.67,400.67,0,0,161,679,56,TYPE_A,3.7,Beverages,Continental
1182827,14,11,1207,321.13,398.67,1,0,487,679,56,TYPE_A,3.7,Beverages,Continental
1235221,15,11,1207,315.25,398.67,0,0,350,679,56,TYPE_A,3.7,Beverages,Continental
1220128,16,11,1207,322.04,400.67,0,0,231,679,56,TYPE_A,3.7,Beverages,Continental
1295324,17,11,1207,321.1,398.67,1,1,485,679,56,TYPE_A,3.7,Beverages,Continental
1291622,18,11,1207,320.1,398.67,1,0,325,679,56,TYPE_A,3.7,Beverages,Continental
1487731,19,11,1207,379.27,381.27,0,0,203,679,56,TYPE_A,3.7,Beverages,Continental
1452664,20,11,1207,390.0,389.0,0,0,15,679,56,TYPE_A,3.7,Beverages,Continental
1205697,21,11,1207,388.0,388.0,0,0,26,679,56,TYPE_A,3.7,Beverages,Continental
1198853,22,11,1207,384.12,386.12,0,0,148,679,56,TYPE_A,3.7,Beverages,Continental
1323635,23,11,1207,390.0,388.0,0,0,285,679,56,TYPE_A,3.7,Beverages,Continental
1243288,24,11,1207,389.0,389.0,0,0,285,679,56,TYPE_A,3.7,Beverages,Continental
1494037,25,11,1207,390.0,389.0,0,0,107,679,56,TYPE_A,3.7,Beverages,Continental
1101492,26,11,1207,381.21,383.21,0,0,163,679,56,TYPE_A,3.7,Beverages,Continental
1257486,27,11,1207,399.64,400.64,0,0,150,679,56,TYPE_A,3.7,Beverages,Continental
1368425,28,11,1207,389.0,389.0,0,0,107,679,56,TYPE_A,3.7,Beverages,Continental
1233027,29,11,1207,388.0,390.0,0,0,189,679,56,TYPE_A,3.7,Beverages,Continental
1247173,30,11,1207,389.0,389.0,0,0,149,679,56,TYPE_A,3.7,Beverages,Continental
1413800,31,11,1207,374.42,375.42,0,0,136,679,56,TYPE_A,3.7,Beverages,Continental
1200317,32,11,1207,378.33,378.33,0,0,96,679,56,TYPE_A,3.7,Beverages,Continental
1041531,33,11,1207,324.95,377.33,1,1,312,679,56,TYPE_A,3.7,Beverages,Continental
1469368,34,11,1207,342.44,379.33,0,1,337,679,56,TYPE_A,3.7,Beverages,Continental
1129102,35,11,1207,465.63,377.33,0,1,134,679,56,TYPE_A,3.7,Beverages,Continental
1118633,36,11,1207,466.6,379.33,0,1,216,679,56,TYPE_A,3.7,Beverages,Continental
1018047,37,11,1207,474.33,475.33,0,0,55,679,56,TYPE_A,3.7,Beverages,Continental
1245759,38,11,1207,330.83,475.33,0,0,53,679,56,TYPE_A,3.7,Beverages,Continental
1153189,40,11,1207,474.33,475.33,0,0,13,679,56,TYPE_A,3.7,Beverages,Continental
1039225,41,11,1207,474.33,476.33,0,0,107,679,56,TYPE_A,3.7,Beverages,Continental
1089108,42,11,1207,460.81,458.81,0,0,80,679,56,TYPE_A,3.7,Beverages,Continental
1276240,43,11,1207,474.33,476.33,0,0,107,679,56,TYPE_A,3.7,Beverages,Continental
1325544,44,11,1207,474.33,476.33,0,0,53,679,56,TYPE_A,3.7,Beverages,Continental
1409708,45,11,1207,451.08,450.08,0,0,80,679,56,TYPE_A,3.7,Beverages,Continental
1250376,46,11,1207,459.81,460.81,0,0,40,679,56,TYPE_A,3.7,Beverages,Continental
1220563,47,11,1207,453.05,453.05,0,0,81,679,56,TYPE_A,3.7,Beverages,Continental
1340634,48,11,1207,474.36,475.36,0,0,107,679,56,TYPE_A,3.7,Beverages,Continental
1499796,49,11,1207,288.09,475.36,1,0,568,679,56,TYPE_A,3.7,Beverages,Continental
1403004,50,11,1207,289.12,475.36,0,0,636,679,56,TYPE_A,3.7,Beverages,Continental
1151290,51,11,1207,287.15,474.36,1,1,607,679,56,TYPE_A,3.7,Beverages,Continental
1477323,52,11,1207,289.12,475.36,1,0,877,679,56,TYPE_A,3.7,Beverages,Continental
1482123,53,11,1207,285.21,475.36,0,0,890,679,56,TYPE_A,3.7,Beverages,Continental
1212002,54,11,1207,292.94,473.36,0,0,472,679,56,TYPE_A,3.7,Beverages,Continental
1237668,55,11,1207,474.33,474.33,0,0,28,679,56,TYPE_A,3.7,Beverages,Continental
1111635,56,11,1207,476.33,475.33,0,0,69,679,56,TYPE_A,3.7,Beverages,Continental
1491119,57,11,1207,462.75,461.75,0,0,163,679,56,TYPE_A,3.7,Beverages,Continental
1484333,58,11,1207,459.81,460.81,0,0,230,679,56,TYPE_A,3.7,Beverages,Continental
1262662,59,11,1207,462.72,463.72,0,0,188,679,56,TYPE_A,3.7,Beverages,Continental
1155622,60,11,1207,442.38,441.38,0,0,81,679,56,TYPE_A,3.7,Beverages,Continental
1046043,61,11,1207,422.92,424.92,0,0,95,679,56,TYPE_A,3.7,Beverages,Continental
1035451,62,11,1207,447.2,448.2,0,0,26,679,56,TYPE_A,3.7,Beverages,Continental
1387334,65,11,1207,365.75,466.63,0,1,271,679,56,TYPE_A,3.7,Beverages,Continental
1475618,66,11,1207,357.02,465.63,0,1,41,679,56,TYPE_A,3.7,Beverages,Continental
1433402,67,11,1207,356.99,464.63,0,0,366,679,56,TYPE_A,3.7,Beverages,Continental
1058542,68,11,1207,440.38,440.38,0,0,134,679,56,TYPE_A,3.7,Beverages,Continental
1239737,69,11,1207,464.63,464.63,0,0,135,679,56,TYPE_A,3.7,Beverages,Continental
1471094,70,11,1207,422.92,422.92,0,0,189,679,56,TYPE_A,3.7,Beverages,Continental
1366336,71,11,1207,439.44,439.44,0,0,148,679,56,TYPE_A,3.7,Beverages,Continental
1215105,72,11,1207,465.63,465.63,0,0,122,679,56,TYPE_A,3.7,Beverages,Continental
1376285,73,11,1207,436.5,437.5,0,0,55,679,56,TYPE_A,3.7,Beverages,Continental
1318194,74,11,1207,464.63,466.63,0,0,134,679,56,TYPE_A,3.7,Beverages,Continental
1471704,75,11,1207,453.99,454.99,0,0,40,679,56,TYPE_A,3.7,Beverages,Continental
1498911,76,11,1207,446.26,445.26,0,0,94,679,56,TYPE_A,3.7,Beverages,Continental
1169296,77,11,1207,464.63,466.63,0,0,122,679,56,TYPE_A,3.7,Beverages,Continental
1389719,78,11,1207,447.23,447.23,0,0,68,679,56,TYPE_A,3.7,Beverages,Continental
1325723,79,11,1207,451.11,451.11,0,0,107,679,56,TYPE_A,3.7,Beverages,Continental
1043141,80,11,1207,370.6,451.11,0,0,68,679,56,TYPE_A,3.7,Beverages,Continental
1489721,81,11,1207,388.0,449.11,0,0,68,679,56,TYPE_A,3.7,Beverages,Continental
1388174,82,11,1207,380.27,449.11,0,0,177,679,56,TYPE_A,3.7,Beverages,Continental
1175547,83,11,1207,383.15,449.11,0,0,203,679,56,TYPE_A,3.7,Beverages,Continental
1002623,84,11,1207,379.3,449.11,0,0,80,679,56,TYPE_A,3.7,Beverages,Continental
1168985,85,11,1207,385.15,450.11,0,0,162,679,56,TYPE_A,3.7,Beverages,Continental
1019427,86,11,1207,378.3,380.3,0,0,161,679,56,TYPE_A,3.7,Beverages,Continental
1130994,87,11,1207,373.45,375.45,0,0,163,679,56,TYPE_A,3.7,Beverages,Continental
1321502,88,11,1207,388.0,389.0,0,0,215,679,56,TYPE_A,3.7,Beverages,Continental
1499475,89,11,1207,389.0,389.0,0,0,95,679,56,TYPE_A,3.7,Beverages,Continental
1466734,90,11,1207,367.66,367.66,0,0,94,679,56,TYPE_A,3.7,Beverages,Continental
1000341,91,11,1207,320.1,368.66,0,0,123,679,56,TYPE_A,3.7,Beverages,Continental
1078196,92,11,1207,306.52,366.66,0,0,230,679,56,TYPE_A,3.7,Beverages,Continental
1130362,93,11,1207,308.46,368.66,0,0,202,679,56,TYPE_A,3.7,Beverages,Continental
1325566,94,11,1207,314.34,367.66,0,0,215,679,56,TYPE_A,3.7,Beverages,Continental
1358982,95,11,1207,319.16,367.66,0,0,149,679,56,TYPE_A,3.7,Beverages,Continental
1085217,96,11,1207,319.16,368.66,0,0,148,679,56,TYPE_A,3.7,Beverages,Continental
1364085,97,11,1207,319.13,320.13,0,0,338,679,56,TYPE_A,3.7,Beverages,Continental
1492036,98,11,1207,323.07,321.07,0,0,175,679,56,TYPE_A,3.7,Beverages,Continental
1313924,99,11,1207,318.19,317.19,0,0,243,679,56,TYPE_A,3.7,Beverages,Continental
1460661,100,11,1207,321.1,321.1,0,0,204,679,56,TYPE_A,3.7,Beverages,Continental
1414538,101,11,1207,312.34,322.1,1,0,150,679,56,TYPE_A,3.7,Beverages,Continental
1360552,102,11,1207,321.13,320.1,0,1,377,679,56,TYPE_A,3.7,Beverages,Continental
1372470,103,11,1207,323.98,324.98,0,0,217,679,56,TYPE_A,3.7,Beverages,Continental
1295615,104,11,1207,322.07,325.98,0,1,161,679,56,TYPE_A,3.7,Beverages,Continental
1167087,105,11,1207,324.98,323.98,0,1,324,679,56,TYPE_A,3.7,Beverages,Continental
1020297,106,11,1207,514.13,514.13,0,0,69,679,56,TYPE_A,3.7,Beverages,Continental
1062542,107,11,1207,489.88,490.88,0,0,13,679,56,TYPE_A,3.7,Beverages,Continental
1467616,108,11,1207,513.13,515.13,0,0,54,679,56,TYPE_A,3.7,Beverages,Continental
1038544,109,11,1207,498.64,496.64,0,0,41,679,56,TYPE_A,3.7,Beverages,Continental
1430331,110,11,1207,317.19,498.64,0,1,420,679,56,TYPE_A,3.7,Beverages,Continental
1291988,111,11,1207,321.07,497.64,1,1,323,679,56,TYPE_A,3.7,Beverages,Continental
1002999,112,11,1207,324.04,497.64,0,1,271,679,56,TYPE_A,3.7,Beverages,Continental
1317800,113,11,1207,346.29,496.64,0,0,190,679,56,TYPE_A,3.7,Beverages,Continental
1486145,114,11,1207,353.08,497.64,0,0,134,679,56,TYPE_A,3.7,Beverages,Continental
1049391,115,11,1207,336.59,497.64,0,0,162,679,56,TYPE_A,3.7,Beverages,Continental
