Data set/Center wise/Center_11_Rank7.csv
id,week,center_id,meal_id,checkout_price,base_price,emailer_for_promotion,homepage_featured,num_orders,city_code,region_code,center_type,op_area,category,cuisine
1039023,1,11,1230,325.98,380.3,0,0,391,679,56,TYPE_A,3.7,Beverages,Continental
1122744,2,11,1230,320.1,378.3,0,1,528,679,56,TYPE_A,3.7,Beverages,Continental
1012519,3,11,1230,322.1,378.3,1,1,350,679,56,TYPE_A,3.7,Beverages,Continental
1355700,4,11,1230,321.1,379.3,0,0,487,679,56,TYPE_A,3.7,Beverages,Continental
1471905,5,11,1230,390.0,380.3,0,1,149,679,56,TYPE_A,3.7,Beverages,Continental
1211205,6,11,1230,374.42,376.42,0,0,217,679,56,TYPE_A,3.7,Beverages,Continental
1340545,7,11,1230,381.21,383.21,0,0,148,679,56,TYPE_A,3.7,Beverages,Continental
1066532,8,11,1230,377.39,377.39,0,0,42,679,56,TYPE_A,3.7,Beverages,Continental
1376093,9,11,1230,320.1,375.39,0,0,82,679,56,TYPE_A,3.7,Beverages,Continental
1284041,10,11,1230,382.21,382.21,0,0,161,679,56,TYPE_A,3.7,Beverages,Continental
1369357,11,11,1230,397.73,398.73,0,0,136,679,56,TYPE_A,3.7,Beverages,Continental
1027854,12,11,1230,384.12,386.12,0,0,122,679,56,TYPE_A,3.7,Beverages,Continental
1164635,13,11,1230,389.0,390.0,0,0,215,679,56,TYPE_A,3.7,Beverages,Continental
1342945,14,11,1230,301.7,389.0,1,0,230,679,56,TYPE_A,3.7,Beverages,Continental
1070098,15,11,1230,319.19,390.0,0,0,270,679,56,TYPE_A,3.7,Beverages,Continental
1132734,16,11,1230,323.98,388.0,0,0,230,679,56,TYPE_A,3.7,Beverages,Continental
1003419,17,11,1230,324.98,389.0,1,1,568,679,56,TYPE_A,3.7,Beverages,Continental
1163065,18,11,1230,320.1,389.0,1,1,244,679,56,TYPE_A,3.7,Beverages,Continental
1352654,19,11,1230,363.75,363.75,0,0,217,679,56,TYPE_A,3.7,Beverages,Continental
1488164,20,11,1230,393.82,395.82,0,0,109,679,56,TYPE_A,3.7,Beverages,Continental
1005177,21,11,1230,389.0,390.0,0,0,80,679,56,TYPE_A,3.7,Beverages,Continental
1216209,22,11,1230,397.7,399.7,0,0,175,679,56,TYPE_A,3.7,Beverages,Continental
1192080,23,11,1230,388.0,389.0,0,0,135,679,56,TYPE_A,3.7,Beverages,Continental
1461761,24,11,1230,384.12,386.12,0,0,244,679,56,TYPE_A,3.7,Beverages,Continental
1010930,25,11,1230,395.76,396.76,0,0,148,679,56,TYPE_A,3.7,Beverages,Continental
1463315,26,11,1230,386.06,387.06,0,0,243,679,56,TYPE_A,3.7,Beverages,Continental
1080068,27,11,1230,386.09,385.09,0,0,190,679,56,TYPE_A,3.7,Beverages,Continental
1332432,28,11,1230,385.09,387.09,0,0,189,679,56,TYPE_A,3.7,Beverages,Continental
1131280,29,11,1230,381.24,380.24,0,0,134,679,56,TYPE_A,3.7,Beverages,Continental
1309469,30,11,1230,390.0,388.0,0,0,148,679,56,TYPE_A,3.7,Beverages,Continental
1013211,31,11,1230,381.27,381.27,0,0,244,679,56,TYPE_A,3.7,Beverages,Continental
1316604,32,11,1230,380.27,381.27,0,0,176,679,56,TYPE_A,3.7,Beverages,Continental
1301981,33,11,1230,336.59,381.27,1,1,445,679,56,TYPE_A,3.7,Beverages,Continental
1008877,34,11,1230,344.35,380.27,0,1,377,679,56,TYPE_A,3.7,Beverages,Continental
1143160,35,11,1230,474.33,474.33,0,0,136,679,56,TYPE_A,3.7,Beverages,Continental
1357780,36,11,1230,466.57,466.57,0,0,177,679,56,TYPE_A,3.7,Beverages,Continental
1466794,37,11,1230,462.69,464.69,0,0,54,679,56,TYPE_A,3.7,Beverages,Continental
1438809,38,11,1230,476.33,474.33,0,0,134,679,56,TYPE_A,3.7,Beverages,Continental
1092757,40,11,1230,474.33,475.33,0,0,14,679,56,TYPE_A,3.7,Beverages,Continental
1000980,41,11,1230,466.63,466.63,0,0,150,679,56,TYPE_A,3.7,Beverages,Continental
1060594,42,11,1230,476.33,474.33,0,0,203,679,56,TYPE_A,3.7,Beverages,Continental
1109822,43,11,1230,427.8,475.33,0,0,13,679,56,TYPE_A,3.7,Beverages,Continental
1112608,44,11,1230,464.63,465.63,0,0,28,679,56,TYPE_A,3.7,Beverages,Continental
1201047,45,11,1230,464.69,463.69,0,0,13,679,56,TYPE_A,3.7,Beverages,Continental
1218038,46,11,1230,476.33,476.33,0,0,42,679,56,TYPE_A,3.7,Beverages,Continental
1319520,47,11,1230,470.48,471.48,0,0,122,679,56,TYPE_A,3.7,Beverages,Continental
1246837,48,11,1230,462.69,464.69,0,0,53,679,56,TYPE_A,3.7,Beverages,Continental
1060562,49,11,1230,287.12,462.69,1,1,931,679,56,TYPE_A,3.7,Beverages,Continental
1408814,50,11,1230,291.06,462.69,0,0,797,679,56,TYPE_A,3.7,Beverages,Continental
1036933,51,11,1230,287.18,464.69,1,0,703,679,56,TYPE_A,3.7,Beverages,Continental
1415477,52,11,1230,285.21,463.69,1,0,973,679,56,TYPE_A,3.7,Beverages,Continental
1489686,53,11,1230,289.09,462.69,0,1,715,679,56,TYPE_A,3.7,Beverages,Continental
1220186,54,11,1230,284.27,462.69,0,0,216,679,56,TYPE_A,3.7,Beverages,Continental
1117212,55,11,1230,474.33,474.33,0,0,54,679,56,TYPE_A,3.7,Beverages,Continental
1125918,56,11,1230,463.66,464.66,0,0,121,679,56,TYPE_A,3.7,Beverages,Continental
1445736,57,11,1230,461.78,461.78,0,0,123,679,56,TYPE_A,3.7,Beverages,Continental
1470696,58,11,1230,457.87,458.87,0,0,175,679,56,TYPE_A,3.7,Beverages,Continental
1490910,59,11,1230,465.63,465.63,0,0,96,679,56,TYPE_A,3.7,Beverages,Continental
1484950,60,11,1230,461.75,462.75,0,0,149,679,56,TYPE_A,3.7,Beverages,Continental
1189948,61,11,1230,387.03,462.75,0,0,67,679,56,TYPE_A,3.7,Beverages,Continental
1036125,62,11,1230,456.9,455.9,0,0,55,679,56,TYPE_A,3.7,Beverages,Continental
1117502,63,11,1230,459.81,459.81,0,0,54,679,56,TYPE_A,3.7,Beverages,Continental
1423290,64,11,1230,464.63,464.63,0,0,13,679,56,TYPE_A,3.7,Beverages,Continental
1405454,65,11,1230,362.84,465.63,0,1,350,679,56,TYPE_A,3.7,Beverages,Continental
1227929,66,11,1230,363.78,466.63,0,1,150,679,56,TYPE_A,3.7,Beverages,Continental
1167491,67,11,1230,361.84,465.63,0,1,391,679,56,TYPE_A,3.7,Beverages,Continental
1274685,68,11,1230,428.74,429.74,0,0,188,679,56,TYPE_A,3.7,Beverages,Continental
1212676,69,11,1230,441.38,441.38,0,0,216,679,56,TYPE_A,3.7,Beverages,Continental
1254184,70,11,1230,436.53,435.53,0,0,134,679,56,TYPE_A,3.7,Beverages,Continental
1143878,71,11,1230,430.74,428.74,0,0,108,679,56,TYPE_A,3.7,Beverages,Continental
1381771,72,11,1230,436.5,436.5,0,0,134,679,56,TYPE_A,3.7,Beverages,Continental
1269806,73,11,1230,459.81,459.81,0,0,107,679,56,TYPE_A,3.7,Beverages,Continental
1232926,74,11,1230,465.63,464.63,0,0,162,679,56,TYPE_A,3.7,Beverages,Continental
1406421,75,11,1230,445.26,446.26,0,0,80,679,56,TYPE_A,3.7,Beverages,Continental
1214486,76,11,1230,449.11,451.11,0,0,81,679,56,TYPE_A,3.7,Beverages,Continental
1045307,77,11,1230,462.75,460.75,0,0,161,679,56,TYPE_A,3.7,Beverages,Continental
1430775,78,11,1230,465.63,466.63,0,0,26,679,56,TYPE_A,3.7,Beverages,Continental
1105455,79,11,1230,440.38,441.38,0,0,82,679,56,TYPE_A,3.7,Beverages,Continental
1473132,80,11,1230,397.76,442.38,0,0,243,679,56,TYPE_A,3.7,Beverages,Continental
1038326,81,11,1230,378.33,442.38,0,0,177,679,56,TYPE_A,3.7,Beverages,Continental
1374579,82,11,1230,382.24,440.38,0,0,202,679,56,TYPE_A,3.7,Beverages,Continental
1094804,83,11,1230,378.3,442.38,0,0,163,679,56,TYPE_A,3.7,Beverages,Continental
1428110,84,11,1230,376.36,440.38,0,0,202,679,56,TYPE_A,3.7,Beverages,Continental
1042276,85,11,1230,356.05,441.38,0,0,217,679,56,TYPE_A,3.7,Beverages,Continental
1079734,86,11,1230,369.6,369.6,0,0,161,679,56,TYPE_A,3.7,Beverages,Continental
1369466,87,11,1230,380.3,378.3,0,0,215,679,56,TYPE_A,3.7,Beverages,Continental
1253475,88,11,1230,380.24,381.24,0,0,177,679,56,TYPE_A,3.7,Beverages,Continental
1172747,89,11,1230,378.3,379.3,0,0,134,679,56,TYPE_A,3.7,Beverages,Continental
1183539,90,11,1230,389.0,389.0,0,0,53,679,56,TYPE_A,3.7,Beverages,Continental
1382380,91,11,1230,308.52,389.0,0,0,215,679,56,TYPE_A,3.7,Beverages,Continental
1088910,92,11,1230,321.07,389.0,0,0,175,679,56,TYPE_A,3.7,Beverages,Continental
1006005,93,11,1230,303.64,389.0,0,0,190,679,56,TYPE_A,3.7,Beverages,Continental
1185444,94,11,1230,309.49,390.0,0,0,202,679,56,TYPE_A,3.7,Beverages,Continental
1294037,95,11,1230,323.98,388.0,0,0,163,679,56,TYPE_A,3.7,Beverages,Continental
1419162,96,11,1230,323.07,390.0,0,0,202,679,56,TYPE_A,3.7,Beverages,Continental
1210607,97,11,1230,318.16,318.16,0,0,269,679,56,TYPE_A,3.7,Beverages,Continental
1341191,98,11,1230,315.28,314.28,0,0,284,679,56,TYPE_A,3.7,Beverages,Continental
1060324,99,11,1230,324.98,323.98,0,0,96,679,56,TYPE_A,3.7,Beverages,Continental
1269493,100,11,1230,335.68,333.68,0,0,323,679,56,TYPE_A,3.7,Beverages,Continental
1260817,101,11,1230,315.28,335.68,1,0,270,679,56,TYPE_A,3.7,Beverages,Continental
1443405,102,11,1230,320.1,321.1,0,0,351,679,56,TYPE_A,3.7,Beverages,Continental
1285252,103,11,1230,313.31,320.1,0,1,377,679,56,TYPE_A,3.7,Beverages,Continental
1176921,104,11,1230,324.98,325.98,0,0,68,679,56,TYPE_A,3.7,Beverages,Continental
1176383,105,11,1230,317.25,315.25,0,0,447,679,56,TYPE_A,3.7,Beverages,Continental
1358793,106,11,1230,496.67,496.67,0,0,41,679,56,TYPE_A,3.7,Beverages,Continental
1134420,107,11,1230,463.66,465.66,0,0,13,679,56,TYPE_A,3.7,Beverages,Continental
1213541,108,11,1230,464.66,464.66,0,0,28,679,56,TYPE_A,3.7,Beverages,Continental
1301338,109,11,1230,477.24,478.24,0,0,53,679,56,TYPE_A,3.7,Beverages,Continental
1449116,110,11,1230,323.04,479.24,0,1,541,679,56,TYPE_A,3.7,Beverages,Continental
1150053,111,11,1230,319.19,477.24,1,1,513,679,56,TYPE_A,3.7,Beverages,Continental
1083421,112,11,1230,323.04,479.24,0,1,378,679,56,TYPE_A,3.7,Beverages,Continental
1277487,113,11,1230,337.56,478.24,0,0,149,679,56,TYPE_A,3.7,Beverages,Continental
1489816,114,11,1230,337.56,479.24,0,0,95,679,56,TYPE_A,3.7,Beverages,Continental
1377578,115,11,1230,351.2,477.24,0,0,215,679,56,TYPE_A,3.7,Beverages,Continental
