Data set/Center wise/Center_11_Rank7.csv
id,week,center_id,meal_id,checkout_price,base_price,emailer_for_promotion,homepage_featured,num_orders,city_code,region_code,center_type,op_area,category,cuisine
1483315,1,11,2322,324.04,383.21,0,0,513,679,56,TYPE_A,3.7,Beverages,Continental
1185802,2,11,2322,322.1,382.21,0,0,377,679,56,TYPE_A,3.7,Beverages,Continental
1426536,3,11,2322,325.98,382.21,1,1,472,679,56,TYPE_A,3.7,Beverages,Continental
1433299,4,11,2322,323.01,381.21,0,0,663,679,56,TYPE_A,3.7,Beverages,Continental
1340065,5,11,2322,385.12,381.21,0,1,243,679,56,TYPE_A,3.7,Beverages,Continental
1379301,6,11,2322,376.42,375.42,0,0,216,679,56,TYPE_A,3.7,Beverages,Continental
1323038,7,11,2322,381.27,380.27,0,0,188,679,56,TYPE_A,3.7,Beverages,Continental
1462522,8,11,2322,383.18,384.18,0,0,69,679,56,TYPE_A,3.7,Beverages,Continental
1235869,9,11,2322,393.88,391.88,0,0,161,679,56,TYPE_A,3.7,Beverages,Continental
1049798,10,11,2322,382.18,383.18,0,0,190,679,56,TYPE_A,3.7,Beverages,Continental
1484607,11,11,2322,362.84,362.84,0,0,203,679,56,TYPE_A,3.7,Beverages,Continental
1015381,12,11,2322,382.18,384.18,0,0,270,679,56,TYPE_A,3.7,Beverages,Continental
1059006,13,11,2322,382.18,383.18,0,0,176,679,56,TYPE_A,3.7,Beverages,Continental
1431761,14,11,2322,310.46,382.18,1,0,311,679,56,TYPE_A,3.7,Beverages,Continental
1351374,15,11,2322,319.19,383.18,0,0,392,679,56,TYPE_A,3.7,Beverages,Continental
1224306,16,11,2322,318.16,384.18,0,0,258,679,56,TYPE_A,3.7,Beverages,Continental
1367162,17,11,2322,320.16,383.18,1,1,674,679,56,TYPE_A,3.7,Beverages,Continental
1007127,18,11,2322,323.07,382.18,1,1,377,679,56,TYPE_A,3.7,Beverages,Continental
1279927,19,11,2322,384.18,382.18,0,0,351,679,56,TYPE_A,3.7,Beverages,Continental
1326646,20,11,2322,377.39,376.39,0,0,121,679,56,TYPE_A,3.7,Beverages,Continental
1260395,21,11,2322,375.39,377.39,0,0,123,679,56,TYPE_A,3.7,Beverages,Continental
1484806,22,11,2322,385.15,383.15,0,0,298,679,56,TYPE_A,3.7,Beverages,Continental
1078742,23,11,2322,387.06,386.06,0,0,283,679,56,TYPE_A,3.7,Beverages,Continental
1067270,24,11,2322,386.06,386.06,0,0,352,679,56,TYPE_A,3.7,Beverages,Continental
1093928,25,11,2322,381.27,380.27,0,0,175,679,56,TYPE_A,3.7,Beverages,Continental
1157456,26,11,2322,385.12,385.12,0,0,269,679,56,TYPE_A,3.7,Beverages,Continental
1488945,27,11,2322,396.79,396.79,0,0,257,679,56,TYPE_A,3.7,Beverages,Continental
1203670,28,11,2322,389.0,388.0,0,0,188,679,56,TYPE_A,3.7,Beverages,Continental
1190723,29,11,2322,389.0,388.0,0,0,284,679,56,TYPE_A,3.7,Beverages,Continental
1020865,30,11,2322,391.88,393.88,0,0,312,679,56,TYPE_A,3.7,Beverages,Continental
1070487,31,11,2322,383.15,385.15,0,0,297,679,56,TYPE_A,3.7,Beverages,Continental
1340419,32,11,2322,380.3,380.3,0,0,419,679,56,TYPE_A,3.7,Beverages,Continental
1188646,33,11,2322,332.77,378.3,1,1,540,679,56,TYPE_A,3.7,Beverages,Continental
1300455,34,11,2322,324.01,379.3,0,0,620,679,56,TYPE_A,3.7,Beverages,Continental
1356962,35,11,2322,474.33,474.33,0,0,122,679,56,TYPE_A,3.7,Beverages,Continental
1347716,36,11,2322,471.45,471.45,0,0,150,679,56,TYPE_A,3.7,Beverages,Continental
1143601,37,11,2322,427.83,426.83,0,0,82,679,56,TYPE_A,3.7,Beverages,Continental
1100985,38,11,2322,427.83,426.83,0,0,82,679,56,TYPE_A,3.7,Beverages,Continental
1356791,39,11,2322,459.81,460.81,0,0,13,679,56,TYPE_A,3.7,Beverages,Continental
1319423,40,11,2322,475.33,476.33,0,0,41,679,56,TYPE_A,3.7,Beverages,Continental
1192015,41,11,2322,443.32,443.32,0,0,188,679,56,TYPE_A,3.7,Beverages,Continental
1334301,42,11,2322,447.23,447.23,0,0,203,679,56,TYPE_A,3.7,Beverages,Continental
1312180,43,11,2322,459.81,458.81,0,0,123,679,56,TYPE_A,3.7,Beverages,Continental
1312048,44,11,2322,443.29,443.29,0,0,108,679,56,TYPE_A,3.7,Beverages,Continental
1129700,45,11,2322,457.84,457.84,0,0,80,679,56,TYPE_A,3.7,Beverages,Continental
1185093,46,11,2322,475.33,475.33,0,0,67,679,56,TYPE_A,3.7,Beverages,Continental
1240966,47,11,2322,418.07,475.33,0,0,81,679,56,TYPE_A,3.7,Beverages,Continental
1048521,48,11,2322,463.66,464.66,0,0,297,679,56,TYPE_A,3.7,Beverages,Continental
1404748,49,11,2322,286.15,465.66,1,1,1363,679,56,TYPE_A,3.7,Beverages,Continental
1462069,50,11,2322,283.24,464.66,0,1,1309,679,56,TYPE_A,3.7,Beverages,Continental
1281546,51,11,2322,291.97,464.66,1,1,931,679,56,TYPE_A,3.7,Beverages,Continental
1140515,52,11,2322,289.09,464.66,1,1,1349,679,56,TYPE_A,3.7,Beverages,Continental
1171187,53,11,2322,286.15,465.66,0,1,1620,679,56,TYPE_A,3.7,Beverages,Continental
1232660,54,11,2322,285.21,465.66,0,1,1026,679,56,TYPE_A,3.7,Beverages,Continental
1296539,55,11,2322,476.33,474.33,0,0,81,679,56,TYPE_A,3.7,Beverages,Continental
1435155,56,11,2322,465.6,467.6,0,0,229,679,56,TYPE_A,3.7,Beverages,Continental
1125184,57,11,2322,452.08,452.08,0,0,270,679,56,TYPE_A,3.7,Beverages,Continental
1475851,58,11,2322,440.38,440.38,0,0,161,679,56,TYPE_A,3.7,Beverages,Continental
1445514,59,11,2322,447.17,447.17,0,0,175,679,56,TYPE_A,3.7,Beverages,Continental
1059729,60,11,2322,457.84,457.84,0,0,177,679,56,TYPE_A,3.7,Beverages,Continental
1181957,61,11,2322,400.67,459.84,0,0,109,679,56,TYPE_A,3.7,Beverages,Continental
1194707,62,11,2322,446.26,446.26,0,0,41,679,56,TYPE_A,3.7,Beverages,Continental
1316910,63,11,2322,399.64,401.64,0,0,54,679,56,TYPE_A,3.7,Beverages,Continental
1458877,64,11,2322,393.85,393.85,0,0,26,679,56,TYPE_A,3.7,Beverages,Continental
1069188,65,11,2322,364.78,392.85,0,1,782,679,56,TYPE_A,3.7,Beverages,Continental
1226588,66,11,2322,354.05,394.85,0,1,149,679,56,TYPE_A,3.7,Beverages,Continental
1065371,67,11,2322,360.9,393.85,0,1,636,679,56,TYPE_A,3.7,Beverages,Continental
1387152,68,11,2322,445.23,445.23,0,0,297,679,56,TYPE_A,3.7,Beverages,Continental
1188893,69,11,2322,461.72,462.72,0,0,215,679,56,TYPE_A,3.7,Beverages,Continental
1208401,70,11,2322,457.9,455.9,0,0,284,679,56,TYPE_A,3.7,Beverages,Continental
1052316,71,11,2322,436.5,436.5,0,0,161,679,56,TYPE_A,3.7,Beverages,Continental
1013416,72,11,2322,456.87,456.87,0,0,243,679,56,TYPE_A,3.7,Beverages,Continental
1303017,73,11,2322,454.96,453.96,0,0,176,679,56,TYPE_A,3.7,Beverages,Continental
1219256,74,11,2322,443.29,443.29,0,0,242,679,56,TYPE_A,3.7,Beverages,Continental
1268099,75,11,2322,460.81,458.81,0,0,229,679,56,TYPE_A,3.7,Beverages,Continental
1401644,76,11,2322,449.17,448.17,0,0,148,679,56,TYPE_A,3.7,Beverages,Continental
1184151,77,11,2322,466.63,465.63,0,0,94,679,56,TYPE_A,3.7,Beverages,Continental
1121692,78,11,2322,449.17,448.17,0,0,107,679,56,TYPE_A,3.7,Beverages,Continental
1135325,79,11,2322,448.2,447.2,0,0,176,679,56,TYPE_A,3.7,Beverages,Continental
1062161,80,11,2322,393.82,448.2,0,0,269,679,56,TYPE_A,3.7,Beverages,Continental
1409150,81,11,2322,381.24,446.2,0,0,161,679,56,TYPE_A,3.7,Beverages,Continental
1452215,82,11,2322,385.15,446.2,0,0,229,679,56,TYPE_A,3.7,Beverages,Continental
1187975,83,11,2322,367.69,448.2,0,0,175,679,56,TYPE_A,3.7,Beverages,Continental
1167866,84,11,2322,374.45,447.2,0,0,298,679,56,TYPE_A,3.7,Beverages,Continental
1032960,85,11,2322,368.66,448.2,0,0,269,679,56,TYPE_A,3.7,Beverages,Continental
1288966,86,11,2322,347.29,347.29,0,0,256,679,56,TYPE_A,3.7,Beverages,Continental
1202629,87,11,2322,376.42,376.42,0,0,297,679,56,TYPE_A,3.7,Beverages,Continental
1433714,88,11,2322,367.69,367.69,0,0,283,679,56,TYPE_A,3.7,Beverages,Continental
1408856,89,11,2322,366.69,367.69,0,0,161,679,56,TYPE_A,3.7,Beverages,Continental
1218353,90,11,2322,355.02,357.02,0,0,54,679,56,TYPE_A,3.7,Beverages,Continental
1014701,91,11,2322,310.4,356.02,0,0,365,679,56,TYPE_A,3.7,Beverages,Continental
1459722,92,11,2322,302.7,356.02,0,0,377,679,56,TYPE_A,3.7,Beverages,Continental
1204775,93,11,2322,312.34,355.02,0,0,366,679,56,TYPE_A,3.7,Beverages,Continental
1118885,94,11,2322,309.43,356.02,0,0,256,679,56,TYPE_A,3.7,Beverages,Continental
1075557,95,11,2322,311.4,356.02,0,0,230,679,56,TYPE_A,3.7,Beverages,Continental
1037039,96,11,2322,318.22,357.02,0,0,377,679,56,TYPE_A,3.7,Beverages,Continental
1460124,97,11,2322,321.1,322.1,0,0,323,679,56,TYPE_A,3.7,Beverages,Continental
1254295,98,11,2322,305.58,305.58,0,0,379,679,56,TYPE_A,3.7,Beverages,Continental
1413397,99,11,2322,312.37,312.37,0,0,231,679,56,TYPE_A,3.7,Beverages,Continental
1367422,100,11,2322,323.98,324.98,0,0,269,679,56,TYPE_A,3.7,Beverages,Continental
1271796,101,11,2322,319.19,325.98,1,0,324,679,56,TYPE_A,3.7,Beverages,Continental
1177743,102,11,2322,320.16,318.16,0,0,676,679,56,TYPE_A,3.7,Beverages,Continental
1441227,103,11,2322,319.19,317.19,0,0,486,679,56,TYPE_A,3.7,Beverages,Continental
1288308,104,11,2322,321.07,319.19,0,1,270,679,56,TYPE_A,3.7,Beverages,Continental
1403362,105,11,2322,321.13,317.19,0,1,744,679,56,TYPE_A,3.7,Beverages,Continental
1190392,106,11,2322,495.73,495.73,0,0,109,679,56,TYPE_A,3.7,Beverages,Continental
1014931,107,11,2322,494.7,496.7,0,0,42,679,56,TYPE_A,3.7,Beverages,Continental
1239809,108,11,2322,515.13,514.13,0,0,26,679,56,TYPE_A,3.7,Beverages,Continental
1061718,109,11,2322,502.49,503.49,0,0,55,679,56,TYPE_A,3.7,Beverages,Continental
1233407,110,11,2322,315.28,503.49,0,1,674,679,56,TYPE_A,3.7,Beverages,Continental
1454361,111,11,2322,314.31,501.49,1,1,648,679,56,TYPE_A,3.7,Beverages,Continental
1387403,112,11,2322,316.25,501.49,0,1,703,679,56,TYPE_A,3.7,Beverages,Continental
1441004,113,11,2322,345.38,502.49,0,0,244,679,56,TYPE_A,3.7,Beverages,Continental
1359936,114,11,2322,348.23,501.49,0,0,230,679,56,TYPE_A,3.7,Beverages,Continental
1195342,115,11,2322,366.66,501.49,0,0,161,679,56,TYPE_A,3.7,Beverages,Continental
