Data set/Center wise/Center_11_Rank7.csv
id,week,center_id,meal_id,checkout_price,base_price,emailer_for_promotion,homepage_featured,num_orders,city_code,region_code,center_type,op_area,category,cuisine
1474933,1,11,2290,292.97,293.97,0,0,703,679,56,TYPE_A,3.7,Rice Bowl,Indian
1029804,2,11,2290,311.43,309.43,0,0,838,679,56,TYPE_A,3.7,Rice Bowl,Indian
1148499,3,11,2290,309.43,310.43,0,0,823,679,56,TYPE_A,3.7,Rice Bowl,Indian
1293043,4,11,2290,310.43,311.43,0,0,688,679,56,TYPE_A,3.7,Rice Bowl,Indian
1400581,5,11,2290,160.05,309.43,1,1,11260,679,56,TYPE_A,3.7,Rice Bowl,Indian
1142155,6,11,2290,162.02,311.43,0,1,6643,679,56,TYPE_A,3.7,Rice Bowl,Indian
1191419,7,11,2290,159.08,310.43,1,1,8518,679,56,TYPE_A,3.7,Rice Bowl,Indian
1098928,8,11,2290,161.05,309.43,0,1,1107,679,56,TYPE_A,3.7,Rice Bowl,Indian
1140638,9,11,2290,279.36,280.36,0,0,959,679,56,TYPE_A,3.7,Rice Bowl,Indian
1339732,10,11,2290,266.78,267.78,0,0,1107,679,56,TYPE_A,3.7,Rice Bowl,Indian
1020735,11,11,2290,296.82,297.82,0,0,986,679,56,TYPE_A,3.7,Rice Bowl,Indian
1083779,12,11,2290,288.12,288.12,0,0,917,679,56,TYPE_A,3.7,Rice Bowl,Indian
1433414,13,11,2290,300.7,300.7,0,0,958,679,56,TYPE_A,3.7,Rice Bowl,Indian
1495532,14,11,2290,289.09,290.09,0,0,973,679,56,TYPE_A,3.7,Rice Bowl,Indian
1279731,15,11,2290,284.27,283.27,0,0,769,679,56,TYPE_A,3.7,Rice Bowl,Indian
1036914,16,11,2290,310.43,311.43,0,0,810,679,56,TYPE_A,3.7,Rice Bowl,Indian
1002312,17,11,2290,196.97,311.43,1,1,3606,679,56,TYPE_A,3.7,Rice Bowl,Indian
1077776,18,11,2290,295.85,295.85,0,0,879,679,56,TYPE_A,3.7,Rice Bowl,Indian
1294739,19,11,2290,282.33,280.33,0,0,1149,679,56,TYPE_A,3.7,Rice Bowl,Indian
1374749,20,11,2290,280.33,281.33,0,0,717,679,56,TYPE_A,3.7,Rice Bowl,Indian
1182151,21,11,2290,285.21,285.21,0,0,1161,679,56,TYPE_A,3.7,Rice Bowl,Indian
1257576,22,11,2290,294.91,295.91,0,0,825,679,56,TYPE_A,3.7,Rice Bowl,Indian
1293272,23,11,2290,285.21,286.21,0,0,1149,679,56,TYPE_A,3.7,Rice Bowl,Indian
1143145,24,11,2290,294.91,295.91,0,0,918,679,56,TYPE_A,3.7,Rice Bowl,Indian
1383804,25,11,2290,298.76,298.76,0,0,809,679,56,TYPE_A,3.7,Rice Bowl,Indian
1081754,26,11,2290,295.88,295.88,0,0,998,679,56,TYPE_A,3.7,Rice Bowl,Indian
1099006,27,11,2290,301.67,303.67,0,0,635,679,56,TYPE_A,3.7,Rice Bowl,Indian
1488428,28,11,2290,299.73,301.73,0,0,431,679,56,TYPE_A,3.7,Rice Bowl,Indian
1321239,29,11,2290,310.43,310.43,0,0,675,679,56,TYPE_A,3.7,Rice Bowl,Indian
1383611,30,11,2290,310.43,309.43,0,0,690,679,56,TYPE_A,3.7,Rice Bowl,Indian
1245538,31,11,2290,298.79,297.79,0,0,998,679,56,TYPE_A,3.7,Rice Bowl,Indian
1040653,32,11,2290,246.38,297.79,0,0,945,679,56,TYPE_A,3.7,Rice Bowl,Indian
1114505,33,11,2290,292.03,290.03,0,0,890,679,56,TYPE_A,3.7,Rice Bowl,Indian
1124331,34,11,2290,274.54,273.54,0,0,824,679,56,TYPE_A,3.7,Rice Bowl,Indian
1239562,35,11,2290,285.18,285.18,0,0,891,679,56,TYPE_A,3.7,Rice Bowl,Indian
1087662,36,11,2290,284.27,284.27,0,0,945,679,56,TYPE_A,3.7,Rice Bowl,Indian
1366697,37,11,2290,307.52,306.52,0,0,987,679,56,TYPE_A,3.7,Rice Bowl,Indian
1221357,38,11,2290,170.72,307.52,1,1,6358,679,56,TYPE_A,3.7,Rice Bowl,Indian
1018076,39,11,2290,304.64,302.64,0,0,797,679,56,TYPE_A,3.7,Rice Bowl,Indian
1326598,40,11,2290,314.34,312.34,0,0,661,679,56,TYPE_A,3.7,Rice Bowl,Indian
1042485,41,11,2290,304.64,304.64,0,0,514,679,56,TYPE_A,3.7,Rice Bowl,Indian
1134531,42,11,2290,321.13,321.13,0,0,647,679,56,TYPE_A,3.7,Rice Bowl,Indian
1472333,43,11,2290,321.13,320.13,0,0,811,679,56,TYPE_A,3.7,Rice Bowl,Indian
1306151,44,11,2290,298.82,297.82,0,0,959,679,56,TYPE_A,3.7,Rice Bowl,Indian
1125493,45,11,2290,237.68,296.82,1,1,4036,679,56,TYPE_A,3.7,Rice Bowl,Indian
1318210,46,11,2290,257.08,298.82,0,0,919,679,56,TYPE_A,3.7,Rice Bowl,Indian
1067905,47,11,2290,275.54,275.54,0,0,663,679,56,TYPE_A,3.7,Rice Bowl,Indian
1182675,48,11,2290,268.69,269.69,0,0,933,679,56,TYPE_A,3.7,Rice Bowl,Indian
1026426,49,11,2290,279.42,279.42,0,0,958,679,56,TYPE_A,3.7,Rice Bowl,Indian
1259686,50,11,2290,280.33,280.33,0,0,797,679,56,TYPE_A,3.7,Rice Bowl,Indian
1092810,51,11,2290,284.21,286.21,0,0,674,679,56,TYPE_A,3.7,Rice Bowl,Indian
1401818,52,11,2290,282.27,283.27,0,0,1053,679,56,TYPE_A,3.7,Rice Bowl,Indian
1173562,53,11,2290,279.39,279.39,0,0,973,679,56,TYPE_A,3.7,Rice Bowl,Indian
1445406,54,11,2290,281.33,280.33,0,0,931,679,56,TYPE_A,3.7,Rice Bowl,Indian
1306223,55,11,2290,290.03,292.03,0,0,999,679,56,TYPE_A,3.7,Rice Bowl,Indian
1118622,56,11,2290,291.03,290.03,0,0,919,679,56,TYPE_A,3.7,Rice Bowl,Indian
1098240,57,11,2290,265.84,264.84,0,0,1216,679,56,TYPE_A,3.7,Rice Bowl,Indian
1241008,58,11,2290,239.65,265.84,0,0,1336,679,56,TYPE_A,3.7,Rice Bowl,Indian
1447092,59,11,2290,271.66,270.66,0,0,1134,679,56,TYPE_A,3.7,Rice Bowl,Indian
1472430,60,11,2290,267.75,268.75,0,0,662,679,56,TYPE_A,3.7,Rice Bowl,Indian
1023895,61,11,2290,277.48,275.48,0,0,527,679,56,TYPE_A,3.7,Rice Bowl,Indian
1097303,62,11,2290,277.48,276.48,0,0,189,679,56,TYPE_A,3.7,Rice Bowl,Indian
1445652,63,11,2290,275.54,275.54,0,0,541,679,56,TYPE_A,3.7,Rice Bowl,Indian
1006896,64,11,2290,272.63,271.63,0,0,459,679,56,TYPE_A,3.7,Rice Bowl,Indian
1073868,65,11,2290,263.87,264.87,0,0,865,679,56,TYPE_A,3.7,Rice Bowl,Indian
1368465,66,11,2290,264.84,265.84,0,0,892,679,56,TYPE_A,3.7,Rice Bowl,Indian
1384669,67,11,2290,277.48,275.48,0,0,1041,679,56,TYPE_A,3.7,Rice Bowl,Indian
1397140,68,11,2290,284.21,284.21,0,0,1390,679,56,TYPE_A,3.7,Rice Bowl,Indian
1083045,69,11,2290,262.87,263.87,0,0,864,679,56,TYPE_A,3.7,Rice Bowl,Indian
1154341,70,11,2290,268.72,268.72,0,0,1432,679,56,TYPE_A,3.7,Rice Bowl,Indian
1438691,71,11,2290,268.69,269.69,0,0,1459,679,56,TYPE_A,3.7,Rice Bowl,Indian
1343320,72,11,2290,247.35,248.35,0,0,1297,679,56,TYPE_A,3.7,Rice Bowl,Indian
1108183,73,11,2290,283.27,284.27,0,0,662,679,56,TYPE_A,3.7,Rice Bowl,Indian
1485034,74,11,2290,295.88,294.88,0,0,662,679,56,TYPE_A,3.7,Rice Bowl,Indian
1094733,75,11,2290,289.06,289.06,0,0,1349,679,56,TYPE_A,3.7,Rice Bowl,Indian
1269086,76,11,2290,303.64,303.64,0,0,890,679,56,TYPE_A,3.7,Rice Bowl,Indian
1102859,77,11,2290,297.85,296.85,0,0,1040,679,56,TYPE_A,3.7,Rice Bowl,Indian
1245146,78,11,2290,305.61,305.61,0,0,1012,679,56,TYPE_A,3.7,Rice Bowl,Indian
1416537,79,11,2290,303.61,304.61,0,0,1053,679,56,TYPE_A,3.7,Rice Bowl,Indian
1232329,80,11,2290,302.64,302.64,0,0,906,679,56,TYPE_A,3.7,Rice Bowl,Indian
1151430,81,11,2290,309.49,307.49,0,0,972,679,56,TYPE_A,3.7,Rice Bowl,Indian
1259848,82,11,2290,309.49,307.49,0,0,1052,679,56,TYPE_A,3.7,Rice Bowl,Indian
1203515,83,11,2290,291.97,292.97,0,0,1500,679,56,TYPE_A,3.7,Rice Bowl,Indian
1042254,84,11,2290,272.63,272.63,0,0,1134,679,56,TYPE_A,3.7,Rice Bowl,Indian
1268857,85,11,2290,203.73,270.63,0,0,1255,679,56,TYPE_A,3.7,Rice Bowl,Indian
1365012,86,11,2290,188.18,272.63,0,0,2107,679,56,TYPE_A,3.7,Rice Bowl,Indian
1237151,87,11,2290,299.79,297.79,0,0,932,679,56,TYPE_A,3.7,Rice Bowl,Indian
1356508,88,11,2290,293.0,291.0,0,0,1000,679,56,TYPE_A,3.7,Rice Bowl,Indian
1349266,89,11,2290,297.85,295.85,0,0,1187,679,56,TYPE_A,3.7,Rice Bowl,Indian
1041181,90,11,2290,192.09,295.85,1,1,4589,679,56,TYPE_A,3.7,Rice Bowl,Indian
1167162,91,11,2290,293.91,293.91,0,0,973,679,56,TYPE_A,3.7,Rice Bowl,Indian
1416127,92,11,2290,304.64,295.91,0,1,1824,679,56,TYPE_A,3.7,Rice Bowl,Indian
1377857,93,11,2290,297.82,298.82,0,0,1457,679,56,TYPE_A,3.7,Rice Bowl,Indian
1490553,94,11,2290,244.5,297.82,0,1,2213,679,56,TYPE_A,3.7,Rice Bowl,Indian
1491529,95,11,2290,242.53,296.82,0,0,1878,679,56,TYPE_A,3.7,Rice Bowl,Indian
1108457,96,11,2290,296.82,297.82,0,0,1376,679,56,TYPE_A,3.7,Rice Bowl,Indian
1446383,97,11,2290,267.78,298.82,0,0,568,679,56,TYPE_A,3.7,Rice Bowl,Indian
1471691,98,11,2290,264.84,298.82,0,0,1593,679,56,TYPE_A,3.7,Rice Bowl,Indian
1082805,99,11,2290,298.79,299.79,0,0,836,679,56,TYPE_A,3.7,Rice Bowl,Indian
1392075,100,11,2290,219.22,298.79,1,1,5873,679,56,TYPE_A,3.7,Rice Bowl,Indian
1066022,101,11,2290,222.16,298.79,1,1,4536,679,56,TYPE_A,3.7,Rice Bowl,Indian
1362600,102,11,2290,184.33,297.79,1,1,5224,679,56,TYPE_A,3.7,Rice Bowl,Indian
1075294,103,11,2290,184.36,298.79,1,1,3280,679,56,TYPE_A,3.7,Rice Bowl,Indian
1331616,104,11,2290,303.64,304.64,0,0,1052,679,56,TYPE_A,3.7,Rice Bowl,Indian
1095185,105,11,2290,303.64,304.64,0,0,1458,679,56,TYPE_A,3.7,Rice Bowl,Indian
1019565,106,11,2290,304.64,304.64,0,0,1322,679,56,TYPE_A,3.7,Rice Bowl,Indian
1064655,107,11,2290,299.76,300.76,0,0,1160,679,56,TYPE_A,3.7,Rice Bowl,Indian
1143810,108,11,2290,304.64,303.64,0,0,1080,679,56,TYPE_A,3.7,Rice Bowl,Indian
1258752,109,11,2290,289.09,290.09,0,0,1160,679,56,TYPE_A,3.7,Rice Bowl,Indian
1300357,110,11,2290,284.27,284.27,0,0,1189,679,56,TYPE_A,3.7,Rice Bowl,Indian
1035645,111,11,2290,281.3,281.3,0,0,1176,679,56,TYPE_A,3.7,Rice Bowl,Indian
1462817,112,11,2290,278.42,278.42,0,0,1121,679,56,TYPE_A,3.7,Rice Bowl,Indian
1222176,113,11,2290,305.55,306.55,0,0,636,679,56,TYPE_A,3.7,Rice Bowl,Indian
1296218,114,11,2290,307.52,308.52,0,0,716,679,56,TYPE_A,3.7,Rice Bowl,Indian
1199470,115,11,2290,292.0,292.0,0,0,391,679,56,TYPE_A,3.7,Rice Bowl,Indian
1305533,1,11,1727,364.78,403.52,0,0,879,679,56,TYPE_A,3.7,Rice Bowl,Indian
1143897,2,11,1727,447.23,447.23,0,0,323,679,56,TYPE_A,3.7,Rice Bowl,Indian
1308595,3,11,1727,447.23,446.23,0,0,567,679,56,TYPE_A,3.7,Rice Bowl,Indian
1440589,4,11,1727,447.23,447.23,0,0,742,679,56,TYPE_A,3.7,Rice Bowl,Indian
1116194,5,11,1727,242.5,445.23,0,1,2524,679,56,TYPE_A,3.7,Rice Bowl,Indian
1456813,6,11,1727,248.38,447.23,0,0,1458,679,56,TYPE_A,3.7,Rice Bowl,Indian
1340367,7,11,1727,446.26,446.26,0,0,634,679,56,TYPE_A,3.7,Rice Bowl,Indian
1264581,8,11,1727,445.23,445.23,0,0,512,679,56,TYPE_A,3.7,Rice Bowl,Indian
1446765,9,11,1727,425.83,425.83,0,0,635,679,56,TYPE_A,3.7,Rice Bowl,Indian
1449194,10,11,1727,446.23,447.23,0,0,554,679,56,TYPE_A,3.7,Rice Bowl,Indian
1292285,11,11,1727,446.23,446.23,0,0,593,679,56,TYPE_A,3.7,Rice Bowl,Indian
1210908,12,11,1727,446.23,446.23,0,0,555,679,56,TYPE_A,3.7,Rice Bowl,Indian
1199005,13,11,1727,445.23,445.23,0,0,541,679,56,TYPE_A,3.7,Rice Bowl,Indian
1343100,14,11,1727,447.23,447.23,0,0,540,679,56,TYPE_A,3.7,Rice Bowl,Indian
1222468,15,11,1727,435.59,433.59,0,0,499,679,56,TYPE_A,3.7,Rice Bowl,Indian
1159118,16,11,1727,445.23,447.23,0,0,473,679,56,TYPE_A,3.7,Rice Bowl,Indian
1214645,17,11,1727,446.23,447.23,0,0,513,679,56,TYPE_A,3.7,Rice Bowl,Indian
1005051,18,11,1727,445.23,446.23,0,0,512,679,56,TYPE_A,3.7,Rice Bowl,Indian
1496249,19,11,1727,438.44,440.44,0,0,474,679,56,TYPE_A,3.7,Rice Bowl,Indian
1136604,20,11,1727,423.89,424.89,0,0,566,679,56,TYPE_A,3.7,Rice Bowl,Indian
1147519,21,11,1727,447.23,445.23,0,0,445,679,56,TYPE_A,3.7,Rice Bowl,Indian
1398053,22,11,1727,447.23,446.23,0,0,473,679,56,TYPE_A,3.7,Rice Bowl,Indian
1250295,23,11,1727,445.23,447.23,0,0,701,679,56,TYPE_A,3.7,Rice Bowl,Indian
1330460,24,11,1727,446.23,447.23,0,0,620,679,56,TYPE_A,3.7,Rice Bowl,Indian
1413666,25,11,1727,242.5,446.23,1,1,4280,679,56,TYPE_A,3.7,Rice Bowl,Indian
1088261,26,11,1727,253.2,445.23,1,1,2714,679,56,TYPE_A,3.7,Rice Bowl,Indian
1385945,27,11,1727,434.56,434.56,0,0,514,679,56,TYPE_A,3.7,Rice Bowl,Indian
1058723,28,11,1727,447.23,446.23,0,0,647,679,56,TYPE_A,3.7,Rice Bowl,Indian
1308047,29,11,1727,447.23,446.23,0,0,636,679,56,TYPE_A,3.7,Rice Bowl,Indian
1454218,30,11,1727,445.23,445.23,0,0,474,679,56,TYPE_A,3.7,Rice Bowl,Indian
1463260,31,11,1727,437.53,436.53,0,0,609,679,56,TYPE_A,3.7,Rice Bowl,Indian
1354081,32,11,1727,436.53,436.53,0,0,594,679,56,TYPE_A,3.7,Rice Bowl,Indian
1342653,33,11,1727,447.23,446.23,0,0,337,679,56,TYPE_A,3.7,Rice Bowl,Indian
1408819,34,11,1727,443.29,443.29,0,0,473,679,56,TYPE_A,3.7,Rice Bowl,Indian
1426816,35,11,1727,446.23,445.23,0,0,150,679,56,TYPE_A,3.7,Rice Bowl,Indian
1455607,36,11,1727,447.23,447.23,0,0,621,679,56,TYPE_A,3.7,Rice Bowl,Indian
1336901,37,11,1727,447.23,447.23,0,0,379,679,56,TYPE_A,3.7,Rice Bowl,Indian
1005653,38,11,1727,445.23,447.23,0,0,474,679,56,TYPE_A,3.7,Rice Bowl,Indian
1191636,39,11,1727,447.23,446.23,0,0,716,679,56,TYPE_A,3.7,Rice Bowl,Indian
1027563,40,11,1727,447.23,446.23,0,0,513,679,56,TYPE_A,3.7,Rice Bowl,Indian
1186127,41,11,1727,447.23,445.23,0,0,487,679,56,TYPE_A,3.7,Rice Bowl,Indian
1229590,42,11,1727,446.23,446.23,0,0,649,679,56,TYPE_A,3.7,Rice Bowl,Indian
1468141,43,11,1727,445.23,446.23,0,0,526,679,56,TYPE_A,3.7,Rice Bowl,Indian
1354706,44,11,1727,447.23,445.23,0,0,554,679,56,TYPE_A,3.7,Rice Bowl,Indian
1203212,45,11,1727,432.68,432.68,0,0,837,679,56,TYPE_A,3.7,Rice Bowl,Indian
1367512,46,11,1727,394.82,394.82,0,0,689,679,56,TYPE_A,3.7,Rice Bowl,Indian
1202989,47,11,1727,445.23,445.23,0,0,404,679,56,TYPE_A,3.7,Rice Bowl,Indian
1424367,48,11,1727,447.23,446.23,0,0,566,679,56,TYPE_A,3.7,Rice Bowl,Indian
1363452,49,11,1727,446.23,447.23,0,0,486,679,56,TYPE_A,3.7,Rice Bowl,Indian
1378810,50,11,1727,445.23,447.23,0,0,647,679,56,TYPE_A,3.7,Rice Bowl,Indian
1236543,51,11,1727,447.23,446.23,0,0,298,679,56,TYPE_A,3.7,Rice Bowl,Indian
1207768,52,11,1727,447.23,445.23,0,0,540,679,56,TYPE_A,3.7,Rice Bowl,Indian
1496479,53,11,1727,437.53,435.53,0,0,621,679,56,TYPE_A,3.7,Rice Bowl,Indian
1157369,54,11,1727,438.5,436.5,0,0,188,679,56,TYPE_A,3.7,Rice Bowl,Indian
1293730,55,11,1727,447.23,446.23,0,0,499,679,56,TYPE_A,3.7,Rice Bowl,Indian
1229812,56,11,1727,447.23,446.23,0,0,567,679,56,TYPE_A,3.7,Rice Bowl,Indian
1154412,57,11,1727,447.23,445.23,0,0,594,679,56,TYPE_A,3.7,Rice Bowl,Indian
1283338,58,11,1727,270.66,445.23,1,1,3524,679,56,TYPE_A,3.7,Rice Bowl,Indian
1186512,59,11,1727,264.81,446.23,1,1,2012,679,56,TYPE_A,3.7,Rice Bowl,Indian
1169779,60,11,1727,432.65,433.65,0,0,446,679,56,TYPE_A,3.7,Rice Bowl,Indian
1138919,61,11,1727,447.23,447.23,0,0,486,679,56,TYPE_A,3.7,Rice Bowl,Indian
1395292,62,11,1727,445.23,445.23,0,0,177,679,56,TYPE_A,3.7,Rice Bowl,Indian
1451793,63,11,1727,446.23,445.23,0,0,755,679,56,TYPE_A,3.7,Rice Bowl,Indian
1145971,64,11,1727,439.41,440.41,0,0,757,679,56,TYPE_A,3.7,Rice Bowl,Indian
1347570,65,11,1727,447.23,446.23,0,0,595,679,56,TYPE_A,3.7,Rice Bowl,Indian
1048808,66,11,1727,447.23,447.23,0,0,607,679,56,TYPE_A,3.7,Rice Bowl,Indian
1105821,67,11,1727,447.23,446.23,0,0,445,679,56,TYPE_A,3.7,Rice Bowl,Indian
1047072,68,11,1727,446.23,447.23,0,0,728,679,56,TYPE_A,3.7,Rice Bowl,Indian
1023360,69,11,1727,447.23,445.23,0,0,595,679,56,TYPE_A,3.7,Rice Bowl,Indian
1198206,70,11,1727,447.23,445.23,0,0,499,679,56,TYPE_A,3.7,Rice Bowl,Indian
1064795,71,11,1727,437.47,438.47,0,0,811,679,56,TYPE_A,3.7,Rice Bowl,Indian
1445148,72,11,1727,429.71,429.71,0,0,757,679,56,TYPE_A,3.7,Rice Bowl,Indian
1279841,73,11,1727,446.23,447.23,0,0,635,679,56,TYPE_A,3.7,Rice Bowl,Indian
1229696,74,11,1727,436.53,435.53,0,0,755,679,56,TYPE_A,3.7,Rice Bowl,Indian
1458144,75,11,1727,444.26,445.26,0,0,702,679,56,TYPE_A,3.7,Rice Bowl,Indian
1496106,76,11,1727,445.23,447.23,0,0,796,679,56,TYPE_A,3.7,Rice Bowl,Indian
1060291,77,11,1727,249.29,446.23,1,1,3646,679,56,TYPE_A,3.7,Rice Bowl,Indian
1467444,78,11,1727,243.47,446.23,1,1,4293,679,56,TYPE_A,3.7,Rice Bowl,Indian
1005779,79,11,1727,370.54,445.23,1,0,1120,679,56,TYPE_A,3.7,Rice Bowl,Indian
1471637,80,11,1727,447.23,445.23,0,0,620,679,56,TYPE_A,3.7,Rice Bowl,Indian
1274107,81,11,1727,445.23,445.23,0,0,852,679,56,TYPE_A,3.7,Rice Bowl,Indian
1190831,82,11,1727,446.23,446.23,0,0,783,679,56,TYPE_A,3.7,Rice Bowl,Indian
1054130,83,11,1727,238.68,445.23,1,0,5630,679,56,TYPE_A,3.7,Rice Bowl,Indian
1278940,84,11,1727,413.25,413.25,0,0,634,679,56,TYPE_A,3.7,Rice Bowl,Indian
1093142,85,11,1727,447.23,447.23,0,0,634,679,56,TYPE_A,3.7,Rice Bowl,Indian
1092035,86,11,1727,445.23,445.23,0,0,890,679,56,TYPE_A,3.7,Rice Bowl,Indian
1360680,87,11,1727,447.23,447.23,0,0,512,679,56,TYPE_A,3.7,Rice Bowl,Indian
1445975,88,11,1727,447.23,446.23,0,0,690,679,56,TYPE_A,3.7,Rice Bowl,Indian
1488201,89,11,1727,445.23,445.23,0,0,797,679,56,TYPE_A,3.7,Rice Bowl,Indian
1369952,90,11,1727,447.23,445.23,0,0,689,679,56,TYPE_A,3.7,Rice Bowl,Indian
1310562,91,11,1727,445.23,446.23,0,0,581,679,56,TYPE_A,3.7,Rice Bowl,Indian
1172912,92,11,1727,446.23,445.23,0,0,863,679,56,TYPE_A,3.7,Rice Bowl,Indian
1097276,93,11,1727,445.23,446.23,0,0,663,679,56,TYPE_A,3.7,Rice Bowl,Indian
1388658,94,11,1727,446.23,445.23,0,0,863,679,56,TYPE_A,3.7,Rice Bowl,Indian
1128839,95,11,1727,446.23,446.23,0,0,998,679,56,TYPE_A,3.7,Rice Bowl,Indian
1311866,96,11,1727,447.23,447.23,0,0,851,679,56,TYPE_A,3.7,Rice Bowl,Indian
1136689,97,11,1727,445.23,445.23,0,0,202,679,56,TYPE_A,3.7,Rice Bowl,Indian
1368920,98,11,1727,445.23,446.23,0,0,607,679,56,TYPE_A,3.7,Rice Bowl,Indian
1274287,99,11,1727,446.23,446.23,0,0,527,679,56,TYPE_A,3.7,Rice Bowl,Indian
1433776,100,11,1727,446.23,447.23,0,0,566,679,56,TYPE_A,3.7,Rice Bowl,Indian
1223442,101,11,1727,445.23,445.23,0,0,553,679,56,TYPE_A,3.7,Rice Bowl,Indian
1147751,102,11,1727,445.23,447.23,0,0,513,679,56,TYPE_A,3.7,Rice Bowl,Indian
1410954,103,11,1727,445.23,446.23,0,0,406,679,56,TYPE_A,3.7,Rice Bowl,Indian
1346141,104,11,1727,447.23,447.23,0,0,472,679,56,TYPE_A,3.7,Rice Bowl,Indian
1069333,105,11,1727,446.23,446.23,0,0,647,679,56,TYPE_A,3.7,Rice Bowl,Indian
1432951,106,11,1727,445.23,446.23,0,0,541,679,56,TYPE_A,3.7,Rice Bowl,Indian
1308342,107,11,1727,447.23,446.23,0,0,553,679,56,TYPE_A,3.7,Rice Bowl,Indian
1264618,108,11,1727,446.23,447.23,0,0,474,679,56,TYPE_A,3.7,Rice Bowl,Indian
1098508,109,11,1727,446.26,444.26,0,0,512,679,56,TYPE_A,3.7,Rice Bowl,Indian
1277757,110,11,1727,447.23,445.23,0,0,595,679,56,TYPE_A,3.7,Rice Bowl,Indian
1326409,111,11,1727,248.35,445.23,1,1,3835,679,56,TYPE_A,3.7,Rice Bowl,Indian
1321275,112,11,1727,245.41,446.23,1,1,3172,679,56,TYPE_A,3.7,Rice Bowl,Indian
1024615,113,11,1727,464.63,464.63,0,0,690,679,56,TYPE_A,3.7,Rice Bowl,Indian
1145051,114,11,1727,464.63,465.63,0,0,391,679,56,TYPE_A,3.7,Rice Bowl,Indian
1078405,115,11,1727,465.63,466.63,0,0,431,679,56,TYPE_A,3.7,Rice Bowl,Indian
