Data set/Center wise/Center_11_Rank7.csv
id,week,center_id,meal_id,checkout_price,base_price,emailer_for_promotion,homepage_featured,num_orders,city_code,region_code,center_type,op_area,category,cuisine
1426280,1,11,1109,237.68,262.9,1,0,1984,679,56,TYPE_A,3.7,Rice Bowl,Indian
1468425,2,11,1109,261.9,262.9,0,0,1215,679,56,TYPE_A,3.7,Rice Bowl,Indian
1198084,3,11,1109,309.43,311.43,0,0,609,679,56,TYPE_A,3.7,Rice Bowl,Indian
1393843,4,11,1109,309.43,311.43,0,0,662,679,56,TYPE_A,3.7,Rice Bowl,Indian
1204040,5,11,1109,119.34,309.43,0,0,810,679,56,TYPE_A,3.7,Rice Bowl,Indian
1133116,6,11,1109,102.82,311.43,0,0,1255,679,56,TYPE_A,3.7,Rice Bowl,Indian
1068118,7,11,1109,171.72,310.43,0,0,1174,679,56,TYPE_A,3.7,Rice Bowl,Indian
1050619,8,11,1109,187.27,310.43,0,0,1080,679,56,TYPE_A,3.7,Rice Bowl,Indian
1355197,9,11,1109,220.19,309.43,0,0,1269,679,56,TYPE_A,3.7,Rice Bowl,Indian
1307201,10,11,1109,214.43,311.43,0,0,864,679,56,TYPE_A,3.7,Rice Bowl,Indian
1395351,11,11,1109,215.37,216.37,0,0,1012,679,56,TYPE_A,3.7,Rice Bowl,Indian
1058062,12,11,1109,247.35,249.35,0,0,945,679,56,TYPE_A,3.7,Rice Bowl,Indian
1112206,13,11,1109,264.81,266.81,0,0,742,679,56,TYPE_A,3.7,Rice Bowl,Indian
1043203,14,11,1109,262.87,264.87,0,0,906,679,56,TYPE_A,3.7,Rice Bowl,Indian
1205362,15,11,1109,242.53,242.53,0,0,798,679,56,TYPE_A,3.7,Rice Bowl,Indian
1209112,16,11,1109,310.43,309.43,0,0,702,679,56,TYPE_A,3.7,Rice Bowl,Indian
1111468,17,11,1109,311.43,309.43,0,0,609,679,56,TYPE_A,3.7,Rice Bowl,Indian
1338128,18,11,1109,281.33,281.33,0,0,1135,679,56,TYPE_A,3.7,Rice Bowl,Indian
1430465,19,11,1109,208.55,282.33,1,1,2591,679,56,TYPE_A,3.7,Rice Bowl,Indian
1365248,20,11,1109,167.87,282.33,0,0,905,679,56,TYPE_A,3.7,Rice Bowl,Indian
1158240,21,11,1109,227.01,282.33,0,0,1053,679,56,TYPE_A,3.7,Rice Bowl,Indian
1389227,22,11,1109,256.08,257.08,0,0,1176,679,56,TYPE_A,3.7,Rice Bowl,Indian
1044808,23,11,1109,240.56,241.56,0,0,973,679,56,TYPE_A,3.7,Rice Bowl,Indian
1125802,24,11,1109,242.53,243.53,0,0,798,679,56,TYPE_A,3.7,Rice Bowl,Indian
1314295,25,11,1109,257.11,255.11,0,0,688,679,56,TYPE_A,3.7,Rice Bowl,Indian
1148229,26,11,1109,200.85,255.11,0,0,566,679,56,TYPE_A,3.7,Rice Bowl,Indian
1376364,27,11,1109,274.54,274.54,0,0,703,679,56,TYPE_A,3.7,Rice Bowl,Indian
1402140,28,11,1109,249.29,251.29,0,0,904,679,56,TYPE_A,3.7,Rice Bowl,Indian
1133569,29,11,1109,301.73,301.73,0,0,878,679,56,TYPE_A,3.7,Rice Bowl,Indian
1040423,30,11,1109,242.53,301.73,0,1,1796,679,56,TYPE_A,3.7,Rice Bowl,Indian
1109413,31,11,1109,207.64,299.73,0,0,1054,679,56,TYPE_A,3.7,Rice Bowl,Indian
1222916,32,11,1109,161.02,301.73,0,0,1228,679,56,TYPE_A,3.7,Rice Bowl,Indian
1100529,33,11,1109,190.18,299.73,0,0,917,679,56,TYPE_A,3.7,Rice Bowl,Indian
1366187,34,11,1109,242.56,300.73,0,0,987,679,56,TYPE_A,3.7,Rice Bowl,Indian
1216978,35,11,1109,235.74,301.73,0,0,204,679,56,TYPE_A,3.7,Rice Bowl,Indian
1361965,36,11,1109,270.69,300.73,0,0,852,679,56,TYPE_A,3.7,Rice Bowl,Indian
1499175,37,11,1109,290.03,292.03,0,0,607,679,56,TYPE_A,3.7,Rice Bowl,Indian
1094304,38,11,1109,283.3,282.3,0,0,690,679,56,TYPE_A,3.7,Rice Bowl,Indian
1348769,39,11,1109,258.02,259.02,0,0,702,679,56,TYPE_A,3.7,Rice Bowl,Indian
1087544,40,11,1109,296.85,295.85,0,0,730,679,56,TYPE_A,3.7,Rice Bowl,Indian
1415165,41,11,1109,234.77,295.85,1,1,2457,679,56,TYPE_A,3.7,Rice Bowl,Indian
1493589,42,11,1109,308.46,309.46,0,0,581,679,56,TYPE_A,3.7,Rice Bowl,Indian
1187933,43,11,1109,319.13,321.13,0,0,620,679,56,TYPE_A,3.7,Rice Bowl,Indian
1410560,44,11,1109,218.31,319.13,0,0,702,679,56,TYPE_A,3.7,Rice Bowl,Indian
1224826,45,11,1109,250.29,319.13,0,0,1552,679,56,TYPE_A,3.7,Rice Bowl,Indian
1294946,46,11,1109,231.89,320.13,1,1,2768,679,56,TYPE_A,3.7,Rice Bowl,Indian
1330672,47,11,1109,202.76,319.13,0,0,1554,679,56,TYPE_A,3.7,Rice Bowl,Indian
1244233,48,11,1109,272.63,320.13,0,0,891,679,56,TYPE_A,3.7,Rice Bowl,Indian
1197279,49,11,1109,278.45,321.13,0,0,501,679,56,TYPE_A,3.7,Rice Bowl,Indian
1321653,50,11,1109,276.45,321.13,0,0,661,679,56,TYPE_A,3.7,Rice Bowl,Indian
1004551,51,11,1109,293.97,292.97,0,0,474,679,56,TYPE_A,3.7,Rice Bowl,Indian
1444422,52,11,1109,277.48,276.48,0,0,595,679,56,TYPE_A,3.7,Rice Bowl,Indian
1238147,53,11,1109,280.33,281.33,0,0,648,679,56,TYPE_A,3.7,Rice Bowl,Indian
1054943,54,11,1109,257.11,257.11,0,0,324,679,56,TYPE_A,3.7,Rice Bowl,Indian
1452236,55,11,1109,260.96,255.11,1,0,1727,679,56,TYPE_A,3.7,Rice Bowl,Indian
1104770,56,11,1109,319.13,320.13,0,0,499,679,56,TYPE_A,3.7,Rice Bowl,Indian
1215123,57,11,1109,200.85,320.13,0,0,1000,679,56,TYPE_A,3.7,Rice Bowl,Indian
1265077,58,11,1109,88.27,321.13,0,0,1120,679,56,TYPE_A,3.7,Rice Bowl,Indian
1103282,59,11,1109,135.8,320.13,0,0,730,679,56,TYPE_A,3.7,Rice Bowl,Indian
1089682,60,11,1109,225.07,321.13,0,0,985,679,56,TYPE_A,3.7,Rice Bowl,Indian
1093061,61,11,1109,155.2,319.13,0,0,809,679,56,TYPE_A,3.7,Rice Bowl,Indian
1123827,62,11,1109,265.81,321.13,0,0,136,679,56,TYPE_A,3.7,Rice Bowl,Indian
1212166,63,11,1109,244.5,242.5,0,0,890,679,56,TYPE_A,3.7,Rice Bowl,Indian
1338124,64,11,1109,233.83,232.83,0,0,837,679,56,TYPE_A,3.7,Rice Bowl,Indian
1337355,65,11,1109,254.17,255.17,0,0,850,679,56,TYPE_A,3.7,Rice Bowl,Indian
1221999,66,11,1109,245.47,244.47,0,0,852,679,56,TYPE_A,3.7,Rice Bowl,Indian
1362829,67,11,1109,239.59,240.59,0,0,1135,679,56,TYPE_A,3.7,Rice Bowl,Indian
1415997,68,11,1109,316.28,314.28,0,0,852,679,56,TYPE_A,3.7,Rice Bowl,Indian
1163559,69,11,1109,282.27,314.28,0,0,1053,679,56,TYPE_A,3.7,Rice Bowl,Indian
1015684,70,11,1109,245.41,314.28,0,0,1108,679,56,TYPE_A,3.7,Rice Bowl,Indian
1024420,71,11,1109,216.34,315.28,0,0,1230,679,56,TYPE_A,3.7,Rice Bowl,Indian
1168544,72,11,1109,191.15,314.28,0,0,1243,679,56,TYPE_A,3.7,Rice Bowl,Indian
1110112,73,11,1109,248.38,314.28,0,0,998,679,56,TYPE_A,3.7,Rice Bowl,Indian
1280117,74,11,1109,239.59,314.28,0,0,892,679,56,TYPE_A,3.7,Rice Bowl,Indian
1038376,75,11,1109,295.85,296.85,0,0,1202,679,56,TYPE_A,3.7,Rice Bowl,Indian
1050922,76,11,1109,280.33,282.33,0,0,1000,679,56,TYPE_A,3.7,Rice Bowl,Indian
1406749,77,11,1109,279.42,277.42,0,0,648,679,56,TYPE_A,3.7,Rice Bowl,Indian
1175694,78,11,1109,250.26,251.26,0,0,688,679,56,TYPE_A,3.7,Rice Bowl,Indian
1366814,79,11,1109,278.42,277.42,0,0,904,679,56,TYPE_A,3.7,Rice Bowl,Indian
1361999,80,11,1109,277.45,276.45,0,0,879,679,56,TYPE_A,3.7,Rice Bowl,Indian
1231357,81,11,1109,289.06,290.06,0,0,919,679,56,TYPE_A,3.7,Rice Bowl,Indian
1441942,82,11,1109,309.43,310.43,0,0,852,679,56,TYPE_A,3.7,Rice Bowl,Indian
1479344,83,11,1109,226.04,310.43,0,0,783,679,56,TYPE_A,3.7,Rice Bowl,Indian
1415300,84,11,1109,198.91,310.43,0,0,933,679,56,TYPE_A,3.7,Rice Bowl,Indian
1302016,85,11,1109,249.32,311.43,0,0,931,679,56,TYPE_A,3.7,Rice Bowl,Indian
1485586,86,11,1109,252.23,311.43,0,0,715,679,56,TYPE_A,3.7,Rice Bowl,Indian
1362074,87,11,1109,276.48,311.43,0,0,1014,679,56,TYPE_A,3.7,Rice Bowl,Indian
1420558,88,11,1109,270.69,310.43,0,0,825,679,56,TYPE_A,3.7,Rice Bowl,Indian
1031567,89,11,1109,296.85,296.85,0,0,944,679,56,TYPE_A,3.7,Rice Bowl,Indian
1464579,90,11,1109,302.7,302.7,0,0,971,679,56,TYPE_A,3.7,Rice Bowl,Indian
1082603,91,11,1109,291.03,292.03,0,0,863,679,56,TYPE_A,3.7,Rice Bowl,Indian
1086816,92,11,1109,273.6,273.6,0,0,648,679,56,TYPE_A,3.7,Rice Bowl,Indian
1438475,93,11,1109,276.45,278.45,0,0,771,679,56,TYPE_A,3.7,Rice Bowl,Indian
1295084,94,11,1109,305.55,307.55,0,0,987,679,56,TYPE_A,3.7,Rice Bowl,Indian
1456721,95,11,1109,289.06,307.55,1,1,5507,679,56,TYPE_A,3.7,Rice Bowl,Indian
1183278,96,11,1109,297.82,298.82,0,0,647,679,56,TYPE_A,3.7,Rice Bowl,Indian
1305549,97,11,1109,215.37,298.82,0,0,392,679,56,TYPE_A,3.7,Rice Bowl,Indian
1301903,98,11,1109,227.01,296.82,1,1,4104,679,56,TYPE_A,3.7,Rice Bowl,Indian
1047307,99,11,1109,235.71,297.82,1,1,2591,679,56,TYPE_A,3.7,Rice Bowl,Indian
1287379,100,11,1109,230.86,296.82,0,0,688,679,56,TYPE_A,3.7,Rice Bowl,Indian
1089932,101,11,1109,266.75,298.82,0,0,486,679,56,TYPE_A,3.7,Rice Bowl,Indian
1293010,102,11,1109,293.0,293.0,0,0,445,679,56,TYPE_A,3.7,Rice Bowl,Indian
1232298,103,11,1109,282.33,280.33,0,0,541,679,56,TYPE_A,3.7,Rice Bowl,Indian
1357553,104,11,1109,285.18,287.18,0,0,702,679,56,TYPE_A,3.7,Rice Bowl,Indian
1121346,105,11,1109,291.03,291.03,0,0,810,679,56,TYPE_A,3.7,Rice Bowl,Indian
1215990,106,11,1109,235.77,290.03,1,1,2618,679,56,TYPE_A,3.7,Rice Bowl,Indian
1439908,107,11,1109,244.5,291.03,1,1,2268,679,56,TYPE_A,3.7,Rice Bowl,Indian
1316262,108,11,1109,309.43,309.43,0,0,595,679,56,TYPE_A,3.7,Rice Bowl,Indian
1445069,109,11,1109,261.9,310.43,0,0,972,679,56,TYPE_A,3.7,Rice Bowl,Indian
1494962,110,11,1109,203.76,309.43,0,0,890,679,56,TYPE_A,3.7,Rice Bowl,Indian
1145465,111,11,1109,236.74,311.43,0,0,730,679,56,TYPE_A,3.7,Rice Bowl,Indian
1466107,112,11,1109,239.65,310.43,0,0,809,679,56,TYPE_A,3.7,Rice Bowl,Indian
1327375,113,11,1109,258.99,311.43,0,0,863,679,56,TYPE_A,3.7,Rice Bowl,Indian
1342163,114,11,1109,291.06,289.06,0,0,864,679,56,TYPE_A,3.7,Rice Bowl,Indian
1168814,115,11,1109,293.94,294.94,0,0,662,679,56,TYPE_A,3.7,Rice Bowl,Indian
1114533,1,11,2577,281.33,281.33,0,0,202,679,56,TYPE_A,3.7,Starters,Thai
1266170,2,11,2577,282.33,280.33,0,0,244,679,56,TYPE_A,3.7,Starters,Thai
1459713,3,11,2577,244.5,282.33,0,0,269,679,56,TYPE_A,3.7,Starters,Thai
1262585,4,11,2577,244.5,282.33,0,0,324,679,56,TYPE_A,3.7,Starters,Thai
1084233,5,11,2577,239.59,280.33,0,0,202,679,56,TYPE_A,3.7,Starters,Thai
1381803,6,11,2577,245.47,280.33,0,0,271,679,56,TYPE_A,3.7,Starters,Thai
1067633,7,11,2577,242.53,282.33,0,0,109,679,56,TYPE_A,3.7,Starters,Thai
1475551,8,11,2577,241.53,282.33,0,0,283,679,56,TYPE_A,3.7,Starters,Thai
1314336,9,11,2577,241.53,241.53,0,0,244,679,56,TYPE_A,3.7,Starters,Thai
1149355,10,11,2577,281.33,282.33,0,0,96,679,56,TYPE_A,3.7,Starters,Thai
1069426,11,11,2577,282.33,281.33,0,0,107,679,56,TYPE_A,3.7,Starters,Thai
1011729,12,11,2577,281.33,281.33,0,0,81,679,56,TYPE_A,3.7,Starters,Thai
1080462,13,11,2577,282.33,282.33,0,0,161,679,56,TYPE_A,3.7,Starters,Thai
1241870,14,11,2577,282.33,280.33,0,0,123,679,56,TYPE_A,3.7,Starters,Thai
1225266,15,11,2577,282.33,282.33,0,0,149,679,56,TYPE_A,3.7,Starters,Thai
1042248,16,11,2577,282.33,282.33,0,0,80,679,56,TYPE_A,3.7,Starters,Thai
1358067,17,11,2577,281.33,280.33,0,0,136,679,56,TYPE_A,3.7,Starters,Thai
1223181,18,11,2577,280.33,282.33,0,0,161,679,56,TYPE_A,3.7,Starters,Thai
1055908,19,11,2577,280.33,280.33,0,0,96,679,56,TYPE_A,3.7,Starters,Thai
1229593,20,11,2577,281.33,282.33,0,0,95,679,56,TYPE_A,3.7,Starters,Thai
1186299,21,11,2577,280.33,282.33,0,0,108,679,56,TYPE_A,3.7,Starters,Thai
1387640,22,11,2577,281.33,280.33,0,0,122,679,56,TYPE_A,3.7,Starters,Thai
1164455,23,11,2577,281.33,282.33,0,0,80,679,56,TYPE_A,3.7,Starters,Thai
1104661,24,11,2577,282.33,281.33,0,0,177,679,56,TYPE_A,3.7,Starters,Thai
1099068,25,11,2577,282.33,282.33,0,0,242,679,56,TYPE_A,3.7,Starters,Thai
1003854,26,11,2577,282.33,282.33,0,0,163,679,56,TYPE_A,3.7,Starters,Thai
1465457,27,11,2577,280.33,281.33,0,0,149,679,56,TYPE_A,3.7,Starters,Thai
1049617,28,11,2577,282.33,280.33,0,0,82,679,56,TYPE_A,3.7,Starters,Thai
1178265,29,11,2577,281.33,280.33,0,0,54,679,56,TYPE_A,3.7,Starters,Thai
1304929,30,11,2577,281.33,282.33,0,0,94,679,56,TYPE_A,3.7,Starters,Thai
1358626,31,11,2577,282.33,280.33,0,0,41,679,56,TYPE_A,3.7,Starters,Thai
1045514,32,11,2577,282.33,281.33,0,0,40,679,56,TYPE_A,3.7,Starters,Thai
1284387,33,11,2577,281.33,282.33,0,1,67,679,56,TYPE_A,3.7,Starters,Thai
1062959,34,11,2577,281.33,280.33,0,0,177,679,56,TYPE_A,3.7,Starters,Thai
1127388,35,11,2577,281.33,282.33,0,0,95,679,56,TYPE_A,3.7,Starters,Thai
1003728,36,11,2577,281.33,282.33,0,0,123,679,56,TYPE_A,3.7,Starters,Thai
1455199,37,11,2577,282.33,281.33,0,0,162,679,56,TYPE_A,3.7,Starters,Thai
1044806,38,11,2577,282.33,281.33,0,0,122,679,56,TYPE_A,3.7,Starters,Thai
1314588,39,11,2577,281.33,280.33,0,0,94,679,56,TYPE_A,3.7,Starters,Thai
1240435,40,11,2577,281.33,280.33,0,0,134,679,56,TYPE_A,3.7,Starters,Thai
1221870,41,11,2577,281.33,281.33,0,0,229,679,56,TYPE_A,3.7,Starters,Thai
1346902,42,11,2577,281.33,280.33,0,0,203,679,56,TYPE_A,3.7,Starters,Thai
1435674,43,11,2577,282.33,280.33,0,0,123,679,56,TYPE_A,3.7,Starters,Thai
1122113,44,11,2577,280.33,282.33,0,0,163,679,56,TYPE_A,3.7,Starters,Thai
1411305,45,11,2577,282.33,280.33,0,0,202,679,56,TYPE_A,3.7,Starters,Thai
1055192,46,11,2577,281.33,280.33,0,0,202,679,56,TYPE_A,3.7,Starters,Thai
1386762,47,11,2577,281.33,281.33,0,0,175,679,56,TYPE_A,3.7,Starters,Thai
1318390,48,11,2577,282.33,282.33,0,0,256,679,56,TYPE_A,3.7,Starters,Thai
1456819,49,11,2577,280.33,280.33,0,0,135,679,56,TYPE_A,3.7,Starters,Thai
1009099,50,11,2577,282.33,280.33,0,0,216,679,56,TYPE_A,3.7,Starters,Thai
1252673,51,11,2577,282.33,280.33,0,0,109,679,56,TYPE_A,3.7,Starters,Thai
1116193,52,11,2577,282.33,282.33,0,0,107,679,56,TYPE_A,3.7,Starters,Thai
1188464,53,11,2577,281.33,280.33,0,0,190,679,56,TYPE_A,3.7,Starters,Thai
1084961,54,11,2577,282.33,282.33,0,0,175,679,56,TYPE_A,3.7,Starters,Thai
1390361,55,11,2577,280.33,281.33,0,0,149,679,56,TYPE_A,3.7,Starters,Thai
1274524,56,11,2577,281.33,280.33,0,0,149,679,56,TYPE_A,3.7,Starters,Thai
1195855,57,11,2577,290.03,291.03,0,0,283,679,56,TYPE_A,3.7,Starters,Thai
1133801,58,11,2577,290.03,292.03,0,0,215,679,56,TYPE_A,3.7,Starters,Thai
1328360,59,11,2577,291.03,291.03,0,0,190,679,56,TYPE_A,3.7,Starters,Thai
1025665,60,11,2577,290.03,290.03,0,0,203,679,56,TYPE_A,3.7,Starters,Thai
1174717,61,11,2577,292.03,291.03,0,0,285,679,56,TYPE_A,3.7,Starters,Thai
1294434,62,11,2577,291.03,291.03,0,0,135,679,56,TYPE_A,3.7,Starters,Thai
1164991,63,11,2577,292.03,291.03,0,0,109,679,56,TYPE_A,3.7,Starters,Thai
1071858,64,11,2577,290.03,292.03,0,0,310,679,56,TYPE_A,3.7,Starters,Thai
1301936,65,11,2577,291.03,292.03,0,0,310,679,56,TYPE_A,3.7,Starters,Thai
1330673,66,11,2577,292.03,290.03,0,0,242,679,56,TYPE_A,3.7,Starters,Thai
1120135,67,11,2577,292.03,292.03,0,0,297,679,56,TYPE_A,3.7,Starters,Thai
1030223,68,11,2577,292.03,290.03,0,0,231,679,56,TYPE_A,3.7,Starters,Thai
1240707,69,11,2577,291.03,292.03,0,0,325,679,56,TYPE_A,3.7,Starters,Thai
1475361,70,11,2577,292.03,290.03,0,0,324,679,56,TYPE_A,3.7,Starters,Thai
1417560,71,11,2577,291.03,292.03,0,0,323,679,56,TYPE_A,3.7,Starters,Thai
1206038,72,11,2577,292.03,291.03,0,0,204,679,56,TYPE_A,3.7,Starters,Thai
1047522,73,11,2577,290.03,290.03,0,0,256,679,56,TYPE_A,3.7,Starters,Thai
1274655,74,11,2577,292.03,290.03,0,0,312,679,56,TYPE_A,3.7,Starters,Thai
1341580,75,11,2577,291.03,292.03,0,0,325,679,56,TYPE_A,3.7,Starters,Thai
1238687,76,11,2577,291.03,292.03,0,0,270,679,56,TYPE_A,3.7,Starters,Thai
1256387,77,11,2577,290.03,292.03,0,0,350,679,56,TYPE_A,3.7,Starters,Thai
1155183,78,11,2577,291.03,292.03,0,0,216,679,56,TYPE_A,3.7,Starters,Thai
1245738,79,11,2577,292.03,290.03,0,0,271,679,56,TYPE_A,3.7,Starters,Thai
1260863,80,11,2577,292.03,292.03,0,0,204,679,56,TYPE_A,3.7,Starters,Thai
1402104,81,11,2577,292.03,290.03,0,0,230,679,56,TYPE_A,3.7,Starters,Thai
1154884,82,11,2577,291.03,290.03,0,0,271,679,56,TYPE_A,3.7,Starters,Thai
1103218,83,11,2577,291.03,291.03,0,0,351,679,56,TYPE_A,3.7,Starters,Thai
1155725,84,11,2577,290.03,290.03,0,0,216,679,56,TYPE_A,3.7,Starters,Thai
1179838,85,11,2577,193.03,292.03,1,0,350,679,56,TYPE_A,3.7,Starters,Thai
1409519,86,11,2577,195.97,292.03,1,0,634,679,56,TYPE_A,3.7,Starters,Thai
1324801,87,11,2577,194.03,290.03,1,0,393,679,56,TYPE_A,3.7,Starters,Thai
1245909,88,11,2577,249.32,292.03,1,0,365,679,56,TYPE_A,3.7,Starters,Thai
1383507,89,11,2577,292.03,292.03,0,0,285,679,56,TYPE_A,3.7,Starters,Thai
1191629,90,11,2577,291.03,291.03,0,0,284,679,56,TYPE_A,3.7,Starters,Thai
1160373,91,11,2577,292.03,292.03,0,0,244,679,56,TYPE_A,3.7,Starters,Thai
1100427,92,11,2577,292.03,292.03,0,0,244,679,56,TYPE_A,3.7,Starters,Thai
1028543,93,11,2577,291.03,292.03,0,0,188,679,56,TYPE_A,3.7,Starters,Thai
1233616,94,11,2577,292.03,292.03,0,0,216,679,56,TYPE_A,3.7,Starters,Thai
1282666,95,11,2577,290.03,292.03,0,1,270,679,56,TYPE_A,3.7,Starters,Thai
1429325,96,11,2577,292.03,291.03,0,0,150,679,56,TYPE_A,3.7,Starters,Thai
1386962,97,11,2577,290.03,292.03,0,0,230,679,56,TYPE_A,3.7,Starters,Thai
1162325,98,11,2577,292.03,291.03,0,0,217,679,56,TYPE_A,3.7,Starters,Thai
1009671,99,11,2577,290.03,290.03,0,0,229,679,56,TYPE_A,3.7,Starters,Thai
1444722,100,11,2577,292.03,292.03,0,0,107,679,56,TYPE_A,3.7,Starters,Thai
1072401,101,11,2577,292.03,292.03,0,0,122,679,56,TYPE_A,3.7,Starters,Thai
1436162,102,11,2577,292.03,291.03,0,0,121,679,56,TYPE_A,3.7,Starters,Thai
1126730,103,11,2577,291.03,292.03,0,0,108,679,56,TYPE_A,3.7,Starters,Thai
1231219,104,11,2577,291.03,290.03,0,0,81,679,56,TYPE_A,3.7,Starters,Thai
1262464,105,11,2577,290.03,291.03,0,0,135,679,56,TYPE_A,3.7,Starters,Thai
1159526,106,11,2577,292.03,292.03,0,0,256,679,56,TYPE_A,3.7,Starters,Thai
1147893,107,11,2577,211.46,291.03,1,0,123,679,56,TYPE_A,3.7,Starters,Thai
1089231,108,11,2577,213.46,290.03,1,0,204,679,56,TYPE_A,3.7,Starters,Thai
1461287,109,11,2577,212.46,292.03,1,0,270,679,56,TYPE_A,3.7,Starters,Thai
1182958,110,11,2577,213.46,290.03,0,0,190,679,56,TYPE_A,3.7,Starters,Thai
1073989,112,11,2577,292.03,291.03,0,0,26,679,56,TYPE_A,3.7,Starters,Thai
1078268,113,11,2577,292.03,290.03,0,0,107,679,56,TYPE_A,3.7,Starters,Thai
1394608,114,11,2577,290.03,292.03,0,0,107,679,56,TYPE_A,3.7,Starters,Thai
1345698,115,11,2577,292.03,292.03,0,0,122,679,56,TYPE_A,3.7,Starters,Thai
