Data set/Center wise/Center_11_Rank7.csv
id,week,center_id,meal_id,checkout_price,base_price,emailer_for_promotion,homepage_featured,num_orders,city_code,region_code,center_type,op_area,category,cuisine
1192269,1,11,2640,280.33,282.33,0,0,271,679,56,TYPE_A,3.7,Starters,Thai
1252752,2,11,2640,281.33,282.33,0,0,351,679,56,TYPE_A,3.7,Starters,Thai
1019724,3,11,2640,242.5,282.33,0,0,244,679,56,TYPE_A,3.7,Starters,Thai
1039059,4,11,2640,242.5,280.33,0,0,582,679,56,TYPE_A,3.7,Starters,Thai
1368364,5,11,2640,241.56,282.33,0,0,323,679,56,TYPE_A,3.7,Starters,Thai
1383204,6,11,2640,245.47,282.33,0,1,472,679,56,TYPE_A,3.7,Starters,Thai
1067195,7,11,2640,241.53,281.33,0,0,337,679,56,TYPE_A,3.7,Starters,Thai
1295198,8,11,2640,243.53,280.33,0,0,446,679,56,TYPE_A,3.7,Starters,Thai
1477948,9,11,2640,241.53,280.33,0,1,473,679,56,TYPE_A,3.7,Starters,Thai
1131510,10,11,2640,282.33,282.33,0,0,135,679,56,TYPE_A,3.7,Starters,Thai
1070036,11,11,2640,280.33,280.33,0,0,285,679,56,TYPE_A,3.7,Starters,Thai
1463833,12,11,2640,282.33,281.33,0,0,311,679,56,TYPE_A,3.7,Starters,Thai
1110284,13,11,2640,281.33,282.33,0,0,217,679,56,TYPE_A,3.7,Starters,Thai
1436573,14,11,2640,280.33,282.33,0,0,216,679,56,TYPE_A,3.7,Starters,Thai
1226237,15,11,2640,281.33,282.33,0,0,175,679,56,TYPE_A,3.7,Starters,Thai
1308453,16,11,2640,280.33,281.33,0,0,107,679,56,TYPE_A,3.7,Starters,Thai
1125933,17,11,2640,281.33,280.33,0,0,202,679,56,TYPE_A,3.7,Starters,Thai
1100626,18,11,2640,280.33,282.33,0,0,217,679,56,TYPE_A,3.7,Starters,Thai
1106533,19,11,2640,282.33,280.33,0,0,188,679,56,TYPE_A,3.7,Starters,Thai
1366508,20,11,2640,281.33,280.33,0,0,230,679,56,TYPE_A,3.7,Starters,Thai
1264210,21,11,2640,280.33,281.33,0,0,242,679,56,TYPE_A,3.7,Starters,Thai
1132030,22,11,2640,282.33,280.33,0,0,94,679,56,TYPE_A,3.7,Starters,Thai
1379397,23,11,2640,282.33,280.33,0,0,258,679,56,TYPE_A,3.7,Starters,Thai
1299447,24,11,2640,282.33,281.33,0,0,161,679,56,TYPE_A,3.7,Starters,Thai
1371200,25,11,2640,281.33,281.33,0,0,203,679,56,TYPE_A,3.7,Starters,Thai
1420093,26,11,2640,280.39,278.39,0,0,215,679,56,TYPE_A,3.7,Starters,Thai
1074947,27,11,2640,280.33,281.33,0,0,242,679,56,TYPE_A,3.7,Starters,Thai
1383572,28,11,2640,281.33,281.33,0,0,244,679,56,TYPE_A,3.7,Starters,Thai
1407226,29,11,2640,280.33,281.33,0,0,202,679,56,TYPE_A,3.7,Starters,Thai
1206854,30,11,2640,282.33,281.33,0,0,176,679,56,TYPE_A,3.7,Starters,Thai
1370752,31,11,2640,280.33,282.33,0,0,163,679,56,TYPE_A,3.7,Starters,Thai
1016487,32,11,2640,280.33,281.33,0,0,96,679,56,TYPE_A,3.7,Starters,Thai
1416351,33,11,2640,281.33,280.33,0,0,162,679,56,TYPE_A,3.7,Starters,Thai
1258010,34,11,2640,280.33,282.33,0,0,175,679,56,TYPE_A,3.7,Starters,Thai
1128693,35,11,2640,282.33,280.33,0,0,176,679,56,TYPE_A,3.7,Starters,Thai
1118407,36,11,2640,280.33,280.33,0,0,122,679,56,TYPE_A,3.7,Starters,Thai
1156017,37,11,2640,282.33,281.33,0,0,109,679,56,TYPE_A,3.7,Starters,Thai
1185133,38,11,2640,282.33,280.33,0,0,55,679,56,TYPE_A,3.7,Starters,Thai
1319232,39,11,2640,281.33,281.33,0,0,230,679,56,TYPE_A,3.7,Starters,Thai
1274132,40,11,2640,282.33,282.33,0,0,215,679,56,TYPE_A,3.7,Starters,Thai
1078869,41,11,2640,282.33,281.33,0,0,242,679,56,TYPE_A,3.7,Starters,Thai
1024514,42,11,2640,281.33,280.33,0,0,217,679,56,TYPE_A,3.7,Starters,Thai
1427539,43,11,2640,282.33,282.33,0,0,323,679,56,TYPE_A,3.7,Starters,Thai
1325771,44,11,2640,280.33,280.33,0,0,190,679,56,TYPE_A,3.7,Starters,Thai
1476868,45,11,2640,280.33,282.33,0,0,161,679,56,TYPE_A,3.7,Starters,Thai
1310295,46,11,2640,282.33,282.33,0,0,190,679,56,TYPE_A,3.7,Starters,Thai
1048629,47,11,2640,282.33,280.33,0,0,270,679,56,TYPE_A,3.7,Starters,Thai
1302913,48,11,2640,281.33,282.33,0,0,297,679,56,TYPE_A,3.7,Starters,Thai
1131722,49,11,2640,280.33,282.33,0,0,283,679,56,TYPE_A,3.7,Starters,Thai
1183955,50,11,2640,282.33,281.33,0,0,432,679,56,TYPE_A,3.7,Starters,Thai
1300664,51,11,2640,281.33,281.33,0,0,405,679,56,TYPE_A,3.7,Starters,Thai
1176502,52,11,2640,282.33,282.33,0,0,243,679,56,TYPE_A,3.7,Starters,Thai
1330601,53,11,2640,282.33,281.33,0,0,216,679,56,TYPE_A,3.7,Starters,Thai
1152023,54,11,2640,282.33,282.33,0,0,204,679,56,TYPE_A,3.7,Starters,Thai
1474805,55,11,2640,282.33,280.33,0,0,323,679,56,TYPE_A,3.7,Starters,Thai
1191284,56,11,2640,280.33,280.33,0,0,202,679,56,TYPE_A,3.7,Starters,Thai
1309755,57,11,2640,291.03,290.03,0,0,296,679,56,TYPE_A,3.7,Starters,Thai
1355834,58,11,2640,290.03,291.03,0,0,284,679,56,TYPE_A,3.7,Starters,Thai
1417177,59,11,2640,291.03,290.03,0,0,257,679,56,TYPE_A,3.7,Starters,Thai
1453713,60,11,2640,290.03,292.03,0,0,296,679,56,TYPE_A,3.7,Starters,Thai
1187151,61,11,2640,291.03,292.03,0,0,377,679,56,TYPE_A,3.7,Starters,Thai
1253016,62,11,2640,292.03,292.03,0,0,136,679,56,TYPE_A,3.7,Starters,Thai
1362452,63,11,2640,290.09,290.09,0,0,189,679,56,TYPE_A,3.7,Starters,Thai
1214314,64,11,2640,291.03,290.03,0,0,244,679,56,TYPE_A,3.7,Starters,Thai
1426128,65,11,2640,291.03,292.03,0,0,256,679,56,TYPE_A,3.7,Starters,Thai
1436433,66,11,2640,290.03,290.03,0,0,217,679,56,TYPE_A,3.7,Starters,Thai
1159683,67,11,2640,290.03,290.03,0,0,393,679,56,TYPE_A,3.7,Starters,Thai
1353141,68,11,2640,291.03,291.03,0,0,379,679,56,TYPE_A,3.7,Starters,Thai
1337502,69,11,2640,290.03,292.03,0,0,487,679,56,TYPE_A,3.7,Starters,Thai
1052933,70,11,2640,291.03,292.03,0,0,296,679,56,TYPE_A,3.7,Starters,Thai
1498652,71,11,2640,292.03,291.03,0,0,325,679,56,TYPE_A,3.7,Starters,Thai
1344414,72,11,2640,292.03,292.03,0,0,297,679,56,TYPE_A,3.7,Starters,Thai
1103835,73,11,2640,290.03,292.03,0,0,283,679,56,TYPE_A,3.7,Starters,Thai
1363033,74,11,2640,290.03,290.03,0,0,324,679,56,TYPE_A,3.7,Starters,Thai
1416393,75,11,2640,292.03,290.03,0,0,298,679,56,TYPE_A,3.7,Starters,Thai
1199563,76,11,2640,290.03,291.03,0,0,324,679,56,TYPE_A,3.7,Starters,Thai
1402165,77,11,2640,292.03,290.03,0,0,378,679,56,TYPE_A,3.7,Starters,Thai
1365710,78,11,2640,289.09,290.03,0,1,485,679,56,TYPE_A,3.7,Starters,Thai
1491035,79,11,2640,290.03,292.03,0,0,298,679,56,TYPE_A,3.7,Starters,Thai
1071895,80,11,2640,292.03,291.03,0,1,202,679,56,TYPE_A,3.7,Starters,Thai
1199300,81,11,2640,291.03,291.03,0,1,177,679,56,TYPE_A,3.7,Starters,Thai
1148671,82,11,2640,290.03,292.03,0,1,229,679,56,TYPE_A,3.7,Starters,Thai
1484351,83,11,2640,291.03,292.03,0,1,324,679,56,TYPE_A,3.7,Starters,Thai
1324020,84,11,2640,291.03,290.03,0,1,298,679,56,TYPE_A,3.7,Starters,Thai
1232097,85,11,2640,194.0,290.03,1,1,1120,679,56,TYPE_A,3.7,Starters,Thai
1473556,86,11,2640,197.94,292.03,1,1,526,679,56,TYPE_A,3.7,Starters,Thai
1172472,87,11,2640,196.0,292.03,1,1,1324,679,56,TYPE_A,3.7,Starters,Thai
1039567,88,11,2640,273.6,290.03,1,1,215,679,56,TYPE_A,3.7,Starters,Thai
1451190,89,11,2640,292.03,291.03,0,0,204,679,56,TYPE_A,3.7,Starters,Thai
1343402,90,11,2640,292.03,290.03,0,0,473,679,56,TYPE_A,3.7,Starters,Thai
1255727,91,11,2640,292.03,291.03,0,1,242,679,56,TYPE_A,3.7,Starters,Thai
1459475,92,11,2640,292.03,290.03,0,0,352,679,56,TYPE_A,3.7,Starters,Thai
1252867,93,11,2640,292.03,290.03,0,0,339,679,56,TYPE_A,3.7,Starters,Thai
1328081,94,11,2640,292.03,290.03,0,0,377,679,56,TYPE_A,3.7,Starters,Thai
1007949,95,11,2640,292.03,292.03,0,1,243,679,56,TYPE_A,3.7,Starters,Thai
1320431,96,11,2640,292.03,292.03,0,0,217,679,56,TYPE_A,3.7,Starters,Thai
1229742,97,11,2640,291.03,292.03,0,0,163,679,56,TYPE_A,3.7,Starters,Thai
1369094,98,11,2640,292.03,291.03,0,0,163,679,56,TYPE_A,3.7,Starters,Thai
1375600,99,11,2640,290.03,290.03,0,0,230,679,56,TYPE_A,3.7,Starters,Thai
1456861,100,11,2640,290.03,291.03,0,0,244,679,56,TYPE_A,3.7,Starters,Thai
1178284,101,11,2640,290.03,292.03,0,0,242,679,56,TYPE_A,3.7,Starters,Thai
1120251,102,11,2640,292.03,290.03,0,0,258,679,56,TYPE_A,3.7,Starters,Thai
1069454,103,11,2640,290.03,292.03,0,0,215,679,56,TYPE_A,3.7,Starters,Thai
1497686,104,11,2640,292.03,291.03,0,0,271,679,56,TYPE_A,3.7,Starters,Thai
1238047,105,11,2640,291.03,290.03,0,0,216,679,56,TYPE_A,3.7,Starters,Thai
1181081,106,11,2640,290.03,291.03,0,0,189,679,56,TYPE_A,3.7,Starters,Thai
1199099,107,11,2640,213.46,290.03,1,1,811,679,56,TYPE_A,3.7,Starters,Thai
1128532,108,11,2640,213.4,292.03,1,1,661,679,56,TYPE_A,3.7,Starters,Thai
1483074,109,11,2640,217.31,292.03,1,1,810,679,56,TYPE_A,3.7,Starters,Thai
1249077,110,11,2640,214.4,292.03,0,1,512,679,56,TYPE_A,3.7,Starters,Thai
1304702,111,11,2640,291.03,291.03,0,1,69,679,56,TYPE_A,3.7,Starters,Thai
1431466,112,11,2640,292.03,292.03,0,1,80,679,56,TYPE_A,3.7,Starters,Thai
1103773,113,11,2640,290.03,292.03,0,1,202,679,56,TYPE_A,3.7,Starters,Thai
1206337,114,11,2640,290.03,292.03,0,0,188,679,56,TYPE_A,3.7,Starters,Thai
1415379,115,11,2640,292.03,291.03,0,1,204,679,56,TYPE_A,3.7,Starters,Thai
1351149,1,11,1878,281.33,282.33,0,0,68,679,56,TYPE_A,3.7,Starters,Thai
1208259,2,11,1878,282.33,282.33,0,0,53,679,56,TYPE_A,3.7,Starters,Thai
1203149,3,11,1878,243.5,282.33,0,0,109,679,56,TYPE_A,3.7,Starters,Thai
1095865,4,11,1878,243.5,281.33,0,0,162,679,56,TYPE_A,3.7,Starters,Thai
1123463,5,11,1878,243.53,281.33,0,1,190,679,56,TYPE_A,3.7,Starters,Thai
1263896,6,11,1878,243.53,282.33,0,1,188,679,56,TYPE_A,3.7,Starters,Thai
1164879,7,11,1878,242.53,282.33,0,1,149,679,56,TYPE_A,3.7,Starters,Thai
1421872,8,11,1878,246.44,281.33,0,1,162,679,56,TYPE_A,3.7,Starters,Thai
1392708,9,11,1878,242.53,280.33,0,1,162,679,56,TYPE_A,3.7,Starters,Thai
1433798,10,11,1878,280.33,282.33,0,0,68,679,56,TYPE_A,3.7,Starters,Thai
1486629,11,11,1878,282.33,280.33,0,0,68,679,56,TYPE_A,3.7,Starters,Thai
1156396,12,11,1878,280.33,280.33,0,0,135,679,56,TYPE_A,3.7,Starters,Thai
1055061,13,11,1878,280.33,280.33,0,0,54,679,56,TYPE_A,3.7,Starters,Thai
1225262,14,11,1878,282.33,282.33,0,0,163,679,56,TYPE_A,3.7,Starters,Thai
1388998,15,11,1878,281.33,282.33,0,0,69,679,56,TYPE_A,3.7,Starters,Thai
1056375,16,11,1878,280.33,280.33,0,0,54,679,56,TYPE_A,3.7,Starters,Thai
1473239,17,11,1878,282.33,280.33,0,0,68,679,56,TYPE_A,3.7,Starters,Thai
1295558,18,11,1878,281.33,282.33,0,0,122,679,56,TYPE_A,3.7,Starters,Thai
1332307,19,11,1878,282.33,282.33,0,0,55,679,56,TYPE_A,3.7,Starters,Thai
1290444,20,11,1878,280.33,282.33,0,0,161,679,56,TYPE_A,3.7,Starters,Thai
1187501,21,11,1878,280.33,282.33,0,0,81,679,56,TYPE_A,3.7,Starters,Thai
1452331,22,11,1878,281.33,282.33,0,0,121,679,56,TYPE_A,3.7,Starters,Thai
1300528,23,11,1878,281.33,281.33,0,0,53,679,56,TYPE_A,3.7,Starters,Thai
1024203,24,11,1878,282.33,281.33,0,0,121,679,56,TYPE_A,3.7,Starters,Thai
1268139,25,11,1878,282.33,282.33,0,0,108,679,56,TYPE_A,3.7,Starters,Thai
1318015,26,11,1878,282.33,282.33,0,0,134,679,56,TYPE_A,3.7,Starters,Thai
1376330,27,11,1878,281.33,280.33,0,0,96,679,56,TYPE_A,3.7,Starters,Thai
1145729,28,11,1878,282.33,280.33,0,0,148,679,56,TYPE_A,3.7,Starters,Thai
1371243,29,11,1878,281.33,280.33,0,0,94,679,56,TYPE_A,3.7,Starters,Thai
1027543,30,11,1878,281.33,280.33,0,0,67,679,56,TYPE_A,3.7,Starters,Thai
1152951,31,11,1878,280.33,280.33,0,0,96,679,56,TYPE_A,3.7,Starters,Thai
1476438,32,11,1878,280.33,280.33,0,0,42,679,56,TYPE_A,3.7,Starters,Thai
1193896,33,11,1878,280.33,280.33,0,0,27,679,56,TYPE_A,3.7,Starters,Thai
1384790,34,11,1878,282.33,280.33,0,0,136,679,56,TYPE_A,3.7,Starters,Thai
1169117,35,11,1878,272.63,270.63,0,0,42,679,56,TYPE_A,3.7,Starters,Thai
1055196,36,11,1878,282.33,280.33,0,0,42,679,56,TYPE_A,3.7,Starters,Thai
1033145,37,11,1878,281.33,282.33,0,0,95,679,56,TYPE_A,3.7,Starters,Thai
1053245,38,11,1878,280.33,280.33,0,0,13,679,56,TYPE_A,3.7,Starters,Thai
1380735,39,11,1878,280.33,282.33,0,0,53,679,56,TYPE_A,3.7,Starters,Thai
1296567,40,11,1878,282.33,281.33,0,0,53,679,56,TYPE_A,3.7,Starters,Thai
1149014,41,11,1878,280.33,281.33,0,0,108,679,56,TYPE_A,3.7,Starters,Thai
1159512,42,11,1878,282.33,282.33,0,0,190,679,56,TYPE_A,3.7,Starters,Thai
1328560,43,11,1878,282.33,282.33,0,0,94,679,56,TYPE_A,3.7,Starters,Thai
1018568,44,11,1878,281.33,282.33,0,0,149,679,56,TYPE_A,3.7,Starters,Thai
1090729,45,11,1878,280.33,282.33,0,0,162,679,56,TYPE_A,3.7,Starters,Thai
1462275,46,11,1878,282.33,281.33,0,0,163,679,56,TYPE_A,3.7,Starters,Thai
1436324,47,11,1878,282.33,282.33,0,0,190,679,56,TYPE_A,3.7,Starters,Thai
1340059,48,11,1878,282.33,280.33,0,0,189,679,56,TYPE_A,3.7,Starters,Thai
1186812,49,11,1878,280.33,282.33,0,0,190,679,56,TYPE_A,3.7,Starters,Thai
1265425,50,11,1878,281.33,281.33,0,0,204,679,56,TYPE_A,3.7,Starters,Thai
1344107,51,11,1878,281.33,280.33,0,0,297,679,56,TYPE_A,3.7,Starters,Thai
1411979,52,11,1878,281.33,281.33,0,0,107,679,56,TYPE_A,3.7,Starters,Thai
1172855,53,11,1878,280.33,282.33,0,0,134,679,56,TYPE_A,3.7,Starters,Thai
1447160,54,11,1878,280.33,281.33,0,0,161,679,56,TYPE_A,3.7,Starters,Thai
1300064,55,11,1878,282.33,280.33,0,0,81,679,56,TYPE_A,3.7,Starters,Thai
1142008,56,11,1878,282.33,280.33,0,0,175,679,56,TYPE_A,3.7,Starters,Thai
1202350,57,11,1878,292.03,290.03,0,0,162,679,56,TYPE_A,3.7,Starters,Thai
1416824,58,11,1878,292.03,292.03,0,0,41,679,56,TYPE_A,3.7,Starters,Thai
1437967,59,11,1878,291.03,292.03,0,0,108,679,56,TYPE_A,3.7,Starters,Thai
1224878,60,11,1878,291.03,291.03,0,0,82,679,56,TYPE_A,3.7,Starters,Thai
1185895,61,11,1878,291.03,290.03,0,0,188,679,56,TYPE_A,3.7,Starters,Thai
1204143,62,11,1878,292.03,290.03,0,0,40,679,56,TYPE_A,3.7,Starters,Thai
1267927,63,11,1878,292.03,292.03,0,0,271,679,56,TYPE_A,3.7,Starters,Thai
1122941,64,11,1878,290.03,292.03,0,0,136,679,56,TYPE_A,3.7,Starters,Thai
1395312,65,11,1878,290.03,292.03,0,0,161,679,56,TYPE_A,3.7,Starters,Thai
1288651,66,11,1878,290.03,291.03,0,0,230,679,56,TYPE_A,3.7,Starters,Thai
1162298,67,11,1878,291.03,290.03,0,0,189,679,56,TYPE_A,3.7,Starters,Thai
1304677,68,11,1878,290.03,291.03,0,0,258,679,56,TYPE_A,3.7,Starters,Thai
1355190,69,11,1878,290.03,290.03,0,0,175,679,56,TYPE_A,3.7,Starters,Thai
1173773,70,11,1878,291.03,291.03,0,0,81,679,56,TYPE_A,3.7,Starters,Thai
1494392,71,11,1878,291.03,290.03,0,0,122,679,56,TYPE_A,3.7,Starters,Thai
1075792,72,11,1878,290.03,292.03,0,0,189,679,56,TYPE_A,3.7,Starters,Thai
1152989,73,11,1878,292.03,292.03,0,0,189,679,56,TYPE_A,3.7,Starters,Thai
1349296,74,11,1878,291.03,290.03,0,0,203,679,56,TYPE_A,3.7,Starters,Thai
1253312,75,11,1878,292.03,292.03,0,0,162,679,56,TYPE_A,3.7,Starters,Thai
1285307,76,11,1878,292.03,292.03,0,0,161,679,56,TYPE_A,3.7,Starters,Thai
1448881,77,11,1878,290.03,290.03,0,0,216,679,56,TYPE_A,3.7,Starters,Thai
1497385,78,11,1878,292.03,291.03,0,1,256,679,56,TYPE_A,3.7,Starters,Thai
1164090,79,11,1878,291.03,291.03,0,1,270,679,56,TYPE_A,3.7,Starters,Thai
1313254,80,11,1878,290.03,292.03,0,1,136,679,56,TYPE_A,3.7,Starters,Thai
1407237,81,11,1878,291.03,292.03,0,1,96,679,56,TYPE_A,3.7,Starters,Thai
1409910,82,11,1878,292.03,292.03,0,1,231,679,56,TYPE_A,3.7,Starters,Thai
1273688,83,11,1878,290.03,292.03,0,1,311,679,56,TYPE_A,3.7,Starters,Thai
1314128,84,11,1878,291.03,290.03,0,1,188,679,56,TYPE_A,3.7,Starters,Thai
1083573,85,11,1878,194.97,291.03,1,1,769,679,56,TYPE_A,3.7,Starters,Thai
1405134,86,11,1878,194.97,292.03,1,1,566,679,56,TYPE_A,3.7,Starters,Thai
1201143,87,11,1878,193.03,291.03,1,1,771,679,56,TYPE_A,3.7,Starters,Thai
1372770,88,11,1878,246.41,292.03,1,0,365,679,56,TYPE_A,3.7,Starters,Thai
1031053,89,11,1878,292.03,292.03,0,0,136,679,56,TYPE_A,3.7,Starters,Thai
1151377,90,11,1878,290.03,291.03,0,0,215,679,56,TYPE_A,3.7,Starters,Thai
1275238,91,11,1878,291.03,290.03,0,1,217,679,56,TYPE_A,3.7,Starters,Thai
1393233,92,11,1878,291.03,292.03,0,0,202,679,56,TYPE_A,3.7,Starters,Thai
1461543,93,11,1878,292.03,291.03,0,0,123,679,56,TYPE_A,3.7,Starters,Thai
1440199,94,11,1878,292.03,290.03,0,1,122,679,56,TYPE_A,3.7,Starters,Thai
1218164,95,11,1878,290.03,291.03,0,1,231,679,56,TYPE_A,3.7,Starters,Thai
1240338,96,11,1878,291.03,292.03,0,0,149,679,56,TYPE_A,3.7,Starters,Thai
1100276,97,11,1878,290.03,290.03,0,0,134,679,56,TYPE_A,3.7,Starters,Thai
1438331,98,11,1878,292.03,292.03,0,0,135,679,56,TYPE_A,3.7,Starters,Thai
1050904,99,11,1878,291.03,290.03,0,0,161,679,56,TYPE_A,3.7,Starters,Thai
1240026,100,11,1878,290.03,290.03,0,0,121,679,56,TYPE_A,3.7,Starters,Thai
1143760,101,11,1878,291.03,290.03,0,0,284,679,56,TYPE_A,3.7,Starters,Thai
1011648,102,11,1878,292.03,290.03,0,0,163,679,56,TYPE_A,3.7,Starters,Thai
1221469,103,11,1878,292.03,290.03,0,0,296,679,56,TYPE_A,3.7,Starters,Thai
1364022,104,11,1878,292.03,292.03,0,0,177,679,56,TYPE_A,3.7,Starters,Thai
1451263,105,11,1878,291.03,290.03,0,0,122,679,56,TYPE_A,3.7,Starters,Thai
1437280,106,11,1878,292.03,290.03,0,0,107,679,56,TYPE_A,3.7,Starters,Thai
1238339,107,11,1878,214.37,292.03,1,1,350,679,56,TYPE_A,3.7,Starters,Thai
1175038,108,11,1878,212.46,291.03,1,1,338,679,56,TYPE_A,3.7,Starters,Thai
1031798,109,11,1878,215.37,291.03,1,1,366,679,56,TYPE_A,3.7,Starters,Thai
1250421,110,11,1878,213.46,291.03,0,1,297,679,56,TYPE_A,3.7,Starters,Thai
1085856,111,11,1878,291.03,291.03,0,1,69,679,56,TYPE_A,3.7,Starters,Thai
1487623,112,11,1878,290.03,291.03,0,1,96,679,56,TYPE_A,3.7,Starters,Thai
1195382,113,11,1878,292.03,290.03,0,1,109,679,56,TYPE_A,3.7,Starters,Thai
1201259,114,11,1878,291.03,290.03,0,1,82,679,56,TYPE_A,3.7,Starters,Thai
1434680,115,11,1878,290.03,290.03,0,1,69,679,56,TYPE_A,3.7,Starters,Thai
