Data set/Center wise/Center_11_Rank7.csv
id,week,center_id,meal_id,checkout_price,base_price,emailer_for_promotion,homepage_featured,num_orders,city_code,region_code,center_type,op_area,category,cuisine
1039383,1,11,2306,243.5,338.53,0,0,258,679,56,TYPE_A,3.7,Pasta,Italian
1483408,2,11,2306,244.5,338.53,0,0,285,679,56,TYPE_A,3.7,Pasta,Italian
1250319,3,11,2306,244.5,340.53,0,0,121,679,56,TYPE_A,3.7,Pasta,Italian
1180776,4,11,2306,340.53,339.53,0,0,41,679,56,TYPE_A,3.7,Pasta,Italian
1108540,5,11,2306,340.53,339.53,0,0,67,679,56,TYPE_A,3.7,Pasta,Italian
1271357,7,11,2306,338.53,340.53,0,1,26,679,56,TYPE_A,3.7,Pasta,Italian
1498372,8,11,2306,249.32,340.53,1,1,82,679,56,TYPE_A,3.7,Pasta,Italian
1496953,9,11,2306,243.5,338.53,0,1,94,679,56,TYPE_A,3.7,Pasta,Italian
1333849,10,11,2306,243.5,340.53,0,0,53,679,56,TYPE_A,3.7,Pasta,Italian
1164731,11,11,2306,242.5,340.53,0,0,68,679,56,TYPE_A,3.7,Pasta,Italian
1279817,12,11,2306,243.5,340.53,1,0,188,679,56,TYPE_A,3.7,Pasta,Italian
1107464,13,11,2306,244.5,338.53,0,1,149,679,56,TYPE_A,3.7,Pasta,Italian
1003470,14,11,2306,243.5,338.53,0,0,94,679,56,TYPE_A,3.7,Pasta,Italian
1303509,15,11,2306,242.5,339.53,0,1,109,679,56,TYPE_A,3.7,Pasta,Italian
1075549,16,11,2306,339.53,339.53,0,0,42,679,56,TYPE_A,3.7,Pasta,Italian
1305910,17,11,2306,338.53,338.53,0,0,68,679,56,TYPE_A,3.7,Pasta,Italian
1117547,18,11,2306,244.5,338.53,0,0,134,679,56,TYPE_A,3.7,Pasta,Italian
1184196,19,11,2306,244.5,339.53,0,0,94,679,56,TYPE_A,3.7,Pasta,Italian
1096867,20,11,2306,244.5,338.53,0,0,69,679,56,TYPE_A,3.7,Pasta,Italian
1191917,21,11,2306,244.5,340.53,0,0,188,679,56,TYPE_A,3.7,Pasta,Italian
1336277,22,11,2306,339.53,338.53,0,0,14,679,56,TYPE_A,3.7,Pasta,Italian
1272553,23,11,2306,340.53,338.53,0,0,41,679,56,TYPE_A,3.7,Pasta,Italian
1026316,24,11,2306,340.53,338.53,0,0,26,679,56,TYPE_A,3.7,Pasta,Italian
1082067,25,11,2306,244.5,338.53,1,0,216,679,56,TYPE_A,3.7,Pasta,Italian
1064163,26,11,2306,243.5,339.53,0,1,163,679,56,TYPE_A,3.7,Pasta,Italian
1304884,27,11,2306,244.5,340.53,1,1,271,679,56,TYPE_A,3.7,Pasta,Italian
1222633,28,11,2306,339.53,338.53,0,0,28,679,56,TYPE_A,3.7,Pasta,Italian
1357217,29,11,2306,339.53,339.53,0,0,40,679,56,TYPE_A,3.7,Pasta,Italian
1347929,30,11,2306,340.53,340.53,0,0,53,679,56,TYPE_A,3.7,Pasta,Italian
1089453,31,11,2306,338.53,340.53,0,0,27,679,56,TYPE_A,3.7,Pasta,Italian
1024102,32,11,2306,293.91,340.53,0,0,81,679,56,TYPE_A,3.7,Pasta,Italian
1107677,33,11,2306,244.5,339.53,0,0,136,679,56,TYPE_A,3.7,Pasta,Italian
1086064,34,11,2306,242.5,340.53,0,0,95,679,56,TYPE_A,3.7,Pasta,Italian
1220415,35,11,2306,244.5,338.53,0,0,109,679,56,TYPE_A,3.7,Pasta,Italian
1074843,36,11,2306,244.5,338.53,0,0,122,679,56,TYPE_A,3.7,Pasta,Italian
1361678,37,11,2306,339.53,338.53,0,1,28,679,56,TYPE_A,3.7,Pasta,Italian
1218142,38,11,2306,338.53,338.53,0,0,54,679,56,TYPE_A,3.7,Pasta,Italian
1371293,39,11,2306,244.5,338.53,0,0,67,679,56,TYPE_A,3.7,Pasta,Italian
1174021,40,11,2306,244.5,338.53,0,0,82,679,56,TYPE_A,3.7,Pasta,Italian
1474928,41,11,2306,242.5,338.53,0,0,80,679,56,TYPE_A,3.7,Pasta,Italian
1049901,42,11,2306,242.5,339.53,0,0,189,679,56,TYPE_A,3.7,Pasta,Italian
1453373,43,11,2306,340.53,339.53,0,0,14,679,56,TYPE_A,3.7,Pasta,Italian
1242728,44,11,2306,295.85,338.53,0,0,108,679,56,TYPE_A,3.7,Pasta,Italian
1103081,45,11,2306,339.53,339.53,0,0,81,679,56,TYPE_A,3.7,Pasta,Italian
1361859,46,11,2306,339.53,338.53,0,0,13,679,56,TYPE_A,3.7,Pasta,Italian
1019472,47,11,2306,340.53,338.53,0,0,67,679,56,TYPE_A,3.7,Pasta,Italian
1051637,48,11,2306,320.13,321.13,0,0,68,679,56,TYPE_A,3.7,Pasta,Italian
1197096,49,11,2306,340.53,338.53,0,0,68,679,56,TYPE_A,3.7,Pasta,Italian
1462460,50,11,2306,340.53,340.53,0,0,96,679,56,TYPE_A,3.7,Pasta,Italian
1241365,51,11,2306,339.53,338.53,0,0,55,679,56,TYPE_A,3.7,Pasta,Italian
1413508,52,11,2306,243.5,338.53,0,1,231,679,56,TYPE_A,3.7,Pasta,Italian
1350623,53,11,2306,248.32,339.53,1,0,244,679,56,TYPE_A,3.7,Pasta,Italian
1049823,54,11,2306,231.86,340.53,0,0,271,679,56,TYPE_A,3.7,Pasta,Italian
1032505,55,11,2306,243.5,340.53,0,0,204,679,56,TYPE_A,3.7,Pasta,Italian
1401704,58,11,2306,338.53,339.53,0,0,26,679,56,TYPE_A,3.7,Pasta,Italian
1049300,59,11,2306,338.53,339.53,0,0,41,679,56,TYPE_A,3.7,Pasta,Italian
1081808,60,11,2306,284.27,340.53,0,0,82,679,56,TYPE_A,3.7,Pasta,Italian
1341753,61,11,2306,340.53,338.53,0,0,80,679,56,TYPE_A,3.7,Pasta,Italian
1499390,63,11,2306,340.53,340.53,0,0,28,679,56,TYPE_A,3.7,Pasta,Italian
1164351,64,11,2306,340.53,339.53,0,0,67,679,56,TYPE_A,3.7,Pasta,Italian
1323815,65,11,2306,340.53,338.53,0,0,14,679,56,TYPE_A,3.7,Pasta,Italian
1428376,66,11,2306,243.5,339.53,0,0,217,679,56,TYPE_A,3.7,Pasta,Italian
1214192,67,11,2306,243.5,339.53,0,0,107,679,56,TYPE_A,3.7,Pasta,Italian
1243723,68,11,2306,242.5,338.53,0,0,175,679,56,TYPE_A,3.7,Pasta,Italian
1341791,69,11,2306,323.04,323.04,0,0,53,679,56,TYPE_A,3.7,Pasta,Italian
1225329,70,11,2306,243.5,324.04,1,0,149,679,56,TYPE_A,3.7,Pasta,Italian
1138761,72,11,2306,207.64,324.04,0,0,177,679,56,TYPE_A,3.7,Pasta,Italian
1151462,73,11,2306,190.18,324.04,0,0,202,679,56,TYPE_A,3.7,Pasta,Italian
1253843,74,11,2306,338.53,340.53,0,0,67,679,56,TYPE_A,3.7,Pasta,Italian
1113771,75,11,2306,349.26,349.26,0,0,109,679,56,TYPE_A,3.7,Pasta,Italian
1280060,76,11,2306,348.26,348.26,0,0,69,679,56,TYPE_A,3.7,Pasta,Italian
1009772,77,11,2306,347.26,349.26,0,0,109,679,56,TYPE_A,3.7,Pasta,Italian
1016634,78,11,2306,348.26,349.26,0,0,107,679,56,TYPE_A,3.7,Pasta,Italian
1193352,79,11,2306,348.26,348.26,0,0,80,679,56,TYPE_A,3.7,Pasta,Italian
1441637,80,11,2306,347.26,348.26,0,0,53,679,56,TYPE_A,3.7,Pasta,Italian
1283285,81,11,2306,348.26,347.26,0,0,69,679,56,TYPE_A,3.7,Pasta,Italian
1124265,82,11,2306,347.26,349.26,0,0,42,679,56,TYPE_A,3.7,Pasta,Italian
1260700,83,11,2306,348.26,348.26,0,0,68,679,56,TYPE_A,3.7,Pasta,Italian
1121862,85,11,2306,244.5,349.26,0,0,68,679,56,TYPE_A,3.7,Pasta,Italian
1227585,86,11,2306,242.5,349.26,0,0,231,679,56,TYPE_A,3.7,Pasta,Italian
1468364,87,11,2306,243.5,347.26,0,0,134,679,56,TYPE_A,3.7,Pasta,Italian
1063865,88,11,2306,253.23,347.26,0,0,163,679,56,TYPE_A,3.7,Pasta,Italian
1355790,89,11,2306,349.26,348.26,0,0,14,679,56,TYPE_A,3.7,Pasta,Italian
1174514,90,11,2306,348.26,349.26,0,0,53,679,56,TYPE_A,3.7,Pasta,Italian
1134609,91,11,2306,349.26,348.26,0,0,26,679,56,TYPE_A,3.7,Pasta,Italian
1002492,92,11,2306,348.26,348.26,0,0,27,679,56,TYPE_A,3.7,Pasta,Italian
1112596,93,11,2306,348.26,347.26,0,0,28,679,56,TYPE_A,3.7,Pasta,Italian
1423231,94,11,2306,349.26,349.26,0,0,14,679,56,TYPE_A,3.7,Pasta,Italian
1251775,95,11,2306,347.26,348.26,0,0,26,679,56,TYPE_A,3.7,Pasta,Italian
1348538,96,11,2306,347.26,348.26,0,0,42,679,56,TYPE_A,3.7,Pasta,Italian
1290094,97,11,2306,348.26,347.26,0,0,26,679,56,TYPE_A,3.7,Pasta,Italian
1258235,98,11,2306,347.26,347.26,0,0,27,679,56,TYPE_A,3.7,Pasta,Italian
1376876,100,11,2306,348.26,347.26,0,0,13,679,56,TYPE_A,3.7,Pasta,Italian
1180279,103,11,2306,244.5,349.26,0,0,82,679,56,TYPE_A,3.7,Pasta,Italian
1000477,104,11,2306,248.32,349.26,1,0,244,679,56,TYPE_A,3.7,Pasta,Italian
1294297,105,11,2306,243.5,349.26,1,0,283,679,56,TYPE_A,3.7,Pasta,Italian
1414694,106,11,2306,244.5,348.26,0,0,150,679,56,TYPE_A,3.7,Pasta,Italian
1112279,107,11,2306,357.93,359.93,0,0,94,679,56,TYPE_A,3.7,Pasta,Italian
1102989,109,11,2306,357.93,357.93,0,0,40,679,56,TYPE_A,3.7,Pasta,Italian
1370964,110,11,2306,359.93,358.93,0,0,13,679,56,TYPE_A,3.7,Pasta,Italian
1415487,111,11,2306,357.93,358.93,0,0,13,679,56,TYPE_A,3.7,Pasta,Italian
1141421,112,11,2306,359.93,358.93,0,0,15,679,56,TYPE_A,3.7,Pasta,Italian
1038562,113,11,2306,254.14,357.93,1,0,136,679,56,TYPE_A,3.7,Pasta,Italian
1416034,114,11,2306,210.49,357.93,1,0,82,679,56,TYPE_A,3.7,Pasta,Italian
1490706,115,11,2306,328.83,328.83,0,0,53,679,56,TYPE_A,3.7,Pasta,Italian
1435407,1,11,1216,456.93,456.93,0,1,13,679,56,TYPE_A,3.7,Pasta,Italian
1493303,2,11,1216,455.93,454.93,0,1,26,679,56,TYPE_A,3.7,Pasta,Italian
1136093,3,11,1216,454.93,454.93,0,1,108,679,56,TYPE_A,3.7,Pasta,Italian
1382286,4,11,1216,455.93,456.93,0,0,80,679,56,TYPE_A,3.7,Pasta,Italian
1234915,5,11,1216,455.93,456.93,0,0,14,679,56,TYPE_A,3.7,Pasta,Italian
1298179,6,11,1216,454.93,456.93,0,0,14,679,56,TYPE_A,3.7,Pasta,Italian
1140296,7,11,1216,454.93,455.93,0,1,109,679,56,TYPE_A,3.7,Pasta,Italian
1287823,8,11,1216,339.5,454.93,0,1,96,679,56,TYPE_A,3.7,Pasta,Italian
1183136,9,11,1216,340.5,454.93,0,1,13,679,56,TYPE_A,3.7,Pasta,Italian
1478666,10,11,1216,351.2,454.93,0,1,26,679,56,TYPE_A,3.7,Pasta,Italian
1099111,11,11,1216,340.5,454.93,0,1,14,679,56,TYPE_A,3.7,Pasta,Italian
1134758,12,11,1216,407.43,456.93,0,1,148,679,56,TYPE_A,3.7,Pasta,Italian
1077896,13,11,1216,407.43,456.93,0,0,40,679,56,TYPE_A,3.7,Pasta,Italian
1155568,14,11,1216,408.43,456.93,0,0,123,679,56,TYPE_A,3.7,Pasta,Italian
1334551,15,11,1216,407.43,455.93,0,0,82,679,56,TYPE_A,3.7,Pasta,Italian
1330320,17,11,1216,406.43,454.93,0,0,27,679,56,TYPE_A,3.7,Pasta,Italian
1134772,21,11,1216,333.68,456.93,0,0,26,679,56,TYPE_A,3.7,Pasta,Italian
1348431,22,11,1216,339.5,455.93,0,1,121,679,56,TYPE_A,3.7,Pasta,Italian
1411286,23,11,1216,340.5,455.93,0,1,54,679,56,TYPE_A,3.7,Pasta,Italian
1492127,24,11,1216,341.5,454.93,0,1,42,679,56,TYPE_A,3.7,Pasta,Italian
1024220,25,11,1216,374.45,455.93,0,1,26,679,56,TYPE_A,3.7,Pasta,Italian
1441219,26,11,1216,406.43,454.93,0,1,26,679,56,TYPE_A,3.7,Pasta,Italian
1139842,27,11,1216,406.43,454.93,0,1,41,679,56,TYPE_A,3.7,Pasta,Italian
1231534,28,11,1216,408.43,456.93,0,0,42,679,56,TYPE_A,3.7,Pasta,Italian
1006242,30,11,1216,406.43,407.43,0,0,13,679,56,TYPE_A,3.7,Pasta,Italian
1091270,31,11,1216,408.43,406.43,0,0,134,679,56,TYPE_A,3.7,Pasta,Italian
1354126,32,11,1216,408.43,408.43,0,0,53,679,56,TYPE_A,3.7,Pasta,Italian
1153069,33,11,1216,406.43,407.43,0,0,121,679,56,TYPE_A,3.7,Pasta,Italian
1039262,34,11,1216,406.43,406.43,0,0,40,679,56,TYPE_A,3.7,Pasta,Italian
1434846,35,11,1216,338.59,407.43,1,0,109,679,56,TYPE_A,3.7,Pasta,Italian
1425489,36,11,1216,352.17,408.43,1,0,68,679,56,TYPE_A,3.7,Pasta,Italian
1032278,37,11,1216,337.59,406.43,0,0,41,679,56,TYPE_A,3.7,Pasta,Italian
1228827,38,11,1216,337.59,408.43,0,0,54,679,56,TYPE_A,3.7,Pasta,Italian
1156908,39,11,1216,369.63,369.63,0,0,41,679,56,TYPE_A,3.7,Pasta,Italian
1306512,40,11,1216,367.63,368.63,0,0,82,679,56,TYPE_A,3.7,Pasta,Italian
1340796,41,11,1216,367.63,367.63,0,0,28,679,56,TYPE_A,3.7,Pasta,Italian
1054676,42,11,1216,367.63,368.63,0,0,28,679,56,TYPE_A,3.7,Pasta,Italian
1376807,43,11,1216,406.43,407.43,0,0,53,679,56,TYPE_A,3.7,Pasta,Italian
1323755,44,11,1216,408.43,408.43,0,0,55,679,56,TYPE_A,3.7,Pasta,Italian
1062593,45,11,1216,407.43,407.43,0,0,55,679,56,TYPE_A,3.7,Pasta,Italian
1052364,46,11,1216,406.43,407.43,0,0,41,679,56,TYPE_A,3.7,Pasta,Italian
1156523,47,11,1216,407.43,408.43,0,0,69,679,56,TYPE_A,3.7,Pasta,Italian
1290512,48,11,1216,406.43,408.43,0,0,41,679,56,TYPE_A,3.7,Pasta,Italian
1326255,49,11,1216,408.43,408.43,0,0,14,679,56,TYPE_A,3.7,Pasta,Italian
1239865,50,11,1216,388.03,387.03,0,0,107,679,56,TYPE_A,3.7,Pasta,Italian
1389402,51,11,1216,389.03,388.03,0,0,94,679,56,TYPE_A,3.7,Pasta,Italian
1207120,52,11,1216,388.03,387.03,0,0,55,679,56,TYPE_A,3.7,Pasta,Italian
1070929,53,11,1216,387.03,389.03,0,0,68,679,56,TYPE_A,3.7,Pasta,Italian
1286248,54,11,1216,389.03,389.03,0,0,67,679,56,TYPE_A,3.7,Pasta,Italian
1348313,55,11,1216,387.03,389.03,0,0,135,679,56,TYPE_A,3.7,Pasta,Italian
1237818,56,11,1216,389.03,388.03,0,0,95,679,56,TYPE_A,3.7,Pasta,Italian
1290256,57,11,1216,388.03,388.03,0,0,96,679,56,TYPE_A,3.7,Pasta,Italian
1312728,58,11,1216,387.03,387.03,0,0,67,679,56,TYPE_A,3.7,Pasta,Italian
1312578,59,11,1216,388.03,387.03,0,0,68,679,56,TYPE_A,3.7,Pasta,Italian
1038180,60,11,1216,389.03,387.03,0,0,149,679,56,TYPE_A,3.7,Pasta,Italian
1198081,61,11,1216,388.03,388.03,0,0,188,679,56,TYPE_A,3.7,Pasta,Italian
1359345,62,11,1216,389.03,388.03,0,0,27,679,56,TYPE_A,3.7,Pasta,Italian
1398647,63,11,1216,389.03,388.03,0,0,94,679,56,TYPE_A,3.7,Pasta,Italian
1472680,64,11,1216,389.03,389.03,0,0,41,679,56,TYPE_A,3.7,Pasta,Italian
1465506,65,11,1216,388.03,387.03,0,0,96,679,56,TYPE_A,3.7,Pasta,Italian
1082856,66,11,1216,388.03,388.03,0,0,81,679,56,TYPE_A,3.7,Pasta,Italian
1429895,67,11,1216,389.03,388.03,0,0,54,679,56,TYPE_A,3.7,Pasta,Italian
1055919,68,11,1216,388.03,388.03,0,0,69,679,56,TYPE_A,3.7,Pasta,Italian
1021234,69,11,1216,389.03,387.03,0,0,95,679,56,TYPE_A,3.7,Pasta,Italian
1448756,70,11,1216,387.03,387.03,0,0,95,679,56,TYPE_A,3.7,Pasta,Italian
1439258,71,11,1216,387.03,387.03,0,0,14,679,56,TYPE_A,3.7,Pasta,Italian
1052472,72,11,1216,389.03,387.03,0,0,69,679,56,TYPE_A,3.7,Pasta,Italian
1494473,73,11,1216,387.03,387.03,0,0,54,679,56,TYPE_A,3.7,Pasta,Italian
1427675,74,11,1216,388.03,387.03,0,0,28,679,56,TYPE_A,3.7,Pasta,Italian
1037749,75,11,1216,387.03,388.03,0,0,27,679,56,TYPE_A,3.7,Pasta,Italian
1152824,76,11,1216,389.03,387.03,0,0,136,679,56,TYPE_A,3.7,Pasta,Italian
1247558,77,11,1216,389.03,388.03,0,0,53,679,56,TYPE_A,3.7,Pasta,Italian
1118050,78,11,1216,387.03,388.03,0,0,67,679,56,TYPE_A,3.7,Pasta,Italian
1381699,80,11,1216,389.03,387.03,0,0,67,679,56,TYPE_A,3.7,Pasta,Italian
1482683,81,11,1216,388.03,388.03,0,0,41,679,56,TYPE_A,3.7,Pasta,Italian
1409207,82,11,1216,387.03,387.03,0,0,81,679,56,TYPE_A,3.7,Pasta,Italian
1137157,83,11,1216,387.03,387.03,0,0,123,679,56,TYPE_A,3.7,Pasta,Italian
1362706,84,11,1216,387.03,389.03,0,0,94,679,56,TYPE_A,3.7,Pasta,Italian
1489019,85,11,1216,387.03,387.03,0,0,108,679,56,TYPE_A,3.7,Pasta,Italian
1284089,86,11,1216,387.03,387.03,0,0,161,679,56,TYPE_A,3.7,Pasta,Italian
1072545,87,11,1216,389.03,389.03,0,0,109,679,56,TYPE_A,3.7,Pasta,Italian
1382617,88,11,1216,418.13,416.13,0,0,81,679,56,TYPE_A,3.7,Pasta,Italian
1323830,89,11,1216,416.13,417.13,0,0,69,679,56,TYPE_A,3.7,Pasta,Italian
1003617,90,11,1216,341.5,417.13,1,0,136,679,56,TYPE_A,3.7,Pasta,Italian
1378254,91,11,1216,339.5,416.13,1,0,96,679,56,TYPE_A,3.7,Pasta,Italian
1440399,92,11,1216,329.83,417.13,0,0,55,679,56,TYPE_A,3.7,Pasta,Italian
1496515,93,11,1216,340.5,418.13,0,0,122,679,56,TYPE_A,3.7,Pasta,Italian
1064768,94,11,1216,340.5,417.13,0,0,68,679,56,TYPE_A,3.7,Pasta,Italian
1238020,95,11,1216,418.13,416.13,0,0,68,679,56,TYPE_A,3.7,Pasta,Italian
1112139,96,11,1216,416.13,416.13,0,0,55,679,56,TYPE_A,3.7,Pasta,Italian
1365231,97,11,1216,416.13,417.13,0,0,69,679,56,TYPE_A,3.7,Pasta,Italian
1009263,98,11,1216,290.03,417.13,1,0,134,679,56,TYPE_A,3.7,Pasta,Italian
1272455,99,11,1216,291.03,418.13,1,0,94,679,56,TYPE_A,3.7,Pasta,Italian
1169418,100,11,1216,291.03,417.13,0,0,53,679,56,TYPE_A,3.7,Pasta,Italian
1067878,101,11,1216,309.43,417.13,0,0,67,679,56,TYPE_A,3.7,Pasta,Italian
1340462,102,11,1216,387.03,388.03,0,0,67,679,56,TYPE_A,3.7,Pasta,Italian
1218772,104,11,1216,387.03,388.03,0,0,13,679,56,TYPE_A,3.7,Pasta,Italian
1085796,105,11,1216,387.03,387.03,0,0,54,679,56,TYPE_A,3.7,Pasta,Italian
1186207,106,11,1216,387.03,388.03,0,0,42,679,56,TYPE_A,3.7,Pasta,Italian
1268016,107,11,1216,387.03,389.03,0,0,42,679,56,TYPE_A,3.7,Pasta,Italian
1375538,108,11,1216,341.5,389.03,0,0,109,679,56,TYPE_A,3.7,Pasta,Italian
1445066,109,11,1216,339.5,388.03,0,0,122,679,56,TYPE_A,3.7,Pasta,Italian
1355127,110,11,1216,341.5,389.03,0,0,109,679,56,TYPE_A,3.7,Pasta,Italian
1286388,111,11,1216,339.5,389.03,0,0,80,679,56,TYPE_A,3.7,Pasta,Italian
1167230,112,11,1216,418.13,417.13,0,0,27,679,56,TYPE_A,3.7,Pasta,Italian
1109567,113,11,1216,418.13,418.13,0,0,82,679,56,TYPE_A,3.7,Pasta,Italian
1456489,114,11,1216,417.13,417.13,0,0,53,679,56,TYPE_A,3.7,Pasta,Italian
1018036,115,11,1216,418.13,416.13,0,0,135,679,56,TYPE_A,3.7,Pasta,Italian
