Data set/Center wise/Center_11_Rank7.csv
id,week,center_id,meal_id,checkout_price,base_price,emailer_for_promotion,homepage_featured,num_orders,city_code,region_code,center_type,op_area,category,cuisine
1199821,1,11,2826,338.53,338.53,0,0,458,679,56,TYPE_A,3.7,Sandwich,Italian
1440309,2,11,2826,339.53,338.53,0,0,460,679,56,TYPE_A,3.7,Sandwich,Italian
1068782,3,11,2826,339.53,338.53,0,0,620,679,56,TYPE_A,3.7,Sandwich,Italian
1242380,4,11,2826,339.53,339.53,0,0,985,679,56,TYPE_A,3.7,Sandwich,Italian
1110090,5,11,2826,340.53,338.53,0,0,703,679,56,TYPE_A,3.7,Sandwich,Italian
1138958,6,11,2826,339.53,338.53,0,0,514,679,56,TYPE_A,3.7,Sandwich,Italian
1498543,7,11,2826,299.73,340.53,0,0,797,679,56,TYPE_A,3.7,Sandwich,Italian
1473094,8,11,2826,298.76,338.53,0,0,959,679,56,TYPE_A,3.7,Sandwich,Italian
1085417,9,11,2826,298.76,339.53,0,0,797,679,56,TYPE_A,3.7,Sandwich,Italian
1495558,10,11,2826,247.35,338.53,1,0,1741,679,56,TYPE_A,3.7,Sandwich,Italian
1407480,11,11,2826,247.38,339.53,1,0,2093,679,56,TYPE_A,3.7,Sandwich,Italian
1222508,12,11,2826,253.23,340.53,0,0,1364,679,56,TYPE_A,3.7,Sandwich,Italian
1268252,13,11,2826,300.76,340.53,0,0,944,679,56,TYPE_A,3.7,Sandwich,Italian
1170719,14,11,2826,299.76,340.53,0,0,744,679,56,TYPE_A,3.7,Sandwich,Italian
1194243,15,11,2826,319.13,321.13,0,0,663,679,56,TYPE_A,3.7,Sandwich,Italian
1359745,16,11,2826,319.13,320.13,0,0,432,679,56,TYPE_A,3.7,Sandwich,Italian
1417428,17,11,2826,319.13,321.13,0,0,1120,679,56,TYPE_A,3.7,Sandwich,Italian
1474028,18,11,2826,201.76,319.13,1,1,2593,679,56,TYPE_A,3.7,Sandwich,Italian
1385787,19,11,2826,248.35,319.13,0,0,1471,679,56,TYPE_A,3.7,Sandwich,Italian
1002761,20,11,2826,319.19,317.19,0,0,917,679,56,TYPE_A,3.7,Sandwich,Italian
1187088,21,11,2826,321.13,321.13,0,0,972,679,56,TYPE_A,3.7,Sandwich,Italian
1398460,22,11,2826,321.13,319.13,0,0,852,679,56,TYPE_A,3.7,Sandwich,Italian
1093616,23,11,2826,319.13,320.13,0,0,742,679,56,TYPE_A,3.7,Sandwich,Italian
1232758,24,11,2826,321.13,320.13,0,0,662,679,56,TYPE_A,3.7,Sandwich,Italian
1352984,25,11,2826,321.13,320.13,0,0,931,679,56,TYPE_A,3.7,Sandwich,Italian
1244942,26,11,2826,320.13,321.13,0,0,825,679,56,TYPE_A,3.7,Sandwich,Italian
1158625,27,11,2826,320.13,320.13,0,0,971,679,56,TYPE_A,3.7,Sandwich,Italian
1143966,28,11,2826,295.91,321.13,1,0,1216,679,56,TYPE_A,3.7,Sandwich,Italian
1154022,29,11,2826,295.91,320.13,1,0,973,679,56,TYPE_A,3.7,Sandwich,Italian
1074095,30,11,2826,321.13,320.13,0,0,825,679,56,TYPE_A,3.7,Sandwich,Italian
1346697,31,11,2826,320.13,321.13,0,0,728,679,56,TYPE_A,3.7,Sandwich,Italian
1323965,32,11,2826,321.13,319.13,0,0,674,679,56,TYPE_A,3.7,Sandwich,Italian
1022518,33,11,2826,320.13,321.13,0,0,661,679,56,TYPE_A,3.7,Sandwich,Italian
1236082,34,11,2826,320.13,319.13,0,0,906,679,56,TYPE_A,3.7,Sandwich,Italian
1410285,35,11,2826,320.13,321.13,0,0,149,679,56,TYPE_A,3.7,Sandwich,Italian
1170739,36,11,2826,319.13,319.13,0,0,917,679,56,TYPE_A,3.7,Sandwich,Italian
1364396,37,11,2826,320.13,320.13,0,0,837,679,56,TYPE_A,3.7,Sandwich,Italian
1214677,38,11,2826,321.13,319.13,0,0,622,679,56,TYPE_A,3.7,Sandwich,Italian
1446424,39,11,2826,319.13,321.13,0,0,635,679,56,TYPE_A,3.7,Sandwich,Italian
1007217,40,11,2826,321.13,320.13,0,0,715,679,56,TYPE_A,3.7,Sandwich,Italian
1137465,41,11,2826,321.13,321.13,0,0,675,679,56,TYPE_A,3.7,Sandwich,Italian
1017508,42,11,2826,319.13,319.13,0,0,917,679,56,TYPE_A,3.7,Sandwich,Italian
1048796,43,11,2826,320.13,320.13,0,0,757,679,56,TYPE_A,3.7,Sandwich,Italian
1291783,44,11,2826,319.13,319.13,0,0,756,679,56,TYPE_A,3.7,Sandwich,Italian
1400931,45,11,2826,321.13,319.13,0,0,730,679,56,TYPE_A,3.7,Sandwich,Italian
1077105,46,11,2826,252.26,319.13,1,0,486,679,56,TYPE_A,3.7,Sandwich,Italian
1463702,47,11,2826,253.2,320.13,0,0,985,679,56,TYPE_A,3.7,Sandwich,Italian
1338772,48,11,2826,320.16,319.16,0,0,1014,679,56,TYPE_A,3.7,Sandwich,Italian
1320239,49,11,2826,320.13,320.13,0,0,878,679,56,TYPE_A,3.7,Sandwich,Italian
1150193,50,11,2826,320.13,319.13,0,0,729,679,56,TYPE_A,3.7,Sandwich,Italian
1244664,51,11,2826,319.13,320.13,0,0,553,679,56,TYPE_A,3.7,Sandwich,Italian
1235795,52,11,2826,321.13,319.13,0,0,852,679,56,TYPE_A,3.7,Sandwich,Italian
1212111,53,11,2826,321.13,320.13,0,0,918,679,56,TYPE_A,3.7,Sandwich,Italian
1483251,54,11,2826,319.13,321.13,0,0,662,679,56,TYPE_A,3.7,Sandwich,Italian
1198570,55,11,2826,321.13,320.13,0,0,730,679,56,TYPE_A,3.7,Sandwich,Italian
1434253,56,11,2826,320.16,318.16,0,0,837,679,56,TYPE_A,3.7,Sandwich,Italian
1463268,57,11,2826,319.13,320.13,0,0,771,679,56,TYPE_A,3.7,Sandwich,Italian
1123646,58,11,2826,320.13,321.13,0,0,662,679,56,TYPE_A,3.7,Sandwich,Italian
1011746,59,11,2826,320.13,320.13,0,0,769,679,56,TYPE_A,3.7,Sandwich,Italian
1401834,60,11,2826,248.35,319.13,1,0,2133,679,56,TYPE_A,3.7,Sandwich,Italian
1241133,61,11,2826,320.13,319.13,0,0,621,679,56,TYPE_A,3.7,Sandwich,Italian
1197478,62,11,2826,319.13,319.13,0,0,297,679,56,TYPE_A,3.7,Sandwich,Italian
1209232,63,11,2826,273.57,321.13,1,0,1633,679,56,TYPE_A,3.7,Sandwich,Italian
1155638,64,11,2826,276.51,320.13,1,0,1674,679,56,TYPE_A,3.7,Sandwich,Italian
1260878,65,11,2826,319.16,318.16,0,0,728,679,56,TYPE_A,3.7,Sandwich,Italian
1074542,66,11,2826,320.13,321.13,0,0,730,679,56,TYPE_A,3.7,Sandwich,Italian
1193889,67,11,2826,320.13,319.13,0,0,972,679,56,TYPE_A,3.7,Sandwich,Italian
1072073,68,11,2826,319.13,319.13,0,0,811,679,56,TYPE_A,3.7,Sandwich,Italian
1101108,69,11,2826,249.32,319.13,1,1,2213,679,56,TYPE_A,3.7,Sandwich,Italian
1000526,70,11,2826,320.13,320.13,0,0,931,679,56,TYPE_A,3.7,Sandwich,Italian
1325205,71,11,2826,320.13,321.13,0,0,715,679,56,TYPE_A,3.7,Sandwich,Italian
1276524,72,11,2826,321.13,319.13,0,0,1161,679,56,TYPE_A,3.7,Sandwich,Italian
1420212,73,11,2826,319.13,321.13,0,0,837,679,56,TYPE_A,3.7,Sandwich,Italian
1357772,74,11,2826,321.13,320.13,0,0,784,679,56,TYPE_A,3.7,Sandwich,Italian
1071522,75,11,2826,247.41,319.13,1,1,2728,679,56,TYPE_A,3.7,Sandwich,Italian
1046982,76,11,2826,250.29,319.13,0,0,1594,679,56,TYPE_A,3.7,Sandwich,Italian
1277452,77,11,2826,315.25,317.25,0,0,487,679,56,TYPE_A,3.7,Sandwich,Italian
1467761,78,11,2826,320.13,319.13,0,0,501,679,56,TYPE_A,3.7,Sandwich,Italian
1434867,79,11,2826,218.31,319.13,1,0,1580,679,56,TYPE_A,3.7,Sandwich,Italian
1484221,80,11,2826,315.28,316.28,0,0,702,679,56,TYPE_A,3.7,Sandwich,Italian
1019710,81,11,2826,320.13,321.13,0,0,918,679,56,TYPE_A,3.7,Sandwich,Italian
1462510,82,11,2826,320.13,321.13,0,0,944,679,56,TYPE_A,3.7,Sandwich,Italian
1325146,83,11,2826,321.13,320.13,0,0,796,679,56,TYPE_A,3.7,Sandwich,Italian
1097395,84,11,2826,321.13,321.13,0,0,702,679,56,TYPE_A,3.7,Sandwich,Italian
1365602,85,11,2826,321.13,320.13,0,0,688,679,56,TYPE_A,3.7,Sandwich,Italian
1098014,86,11,2826,319.13,320.13,0,0,689,679,56,TYPE_A,3.7,Sandwich,Italian
1219183,87,11,2826,321.13,321.13,0,0,676,679,56,TYPE_A,3.7,Sandwich,Italian
1191123,88,11,2826,320.13,320.13,0,0,203,679,56,TYPE_A,3.7,Sandwich,Italian
1228775,89,11,2826,320.13,319.13,0,0,474,679,56,TYPE_A,3.7,Sandwich,Italian
1334617,90,11,2826,320.13,319.13,0,0,688,679,56,TYPE_A,3.7,Sandwich,Italian
1134265,91,11,2826,319.13,321.13,0,0,728,679,56,TYPE_A,3.7,Sandwich,Italian
1324917,92,11,2826,320.13,320.13,0,0,419,679,56,TYPE_A,3.7,Sandwich,Italian
1198424,93,11,2826,320.13,321.13,0,0,635,679,56,TYPE_A,3.7,Sandwich,Italian
1286751,94,11,2826,251.26,320.13,0,0,1378,679,56,TYPE_A,3.7,Sandwich,Italian
1392273,95,11,2826,246.41,321.13,0,0,960,679,56,TYPE_A,3.7,Sandwich,Italian
1484418,96,11,2826,254.2,320.13,0,0,1446,679,56,TYPE_A,3.7,Sandwich,Italian
1122781,97,11,2826,246.38,321.13,0,0,1243,679,56,TYPE_A,3.7,Sandwich,Italian
1472829,98,11,2826,251.26,319.13,0,0,1149,679,56,TYPE_A,3.7,Sandwich,Italian
1366641,99,11,2826,327.86,329.86,0,0,541,679,56,TYPE_A,3.7,Sandwich,Italian
1119762,100,11,2826,328.86,328.86,0,0,702,679,56,TYPE_A,3.7,Sandwich,Italian
1329091,101,11,2826,329.86,327.86,0,0,595,679,56,TYPE_A,3.7,Sandwich,Italian
1288607,102,11,2826,328.86,327.86,0,0,513,679,56,TYPE_A,3.7,Sandwich,Italian
1076122,103,11,2826,329.86,328.86,0,0,526,679,56,TYPE_A,3.7,Sandwich,Italian
1093483,104,11,2826,328.86,327.86,0,0,379,679,56,TYPE_A,3.7,Sandwich,Italian
1111352,105,11,2826,329.86,328.86,0,0,811,679,56,TYPE_A,3.7,Sandwich,Italian
1009041,106,11,2826,328.86,328.86,0,0,609,679,56,TYPE_A,3.7,Sandwich,Italian
1257304,107,11,2826,327.86,327.86,0,0,634,679,56,TYPE_A,3.7,Sandwich,Italian
1145462,108,11,2826,329.86,329.86,0,0,649,679,56,TYPE_A,3.7,Sandwich,Italian
1122035,109,11,2826,319.13,320.13,0,0,675,679,56,TYPE_A,3.7,Sandwich,Italian
1160177,110,11,2826,251.29,319.13,1,1,1781,679,56,TYPE_A,3.7,Sandwich,Italian
1306637,111,11,2826,249.32,319.13,0,0,1135,679,56,TYPE_A,3.7,Sandwich,Italian
1336276,112,11,2826,247.35,319.13,0,0,1351,679,56,TYPE_A,3.7,Sandwich,Italian
1471673,113,11,2826,327.86,328.86,0,0,809,679,56,TYPE_A,3.7,Sandwich,Italian
1310153,114,11,2826,327.92,326.92,0,0,663,679,56,TYPE_A,3.7,Sandwich,Italian
1325013,115,11,2826,328.89,326.89,0,0,771,679,56,TYPE_A,3.7,Sandwich,Italian
1157042,1,11,1754,273.54,275.54,0,0,729,679,56,TYPE_A,3.7,Sandwich,Italian
1064904,2,11,1754,290.03,292.03,0,0,865,679,56,TYPE_A,3.7,Sandwich,Italian
1283525,3,11,1754,290.03,290.03,0,0,674,679,56,TYPE_A,3.7,Sandwich,Italian
1010347,4,11,1754,290.03,290.03,0,0,595,679,56,TYPE_A,3.7,Sandwich,Italian
1096826,5,11,1754,204.67,291.03,0,0,555,679,56,TYPE_A,3.7,Sandwich,Italian
1123732,6,11,1754,183.33,292.03,0,0,404,679,56,TYPE_A,3.7,Sandwich,Italian
1136947,7,11,1754,224.13,291.03,0,0,636,679,56,TYPE_A,3.7,Sandwich,Italian
1463383,8,11,1754,253.2,291.03,0,0,312,679,56,TYPE_A,3.7,Sandwich,Italian
1428744,9,11,1754,259.99,291.03,0,0,379,679,56,TYPE_A,3.7,Sandwich,Italian
1298642,10,11,1754,265.84,265.84,0,0,594,679,56,TYPE_A,3.7,Sandwich,Italian
1335318,11,11,1754,292.03,291.03,0,0,473,679,56,TYPE_A,3.7,Sandwich,Italian
1416334,12,11,1754,282.27,284.27,0,0,486,679,56,TYPE_A,3.7,Sandwich,Italian
1012682,13,11,1754,292.03,291.03,0,0,541,679,56,TYPE_A,3.7,Sandwich,Italian
1124469,14,11,1754,290.03,291.03,0,0,608,679,56,TYPE_A,3.7,Sandwich,Italian
1194083,15,11,1754,266.78,267.78,0,0,487,679,56,TYPE_A,3.7,Sandwich,Italian
1228812,16,11,1754,291.03,292.03,0,0,432,679,56,TYPE_A,3.7,Sandwich,Italian
1178414,17,11,1754,290.03,291.03,0,0,850,679,56,TYPE_A,3.7,Sandwich,Italian
1248688,18,11,1754,196.0,290.03,1,1,3551,679,56,TYPE_A,3.7,Sandwich,Italian
1147462,19,11,1754,227.04,290.03,0,1,1619,679,56,TYPE_A,3.7,Sandwich,Italian
1251731,20,11,1754,234.74,291.03,0,0,674,679,56,TYPE_A,3.7,Sandwich,Italian
1377019,21,11,1754,274.57,274.57,0,0,1133,679,56,TYPE_A,3.7,Sandwich,Italian
1118421,22,11,1754,231.89,273.57,1,1,1499,679,56,TYPE_A,3.7,Sandwich,Italian
1077787,23,11,1754,236.71,273.57,1,1,1147,679,56,TYPE_A,3.7,Sandwich,Italian
1118991,24,11,1754,275.54,273.57,0,1,702,679,56,TYPE_A,3.7,Sandwich,Italian
1488315,25,11,1754,267.72,267.72,0,0,636,679,56,TYPE_A,3.7,Sandwich,Italian
1468213,26,11,1754,272.6,272.6,0,0,512,679,56,TYPE_A,3.7,Sandwich,Italian
1110352,27,11,1754,234.77,271.6,0,0,798,679,56,TYPE_A,3.7,Sandwich,Italian
1160366,28,11,1754,260.02,258.02,0,0,351,679,56,TYPE_A,3.7,Sandwich,Italian
1352794,29,11,1754,280.36,281.36,0,0,378,679,56,TYPE_A,3.7,Sandwich,Italian
1253642,30,11,1754,153.32,279.36,1,1,4968,679,56,TYPE_A,3.7,Sandwich,Italian
1012630,31,11,1754,232.86,279.36,0,0,944,679,56,TYPE_A,3.7,Sandwich,Italian
1008124,32,11,1754,234.8,281.36,1,0,1770,679,56,TYPE_A,3.7,Sandwich,Italian
1458200,33,11,1754,269.66,270.66,0,0,676,679,56,TYPE_A,3.7,Sandwich,Italian
1485928,34,11,1754,243.53,271.66,0,0,568,679,56,TYPE_A,3.7,Sandwich,Italian
1202325,35,11,1754,250.29,250.29,0,0,121,679,56,TYPE_A,3.7,Sandwich,Italian
1491069,36,11,1754,266.78,265.78,0,0,810,679,56,TYPE_A,3.7,Sandwich,Italian
1260779,37,11,1754,285.24,285.24,0,0,580,679,56,TYPE_A,3.7,Sandwich,Italian
1215224,38,11,1754,283.24,285.24,0,0,541,679,56,TYPE_A,3.7,Sandwich,Italian
1490213,39,11,1754,309.46,308.46,0,0,459,679,56,TYPE_A,3.7,Sandwich,Italian
1122099,40,11,1754,311.43,310.43,0,0,473,679,56,TYPE_A,3.7,Sandwich,Italian
1165623,41,11,1754,310.43,310.43,0,0,392,679,56,TYPE_A,3.7,Sandwich,Italian
1004547,42,11,1754,310.43,311.43,0,0,230,679,56,TYPE_A,3.7,Sandwich,Italian
1372126,43,11,1754,309.43,309.43,0,0,176,679,56,TYPE_A,3.7,Sandwich,Italian
1257446,44,11,1754,279.42,309.43,0,0,393,679,56,TYPE_A,3.7,Sandwich,Italian
1422592,45,11,1754,237.65,311.43,0,0,1093,679,56,TYPE_A,3.7,Sandwich,Italian
1223657,46,11,1754,239.59,309.43,1,1,365,679,56,TYPE_A,3.7,Sandwich,Italian
1475686,47,11,1754,238.68,309.43,0,1,1068,679,56,TYPE_A,3.7,Sandwich,Italian
1097714,48,11,1754,167.84,309.43,1,0,2376,679,56,TYPE_A,3.7,Sandwich,Italian
1017162,49,11,1754,260.02,309.43,0,0,836,679,56,TYPE_A,3.7,Sandwich,Italian
1003623,50,11,1754,297.85,297.85,0,0,311,679,56,TYPE_A,3.7,Sandwich,Italian
1199419,51,11,1754,311.43,309.43,0,0,432,679,56,TYPE_A,3.7,Sandwich,Italian
1245502,52,11,1754,300.73,299.73,0,0,431,679,56,TYPE_A,3.7,Sandwich,Italian
1352612,53,11,1754,311.43,311.43,0,0,702,679,56,TYPE_A,3.7,Sandwich,Italian
1029588,54,11,1754,304.64,303.64,0,0,271,679,56,TYPE_A,3.7,Sandwich,Italian
1236679,55,11,1754,309.43,310.43,0,0,609,679,56,TYPE_A,3.7,Sandwich,Italian
1261366,56,11,1754,310.43,310.43,0,0,378,679,56,TYPE_A,3.7,Sandwich,Italian
1106585,57,11,1754,261.9,310.43,0,0,352,679,56,TYPE_A,3.7,Sandwich,Italian
1320550,58,11,1754,249.35,311.43,0,0,406,679,56,TYPE_A,3.7,Sandwich,Italian
1098075,59,11,1754,288.09,289.09,0,0,595,679,56,TYPE_A,3.7,Sandwich,Italian
1259888,60,11,1754,238.62,290.09,1,1,3428,679,56,TYPE_A,3.7,Sandwich,Italian
1165578,61,11,1754,309.43,311.43,0,0,595,679,56,TYPE_A,3.7,Sandwich,Italian
1125507,62,11,1754,301.73,301.73,0,0,136,679,56,TYPE_A,3.7,Sandwich,Italian
1458151,63,11,1754,283.24,284.24,0,0,162,679,56,TYPE_A,3.7,Sandwich,Italian
1445970,64,11,1754,268.69,268.69,0,0,366,679,56,TYPE_A,3.7,Sandwich,Italian
1106848,65,11,1754,274.51,274.51,0,0,729,679,56,TYPE_A,3.7,Sandwich,Italian
1102636,66,11,1754,276.51,275.51,0,0,769,679,56,TYPE_A,3.7,Sandwich,Italian
1247403,67,11,1754,267.75,267.75,0,0,879,679,56,TYPE_A,3.7,Sandwich,Italian
1485933,68,11,1754,192.09,267.75,1,1,4901,679,56,TYPE_A,3.7,Sandwich,Italian
1174342,69,11,1754,192.12,267.75,0,1,3754,679,56,TYPE_A,3.7,Sandwich,Italian
1497176,70,11,1754,192.12,266.75,1,1,4590,679,56,TYPE_A,3.7,Sandwich,Italian
1122512,71,11,1754,189.18,267.75,0,1,3929,679,56,TYPE_A,3.7,Sandwich,Italian
1006440,72,11,1754,259.05,258.05,0,0,1053,679,56,TYPE_A,3.7,Sandwich,Italian
1228805,73,11,1754,281.36,280.36,0,0,852,679,56,TYPE_A,3.7,Sandwich,Italian
1392286,74,11,1754,273.54,275.54,0,0,1203,679,56,TYPE_A,3.7,Sandwich,Italian
1449980,75,11,1754,243.47,275.54,1,1,2025,679,56,TYPE_A,3.7,Sandwich,Italian
1159069,76,11,1754,242.56,273.54,0,1,1500,679,56,TYPE_A,3.7,Sandwich,Italian
1251505,77,11,1754,279.36,279.36,0,0,717,679,56,TYPE_A,3.7,Sandwich,Italian
1273313,78,11,1754,273.6,271.6,0,0,945,679,56,TYPE_A,3.7,Sandwich,Italian
1426904,79,11,1754,198.88,273.6,1,1,3552,679,56,TYPE_A,3.7,Sandwich,Italian
1273719,80,11,1754,276.51,276.51,0,0,998,679,56,TYPE_A,3.7,Sandwich,Italian
1356610,81,11,1754,279.36,281.36,0,0,782,679,56,TYPE_A,3.7,Sandwich,Italian
1329618,82,11,1754,281.36,281.36,0,0,823,679,56,TYPE_A,3.7,Sandwich,Italian
1435181,83,11,1754,273.6,273.6,0,0,1013,679,56,TYPE_A,3.7,Sandwich,Italian
1186332,84,11,1754,274.51,276.51,0,0,852,679,56,TYPE_A,3.7,Sandwich,Italian
1263080,85,11,1754,263.9,262.9,0,0,635,679,56,TYPE_A,3.7,Sandwich,Italian
1339493,86,11,1754,271.6,273.6,0,0,512,679,56,TYPE_A,3.7,Sandwich,Italian
1373042,87,11,1754,301.67,302.67,0,0,701,679,56,TYPE_A,3.7,Sandwich,Italian
1418457,88,11,1754,322.04,323.04,0,0,527,679,56,TYPE_A,3.7,Sandwich,Italian
1499237,89,11,1754,324.04,323.04,0,0,420,679,56,TYPE_A,3.7,Sandwich,Italian
1237614,90,11,1754,317.25,317.25,0,0,622,679,56,TYPE_A,3.7,Sandwich,Italian
1427932,91,11,1754,322.04,323.04,0,0,420,679,56,TYPE_A,3.7,Sandwich,Italian
1450117,92,11,1754,322.04,322.04,0,0,566,679,56,TYPE_A,3.7,Sandwich,Italian
1444756,93,11,1754,323.04,324.04,0,0,445,679,56,TYPE_A,3.7,Sandwich,Italian
1045322,94,11,1754,322.04,324.04,0,0,527,679,56,TYPE_A,3.7,Sandwich,Italian
1329728,95,11,1754,324.04,322.04,0,0,406,679,56,TYPE_A,3.7,Sandwich,Italian
1355747,96,11,1754,324.04,324.04,0,0,635,679,56,TYPE_A,3.7,Sandwich,Italian
1348565,97,11,1754,274.51,324.04,0,0,108,679,56,TYPE_A,3.7,Sandwich,Italian
1475179,98,11,1754,296.85,296.85,0,0,501,679,56,TYPE_A,3.7,Sandwich,Italian
1435952,99,11,1754,300.73,300.73,0,0,377,679,56,TYPE_A,3.7,Sandwich,Italian
1372775,100,11,1754,305.58,305.58,0,0,486,679,56,TYPE_A,3.7,Sandwich,Italian
1354809,101,11,1754,323.04,322.04,0,0,310,679,56,TYPE_A,3.7,Sandwich,Italian
1035039,102,11,1754,323.04,323.04,0,0,391,679,56,TYPE_A,3.7,Sandwich,Italian
1416611,103,11,1754,310.43,311.43,0,0,352,679,56,TYPE_A,3.7,Sandwich,Italian
1020981,104,11,1754,324.04,322.04,0,0,447,679,56,TYPE_A,3.7,Sandwich,Italian
1017894,105,11,1754,324.04,324.04,0,0,541,679,56,TYPE_A,3.7,Sandwich,Italian
1032721,106,11,1754,322.04,324.04,0,0,499,679,56,TYPE_A,3.7,Sandwich,Italian
1375557,107,11,1754,322.04,322.04,0,0,473,679,56,TYPE_A,3.7,Sandwich,Italian
1201139,108,11,1754,323.04,322.04,0,0,419,679,56,TYPE_A,3.7,Sandwich,Italian
1171940,109,11,1754,289.06,322.04,0,0,635,679,56,TYPE_A,3.7,Sandwich,Italian
1159476,110,11,1754,240.62,323.04,1,1,2551,679,56,TYPE_A,3.7,Sandwich,Italian
1057580,111,11,1754,243.5,322.04,0,1,1944,679,56,TYPE_A,3.7,Sandwich,Italian
1140883,112,11,1754,238.62,323.04,0,1,1579,679,56,TYPE_A,3.7,Sandwich,Italian
1352459,113,11,1754,293.94,293.94,0,0,661,679,56,TYPE_A,3.7,Sandwich,Italian
1005194,114,11,1754,323.04,322.04,0,0,418,679,56,TYPE_A,3.7,Sandwich,Italian
1376113,115,11,1754,300.7,300.7,0,0,405,679,56,TYPE_A,3.7,Sandwich,Italian
