Data set/Center wise/Center_11_Rank7.csv
id,week,center_id,meal_id,checkout_price,base_price,emailer_for_promotion,homepage_featured,num_orders,city_code,region_code,center_type,op_area,category,cuisine
1200664,1,11,1971,259.99,327.86,1,0,528,679,56,TYPE_A,3.7,Sandwich,Italian
1176296,2,11,1971,260.96,328.86,1,0,877,679,56,TYPE_A,3.7,Sandwich,Italian
1225913,3,11,1971,328.86,327.86,0,0,162,679,56,TYPE_A,3.7,Sandwich,Italian
1383705,4,11,1971,329.86,327.86,0,0,231,679,56,TYPE_A,3.7,Sandwich,Italian
1068122,5,11,1971,328.86,329.86,0,0,258,679,56,TYPE_A,3.7,Sandwich,Italian
1192013,6,11,1971,327.86,327.86,0,0,215,679,56,TYPE_A,3.7,Sandwich,Italian
1381495,7,11,1971,327.86,327.86,0,0,188,679,56,TYPE_A,3.7,Sandwich,Italian
1454102,8,11,1971,328.86,329.86,0,0,95,679,56,TYPE_A,3.7,Sandwich,Italian
1200750,9,11,1971,328.86,329.86,0,0,162,679,56,TYPE_A,3.7,Sandwich,Italian
1361165,10,11,1971,242.53,327.86,1,0,1565,679,56,TYPE_A,3.7,Sandwich,Italian
1405942,11,11,1971,241.53,328.86,1,0,1284,679,56,TYPE_A,3.7,Sandwich,Italian
1035634,12,11,1971,243.53,327.86,0,0,810,679,56,TYPE_A,3.7,Sandwich,Italian
1358147,13,11,1971,329.86,328.86,0,0,148,679,56,TYPE_A,3.7,Sandwich,Italian
1412887,14,11,1971,327.86,327.86,0,0,134,679,56,TYPE_A,3.7,Sandwich,Italian
1126618,15,11,1971,327.86,327.86,0,0,229,679,56,TYPE_A,3.7,Sandwich,Italian
1331267,16,11,1971,327.86,328.86,0,0,107,679,56,TYPE_A,3.7,Sandwich,Italian
1402006,17,11,1971,327.86,329.86,0,0,109,679,56,TYPE_A,3.7,Sandwich,Italian
1490073,18,11,1971,327.86,328.86,0,0,217,679,56,TYPE_A,3.7,Sandwich,Italian
1216609,19,11,1971,282.33,328.86,0,0,447,679,56,TYPE_A,3.7,Sandwich,Italian
1184176,20,11,1971,278.39,327.86,0,0,514,679,56,TYPE_A,3.7,Sandwich,Italian
1034857,21,11,1971,280.39,327.86,0,0,836,679,56,TYPE_A,3.7,Sandwich,Italian
1083823,22,11,1971,243.5,329.86,1,1,1364,679,56,TYPE_A,3.7,Sandwich,Italian
1397201,23,11,1971,244.5,327.86,1,1,1229,679,56,TYPE_A,3.7,Sandwich,Italian
1457389,24,11,1971,298.79,327.86,0,1,420,679,56,TYPE_A,3.7,Sandwich,Italian
1492535,25,11,1971,299.73,301.73,0,0,216,679,56,TYPE_A,3.7,Sandwich,Italian
1004021,26,11,1971,309.43,311.43,0,0,298,679,56,TYPE_A,3.7,Sandwich,Italian
1165122,27,11,1971,310.43,309.43,0,0,285,679,56,TYPE_A,3.7,Sandwich,Italian
1018190,28,11,1971,311.43,309.43,0,0,177,679,56,TYPE_A,3.7,Sandwich,Italian
1146765,29,11,1971,311.43,311.43,0,0,217,679,56,TYPE_A,3.7,Sandwich,Italian
1285021,30,11,1971,167.84,309.43,1,1,3363,679,56,TYPE_A,3.7,Sandwich,Italian
1178184,31,11,1971,281.3,281.3,0,0,675,679,56,TYPE_A,3.7,Sandwich,Italian
1344189,32,11,1971,243.5,281.3,1,0,1945,679,56,TYPE_A,3.7,Sandwich,Italian
1026519,33,11,1971,307.52,306.52,0,0,270,679,56,TYPE_A,3.7,Sandwich,Italian
1053173,34,11,1971,310.43,310.43,0,0,188,679,56,TYPE_A,3.7,Sandwich,Italian
1000810,35,11,1971,311.43,310.43,0,0,514,679,56,TYPE_A,3.7,Sandwich,Italian
1356928,36,11,1971,310.43,309.43,0,0,540,679,56,TYPE_A,3.7,Sandwich,Italian
1450074,37,11,1971,309.43,311.43,0,0,379,679,56,TYPE_A,3.7,Sandwich,Italian
1451944,38,11,1971,311.43,311.43,0,0,393,679,56,TYPE_A,3.7,Sandwich,Italian
1255848,39,11,1971,309.43,310.43,0,0,311,679,56,TYPE_A,3.7,Sandwich,Italian
1097392,40,11,1971,241.53,310.43,0,1,1241,679,56,TYPE_A,3.7,Sandwich,Italian
1079150,41,11,1971,242.53,311.43,0,0,636,679,56,TYPE_A,3.7,Sandwich,Italian
1047455,42,11,1971,242.5,310.43,0,0,783,679,56,TYPE_A,3.7,Sandwich,Italian
1069170,43,11,1971,243.53,309.43,0,0,620,679,56,TYPE_A,3.7,Sandwich,Italian
1249028,44,11,1971,307.49,308.49,0,0,379,679,56,TYPE_A,3.7,Sandwich,Italian
1140981,45,11,1971,269.72,308.49,0,0,836,679,56,TYPE_A,3.7,Sandwich,Italian
1406095,46,11,1971,241.53,307.49,1,1,1176,679,56,TYPE_A,3.7,Sandwich,Italian
1247623,47,11,1971,243.5,309.49,0,1,1283,679,56,TYPE_A,3.7,Sandwich,Italian
1444215,48,11,1971,172.69,308.49,1,0,2134,679,56,TYPE_A,3.7,Sandwich,Italian
1110378,49,11,1971,309.43,309.43,0,0,391,679,56,TYPE_A,3.7,Sandwich,Italian
1334935,50,11,1971,310.43,309.43,0,0,445,679,56,TYPE_A,3.7,Sandwich,Italian
1376171,51,11,1971,310.43,310.43,0,0,323,679,56,TYPE_A,3.7,Sandwich,Italian
1089092,52,11,1971,309.43,309.43,0,0,256,679,56,TYPE_A,3.7,Sandwich,Italian
1085218,53,11,1971,310.4,312.4,0,0,393,679,56,TYPE_A,3.7,Sandwich,Italian
1114348,54,11,1971,309.43,311.43,0,0,419,679,56,TYPE_A,3.7,Sandwich,Italian
1347209,55,11,1971,309.43,309.43,0,0,474,679,56,TYPE_A,3.7,Sandwich,Italian
1234956,56,11,1971,311.43,309.43,0,0,244,679,56,TYPE_A,3.7,Sandwich,Italian
1076779,57,11,1971,309.43,309.43,0,0,312,679,56,TYPE_A,3.7,Sandwich,Italian
1352259,58,11,1971,309.43,309.43,0,0,379,679,56,TYPE_A,3.7,Sandwich,Italian
1198344,59,11,1971,311.43,311.43,0,0,459,679,56,TYPE_A,3.7,Sandwich,Italian
1465406,60,11,1971,242.53,309.43,1,1,2456,679,56,TYPE_A,3.7,Sandwich,Italian
1435417,61,11,1971,305.58,306.58,0,0,391,679,56,TYPE_A,3.7,Sandwich,Italian
1128979,62,11,1971,309.43,311.43,0,0,68,679,56,TYPE_A,3.7,Sandwich,Italian
1150420,63,11,1971,309.43,309.43,0,0,162,679,56,TYPE_A,3.7,Sandwich,Italian
1127607,64,11,1971,311.43,309.43,0,0,109,679,56,TYPE_A,3.7,Sandwich,Italian
1135838,65,11,1971,309.43,311.43,0,0,162,679,56,TYPE_A,3.7,Sandwich,Italian
1293824,66,11,1971,311.43,311.43,0,0,310,679,56,TYPE_A,3.7,Sandwich,Italian
1125269,67,11,1971,311.43,311.43,0,0,352,679,56,TYPE_A,3.7,Sandwich,Italian
1027005,68,11,1971,192.09,310.43,1,1,3119,679,56,TYPE_A,3.7,Sandwich,Italian
1290517,69,11,1971,194.06,311.43,0,1,3402,679,56,TYPE_A,3.7,Sandwich,Italian
1018762,70,11,1971,193.09,309.43,1,1,4239,679,56,TYPE_A,3.7,Sandwich,Italian
1169529,71,11,1971,193.09,310.43,0,1,2254,679,56,TYPE_A,3.7,Sandwich,Italian
1432183,72,11,1971,292.03,290.03,0,0,418,679,56,TYPE_A,3.7,Sandwich,Italian
1044326,73,11,1971,311.43,309.43,0,0,702,679,56,TYPE_A,3.7,Sandwich,Italian
1395591,74,11,1971,310.46,308.46,0,0,742,679,56,TYPE_A,3.7,Sandwich,Italian
1024751,75,11,1971,245.47,309.46,1,1,1997,679,56,TYPE_A,3.7,Sandwich,Italian
1417263,76,11,1971,242.5,310.46,0,1,932,679,56,TYPE_A,3.7,Sandwich,Italian
1015628,77,11,1971,311.43,310.43,0,0,350,679,56,TYPE_A,3.7,Sandwich,Italian
1379247,78,11,1971,155.23,309.43,0,0,95,679,56,TYPE_A,3.7,Sandwich,Italian
1294801,79,11,1971,309.43,310.43,0,0,431,679,56,TYPE_A,3.7,Sandwich,Italian
1062712,80,11,1971,311.43,309.43,0,0,350,679,56,TYPE_A,3.7,Sandwich,Italian
1420116,81,11,1971,309.43,310.43,0,0,366,679,56,TYPE_A,3.7,Sandwich,Italian
1450345,82,11,1971,311.43,311.43,0,0,311,679,56,TYPE_A,3.7,Sandwich,Italian
1391340,83,11,1971,309.43,311.43,0,0,351,679,56,TYPE_A,3.7,Sandwich,Italian
1407472,84,11,1971,311.43,311.43,0,0,312,679,56,TYPE_A,3.7,Sandwich,Italian
1314916,85,11,1971,309.43,311.43,0,0,216,679,56,TYPE_A,3.7,Sandwich,Italian
1447787,86,11,1971,310.43,310.43,0,0,269,679,56,TYPE_A,3.7,Sandwich,Italian
1288109,87,11,1971,322.07,321.07,0,0,216,679,56,TYPE_A,3.7,Sandwich,Italian
1457223,88,11,1971,323.04,322.04,0,0,460,679,56,TYPE_A,3.7,Sandwich,Italian
1112643,89,11,1971,324.04,322.04,0,0,284,679,56,TYPE_A,3.7,Sandwich,Italian
1218203,90,11,1971,323.04,324.04,0,0,270,679,56,TYPE_A,3.7,Sandwich,Italian
1220830,91,11,1971,324.04,323.04,0,0,513,679,56,TYPE_A,3.7,Sandwich,Italian
1188233,92,11,1971,194.03,323.04,1,1,3687,679,56,TYPE_A,3.7,Sandwich,Italian
1486538,93,11,1971,196.97,324.04,1,1,2377,679,56,TYPE_A,3.7,Sandwich,Italian
1405617,94,11,1971,323.04,322.04,0,0,405,679,56,TYPE_A,3.7,Sandwich,Italian
1290230,95,11,1971,323.04,323.04,0,0,283,679,56,TYPE_A,3.7,Sandwich,Italian
1453302,96,11,1971,322.04,322.04,0,0,487,679,56,TYPE_A,3.7,Sandwich,Italian
1483154,97,11,1971,323.04,322.04,0,0,379,679,56,TYPE_A,3.7,Sandwich,Italian
1212232,98,11,1971,324.04,323.04,0,0,310,679,56,TYPE_A,3.7,Sandwich,Italian
1492399,99,11,1971,322.04,322.04,0,0,350,679,56,TYPE_A,3.7,Sandwich,Italian
1285112,100,11,1971,322.04,322.04,0,0,312,679,56,TYPE_A,3.7,Sandwich,Italian
1497015,101,11,1971,322.04,324.04,0,0,258,679,56,TYPE_A,3.7,Sandwich,Italian
1047286,102,11,1971,322.04,322.04,0,0,323,679,56,TYPE_A,3.7,Sandwich,Italian
1277081,103,11,1971,320.16,318.16,0,0,270,679,56,TYPE_A,3.7,Sandwich,Italian
1113734,104,11,1971,324.04,323.04,0,0,298,679,56,TYPE_A,3.7,Sandwich,Italian
1117184,105,11,1971,324.04,324.04,0,0,634,679,56,TYPE_A,3.7,Sandwich,Italian
1396338,106,11,1971,322.04,322.04,0,0,352,679,56,TYPE_A,3.7,Sandwich,Italian
1359743,107,11,1971,323.04,322.04,0,0,393,679,56,TYPE_A,3.7,Sandwich,Italian
1110060,108,11,1971,242.5,322.04,1,1,1970,679,56,TYPE_A,3.7,Sandwich,Italian
1256545,109,11,1971,243.53,322.04,1,1,1580,679,56,TYPE_A,3.7,Sandwich,Italian
1408748,110,11,1971,322.04,323.04,0,0,311,679,56,TYPE_A,3.7,Sandwich,Italian
1244332,111,11,1971,322.04,324.04,0,0,310,679,56,TYPE_A,3.7,Sandwich,Italian
1283051,112,11,1971,322.04,324.04,0,0,379,679,56,TYPE_A,3.7,Sandwich,Italian
1179032,113,11,1971,323.04,324.04,0,0,514,679,56,TYPE_A,3.7,Sandwich,Italian
1329917,114,11,1971,323.04,324.04,0,0,377,679,56,TYPE_A,3.7,Sandwich,Italian
1128307,115,11,1971,323.04,322.04,0,0,230,679,56,TYPE_A,3.7,Sandwich,Italian
1380543,1,11,1902,387.03,447.23,0,0,54,679,56,TYPE_A,3.7,Biryani,Indian
1271779,2,11,1902,388.03,446.23,0,0,27,679,56,TYPE_A,3.7,Biryani,Indian
1255336,4,11,1902,388.03,445.23,0,0,27,679,56,TYPE_A,3.7,Biryani,Indian
1426523,5,11,1902,447.23,445.23,0,0,69,679,56,TYPE_A,3.7,Biryani,Indian
1157894,6,11,1902,447.23,446.23,0,0,28,679,56,TYPE_A,3.7,Biryani,Indian
1412401,7,11,1902,447.23,445.23,0,0,15,679,56,TYPE_A,3.7,Biryani,Indian
1168531,8,11,1902,445.23,446.23,0,0,40,679,56,TYPE_A,3.7,Biryani,Indian
1120007,9,11,1902,447.23,446.23,0,0,55,679,56,TYPE_A,3.7,Biryani,Indian
1330787,10,11,1902,445.23,445.23,0,0,42,679,56,TYPE_A,3.7,Biryani,Indian
1198968,11,11,1902,445.23,446.23,0,0,40,679,56,TYPE_A,3.7,Biryani,Indian
1047105,12,11,1902,445.23,446.23,0,0,41,679,56,TYPE_A,3.7,Biryani,Indian
1203829,13,11,1902,447.23,445.23,0,0,13,679,56,TYPE_A,3.7,Biryani,Indian
1344383,14,11,1902,445.23,446.23,0,0,13,679,56,TYPE_A,3.7,Biryani,Indian
1454462,15,11,1902,416.13,417.13,0,0,69,679,56,TYPE_A,3.7,Biryani,Indian
1228950,16,11,1902,416.13,417.13,0,0,13,679,56,TYPE_A,3.7,Biryani,Indian
1163220,17,11,1902,418.13,417.13,0,0,55,679,56,TYPE_A,3.7,Biryani,Indian
1007894,18,11,1902,417.13,417.13,0,0,14,679,56,TYPE_A,3.7,Biryani,Indian
1189834,22,11,1902,445.23,445.23,0,0,15,679,56,TYPE_A,3.7,Biryani,Indian
1176051,23,11,1902,447.23,447.23,0,0,27,679,56,TYPE_A,3.7,Biryani,Indian
1266142,24,11,1902,447.23,447.23,0,0,13,679,56,TYPE_A,3.7,Biryani,Indian
1300067,25,11,1902,447.23,445.23,0,0,26,679,56,TYPE_A,3.7,Biryani,Indian
1094008,26,11,1902,445.23,446.23,0,0,40,679,56,TYPE_A,3.7,Biryani,Indian
1430852,27,11,1902,446.23,445.23,0,0,28,679,56,TYPE_A,3.7,Biryani,Indian
1388212,29,11,1902,446.23,445.23,0,0,13,679,56,TYPE_A,3.7,Biryani,Indian
1054404,30,11,1902,446.23,445.23,0,0,13,679,56,TYPE_A,3.7,Biryani,Indian
1407420,33,11,1902,447.23,445.23,0,0,15,679,56,TYPE_A,3.7,Biryani,Indian
1163807,34,11,1902,446.23,446.23,0,0,27,679,56,TYPE_A,3.7,Biryani,Indian
1316813,35,11,1902,446.23,447.23,0,0,26,679,56,TYPE_A,3.7,Biryani,Indian
1256553,36,11,1902,447.23,446.23,0,0,28,679,56,TYPE_A,3.7,Biryani,Indian
1171158,38,11,1902,446.23,446.23,0,0,27,679,56,TYPE_A,3.7,Biryani,Indian
1407580,39,11,1902,447.23,445.23,0,0,15,679,56,TYPE_A,3.7,Biryani,Indian
1161750,40,11,1902,350.23,445.23,0,0,14,679,56,TYPE_A,3.7,Biryani,Indian
1493667,41,11,1902,446.23,447.23,0,0,27,679,56,TYPE_A,3.7,Biryani,Indian
1477374,42,11,1902,447.23,445.23,0,0,15,679,56,TYPE_A,3.7,Biryani,Indian
1455652,43,11,1902,446.23,445.23,0,0,13,679,56,TYPE_A,3.7,Biryani,Indian
1480960,44,11,1902,447.23,446.23,0,0,40,679,56,TYPE_A,3.7,Biryani,Indian
1373870,45,11,1902,358.93,446.23,0,0,41,679,56,TYPE_A,3.7,Biryani,Indian
1186850,46,11,1902,358.93,447.23,0,0,27,679,56,TYPE_A,3.7,Biryani,Indian
1324565,47,11,1902,359.93,445.23,0,0,28,679,56,TYPE_A,3.7,Biryani,Indian
1381470,48,11,1902,357.93,445.23,0,0,27,679,56,TYPE_A,3.7,Biryani,Indian
1340990,49,11,1902,447.23,445.23,0,0,28,679,56,TYPE_A,3.7,Biryani,Indian
1220781,52,11,1902,447.23,445.23,0,0,13,679,56,TYPE_A,3.7,Biryani,Indian
1388551,53,11,1902,417.13,417.13,0,0,55,679,56,TYPE_A,3.7,Biryani,Indian
1360803,54,11,1902,417.13,418.13,0,0,28,679,56,TYPE_A,3.7,Biryani,Indian
1046036,55,11,1902,417.13,417.13,0,0,13,679,56,TYPE_A,3.7,Biryani,Indian
1482087,57,11,1902,445.23,445.23,0,0,13,679,56,TYPE_A,3.7,Biryani,Indian
1015195,58,11,1902,445.23,446.23,0,0,13,679,56,TYPE_A,3.7,Biryani,Indian
1388357,60,11,1902,445.23,445.23,0,0,27,679,56,TYPE_A,3.7,Biryani,Indian
1099064,61,11,1902,446.23,447.23,0,0,14,679,56,TYPE_A,3.7,Biryani,Indian
1398372,62,11,1902,445.23,445.23,0,0,26,679,56,TYPE_A,3.7,Biryani,Indian
1142451,63,11,1902,447.23,447.23,0,0,15,679,56,TYPE_A,3.7,Biryani,Indian
1017170,64,11,1902,445.23,445.23,0,0,53,679,56,TYPE_A,3.7,Biryani,Indian
1257920,65,11,1902,446.23,445.23,0,0,15,679,56,TYPE_A,3.7,Biryani,Indian
1408007,66,11,1902,446.23,447.23,0,0,40,679,56,TYPE_A,3.7,Biryani,Indian
1297581,67,11,1902,446.23,446.23,0,0,54,679,56,TYPE_A,3.7,Biryani,Indian
1283091,68,11,1902,416.13,416.13,0,0,42,679,56,TYPE_A,3.7,Biryani,Indian
1379008,69,11,1902,418.13,418.13,0,0,14,679,56,TYPE_A,3.7,Biryani,Indian
1210994,70,11,1902,417.13,418.13,0,0,28,679,56,TYPE_A,3.7,Biryani,Indian
1128281,71,11,1902,416.13,418.13,0,0,13,679,56,TYPE_A,3.7,Biryani,Indian
1325867,72,11,1902,447.23,447.23,0,0,69,679,56,TYPE_A,3.7,Biryani,Indian
1012662,73,11,1902,447.23,446.23,0,0,26,679,56,TYPE_A,3.7,Biryani,Indian
1198453,74,11,1902,446.23,447.23,0,0,55,679,56,TYPE_A,3.7,Biryani,Indian
1178828,75,11,1902,445.23,447.23,0,0,41,679,56,TYPE_A,3.7,Biryani,Indian
1048866,76,11,1902,445.23,446.23,0,0,14,679,56,TYPE_A,3.7,Biryani,Indian
1424733,77,11,1902,445.23,445.23,0,0,27,679,56,TYPE_A,3.7,Biryani,Indian
1479549,78,11,1902,445.23,445.23,0,0,26,679,56,TYPE_A,3.7,Biryani,Indian
1284088,79,11,1902,446.23,447.23,0,0,28,679,56,TYPE_A,3.7,Biryani,Indian
1157427,82,11,1902,446.23,446.23,0,0,53,679,56,TYPE_A,3.7,Biryani,Indian
1001943,83,11,1902,436.53,437.53,0,0,14,679,56,TYPE_A,3.7,Biryani,Indian
1022592,84,11,1902,437.53,436.53,0,0,53,679,56,TYPE_A,3.7,Biryani,Indian
1417890,85,11,1902,435.53,435.53,0,0,69,679,56,TYPE_A,3.7,Biryani,Indian
1126413,86,11,1902,436.53,436.53,0,0,67,679,56,TYPE_A,3.7,Biryani,Indian
1222455,87,11,1902,447.23,446.23,0,0,15,679,56,TYPE_A,3.7,Biryani,Indian
1149518,88,11,1902,445.23,447.23,0,0,27,679,56,TYPE_A,3.7,Biryani,Indian
1175644,89,11,1902,445.23,447.23,0,0,54,679,56,TYPE_A,3.7,Biryani,Indian
1260638,92,11,1902,445.23,447.23,0,0,15,679,56,TYPE_A,3.7,Biryani,Indian
1416960,93,11,1902,445.23,447.23,0,0,54,679,56,TYPE_A,3.7,Biryani,Indian
1061148,94,11,1902,447.23,446.23,0,0,13,679,56,TYPE_A,3.7,Biryani,Indian
1007233,96,11,1902,446.23,446.23,0,0,54,679,56,TYPE_A,3.7,Biryani,Indian
1334917,97,11,1902,446.23,446.23,0,0,14,679,56,TYPE_A,3.7,Biryani,Indian
1198121,98,11,1902,447.23,445.23,0,0,15,679,56,TYPE_A,3.7,Biryani,Indian
1132209,100,11,1902,446.23,446.23,0,0,14,679,56,TYPE_A,3.7,Biryani,Indian
1429114,101,11,1902,446.23,447.23,0,0,15,679,56,TYPE_A,3.7,Biryani,Indian
1460232,104,11,1902,445.23,445.23,0,0,53,679,56,TYPE_A,3.7,Biryani,Indian
1113480,105,11,1902,389.03,445.23,0,0,27,679,56,TYPE_A,3.7,Biryani,Indian
1154289,106,11,1902,389.03,445.23,0,0,41,679,56,TYPE_A,3.7,Biryani,Indian
1255896,108,11,1902,387.03,446.23,0,0,80,679,56,TYPE_A,3.7,Biryani,Indian
1164625,109,11,1902,446.23,447.23,0,0,27,679,56,TYPE_A,3.7,Biryani,Indian
1355516,113,11,1902,445.23,447.23,0,0,14,679,56,TYPE_A,3.7,Biryani,Indian
1391346,114,11,1902,445.23,447.23,0,0,14,679,56,TYPE_A,3.7,Biryani,Indian
