Data set/Center wise/Center_11_Rank7.csv
id,week,center_id,meal_id,checkout_price,base_price,emailer_for_promotion,homepage_featured,num_orders,city_code,region_code,center_type,op_area,category,cuisine
1381214,1,11,1247,387.03,447.23,0,0,40,679,56,TYPE_A,3.7,Biryani,Indian
1252776,2,11,1247,388.03,447.23,0,0,28,679,56,TYPE_A,3.7,Biryani,Indian
1306280,3,11,1247,389.03,446.23,0,0,28,679,56,TYPE_A,3.7,Biryani,Indian
1381710,4,11,1247,387.03,445.23,0,0,41,679,56,TYPE_A,3.7,Biryani,Indian
1072569,5,11,1247,446.23,445.23,0,0,41,679,56,TYPE_A,3.7,Biryani,Indian
1276035,6,11,1247,446.23,447.23,0,0,67,679,56,TYPE_A,3.7,Biryani,Indian
1273924,7,11,1247,446.23,447.23,0,0,68,679,56,TYPE_A,3.7,Biryani,Indian
1110406,8,11,1247,445.23,445.23,0,0,14,679,56,TYPE_A,3.7,Biryani,Indian
1271888,9,11,1247,446.23,446.23,0,0,41,679,56,TYPE_A,3.7,Biryani,Indian
1079391,10,11,1247,446.23,447.23,0,0,42,679,56,TYPE_A,3.7,Biryani,Indian
1470759,11,11,1247,445.23,446.23,0,0,13,679,56,TYPE_A,3.7,Biryani,Indian
1425632,12,11,1247,445.23,447.23,0,0,14,679,56,TYPE_A,3.7,Biryani,Indian
1482475,13,11,1247,445.23,445.23,0,0,15,679,56,TYPE_A,3.7,Biryani,Indian
1052925,17,11,1247,416.13,417.13,0,0,14,679,56,TYPE_A,3.7,Biryani,Indian
1374088,18,11,1247,416.13,417.13,0,0,41,679,56,TYPE_A,3.7,Biryani,Indian
1431814,19,11,1247,447.23,446.23,0,0,82,679,56,TYPE_A,3.7,Biryani,Indian
1305168,20,11,1247,447.23,447.23,0,0,15,679,56,TYPE_A,3.7,Biryani,Indian
1356032,21,11,1247,446.23,445.23,0,0,26,679,56,TYPE_A,3.7,Biryani,Indian
1440766,22,11,1247,445.23,446.23,0,0,13,679,56,TYPE_A,3.7,Biryani,Indian
1044285,23,11,1247,447.23,447.23,0,0,41,679,56,TYPE_A,3.7,Biryani,Indian
1346891,24,11,1247,447.23,445.23,0,0,14,679,56,TYPE_A,3.7,Biryani,Indian
1307011,27,11,1247,446.23,447.23,0,0,14,679,56,TYPE_A,3.7,Biryani,Indian
1365475,28,11,1247,446.23,446.23,0,0,14,679,56,TYPE_A,3.7,Biryani,Indian
1035378,30,11,1247,445.23,447.23,0,0,14,679,56,TYPE_A,3.7,Biryani,Indian
1330650,31,11,1247,445.23,445.23,0,0,15,679,56,TYPE_A,3.7,Biryani,Indian
1222304,32,11,1247,447.23,447.23,0,0,55,679,56,TYPE_A,3.7,Biryani,Indian
1374058,33,11,1247,447.23,445.23,0,0,27,679,56,TYPE_A,3.7,Biryani,Indian
1041376,35,11,1247,446.23,447.23,0,0,13,679,56,TYPE_A,3.7,Biryani,Indian
1296959,36,11,1247,447.23,447.23,0,0,26,679,56,TYPE_A,3.7,Biryani,Indian
1292498,38,11,1247,445.23,447.23,0,0,15,679,56,TYPE_A,3.7,Biryani,Indian
1043807,39,11,1247,447.23,445.23,0,0,26,679,56,TYPE_A,3.7,Biryani,Indian
1323431,40,11,1247,446.23,447.23,0,0,13,679,56,TYPE_A,3.7,Biryani,Indian
1193750,41,11,1247,445.23,447.23,0,0,67,679,56,TYPE_A,3.7,Biryani,Indian
1074780,43,11,1247,446.23,446.23,0,0,13,679,56,TYPE_A,3.7,Biryani,Indian
1228619,44,11,1247,447.23,446.23,0,0,26,679,56,TYPE_A,3.7,Biryani,Indian
1385191,59,11,1247,447.23,445.23,0,0,27,679,56,TYPE_A,3.7,Biryani,Indian
1007714,60,11,1247,297.82,445.23,0,0,40,679,56,TYPE_A,3.7,Biryani,Indian
1265412,61,11,1247,369.63,447.23,0,0,53,679,56,TYPE_A,3.7,Biryani,Indian
1043268,63,11,1247,445.23,446.23,0,0,14,679,56,TYPE_A,3.7,Biryani,Indian
1409461,64,11,1247,446.23,445.23,0,0,26,679,56,TYPE_A,3.7,Biryani,Indian
1161103,66,11,1247,446.23,447.23,0,0,27,679,56,TYPE_A,3.7,Biryani,Indian
1427025,67,11,1247,446.23,446.23,0,0,68,679,56,TYPE_A,3.7,Biryani,Indian
1481424,68,11,1247,418.13,417.13,0,0,13,679,56,TYPE_A,3.7,Biryani,Indian
1160819,69,11,1247,416.13,416.13,0,0,13,679,56,TYPE_A,3.7,Biryani,Indian
1251661,70,11,1247,417.13,416.13,0,0,15,679,56,TYPE_A,3.7,Biryani,Indian
1216251,72,11,1247,445.23,446.23,0,0,14,679,56,TYPE_A,3.7,Biryani,Indian
1407681,73,11,1247,445.23,445.23,0,0,15,679,56,TYPE_A,3.7,Biryani,Indian
1368459,74,11,1247,447.23,446.23,0,0,15,679,56,TYPE_A,3.7,Biryani,Indian
1118509,75,11,1247,446.23,445.23,0,0,40,679,56,TYPE_A,3.7,Biryani,Indian
1158924,76,11,1247,445.23,447.23,0,0,13,679,56,TYPE_A,3.7,Biryani,Indian
1073712,77,11,1247,447.23,445.23,0,0,15,679,56,TYPE_A,3.7,Biryani,Indian
1474002,80,11,1247,445.23,445.23,0,0,13,679,56,TYPE_A,3.7,Biryani,Indian
1131982,81,11,1247,446.23,445.23,0,0,13,679,56,TYPE_A,3.7,Biryani,Indian
1152291,82,11,1247,445.23,447.23,0,0,14,679,56,TYPE_A,3.7,Biryani,Indian
1267799,84,11,1247,437.53,436.53,0,0,13,679,56,TYPE_A,3.7,Biryani,Indian
1396531,85,11,1247,436.53,436.53,0,0,41,679,56,TYPE_A,3.7,Biryani,Indian
1028865,86,11,1247,435.53,437.53,0,0,26,679,56,TYPE_A,3.7,Biryani,Indian
1483474,87,11,1247,446.23,445.23,0,0,27,679,56,TYPE_A,3.7,Biryani,Indian
1014999,90,11,1247,446.23,445.23,0,0,14,679,56,TYPE_A,3.7,Biryani,Indian
1317516,91,11,1247,445.23,445.23,0,0,41,679,56,TYPE_A,3.7,Biryani,Indian
1272341,92,11,1247,445.23,447.23,0,0,26,679,56,TYPE_A,3.7,Biryani,Indian
1399525,94,11,1247,447.23,446.23,0,0,40,679,56,TYPE_A,3.7,Biryani,Indian
1298937,95,11,1247,445.23,445.23,0,0,13,679,56,TYPE_A,3.7,Biryani,Indian
1331401,96,11,1247,446.23,447.23,0,0,26,679,56,TYPE_A,3.7,Biryani,Indian
1135966,97,11,1247,446.23,447.23,0,0,14,679,56,TYPE_A,3.7,Biryani,Indian
1179919,98,11,1247,446.23,446.23,0,0,13,679,56,TYPE_A,3.7,Biryani,Indian
1462441,99,11,1247,446.23,445.23,0,0,15,679,56,TYPE_A,3.7,Biryani,Indian
1189057,100,11,1247,447.23,445.23,0,0,27,679,56,TYPE_A,3.7,Biryani,Indian
1111203,101,11,1247,445.23,447.23,0,0,13,679,56,TYPE_A,3.7,Biryani,Indian
1386504,102,11,1247,445.23,447.23,0,0,26,679,56,TYPE_A,3.7,Biryani,Indian
1395570,103,11,1247,447.23,447.23,0,0,15,679,56,TYPE_A,3.7,Biryani,Indian
1331827,104,11,1247,447.23,446.23,0,0,26,679,56,TYPE_A,3.7,Biryani,Indian
1208111,105,11,1247,387.03,447.23,0,0,13,679,56,TYPE_A,3.7,Biryani,Indian
1447432,106,11,1247,388.03,445.23,0,0,14,679,56,TYPE_A,3.7,Biryani,Indian
1465403,107,11,1247,388.03,447.23,0,0,27,679,56,TYPE_A,3.7,Biryani,Indian
1345580,108,11,1247,388.03,447.23,0,0,14,679,56,TYPE_A,3.7,Biryani,Indian
1199448,109,11,1247,445.23,447.23,0,0,28,679,56,TYPE_A,3.7,Biryani,Indian
1433249,110,11,1247,446.23,445.23,0,0,14,679,56,TYPE_A,3.7,Biryani,Indian
1493989,113,11,1247,446.23,445.23,0,0,26,679,56,TYPE_A,3.7,Biryani,Indian
1041282,114,11,1247,447.23,446.23,0,0,15,679,56,TYPE_A,3.7,Biryani,Indian
1088973,115,11,1247,447.23,447.23,0,0,14,679,56,TYPE_A,3.7,Biryani,Indian
1264861,1,11,1770,338.53,484.03,0,0,41,679,56,TYPE_A,3.7,Biryani,Indian
1330710,2,11,1770,340.53,486.03,0,0,40,679,56,TYPE_A,3.7,Biryani,Indian
1033972,3,11,1770,339.53,486.03,0,0,42,679,56,TYPE_A,3.7,Biryani,Indian
1409795,4,11,1770,339.53,484.03,0,0,67,679,56,TYPE_A,3.7,Biryani,Indian
1225586,5,11,1770,486.03,485.03,0,0,13,679,56,TYPE_A,3.7,Biryani,Indian
1371076,6,11,1770,485.03,485.03,0,0,54,679,56,TYPE_A,3.7,Biryani,Indian
1436451,7,11,1770,485.03,484.03,0,0,69,679,56,TYPE_A,3.7,Biryani,Indian
1315759,9,11,1770,485.03,484.03,0,0,54,679,56,TYPE_A,3.7,Biryani,Indian
1489248,11,11,1770,485.03,486.03,0,0,13,679,56,TYPE_A,3.7,Biryani,Indian
1291121,12,11,1770,484.03,486.03,0,0,13,679,56,TYPE_A,3.7,Biryani,Indian
1115431,13,11,1770,485.03,484.03,0,0,15,679,56,TYPE_A,3.7,Biryani,Indian
1289010,14,11,1770,486.03,486.03,0,0,15,679,56,TYPE_A,3.7,Biryani,Indian
1050745,16,11,1770,484.03,486.03,0,0,14,679,56,TYPE_A,3.7,Biryani,Indian
1041372,17,11,1770,437.53,485.03,0,0,26,679,56,TYPE_A,3.7,Biryani,Indian
1073222,20,11,1770,436.53,484.03,0,0,15,679,56,TYPE_A,3.7,Biryani,Indian
1005129,28,11,1770,485.03,485.03,0,0,13,679,56,TYPE_A,3.7,Biryani,Indian
1116931,30,11,1770,387.03,484.03,0,0,41,679,56,TYPE_A,3.7,Biryani,Indian
1361793,31,11,1770,389.03,485.03,0,0,13,679,56,TYPE_A,3.7,Biryani,Indian
1240580,36,11,1770,484.03,484.03,0,0,15,679,56,TYPE_A,3.7,Biryani,Indian
1185175,37,11,1770,485.03,485.03,0,0,13,679,56,TYPE_A,3.7,Biryani,Indian
1314368,38,11,1770,484.03,486.03,0,0,14,679,56,TYPE_A,3.7,Biryani,Indian
1361582,40,11,1770,484.03,486.03,0,0,15,679,56,TYPE_A,3.7,Biryani,Indian
1461243,45,11,1770,435.53,486.03,0,0,13,679,56,TYPE_A,3.7,Biryani,Indian
1026867,46,11,1770,435.53,484.03,0,0,28,679,56,TYPE_A,3.7,Biryani,Indian
1147793,47,11,1770,437.53,485.03,0,0,27,679,56,TYPE_A,3.7,Biryani,Indian
1448555,48,11,1770,484.03,485.03,0,0,15,679,56,TYPE_A,3.7,Biryani,Indian
1305172,49,11,1770,484.03,484.03,0,0,15,679,56,TYPE_A,3.7,Biryani,Indian
1024185,50,11,1770,486.03,484.03,0,0,13,679,56,TYPE_A,3.7,Biryani,Indian
1313880,51,11,1770,485.03,486.03,0,0,67,679,56,TYPE_A,3.7,Biryani,Indian
1165404,52,11,1770,484.03,485.03,0,0,26,679,56,TYPE_A,3.7,Biryani,Indian
1175285,53,11,1770,436.53,486.03,0,0,26,679,56,TYPE_A,3.7,Biryani,Indian
1237521,54,11,1770,437.53,485.03,0,0,13,679,56,TYPE_A,3.7,Biryani,Indian
1341337,55,11,1770,436.53,485.03,0,0,14,679,56,TYPE_A,3.7,Biryani,Indian
1017877,56,11,1770,437.53,486.03,0,0,26,679,56,TYPE_A,3.7,Biryani,Indian
1400586,57,11,1770,484.03,484.03,0,0,42,679,56,TYPE_A,3.7,Biryani,Indian
1389121,58,11,1770,485.03,484.03,0,0,15,679,56,TYPE_A,3.7,Biryani,Indian
1389214,59,11,1770,486.03,484.03,0,0,28,679,56,TYPE_A,3.7,Biryani,Indian
1244821,60,11,1770,486.03,485.03,0,0,27,679,56,TYPE_A,3.7,Biryani,Indian
1083119,62,11,1770,485.03,486.03,0,0,15,679,56,TYPE_A,3.7,Biryani,Indian
1238897,63,11,1770,484.03,485.03,0,0,14,679,56,TYPE_A,3.7,Biryani,Indian
1429514,64,11,1770,484.03,485.03,0,0,28,679,56,TYPE_A,3.7,Biryani,Indian
1300503,65,11,1770,485.03,486.03,0,0,42,679,56,TYPE_A,3.7,Biryani,Indian
1066945,67,11,1770,484.03,484.03,0,0,13,679,56,TYPE_A,3.7,Biryani,Indian
1229605,68,11,1770,465.63,465.63,0,0,26,679,56,TYPE_A,3.7,Biryani,Indian
1122821,70,11,1770,466.63,465.63,0,0,13,679,56,TYPE_A,3.7,Biryani,Indian
1188290,71,11,1770,464.63,465.63,0,0,13,679,56,TYPE_A,3.7,Biryani,Indian
1395177,74,11,1770,485.03,486.03,0,0,27,679,56,TYPE_A,3.7,Biryani,Indian
1321247,75,11,1770,484.03,484.03,0,0,13,679,56,TYPE_A,3.7,Biryani,Indian
1188225,78,11,1770,485.03,485.03,0,0,26,679,56,TYPE_A,3.7,Biryani,Indian
1191539,79,11,1770,485.03,484.03,0,0,13,679,56,TYPE_A,3.7,Biryani,Indian
1407469,82,11,1770,485.03,484.03,0,0,26,679,56,TYPE_A,3.7,Biryani,Indian
1186288,84,11,1770,486.03,485.03,0,0,27,679,56,TYPE_A,3.7,Biryani,Indian
1394895,85,11,1770,485.03,486.03,0,0,13,679,56,TYPE_A,3.7,Biryani,Indian
1486999,86,11,1770,486.03,484.03,0,0,40,679,56,TYPE_A,3.7,Biryani,Indian
1068077,87,11,1770,484.03,485.03,0,0,15,679,56,TYPE_A,3.7,Biryani,Indian
1442203,88,11,1770,486.03,484.03,0,0,14,679,56,TYPE_A,3.7,Biryani,Indian
1370395,89,11,1770,456.93,454.93,0,0,67,679,56,TYPE_A,3.7,Biryani,Indian
1113659,90,11,1770,455.93,454.93,0,0,28,679,56,TYPE_A,3.7,Biryani,Indian
1243042,91,11,1770,424.92,423.92,0,0,40,679,56,TYPE_A,3.7,Biryani,Indian
1452435,92,11,1770,471.48,469.48,0,0,28,679,56,TYPE_A,3.7,Biryani,Indian
1065705,93,11,1770,485.03,486.03,0,0,28,679,56,TYPE_A,3.7,Biryani,Indian
1399918,94,11,1770,484.03,485.03,0,0,28,679,56,TYPE_A,3.7,Biryani,Indian
1077608,95,11,1770,484.03,486.03,0,0,28,679,56,TYPE_A,3.7,Biryani,Indian
1253051,96,11,1770,486.03,486.03,0,0,15,679,56,TYPE_A,3.7,Biryani,Indian
1387672,97,11,1770,484.03,484.03,0,0,28,679,56,TYPE_A,3.7,Biryani,Indian
1023626,98,11,1770,484.03,486.03,0,0,13,679,56,TYPE_A,3.7,Biryani,Indian
1341888,99,11,1770,484.03,485.03,0,0,15,679,56,TYPE_A,3.7,Biryani,Indian
1264800,102,11,1770,485.03,486.03,0,0,14,679,56,TYPE_A,3.7,Biryani,Indian
1118040,103,11,1770,486.03,484.03,0,0,28,679,56,TYPE_A,3.7,Biryani,Indian
1304304,104,11,1770,484.03,486.03,0,0,13,679,56,TYPE_A,3.7,Biryani,Indian
1060400,105,11,1770,413.28,486.03,0,0,95,679,56,TYPE_A,3.7,Biryani,Indian
1145128,106,11,1770,413.28,484.03,0,0,28,679,56,TYPE_A,3.7,Biryani,Indian
1422731,107,11,1770,411.28,486.03,0,0,13,679,56,TYPE_A,3.7,Biryani,Indian
1352862,108,11,1770,411.28,486.03,0,0,13,679,56,TYPE_A,3.7,Biryani,Indian
1351197,109,11,1770,485.03,484.03,0,0,13,679,56,TYPE_A,3.7,Biryani,Indian
1021525,110,11,1770,486.03,485.03,0,0,15,679,56,TYPE_A,3.7,Biryani,Indian
1448736,111,11,1770,485.03,485.03,0,0,15,679,56,TYPE_A,3.7,Biryani,Indian
1178186,113,11,1770,485.03,485.03,0,0,55,679,56,TYPE_A,3.7,Biryani,Indian
1024025,114,11,1770,485.03,485.03,0,0,68,679,56,TYPE_A,3.7,Biryani,Indian
1419290,115,11,1770,485.03,485.03,0,0,41,679,56,TYPE_A,3.7,Biryani,Indian
