Data set/Center wise/Center_11_Rank7.csv
id,week,center_id,meal_id,checkout_price,base_price,emailer_for_promotion,homepage_featured,num_orders,city_code,region_code,center_type,op_area,category,cuisine
1094881,1,11,1198,166.9,219.25,0,0,391,679,56,TYPE_A,3.7,Extras,Thai
1041302,2,11,1198,188.21,220.25,0,0,391,679,56,TYPE_A,3.7,Extras,Thai
1257581,3,11,1198,157.2,220.25,0,0,445,679,56,TYPE_A,3.7,Extras,Thai
1205727,4,11,1198,174.66,219.25,0,0,676,679,56,TYPE_A,3.7,Extras,Thai
1333994,5,11,1198,186.27,220.25,0,0,554,679,56,TYPE_A,3.7,Extras,Thai
1114578,6,11,1198,171.75,169.75,0,0,661,679,56,TYPE_A,3.7,Extras,Thai
1183392,7,11,1198,167.84,167.84,0,0,568,679,56,TYPE_A,3.7,Extras,Thai
1008546,8,11,1198,161.05,162.05,0,0,541,679,56,TYPE_A,3.7,Extras,Thai
1158540,9,11,1198,185.27,185.27,0,0,674,679,56,TYPE_A,3.7,Extras,Thai
1087633,10,11,1198,164.96,187.27,0,0,663,679,56,TYPE_A,3.7,Extras,Thai
1238417,11,11,1198,167.87,185.27,0,0,647,679,56,TYPE_A,3.7,Extras,Thai
1184155,12,11,1198,163.93,186.27,0,0,445,679,56,TYPE_A,3.7,Extras,Thai
1129597,13,11,1198,183.36,183.36,0,0,663,679,56,TYPE_A,3.7,Extras,Thai
1311930,14,11,1198,189.21,188.21,0,0,393,679,56,TYPE_A,3.7,Extras,Thai
1375338,15,11,1198,145.56,188.21,0,0,540,679,56,TYPE_A,3.7,Extras,Thai
1258164,16,11,1198,184.33,184.33,0,0,635,679,56,TYPE_A,3.7,Extras,Thai
1089900,17,11,1198,156.17,184.33,0,0,663,679,56,TYPE_A,3.7,Extras,Thai
1350231,18,11,1198,172.69,172.69,0,0,554,679,56,TYPE_A,3.7,Extras,Thai
1074743,19,11,1198,166.9,166.9,0,0,783,679,56,TYPE_A,3.7,Extras,Thai
1044665,20,11,1198,189.18,189.18,0,0,595,679,56,TYPE_A,3.7,Extras,Thai
1405300,21,11,1198,162.05,188.18,0,0,378,679,56,TYPE_A,3.7,Extras,Thai
1261560,22,11,1198,157.17,189.18,0,0,608,679,56,TYPE_A,3.7,Extras,Thai
1097282,23,11,1198,177.57,176.57,0,0,663,679,56,TYPE_A,3.7,Extras,Thai
1405650,24,11,1198,149.38,176.57,0,0,607,679,56,TYPE_A,3.7,Extras,Thai
1039646,25,11,1198,193.03,193.03,0,0,513,679,56,TYPE_A,3.7,Extras,Thai
1259709,26,11,1198,154.29,193.03,0,0,674,679,56,TYPE_A,3.7,Extras,Thai
1288804,27,11,1198,183.36,183.36,0,0,662,679,56,TYPE_A,3.7,Extras,Thai
1393249,28,11,1198,177.57,175.57,0,0,690,679,56,TYPE_A,3.7,Extras,Thai
1155555,29,11,1198,155.23,176.57,0,0,783,679,56,TYPE_A,3.7,Extras,Thai
1465181,30,11,1198,148.47,176.57,0,0,649,679,56,TYPE_A,3.7,Extras,Thai
1298776,31,11,1198,193.09,192.09,0,0,609,679,56,TYPE_A,3.7,Extras,Thai
1484167,32,11,1198,161.05,191.09,0,0,647,679,56,TYPE_A,3.7,Extras,Thai
1196289,33,11,1198,180.42,182.42,0,0,527,679,56,TYPE_A,3.7,Extras,Thai
1410774,34,11,1198,180.48,178.48,0,0,460,679,56,TYPE_A,3.7,Extras,Thai
1052477,35,11,1198,160.05,179.48,0,0,703,679,56,TYPE_A,3.7,Extras,Thai
1037170,36,11,1198,172.66,174.66,0,0,501,679,56,TYPE_A,3.7,Extras,Thai
1431708,37,11,1198,175.6,174.6,0,0,420,679,56,TYPE_A,3.7,Extras,Thai
1341605,38,11,1198,151.35,175.6,0,0,716,679,56,TYPE_A,3.7,Extras,Thai
1404599,39,11,1198,199.82,201.82,0,0,541,679,56,TYPE_A,3.7,Extras,Thai
1022605,40,11,1198,163.96,201.82,0,0,716,679,56,TYPE_A,3.7,Extras,Thai
1387162,41,11,1198,163.96,199.82,0,0,661,679,56,TYPE_A,3.7,Extras,Thai
1216486,42,11,1198,156.23,201.82,0,0,419,679,56,TYPE_A,3.7,Extras,Thai
1402848,43,11,1198,196.0,195.0,0,0,379,679,56,TYPE_A,3.7,Extras,Thai
1385387,44,11,1198,149.38,194.0,0,0,432,679,56,TYPE_A,3.7,Extras,Thai
1169692,45,11,1198,188.18,190.18,0,0,298,679,56,TYPE_A,3.7,Extras,Thai
1455612,46,11,1198,179.48,178.48,0,0,337,679,56,TYPE_A,3.7,Extras,Thai
1039074,47,11,1198,138.77,178.48,0,0,188,679,56,TYPE_A,3.7,Extras,Thai
1072595,48,11,1198,165.93,165.93,0,0,446,679,56,TYPE_A,3.7,Extras,Thai
1151550,49,11,1198,175.63,175.63,0,0,446,679,56,TYPE_A,3.7,Extras,Thai
1097300,50,11,1198,186.3,186.3,0,0,608,679,56,TYPE_A,3.7,Extras,Thai
1040163,51,11,1198,187.24,187.24,0,0,487,679,56,TYPE_A,3.7,Extras,Thai
1156603,52,11,1198,169.75,169.75,0,0,636,679,56,TYPE_A,3.7,Extras,Thai
1223805,53,11,1198,168.84,167.84,0,0,283,679,56,TYPE_A,3.7,Extras,Thai
1431749,54,11,1198,174.63,173.63,0,0,473,679,56,TYPE_A,3.7,Extras,Thai
1442772,55,11,1198,187.24,188.24,0,0,485,679,56,TYPE_A,3.7,Extras,Thai
1233281,56,11,1198,151.38,187.24,0,0,431,679,56,TYPE_A,3.7,Extras,Thai
1287592,57,11,1198,195.0,195.0,0,0,312,679,56,TYPE_A,3.7,Extras,Thai
1244590,58,11,1198,146.47,196.0,0,0,501,679,56,TYPE_A,3.7,Extras,Thai
1322909,59,11,1198,151.32,194.0,0,0,258,679,56,TYPE_A,3.7,Extras,Thai
1450563,60,11,1198,162.96,195.0,0,0,634,679,56,TYPE_A,3.7,Extras,Thai
1211193,61,11,1198,163.93,194.0,0,0,472,679,56,TYPE_A,3.7,Extras,Thai
1111343,62,11,1198,178.48,179.48,0,0,460,679,56,TYPE_A,3.7,Extras,Thai
1078848,63,11,1198,148.47,178.48,0,0,325,679,56,TYPE_A,3.7,Extras,Thai
1018039,64,11,1198,219.22,220.22,0,0,217,679,56,TYPE_A,3.7,Extras,Thai
1366654,65,11,1198,195.94,219.22,0,0,419,679,56,TYPE_A,3.7,Extras,Thai
1197873,66,11,1198,166.87,219.22,0,0,364,679,56,TYPE_A,3.7,Extras,Thai
1458737,67,11,1198,156.2,220.22,0,0,447,679,56,TYPE_A,3.7,Extras,Thai
1126018,68,11,1198,156.2,220.22,0,0,447,679,56,TYPE_A,3.7,Extras,Thai
1258123,69,11,1198,168.81,221.22,0,0,540,679,56,TYPE_A,3.7,Extras,Thai
1449447,70,11,1198,183.33,221.22,0,0,541,679,56,TYPE_A,3.7,Extras,Thai
1201917,71,11,1198,153.26,155.26,0,0,338,679,56,TYPE_A,3.7,Extras,Thai
1106503,72,11,1198,166.84,168.84,0,0,312,679,56,TYPE_A,3.7,Extras,Thai
1074792,73,11,1198,167.84,167.84,0,0,566,679,56,TYPE_A,3.7,Extras,Thai
1182504,74,11,1198,167.87,165.87,0,0,675,679,56,TYPE_A,3.7,Extras,Thai
1127323,75,11,1198,191.09,193.09,0,0,472,679,56,TYPE_A,3.7,Extras,Thai
1304518,76,11,1198,191.15,189.15,0,0,364,679,56,TYPE_A,3.7,Extras,Thai
1354573,77,11,1198,181.39,182.39,0,0,500,679,56,TYPE_A,3.7,Extras,Thai
1419282,78,11,1198,167.84,168.84,0,0,621,679,56,TYPE_A,3.7,Extras,Thai
1192725,79,11,1198,186.3,186.3,0,0,513,679,56,TYPE_A,3.7,Extras,Thai
1341570,80,11,1198,170.78,168.78,0,0,459,679,56,TYPE_A,3.7,Extras,Thai
1353197,81,11,1198,166.84,166.84,0,0,622,679,56,TYPE_A,3.7,Extras,Thai
1140239,82,11,1198,178.54,177.54,0,0,636,679,56,TYPE_A,3.7,Extras,Thai
1134922,83,11,1198,170.75,170.75,0,0,649,679,56,TYPE_A,3.7,Extras,Thai
1079804,84,11,1198,136.8,171.75,0,0,620,679,56,TYPE_A,3.7,Extras,Thai
1150390,85,11,1198,186.3,184.3,0,0,744,679,56,TYPE_A,3.7,Extras,Thai
1266761,86,11,1198,171.72,172.72,0,0,608,679,56,TYPE_A,3.7,Extras,Thai
1349253,87,11,1198,163.96,164.96,0,0,688,679,56,TYPE_A,3.7,Extras,Thai
1022847,88,11,1198,155.23,156.23,0,0,418,679,56,TYPE_A,3.7,Extras,Thai
1200516,89,11,1198,150.38,151.38,0,0,433,679,56,TYPE_A,3.7,Extras,Thai
1400310,90,11,1198,182.36,182.36,0,0,566,679,56,TYPE_A,3.7,Extras,Thai
1188603,91,11,1198,174.66,173.66,0,0,499,679,56,TYPE_A,3.7,Extras,Thai
1200401,92,11,1198,148.44,173.66,0,0,526,679,56,TYPE_A,3.7,Extras,Thai
1395673,93,11,1198,157.2,173.66,0,0,472,679,56,TYPE_A,3.7,Extras,Thai
1009370,94,11,1198,181.45,181.45,0,0,742,679,56,TYPE_A,3.7,Extras,Thai
1340695,95,11,1198,170.78,169.78,0,0,690,679,56,TYPE_A,3.7,Extras,Thai
1024801,96,11,1198,200.82,199.82,0,0,324,679,56,TYPE_A,3.7,Extras,Thai
1032949,97,11,1198,162.05,200.82,0,0,377,679,56,TYPE_A,3.7,Extras,Thai
1351347,98,11,1198,166.9,199.82,0,0,420,679,56,TYPE_A,3.7,Extras,Thai
1462191,99,11,1198,196.0,196.0,0,0,298,679,56,TYPE_A,3.7,Extras,Thai
1200988,100,11,1198,200.79,201.79,0,0,366,679,56,TYPE_A,3.7,Extras,Thai
1438891,101,11,1198,170.75,202.79,0,0,406,679,56,TYPE_A,3.7,Extras,Thai
1071482,102,11,1198,195.03,193.03,0,0,513,679,56,TYPE_A,3.7,Extras,Thai
1143338,103,11,1198,156.2,194.03,0,0,526,679,56,TYPE_A,3.7,Extras,Thai
1025978,104,11,1198,176.54,178.54,0,0,391,679,56,TYPE_A,3.7,Extras,Thai
1123400,105,11,1198,209.55,210.55,0,0,350,679,56,TYPE_A,3.7,Extras,Thai
1102934,106,11,1198,192.09,193.09,0,0,337,679,56,TYPE_A,3.7,Extras,Thai
1145401,107,11,1198,154.26,193.09,0,0,337,679,56,TYPE_A,3.7,Extras,Thai
1439253,108,11,1198,129.04,192.09,0,0,269,679,56,TYPE_A,3.7,Extras,Thai
1107491,109,11,1198,181.45,179.45,0,0,431,679,56,TYPE_A,3.7,Extras,Thai
1492664,110,11,1198,184.36,184.36,0,0,473,679,56,TYPE_A,3.7,Extras,Thai
1267863,112,11,1198,152.32,189.18,0,0,67,679,56,TYPE_A,3.7,Extras,Thai
1237710,113,11,1198,173.69,171.69,0,0,351,679,56,TYPE_A,3.7,Extras,Thai
1411422,114,11,1198,171.75,169.75,0,0,433,679,56,TYPE_A,3.7,Extras,Thai
1369416,115,11,1198,166.87,167.87,0,0,338,679,56,TYPE_A,3.7,Extras,Thai
1429620,1,11,1311,160.05,160.05,0,0,783,679,56,TYPE_A,3.7,Extras,Thai
1231759,2,11,1311,165.87,167.87,0,0,960,679,56,TYPE_A,3.7,Extras,Thai
1175582,3,11,1311,174.6,174.6,0,0,836,679,56,TYPE_A,3.7,Extras,Thai
1218447,4,11,1311,171.75,169.75,0,0,1216,679,56,TYPE_A,3.7,Extras,Thai
1256165,5,11,1311,161.05,161.05,0,0,811,679,56,TYPE_A,3.7,Extras,Thai
1003631,6,11,1311,195.03,194.03,0,0,649,679,56,TYPE_A,3.7,Extras,Thai
1230668,7,11,1311,191.15,190.15,0,0,729,679,56,TYPE_A,3.7,Extras,Thai
1115653,8,11,1311,165.93,190.15,0,0,1000,679,56,TYPE_A,3.7,Extras,Thai
1347767,9,11,1311,159.14,190.15,0,0,824,679,56,TYPE_A,3.7,Extras,Thai
1094844,10,11,1311,169.81,191.15,0,0,770,679,56,TYPE_A,3.7,Extras,Thai
1481923,11,11,1311,137.77,189.15,0,0,755,679,56,TYPE_A,3.7,Extras,Thai
1193899,12,11,1311,165.9,191.15,0,0,837,679,56,TYPE_A,3.7,Extras,Thai
1464934,13,11,1311,147.5,190.15,0,0,919,679,56,TYPE_A,3.7,Extras,Thai
1207719,14,11,1311,193.03,194.03,0,0,783,679,56,TYPE_A,3.7,Extras,Thai
1494118,15,11,1311,169.78,193.03,0,0,917,679,56,TYPE_A,3.7,Extras,Thai
1136939,16,11,1311,181.39,183.39,0,0,499,679,56,TYPE_A,3.7,Extras,Thai
1433064,17,11,1311,164.9,165.9,0,0,755,679,56,TYPE_A,3.7,Extras,Thai
1243048,18,11,1311,183.36,183.36,0,0,663,679,56,TYPE_A,3.7,Extras,Thai
1268259,19,11,1311,165.93,164.93,0,0,891,679,56,TYPE_A,3.7,Extras,Thai
1158167,20,11,1311,152.35,150.35,0,0,944,679,56,TYPE_A,3.7,Extras,Thai
1185665,21,11,1311,182.39,181.39,0,0,688,679,56,TYPE_A,3.7,Extras,Thai
1341221,22,11,1311,172.66,174.66,0,0,649,679,56,TYPE_A,3.7,Extras,Thai
1426742,23,11,1311,179.51,178.51,0,0,729,679,56,TYPE_A,3.7,Extras,Thai
1076870,24,11,1311,172.66,173.66,0,0,823,679,56,TYPE_A,3.7,Extras,Thai
1464570,25,11,1311,161.99,162.99,0,0,769,679,56,TYPE_A,3.7,Extras,Thai
1133684,26,11,1311,161.99,163.99,0,0,878,679,56,TYPE_A,3.7,Extras,Thai
1209683,27,11,1311,177.54,177.54,0,0,782,679,56,TYPE_A,3.7,Extras,Thai
1309713,28,11,1311,167.81,168.81,0,0,837,679,56,TYPE_A,3.7,Extras,Thai
1378421,29,11,1311,162.05,160.05,0,0,756,679,56,TYPE_A,3.7,Extras,Thai
1307740,30,11,1311,151.38,151.38,0,0,663,679,56,TYPE_A,3.7,Extras,Thai
1303998,31,11,1311,148.47,148.47,0,0,648,679,56,TYPE_A,3.7,Extras,Thai
1335548,32,11,1311,162.96,163.96,0,0,609,679,56,TYPE_A,3.7,Extras,Thai
1130578,33,11,1311,163.99,162.99,0,0,744,679,56,TYPE_A,3.7,Extras,Thai
1466971,34,11,1311,172.72,170.72,0,0,580,679,56,TYPE_A,3.7,Extras,Thai
1241601,35,11,1311,176.6,174.6,0,0,1014,679,56,TYPE_A,3.7,Extras,Thai
1429619,36,11,1311,179.48,179.48,0,0,675,679,56,TYPE_A,3.7,Extras,Thai
1351927,37,11,1311,186.27,187.27,0,0,676,679,56,TYPE_A,3.7,Extras,Thai
1450504,38,11,1311,185.3,184.3,0,0,771,679,56,TYPE_A,3.7,Extras,Thai
1295536,39,11,1311,172.72,172.72,0,0,755,679,56,TYPE_A,3.7,Extras,Thai
1081795,40,11,1311,166.87,167.87,0,0,729,679,56,TYPE_A,3.7,Extras,Thai
1362234,41,11,1311,184.33,185.33,0,0,540,679,56,TYPE_A,3.7,Extras,Thai
1064106,42,11,1311,173.66,173.66,0,0,500,679,56,TYPE_A,3.7,Extras,Thai
1076756,43,11,1311,146.53,172.66,0,0,568,679,56,TYPE_A,3.7,Extras,Thai
1198043,44,11,1311,192.09,191.09,0,0,474,679,56,TYPE_A,3.7,Extras,Thai
1016066,45,11,1311,154.26,191.09,0,0,676,679,56,TYPE_A,3.7,Extras,Thai
1459092,46,11,1311,163.93,192.09,0,0,528,679,56,TYPE_A,3.7,Extras,Thai
1343287,47,11,1311,184.3,185.3,0,0,701,679,56,TYPE_A,3.7,Extras,Thai
1043903,48,11,1311,166.9,185.3,0,0,784,679,56,TYPE_A,3.7,Extras,Thai
1032457,49,11,1311,160.05,184.3,0,0,647,679,56,TYPE_A,3.7,Extras,Thai
1154777,50,11,1311,157.2,184.3,0,0,1081,679,56,TYPE_A,3.7,Extras,Thai
1064220,51,11,1311,172.69,173.69,0,0,1054,679,56,TYPE_A,3.7,Extras,Thai
1010108,52,11,1311,183.39,183.39,0,0,782,679,56,TYPE_A,3.7,Extras,Thai
1187805,53,11,1311,183.36,184.36,0,0,663,679,56,TYPE_A,3.7,Extras,Thai
1196461,54,11,1311,162.99,184.36,0,0,771,679,56,TYPE_A,3.7,Extras,Thai
1491024,55,11,1311,167.87,167.87,0,0,702,679,56,TYPE_A,3.7,Extras,Thai
1135410,56,11,1311,178.51,178.51,0,0,730,679,56,TYPE_A,3.7,Extras,Thai
1030904,57,11,1311,176.57,177.57,0,0,1080,679,56,TYPE_A,3.7,Extras,Thai
1015367,58,11,1311,180.45,179.45,0,0,770,679,56,TYPE_A,3.7,Extras,Thai
1435929,59,11,1311,182.42,181.42,0,0,527,679,56,TYPE_A,3.7,Extras,Thai
1447860,60,11,1311,168.78,169.78,0,0,890,679,56,TYPE_A,3.7,Extras,Thai
1265368,61,11,1311,161.99,161.99,0,0,743,679,56,TYPE_A,3.7,Extras,Thai
1287705,62,11,1311,167.84,168.84,0,0,851,679,56,TYPE_A,3.7,Extras,Thai
1205514,63,11,1311,173.69,172.69,0,0,555,679,56,TYPE_A,3.7,Extras,Thai
1350064,64,11,1311,165.87,166.87,0,0,701,679,56,TYPE_A,3.7,Extras,Thai
1149747,65,11,1311,177.54,176.54,0,0,393,679,56,TYPE_A,3.7,Extras,Thai
1283663,66,11,1311,194.03,195.03,0,0,445,679,56,TYPE_A,3.7,Extras,Thai
1151569,67,11,1311,157.2,194.03,0,0,501,679,56,TYPE_A,3.7,Extras,Thai
1476461,68,11,1311,162.05,194.03,0,0,540,679,56,TYPE_A,3.7,Extras,Thai
1474003,69,11,1311,189.18,189.18,0,0,917,679,56,TYPE_A,3.7,Extras,Thai
1137111,70,11,1311,150.38,189.18,0,0,663,679,56,TYPE_A,3.7,Extras,Thai
1030118,71,11,1311,187.24,186.24,0,0,647,679,56,TYPE_A,3.7,Extras,Thai
1161614,72,11,1311,173.66,173.66,0,0,851,679,56,TYPE_A,3.7,Extras,Thai
1332305,73,11,1311,159.14,159.14,0,0,796,679,56,TYPE_A,3.7,Extras,Thai
1141602,74,11,1311,168.81,167.81,0,0,771,679,56,TYPE_A,3.7,Extras,Thai
1343292,75,11,1311,153.32,151.32,0,0,824,679,56,TYPE_A,3.7,Extras,Thai
1471380,76,11,1311,177.57,175.57,0,0,811,679,56,TYPE_A,3.7,Extras,Thai
1183984,77,11,1311,173.66,172.66,0,0,798,679,56,TYPE_A,3.7,Extras,Thai
1370477,78,11,1311,202.73,203.73,0,0,891,679,56,TYPE_A,3.7,Extras,Thai
1108971,79,11,1311,164.93,204.73,0,0,945,679,56,TYPE_A,3.7,Extras,Thai
1230600,80,11,1311,176.54,204.73,0,0,878,679,56,TYPE_A,3.7,Extras,Thai
1217358,81,11,1311,172.69,204.73,0,0,877,679,56,TYPE_A,3.7,Extras,Thai
1067068,82,11,1311,154.29,204.73,0,0,608,679,56,TYPE_A,3.7,Extras,Thai
1266872,83,11,1311,161.99,203.73,0,0,865,679,56,TYPE_A,3.7,Extras,Thai
1234895,84,11,1311,163.93,203.73,0,0,932,679,56,TYPE_A,3.7,Extras,Thai
1319080,85,11,1311,168.78,168.78,0,0,917,679,56,TYPE_A,3.7,Extras,Thai
1200278,86,11,1311,153.29,153.29,0,0,594,679,56,TYPE_A,3.7,Extras,Thai
1253798,87,11,1311,181.39,183.39,0,0,784,679,56,TYPE_A,3.7,Extras,Thai
1340125,88,11,1311,158.14,181.39,0,0,851,679,56,TYPE_A,3.7,Extras,Thai
1387957,89,11,1311,171.69,173.69,0,0,701,679,56,TYPE_A,3.7,Extras,Thai
1420381,90,11,1311,177.54,178.54,0,0,784,679,56,TYPE_A,3.7,Extras,Thai
1389159,91,11,1311,163.93,164.93,0,0,891,679,56,TYPE_A,3.7,Extras,Thai
1211542,92,11,1311,178.48,179.48,0,0,917,679,56,TYPE_A,3.7,Extras,Thai
1117352,93,11,1311,164.9,166.9,0,0,756,679,56,TYPE_A,3.7,Extras,Thai
1456737,94,11,1311,159.14,159.14,0,0,823,679,56,TYPE_A,3.7,Extras,Thai
1104876,95,11,1311,162.02,163.02,0,0,944,679,56,TYPE_A,3.7,Extras,Thai
1460354,96,11,1311,164.93,165.93,0,0,1013,679,56,TYPE_A,3.7,Extras,Thai
1312786,97,11,1311,177.57,176.57,0,0,662,679,56,TYPE_A,3.7,Extras,Thai
1494963,98,11,1311,176.57,177.57,0,0,661,679,56,TYPE_A,3.7,Extras,Thai
1157641,99,11,1311,162.05,161.05,0,0,702,679,56,TYPE_A,3.7,Extras,Thai
1204222,100,11,1311,167.87,167.87,0,0,648,679,56,TYPE_A,3.7,Extras,Thai
1184607,101,11,1311,177.51,178.51,0,0,703,679,56,TYPE_A,3.7,Extras,Thai
1065923,102,11,1311,140.65,178.51,0,0,917,679,56,TYPE_A,3.7,Extras,Thai
1308111,103,11,1311,167.81,168.81,0,0,770,679,56,TYPE_A,3.7,Extras,Thai
1340301,104,11,1311,213.43,212.43,0,0,555,679,56,TYPE_A,3.7,Extras,Thai
1208340,105,11,1311,130.04,212.43,0,0,472,679,56,TYPE_A,3.7,Extras,Thai
1364910,106,11,1311,145.5,213.43,0,0,621,679,56,TYPE_A,3.7,Extras,Thai
1059046,107,11,1311,171.75,212.43,0,0,431,679,56,TYPE_A,3.7,Extras,Thai
1406675,108,11,1311,139.71,214.43,0,0,528,679,56,TYPE_A,3.7,Extras,Thai
1489390,109,11,1311,194.0,195.0,0,0,689,679,56,TYPE_A,3.7,Extras,Thai
1191051,110,11,1311,174.63,195.0,0,0,473,679,56,TYPE_A,3.7,Extras,Thai
1009821,111,11,1311,130.04,195.0,0,0,40,679,56,TYPE_A,3.7,Extras,Thai
1343505,112,11,1311,162.05,194.0,0,0,135,679,56,TYPE_A,3.7,Extras,Thai
1074810,113,11,1311,181.39,183.39,0,0,593,679,56,TYPE_A,3.7,Extras,Thai
1215808,114,11,1311,158.17,181.39,0,0,581,679,56,TYPE_A,3.7,Extras,Thai
1118852,115,11,1311,154.29,182.39,0,0,621,679,56,TYPE_A,3.7,Extras,Thai
