Data set/Center wise/Center_11_Rank7.csv
id,week,center_id,meal_id,checkout_price,base_price,emailer_for_promotion,homepage_featured,num_orders,city_code,region_code,center_type,op_area,category,cuisine
1032988,1,11,1803,179.45,179.45,0,0,769,679,56,TYPE_A,3.7,Extras,Thai
1412490,2,11,1803,160.05,180.45,0,0,701,679,56,TYPE_A,3.7,Extras,Thai
1196329,3,11,1803,178.48,178.48,0,0,918,679,56,TYPE_A,3.7,Extras,Thai
1196814,4,11,1803,156.17,180.48,0,0,634,679,56,TYPE_A,3.7,Extras,Thai
1225446,5,11,1803,166.9,164.9,0,0,755,679,56,TYPE_A,3.7,Extras,Thai
1260091,6,11,1803,161.05,162.05,0,0,703,679,56,TYPE_A,3.7,Extras,Thai
1346511,7,11,1803,132.92,160.05,0,0,553,679,56,TYPE_A,3.7,Extras,Thai
1335583,8,11,1803,166.84,167.84,0,0,904,679,56,TYPE_A,3.7,Extras,Thai
1114424,9,11,1803,161.05,161.05,0,0,783,679,56,TYPE_A,3.7,Extras,Thai
1148588,10,11,1803,168.84,166.84,0,0,878,679,56,TYPE_A,3.7,Extras,Thai
1404977,11,11,1803,163.99,161.99,0,0,851,679,56,TYPE_A,3.7,Extras,Thai
1049659,12,11,1803,165.93,165.93,0,0,526,679,56,TYPE_A,3.7,Extras,Thai
1092156,13,11,1803,181.42,180.42,0,0,526,679,56,TYPE_A,3.7,Extras,Thai
1218540,14,11,1803,164.96,163.96,0,0,609,679,56,TYPE_A,3.7,Extras,Thai
1365145,15,11,1803,165.93,164.93,0,0,555,679,56,TYPE_A,3.7,Extras,Thai
1448296,16,11,1803,161.05,162.05,0,0,595,679,56,TYPE_A,3.7,Extras,Thai
1026994,17,11,1803,187.27,185.27,0,0,581,679,56,TYPE_A,3.7,Extras,Thai
1238394,18,11,1803,150.38,187.27,0,0,634,679,56,TYPE_A,3.7,Extras,Thai
1463060,19,11,1803,153.26,187.27,0,0,702,679,56,TYPE_A,3.7,Extras,Thai
1274705,20,11,1803,159.08,185.27,0,0,891,679,56,TYPE_A,3.7,Extras,Thai
1080806,21,11,1803,167.87,186.27,0,0,649,679,56,TYPE_A,3.7,Extras,Thai
1349886,22,11,1803,182.39,181.39,0,0,593,679,56,TYPE_A,3.7,Extras,Thai
1273039,23,11,1803,153.32,183.39,0,0,797,679,56,TYPE_A,3.7,Extras,Thai
1192140,24,11,1803,159.14,182.39,0,0,904,679,56,TYPE_A,3.7,Extras,Thai
1332290,25,11,1803,157.17,181.39,0,0,607,679,56,TYPE_A,3.7,Extras,Thai
1059928,26,11,1803,165.87,165.87,0,0,648,679,56,TYPE_A,3.7,Extras,Thai
1289685,27,11,1803,196.97,195.97,0,0,730,679,56,TYPE_A,3.7,Extras,Thai
1245257,28,11,1803,145.56,195.97,0,0,649,679,56,TYPE_A,3.7,Extras,Thai
1275743,29,11,1803,170.72,194.97,0,0,971,679,56,TYPE_A,3.7,Extras,Thai
1326351,30,11,1803,173.69,194.97,0,0,513,679,56,TYPE_A,3.7,Extras,Thai
1219918,31,11,1803,190.18,190.18,0,0,528,679,56,TYPE_A,3.7,Extras,Thai
1356583,32,11,1803,165.93,189.18,0,0,555,679,56,TYPE_A,3.7,Extras,Thai
1324081,33,11,1803,155.26,190.18,0,0,702,679,56,TYPE_A,3.7,Extras,Thai
1026839,34,11,1803,153.26,189.18,0,0,675,679,56,TYPE_A,3.7,Extras,Thai
1049074,35,11,1803,154.26,188.18,0,0,864,679,56,TYPE_A,3.7,Extras,Thai
1464976,36,11,1803,168.81,188.18,0,0,513,679,56,TYPE_A,3.7,Extras,Thai
1076586,37,11,1803,170.75,169.75,0,0,634,679,56,TYPE_A,3.7,Extras,Thai
1243870,38,11,1803,156.17,158.17,0,0,635,679,56,TYPE_A,3.7,Extras,Thai
1443224,39,11,1803,155.23,156.23,0,0,419,679,56,TYPE_A,3.7,Extras,Thai
1447429,40,11,1803,155.26,154.26,0,0,701,679,56,TYPE_A,3.7,Extras,Thai
1487945,41,11,1803,156.2,156.2,0,0,526,679,56,TYPE_A,3.7,Extras,Thai
1366956,42,11,1803,169.75,169.75,0,0,405,679,56,TYPE_A,3.7,Extras,Thai
1338754,43,11,1803,167.84,167.84,0,0,568,679,56,TYPE_A,3.7,Extras,Thai
1279280,44,11,1803,143.56,167.84,0,0,271,679,56,TYPE_A,3.7,Extras,Thai
1371650,45,11,1803,177.54,178.54,0,0,634,679,56,TYPE_A,3.7,Extras,Thai
1444027,46,11,1803,155.23,177.54,0,0,420,679,56,TYPE_A,3.7,Extras,Thai
1397228,47,11,1803,138.77,178.54,0,0,379,679,56,TYPE_A,3.7,Extras,Thai
1493127,48,11,1803,175.57,177.57,0,0,269,679,56,TYPE_A,3.7,Extras,Thai
1471074,49,11,1803,169.78,168.78,0,0,487,679,56,TYPE_A,3.7,Extras,Thai
1108266,50,11,1803,161.99,162.99,0,0,877,679,56,TYPE_A,3.7,Extras,Thai
1020453,51,11,1803,170.75,169.75,0,0,635,679,56,TYPE_A,3.7,Extras,Thai
1145058,52,11,1803,141.65,170.75,0,0,337,679,56,TYPE_A,3.7,Extras,Thai
1159320,53,11,1803,167.84,167.84,0,0,310,679,56,TYPE_A,3.7,Extras,Thai
1415851,54,11,1803,163.93,165.93,0,0,499,679,56,TYPE_A,3.7,Extras,Thai
1110190,55,11,1803,137.8,164.93,0,0,539,679,56,TYPE_A,3.7,Extras,Thai
1138880,56,11,1803,162.05,162.05,0,0,728,679,56,TYPE_A,3.7,Extras,Thai
1269237,57,11,1803,149.44,148.44,0,0,555,679,56,TYPE_A,3.7,Extras,Thai
1136602,58,11,1803,167.81,169.81,0,0,541,679,56,TYPE_A,3.7,Extras,Thai
1280979,59,11,1803,160.05,162.05,0,0,539,679,56,TYPE_A,3.7,Extras,Thai
1106564,60,11,1803,170.75,171.75,0,0,404,679,56,TYPE_A,3.7,Extras,Thai
1054931,61,11,1803,179.45,180.45,0,0,554,679,56,TYPE_A,3.7,Extras,Thai
1344015,62,11,1803,140.65,181.45,0,0,339,679,56,TYPE_A,3.7,Extras,Thai
1450699,63,11,1803,161.05,180.45,0,0,540,679,56,TYPE_A,3.7,Extras,Thai
1373319,64,11,1803,166.9,164.9,0,0,393,679,56,TYPE_A,3.7,Extras,Thai
1407431,65,11,1803,181.42,180.42,0,0,404,679,56,TYPE_A,3.7,Extras,Thai
1091820,66,11,1803,144.59,181.42,0,0,512,679,56,TYPE_A,3.7,Extras,Thai
1030195,67,11,1803,165.93,165.93,0,0,527,679,56,TYPE_A,3.7,Extras,Thai
1267673,68,11,1803,180.45,179.45,0,0,553,679,56,TYPE_A,3.7,Extras,Thai
1445025,69,11,1803,142.65,179.45,0,0,582,679,56,TYPE_A,3.7,Extras,Thai
1228590,70,11,1803,175.6,176.6,0,0,419,679,56,TYPE_A,3.7,Extras,Thai
1456254,71,11,1803,164.96,164.96,0,0,663,679,56,TYPE_A,3.7,Extras,Thai
1312087,72,11,1803,162.05,160.05,0,0,566,679,56,TYPE_A,3.7,Extras,Thai
1049186,73,11,1803,165.87,165.87,0,0,676,679,56,TYPE_A,3.7,Extras,Thai
1219970,74,11,1803,172.66,173.66,0,0,703,679,56,TYPE_A,3.7,Extras,Thai
1335654,75,11,1803,146.5,173.66,0,0,716,679,56,TYPE_A,3.7,Extras,Thai
1010399,76,11,1803,164.9,165.9,0,0,838,679,56,TYPE_A,3.7,Extras,Thai
1468629,77,11,1803,169.81,168.81,0,0,798,679,56,TYPE_A,3.7,Extras,Thai
1245346,78,11,1803,139.68,169.81,0,0,771,679,56,TYPE_A,3.7,Extras,Thai
1199364,79,11,1803,144.59,168.81,0,0,783,679,56,TYPE_A,3.7,Extras,Thai
1295941,80,11,1803,169.78,170.78,0,0,715,679,56,TYPE_A,3.7,Extras,Thai
1359085,81,11,1803,175.6,174.6,0,0,567,679,56,TYPE_A,3.7,Extras,Thai
1105633,82,11,1803,162.05,162.05,0,0,648,679,56,TYPE_A,3.7,Extras,Thai
1445776,83,11,1803,162.05,161.05,0,0,675,679,56,TYPE_A,3.7,Extras,Thai
1333500,84,11,1803,163.99,162.99,0,0,770,679,56,TYPE_A,3.7,Extras,Thai
1450447,85,11,1803,186.24,187.24,0,0,649,679,56,TYPE_A,3.7,Extras,Thai
1318517,86,11,1803,165.9,188.24,0,0,418,679,56,TYPE_A,3.7,Extras,Thai
1054284,87,11,1803,136.8,187.24,0,0,636,679,56,TYPE_A,3.7,Extras,Thai
1090960,88,11,1803,173.63,173.63,0,0,716,679,56,TYPE_A,3.7,Extras,Thai
1217211,89,11,1803,163.93,165.93,0,0,554,679,56,TYPE_A,3.7,Extras,Thai
1166302,90,11,1803,144.59,165.93,0,0,783,679,56,TYPE_A,3.7,Extras,Thai
1020979,91,11,1803,144.53,163.93,0,0,566,679,56,TYPE_A,3.7,Extras,Thai
1154872,92,11,1803,158.14,157.14,0,0,851,679,56,TYPE_A,3.7,Extras,Thai
1286529,93,11,1803,155.23,155.23,0,0,810,679,56,TYPE_A,3.7,Extras,Thai
1468641,94,11,1803,181.42,182.42,0,0,716,679,56,TYPE_A,3.7,Extras,Thai
1423213,95,11,1803,152.32,180.42,0,0,730,679,56,TYPE_A,3.7,Extras,Thai
1418878,96,11,1803,176.54,177.54,0,0,770,679,56,TYPE_A,3.7,Extras,Thai
1327594,97,11,1803,143.56,176.54,0,0,688,679,56,TYPE_A,3.7,Extras,Thai
1409399,98,11,1803,185.33,183.33,0,0,540,679,56,TYPE_A,3.7,Extras,Thai
1344489,99,11,1803,155.2,183.33,0,0,501,679,56,TYPE_A,3.7,Extras,Thai
1188179,100,11,1803,161.05,183.33,0,0,797,679,56,TYPE_A,3.7,Extras,Thai
1398514,101,11,1803,183.36,183.36,0,0,757,679,56,TYPE_A,3.7,Extras,Thai
1229686,102,11,1803,175.6,174.6,0,0,838,679,56,TYPE_A,3.7,Extras,Thai
1155849,103,11,1803,185.33,184.33,0,0,729,679,56,TYPE_A,3.7,Extras,Thai
1381933,104,11,1803,148.44,185.33,0,0,690,679,56,TYPE_A,3.7,Extras,Thai
1001892,105,11,1803,201.79,202.79,0,0,621,679,56,TYPE_A,3.7,Extras,Thai
1005346,106,11,1803,162.96,201.79,0,0,688,679,56,TYPE_A,3.7,Extras,Thai
1311019,107,11,1803,164.93,202.79,0,0,528,679,56,TYPE_A,3.7,Extras,Thai
1145138,108,11,1803,187.24,188.24,0,0,716,679,56,TYPE_A,3.7,Extras,Thai
1381077,109,11,1803,144.56,186.24,0,0,689,679,56,TYPE_A,3.7,Extras,Thai
1377073,110,11,1803,167.81,187.24,0,0,513,679,56,TYPE_A,3.7,Extras,Thai
1236548,111,11,1803,164.93,188.24,0,0,135,679,56,TYPE_A,3.7,Extras,Thai
1293839,112,11,1803,195.94,196.94,0,0,175,679,56,TYPE_A,3.7,Extras,Thai
1331853,113,11,1803,165.93,197.94,0,0,528,679,56,TYPE_A,3.7,Extras,Thai
1374726,114,11,1803,170.78,195.94,0,0,688,679,56,TYPE_A,3.7,Extras,Thai
1362458,115,11,1803,166.84,195.94,0,0,621,679,56,TYPE_A,3.7,Extras,Thai
1225075,1,11,1438,242.5,272.63,0,0,55,679,56,TYPE_A,3.7,Soup,Thai
1062821,2,11,1438,243.5,271.63,0,0,53,679,56,TYPE_A,3.7,Soup,Thai
1231654,3,11,1438,242.5,272.63,0,0,28,679,56,TYPE_A,3.7,Soup,Thai
1393930,4,11,1438,242.5,270.63,0,0,94,679,56,TYPE_A,3.7,Soup,Thai
1252829,5,11,1438,244.5,272.63,0,0,94,679,56,TYPE_A,3.7,Soup,Thai
1228430,6,11,1438,242.5,270.63,0,0,27,679,56,TYPE_A,3.7,Soup,Thai
1445555,7,11,1438,242.5,244.5,0,0,40,679,56,TYPE_A,3.7,Soup,Thai
1477197,8,11,1438,243.5,244.5,0,0,54,679,56,TYPE_A,3.7,Soup,Thai
1315047,9,11,1438,270.63,272.63,0,0,42,679,56,TYPE_A,3.7,Soup,Thai
1346858,10,11,1438,272.63,270.63,0,0,68,679,56,TYPE_A,3.7,Soup,Thai
1483634,11,11,1438,272.63,270.63,0,0,81,679,56,TYPE_A,3.7,Soup,Thai
1220331,12,11,1438,271.63,272.63,0,0,95,679,56,TYPE_A,3.7,Soup,Thai
1324605,13,11,1438,244.5,272.63,0,0,55,679,56,TYPE_A,3.7,Soup,Thai
1153341,14,11,1438,244.5,270.63,0,0,109,679,56,TYPE_A,3.7,Soup,Thai
1277831,15,11,1438,243.5,271.63,0,0,54,679,56,TYPE_A,3.7,Soup,Thai
1250062,16,11,1438,251.29,251.29,0,0,55,679,56,TYPE_A,3.7,Soup,Thai
1486247,17,11,1438,244.5,244.5,0,0,150,679,56,TYPE_A,3.7,Soup,Thai
1033026,18,11,1438,244.5,244.5,0,0,14,679,56,TYPE_A,3.7,Soup,Thai
1073983,19,11,1438,242.5,243.5,0,0,13,679,56,TYPE_A,3.7,Soup,Thai
1106041,20,11,1438,244.5,242.5,0,0,109,679,56,TYPE_A,3.7,Soup,Thai
1269258,21,11,1438,244.5,243.5,0,1,175,679,56,TYPE_A,3.7,Soup,Thai
1145975,22,11,1438,244.5,242.5,0,1,82,679,56,TYPE_A,3.7,Soup,Thai
1462960,23,11,1438,243.5,243.5,0,1,53,679,56,TYPE_A,3.7,Soup,Thai
1072904,25,11,1438,243.5,243.5,0,1,80,679,56,TYPE_A,3.7,Soup,Thai
1450233,26,11,1438,244.5,244.5,0,1,107,679,56,TYPE_A,3.7,Soup,Thai
1145672,27,11,1438,243.5,244.5,0,1,69,679,56,TYPE_A,3.7,Soup,Thai
1063246,28,11,1438,243.5,242.5,0,1,55,679,56,TYPE_A,3.7,Soup,Thai
1315210,29,11,1438,196.0,243.5,0,0,80,679,56,TYPE_A,3.7,Soup,Thai
1341139,30,11,1438,196.0,242.5,0,1,69,679,56,TYPE_A,3.7,Soup,Thai
1282417,31,11,1438,196.0,242.5,0,0,42,679,56,TYPE_A,3.7,Soup,Thai
1094651,32,11,1438,196.0,242.5,0,1,68,679,56,TYPE_A,3.7,Soup,Thai
1260724,33,11,1438,258.08,257.08,0,0,68,679,56,TYPE_A,3.7,Soup,Thai
1006920,34,11,1438,257.08,258.08,0,0,54,679,56,TYPE_A,3.7,Soup,Thai
1292077,35,11,1438,257.08,257.08,0,0,123,679,56,TYPE_A,3.7,Soup,Thai
1291266,36,11,1438,257.08,258.08,0,1,55,679,56,TYPE_A,3.7,Soup,Thai
1477818,37,11,1438,195.0,257.08,0,0,177,679,56,TYPE_A,3.7,Soup,Thai
1096774,38,11,1438,194.0,257.08,0,1,53,679,56,TYPE_A,3.7,Soup,Thai
1006022,39,11,1438,195.0,258.08,0,1,96,679,56,TYPE_A,3.7,Soup,Thai
1483967,40,11,1438,196.0,257.08,0,1,69,679,56,TYPE_A,3.7,Soup,Thai
1461396,41,11,1438,219.28,258.08,0,0,54,679,56,TYPE_A,3.7,Soup,Thai
1381895,42,11,1438,219.28,256.08,0,0,42,679,56,TYPE_A,3.7,Soup,Thai
1329279,43,11,1438,217.28,257.08,0,0,26,679,56,TYPE_A,3.7,Soup,Thai
1052614,44,11,1438,218.28,256.08,0,0,40,679,56,TYPE_A,3.7,Soup,Thai
1499464,45,11,1438,233.8,233.8,0,0,69,679,56,TYPE_A,3.7,Soup,Thai
1111501,46,11,1438,232.8,233.8,0,0,41,679,56,TYPE_A,3.7,Soup,Thai
1277601,47,11,1438,234.8,234.8,0,0,67,679,56,TYPE_A,3.7,Soup,Thai
1257299,48,11,1438,233.8,232.8,0,0,40,679,56,TYPE_A,3.7,Soup,Thai
1447671,49,11,1438,242.56,242.56,0,0,107,679,56,TYPE_A,3.7,Soup,Thai
1132816,50,11,1438,241.56,240.56,0,0,94,679,56,TYPE_A,3.7,Soup,Thai
1358849,51,11,1438,241.56,240.56,0,0,96,679,56,TYPE_A,3.7,Soup,Thai
1247625,52,11,1438,242.56,241.56,0,0,27,679,56,TYPE_A,3.7,Soup,Thai
1045028,53,11,1438,240.56,240.56,0,0,69,679,56,TYPE_A,3.7,Soup,Thai
1056334,54,11,1438,241.56,242.56,0,0,40,679,56,TYPE_A,3.7,Soup,Thai
1471983,55,11,1438,241.56,242.56,0,0,41,679,56,TYPE_A,3.7,Soup,Thai
1297815,56,11,1438,242.56,242.56,0,0,41,679,56,TYPE_A,3.7,Soup,Thai
1383933,57,11,1438,241.53,242.53,0,0,40,679,56,TYPE_A,3.7,Soup,Thai
1443300,58,11,1438,241.53,243.53,0,0,42,679,56,TYPE_A,3.7,Soup,Thai
1416215,59,11,1438,242.53,242.53,0,0,95,679,56,TYPE_A,3.7,Soup,Thai
1060525,60,11,1438,243.53,243.53,0,0,26,679,56,TYPE_A,3.7,Soup,Thai
1364829,61,11,1438,243.53,243.53,0,0,13,679,56,TYPE_A,3.7,Soup,Thai
1293567,62,11,1438,241.53,243.53,0,0,42,679,56,TYPE_A,3.7,Soup,Thai
1136568,63,11,1438,241.53,241.53,0,0,15,679,56,TYPE_A,3.7,Soup,Thai
1468199,65,11,1438,242.53,243.53,0,0,26,679,56,TYPE_A,3.7,Soup,Thai
1072274,66,11,1438,243.53,243.53,0,0,42,679,56,TYPE_A,3.7,Soup,Thai
1481610,67,11,1438,242.53,241.53,0,0,69,679,56,TYPE_A,3.7,Soup,Thai
1166171,68,11,1438,242.53,242.53,0,0,81,679,56,TYPE_A,3.7,Soup,Thai
1389566,69,11,1438,232.83,232.83,0,0,81,679,56,TYPE_A,3.7,Soup,Thai
1304445,70,11,1438,233.83,233.83,0,0,15,679,56,TYPE_A,3.7,Soup,Thai
1041222,72,11,1438,231.83,231.83,0,0,40,679,56,TYPE_A,3.7,Soup,Thai
1386128,73,11,1438,232.83,233.83,0,0,107,679,56,TYPE_A,3.7,Soup,Thai
1200048,74,11,1438,232.83,233.83,0,0,82,679,56,TYPE_A,3.7,Soup,Thai
1358655,75,11,1438,231.83,231.83,0,0,95,679,56,TYPE_A,3.7,Soup,Thai
1298056,76,11,1438,232.83,231.83,0,0,54,679,56,TYPE_A,3.7,Soup,Thai
1240897,77,11,1438,231.83,232.83,0,0,55,679,56,TYPE_A,3.7,Soup,Thai
1156159,78,11,1438,232.83,231.83,0,0,42,679,56,TYPE_A,3.7,Soup,Thai
1492707,79,11,1438,233.83,233.83,0,0,67,679,56,TYPE_A,3.7,Soup,Thai
1421667,80,11,1438,232.83,232.83,0,0,40,679,56,TYPE_A,3.7,Soup,Thai
1117209,81,11,1438,214.43,213.43,0,0,68,679,56,TYPE_A,3.7,Soup,Thai
1474616,82,11,1438,213.43,213.43,0,0,53,679,56,TYPE_A,3.7,Soup,Thai
1048717,83,11,1438,212.43,214.43,0,1,55,679,56,TYPE_A,3.7,Soup,Thai
1306970,84,11,1438,214.43,213.43,0,0,28,679,56,TYPE_A,3.7,Soup,Thai
1268027,85,11,1438,226.98,226.98,0,0,54,679,56,TYPE_A,3.7,Soup,Thai
1254949,86,11,1438,214.43,213.43,0,0,69,679,56,TYPE_A,3.7,Soup,Thai
1133971,87,11,1438,214.43,214.43,0,0,27,679,56,TYPE_A,3.7,Soup,Thai
1453694,88,11,1438,213.43,212.43,0,0,108,679,56,TYPE_A,3.7,Soup,Thai
1061758,89,11,1438,213.43,214.43,0,0,54,679,56,TYPE_A,3.7,Soup,Thai
1343958,90,11,1438,212.43,212.43,0,0,136,679,56,TYPE_A,3.7,Soup,Thai
1496223,91,11,1438,214.43,212.43,0,0,53,679,56,TYPE_A,3.7,Soup,Thai
1358053,92,11,1438,213.43,213.43,0,0,55,679,56,TYPE_A,3.7,Soup,Thai
1207873,93,11,1438,195.0,194.0,0,0,68,679,56,TYPE_A,3.7,Soup,Thai
1390172,94,11,1438,204.7,203.7,0,0,108,679,56,TYPE_A,3.7,Soup,Thai
1222610,95,11,1438,195.0,196.0,0,0,134,679,56,TYPE_A,3.7,Soup,Thai
1082969,96,11,1438,195.0,194.0,0,0,107,679,56,TYPE_A,3.7,Soup,Thai
1201700,97,11,1438,195.0,196.0,0,0,69,679,56,TYPE_A,3.7,Soup,Thai
1262665,98,11,1438,194.0,194.0,0,0,40,679,56,TYPE_A,3.7,Soup,Thai
1214330,99,11,1438,195.0,194.0,0,0,40,679,56,TYPE_A,3.7,Soup,Thai
1168488,100,11,1438,194.0,195.0,0,0,42,679,56,TYPE_A,3.7,Soup,Thai
1193849,101,11,1438,195.0,195.0,0,0,109,679,56,TYPE_A,3.7,Soup,Thai
1434918,102,11,1438,194.0,194.0,0,0,122,679,56,TYPE_A,3.7,Soup,Thai
1458558,103,11,1438,196.0,196.0,0,0,148,679,56,TYPE_A,3.7,Soup,Thai
1017511,104,11,1438,207.61,207.61,0,0,82,679,56,TYPE_A,3.7,Soup,Thai
1445215,106,11,1438,244.5,243.5,0,0,40,679,56,TYPE_A,3.7,Soup,Thai
1302764,107,11,1438,243.5,243.5,0,0,55,679,56,TYPE_A,3.7,Soup,Thai
1280211,108,11,1438,249.32,250.32,0,0,67,679,56,TYPE_A,3.7,Soup,Thai
1253663,109,11,1438,243.5,244.5,0,0,69,679,56,TYPE_A,3.7,Soup,Thai
1192450,110,11,1438,243.5,244.5,0,0,26,679,56,TYPE_A,3.7,Soup,Thai
1330363,111,11,1438,252.2,252.2,0,0,42,679,56,TYPE_A,3.7,Soup,Thai
1000920,112,11,1438,242.5,244.5,0,0,40,679,56,TYPE_A,3.7,Soup,Thai
1058758,113,11,1438,243.5,242.5,0,0,82,679,56,TYPE_A,3.7,Soup,Thai
1024709,114,11,1438,248.35,248.35,0,0,80,679,56,TYPE_A,3.7,Soup,Thai
1289640,115,11,1438,244.5,247.35,0,1,107,679,56,TYPE_A,3.7,Soup,Thai
