Data set/Center wise/Center_11_Rank7.csv
id,week,center_id,meal_id,checkout_price,base_price,emailer_for_promotion,homepage_featured,num_orders,city_code,region_code,center_type,op_area,category,cuisine
1297860,1,11,1847,258.05,258.05,0,0,28,679,56,TYPE_A,3.7,Soup,Thai
1449602,2,11,1847,244.5,244.5,0,0,13,679,56,TYPE_A,3.7,Soup,Thai
1073493,3,11,1847,243.5,244.5,0,0,55,679,56,TYPE_A,3.7,Soup,Thai
1379512,4,11,1847,243.5,243.5,0,0,53,679,56,TYPE_A,3.7,Soup,Thai
1364679,5,11,1847,244.5,242.5,0,0,68,679,56,TYPE_A,3.7,Soup,Thai
1352411,6,11,1847,242.5,243.5,0,0,13,679,56,TYPE_A,3.7,Soup,Thai
1362700,7,11,1847,243.5,243.5,0,0,41,679,56,TYPE_A,3.7,Soup,Thai
1010404,8,11,1847,258.05,257.05,0,0,28,679,56,TYPE_A,3.7,Soup,Thai
1201213,9,11,1847,271.63,270.63,0,0,15,679,56,TYPE_A,3.7,Soup,Thai
1298682,10,11,1847,272.63,271.63,0,0,14,679,56,TYPE_A,3.7,Soup,Thai
1452918,11,11,1847,271.63,271.63,0,0,15,679,56,TYPE_A,3.7,Soup,Thai
1367735,13,11,1847,243.5,272.63,0,0,53,679,56,TYPE_A,3.7,Soup,Thai
1352374,14,11,1847,242.5,272.63,0,0,42,679,56,TYPE_A,3.7,Soup,Thai
1412743,15,11,1847,243.5,272.63,0,0,40,679,56,TYPE_A,3.7,Soup,Thai
1093183,16,11,1847,243.5,271.63,0,0,40,679,56,TYPE_A,3.7,Soup,Thai
1023387,17,11,1847,243.5,272.63,0,0,27,679,56,TYPE_A,3.7,Soup,Thai
1356884,18,11,1847,242.5,270.63,0,0,55,679,56,TYPE_A,3.7,Soup,Thai
1107764,20,11,1847,242.5,243.5,0,0,28,679,56,TYPE_A,3.7,Soup,Thai
1197964,21,11,1847,244.5,244.5,0,1,42,679,56,TYPE_A,3.7,Soup,Thai
1359290,23,11,1847,243.5,244.5,0,0,55,679,56,TYPE_A,3.7,Soup,Thai
1487056,24,11,1847,244.5,243.5,0,0,28,679,56,TYPE_A,3.7,Soup,Thai
1006671,26,11,1847,244.5,243.5,0,1,53,679,56,TYPE_A,3.7,Soup,Thai
1455718,27,11,1847,244.5,242.5,0,1,14,679,56,TYPE_A,3.7,Soup,Thai
1408806,28,11,1847,244.5,243.5,0,0,14,679,56,TYPE_A,3.7,Soup,Thai
1185913,29,11,1847,196.0,242.5,0,0,27,679,56,TYPE_A,3.7,Soup,Thai
1432125,30,11,1847,196.0,243.5,0,0,27,679,56,TYPE_A,3.7,Soup,Thai
1468179,31,11,1847,196.0,242.5,0,0,41,679,56,TYPE_A,3.7,Soup,Thai
1489674,33,11,1847,258.08,243.5,0,1,27,679,56,TYPE_A,3.7,Soup,Thai
1288373,34,11,1847,256.08,258.08,0,0,14,679,56,TYPE_A,3.7,Soup,Thai
1114536,36,11,1847,256.08,258.08,0,1,67,679,56,TYPE_A,3.7,Soup,Thai
1492719,37,11,1847,195.0,257.08,0,0,26,679,56,TYPE_A,3.7,Soup,Thai
1281008,38,11,1847,196.0,258.08,0,0,27,679,56,TYPE_A,3.7,Soup,Thai
1477656,39,11,1847,196.0,258.08,0,0,94,679,56,TYPE_A,3.7,Soup,Thai
1215310,40,11,1847,196.0,258.08,0,1,69,679,56,TYPE_A,3.7,Soup,Thai
1294190,41,11,1847,218.28,258.08,0,0,42,679,56,TYPE_A,3.7,Soup,Thai
1283591,42,11,1847,219.28,257.08,0,0,14,679,56,TYPE_A,3.7,Soup,Thai
1317623,43,11,1847,231.86,232.86,0,0,53,679,56,TYPE_A,3.7,Soup,Thai
1118739,44,11,1847,217.28,218.28,0,0,53,679,56,TYPE_A,3.7,Soup,Thai
1167773,45,11,1847,233.8,232.8,0,0,40,679,56,TYPE_A,3.7,Soup,Thai
1386663,46,11,1847,233.8,233.8,0,0,41,679,56,TYPE_A,3.7,Soup,Thai
1404359,48,11,1847,233.8,232.8,0,0,68,679,56,TYPE_A,3.7,Soup,Thai
1334030,49,11,1847,251.29,250.29,0,0,94,679,56,TYPE_A,3.7,Soup,Thai
1128157,50,11,1847,241.56,240.56,0,0,188,679,56,TYPE_A,3.7,Soup,Thai
1426486,51,11,1847,242.56,240.56,0,0,69,679,56,TYPE_A,3.7,Soup,Thai
1115997,52,11,1847,241.56,242.56,0,0,15,679,56,TYPE_A,3.7,Soup,Thai
1476981,53,11,1847,240.56,242.56,0,0,40,679,56,TYPE_A,3.7,Soup,Thai
1417672,54,11,1847,242.56,242.56,0,0,109,679,56,TYPE_A,3.7,Soup,Thai
1499742,55,11,1847,242.56,240.56,0,0,14,679,56,TYPE_A,3.7,Soup,Thai
1447922,56,11,1847,240.56,242.56,0,0,26,679,56,TYPE_A,3.7,Soup,Thai
1368293,57,11,1847,242.53,241.53,0,0,82,679,56,TYPE_A,3.7,Soup,Thai
1316455,58,11,1847,242.53,242.53,0,0,13,679,56,TYPE_A,3.7,Soup,Thai
1482118,59,11,1847,241.53,241.53,0,0,41,679,56,TYPE_A,3.7,Soup,Thai
1394016,60,11,1847,243.53,242.53,0,0,53,679,56,TYPE_A,3.7,Soup,Thai
1206880,61,11,1847,242.53,241.53,0,0,94,679,56,TYPE_A,3.7,Soup,Thai
1283036,62,11,1847,243.53,243.53,0,0,13,679,56,TYPE_A,3.7,Soup,Thai
1109983,63,11,1847,242.53,243.53,0,0,15,679,56,TYPE_A,3.7,Soup,Thai
1028381,64,11,1847,241.53,242.53,0,0,13,679,56,TYPE_A,3.7,Soup,Thai
1010633,66,11,1847,242.53,241.53,0,0,40,679,56,TYPE_A,3.7,Soup,Thai
1036442,67,11,1847,243.53,241.53,0,0,53,679,56,TYPE_A,3.7,Soup,Thai
1300839,68,11,1847,241.53,243.53,0,0,14,679,56,TYPE_A,3.7,Soup,Thai
1259743,69,11,1847,233.83,231.83,0,0,27,679,56,TYPE_A,3.7,Soup,Thai
1436178,70,11,1847,259.02,259.02,0,0,41,679,56,TYPE_A,3.7,Soup,Thai
1385235,71,11,1847,233.83,258.02,0,0,82,679,56,TYPE_A,3.7,Soup,Thai
1401596,72,11,1847,239.65,237.65,0,0,94,679,56,TYPE_A,3.7,Soup,Thai
1025547,73,11,1847,231.83,232.83,0,0,69,679,56,TYPE_A,3.7,Soup,Thai
1186855,74,11,1847,231.83,233.83,0,0,69,679,56,TYPE_A,3.7,Soup,Thai
1191490,75,11,1847,233.83,232.83,0,0,42,679,56,TYPE_A,3.7,Soup,Thai
1415458,76,11,1847,231.83,231.83,0,0,27,679,56,TYPE_A,3.7,Soup,Thai
1271940,77,11,1847,233.83,231.83,0,0,68,679,56,TYPE_A,3.7,Soup,Thai
1382159,78,11,1847,232.83,233.83,0,0,40,679,56,TYPE_A,3.7,Soup,Thai
1228879,79,11,1847,233.83,233.83,0,0,41,679,56,TYPE_A,3.7,Soup,Thai
1346295,80,11,1847,232.83,232.83,0,0,42,679,56,TYPE_A,3.7,Soup,Thai
1011036,81,11,1847,214.43,212.43,0,0,53,679,56,TYPE_A,3.7,Soup,Thai
1326860,82,11,1847,212.43,213.43,0,0,55,679,56,TYPE_A,3.7,Soup,Thai
1307119,83,11,1847,213.43,212.43,0,0,69,679,56,TYPE_A,3.7,Soup,Thai
1133770,84,11,1847,214.43,214.43,0,0,28,679,56,TYPE_A,3.7,Soup,Thai
1460406,85,11,1847,212.43,212.43,0,0,27,679,56,TYPE_A,3.7,Soup,Thai
1312935,86,11,1847,214.43,214.43,0,0,54,679,56,TYPE_A,3.7,Soup,Thai
1400282,87,11,1847,212.43,212.43,0,0,14,679,56,TYPE_A,3.7,Soup,Thai
1105226,88,11,1847,214.43,213.43,0,0,53,679,56,TYPE_A,3.7,Soup,Thai
1004855,89,11,1847,214.43,214.43,0,0,54,679,56,TYPE_A,3.7,Soup,Thai
1081824,90,11,1847,212.43,212.43,0,0,27,679,56,TYPE_A,3.7,Soup,Thai
1312024,91,11,1847,214.43,214.43,0,0,42,679,56,TYPE_A,3.7,Soup,Thai
1238719,92,11,1847,213.43,212.43,0,0,53,679,56,TYPE_A,3.7,Soup,Thai
1485640,93,11,1847,195.0,196.0,0,0,53,679,56,TYPE_A,3.7,Soup,Thai
1486507,94,11,1847,196.0,194.0,0,0,134,679,56,TYPE_A,3.7,Soup,Thai
1443620,95,11,1847,196.0,196.0,0,0,123,679,56,TYPE_A,3.7,Soup,Thai
1305171,96,11,1847,196.0,195.0,0,0,40,679,56,TYPE_A,3.7,Soup,Thai
1484941,97,11,1847,194.0,195.0,0,0,41,679,56,TYPE_A,3.7,Soup,Thai
1331509,98,11,1847,194.0,195.0,0,0,68,679,56,TYPE_A,3.7,Soup,Thai
1465840,99,11,1847,195.0,194.0,0,0,82,679,56,TYPE_A,3.7,Soup,Thai
1462988,100,11,1847,196.0,194.0,0,0,67,679,56,TYPE_A,3.7,Soup,Thai
1459872,101,11,1847,195.0,195.0,0,0,82,679,56,TYPE_A,3.7,Soup,Thai
1467323,102,11,1847,196.0,195.0,0,0,41,679,56,TYPE_A,3.7,Soup,Thai
1200546,103,11,1847,195.0,194.0,0,0,108,679,56,TYPE_A,3.7,Soup,Thai
1384995,104,11,1847,196.0,195.0,0,0,55,679,56,TYPE_A,3.7,Soup,Thai
1262692,106,11,1847,242.5,243.5,0,0,26,679,56,TYPE_A,3.7,Soup,Thai
1395244,107,11,1847,244.5,244.5,0,0,26,679,56,TYPE_A,3.7,Soup,Thai
1199634,108,11,1847,244.5,243.5,0,0,15,679,56,TYPE_A,3.7,Soup,Thai
1180103,109,11,1847,242.5,243.5,0,0,53,679,56,TYPE_A,3.7,Soup,Thai
1285105,112,11,1847,242.5,243.5,0,0,14,679,56,TYPE_A,3.7,Soup,Thai
1352232,113,11,1847,244.5,243.5,0,0,40,679,56,TYPE_A,3.7,Soup,Thai
1368677,114,11,1847,242.5,244.5,0,0,67,679,56,TYPE_A,3.7,Soup,Thai
1238257,115,11,1847,242.5,244.5,0,1,81,679,56,TYPE_A,3.7,Soup,Thai
1215256,1,11,1558,583.03,612.13,1,0,80,679,56,TYPE_A,3.7,Pizza,Continental
1002108,2,11,1558,581.03,612.13,1,0,216,679,56,TYPE_A,3.7,Pizza,Continental
1306731,3,11,1558,611.13,611.13,0,0,81,679,56,TYPE_A,3.7,Pizza,Continental
1361900,4,11,1558,610.13,610.13,0,0,121,679,56,TYPE_A,3.7,Pizza,Continental
1098321,5,11,1558,612.13,612.13,0,0,161,679,56,TYPE_A,3.7,Pizza,Continental
1362639,6,11,1558,612.13,612.13,0,0,40,679,56,TYPE_A,3.7,Pizza,Continental
1305883,7,11,1558,611.13,611.13,0,0,175,679,56,TYPE_A,3.7,Pizza,Continental
1145388,8,11,1558,610.13,612.13,0,0,14,679,56,TYPE_A,3.7,Pizza,Continental
1435489,9,11,1558,582.03,583.03,0,0,26,679,56,TYPE_A,3.7,Pizza,Continental
1481726,10,11,1558,581.03,583.03,0,0,82,679,56,TYPE_A,3.7,Pizza,Continental
1079838,11,11,1558,581.03,583.03,0,0,123,679,56,TYPE_A,3.7,Pizza,Continental
1288782,12,11,1558,532.53,581.03,1,0,107,679,56,TYPE_A,3.7,Pizza,Continental
1141970,13,11,1558,534.53,581.03,1,0,69,679,56,TYPE_A,3.7,Pizza,Continental
1205342,14,11,1558,611.13,610.13,0,0,53,679,56,TYPE_A,3.7,Pizza,Continental
1328722,15,11,1558,640.23,641.23,0,0,55,679,56,TYPE_A,3.7,Pizza,Continental
1338586,16,11,1558,611.13,612.13,0,0,95,679,56,TYPE_A,3.7,Pizza,Continental
1135617,17,11,1558,611.13,610.13,0,0,94,679,56,TYPE_A,3.7,Pizza,Continental
1107077,18,11,1558,610.13,612.13,0,0,68,679,56,TYPE_A,3.7,Pizza,Continental
1376861,19,11,1558,611.13,611.13,0,0,40,679,56,TYPE_A,3.7,Pizza,Continental
1245372,20,11,1558,515.13,611.13,1,0,95,679,56,TYPE_A,3.7,Pizza,Continental
1287616,21,11,1558,515.13,612.13,1,1,95,679,56,TYPE_A,3.7,Pizza,Continental
1310629,22,11,1558,586.88,586.88,0,0,54,679,56,TYPE_A,3.7,Pizza,Continental
1249967,23,11,1558,612.13,611.13,0,0,53,679,56,TYPE_A,3.7,Pizza,Continental
1488695,24,11,1558,610.13,611.13,0,0,67,679,56,TYPE_A,3.7,Pizza,Continental
1247880,25,11,1558,611.13,611.13,0,0,15,679,56,TYPE_A,3.7,Pizza,Continental
1471886,26,11,1558,484.03,610.13,1,1,337,679,56,TYPE_A,3.7,Pizza,Continental
1430329,27,11,1558,484.03,611.13,1,0,122,679,56,TYPE_A,3.7,Pizza,Continental
1047092,28,11,1558,678.03,678.03,0,0,69,679,56,TYPE_A,3.7,Pizza,Continental
1207907,29,11,1558,726.53,726.53,0,0,55,679,56,TYPE_A,3.7,Pizza,Continental
1157240,31,11,1558,727.53,727.53,0,0,15,679,56,TYPE_A,3.7,Pizza,Continental
1385555,32,11,1558,728.53,728.53,0,0,69,679,56,TYPE_A,3.7,Pizza,Continental
1457943,33,11,1558,727.53,728.53,0,0,42,679,56,TYPE_A,3.7,Pizza,Continental
1164591,34,11,1558,727.53,726.53,0,0,94,679,56,TYPE_A,3.7,Pizza,Continental
1182598,35,11,1558,680.03,680.03,0,0,68,679,56,TYPE_A,3.7,Pizza,Continental
1336257,36,11,1558,679.03,680.03,0,0,53,679,56,TYPE_A,3.7,Pizza,Continental
1063252,37,11,1558,433.59,678.03,1,1,528,679,56,TYPE_A,3.7,Pizza,Continental
1443204,38,11,1558,435.59,680.03,1,1,553,679,56,TYPE_A,3.7,Pizza,Continental
1012038,39,11,1558,433.59,680.03,0,1,404,679,56,TYPE_A,3.7,Pizza,Continental
1333461,40,11,1558,433.59,679.03,0,1,432,679,56,TYPE_A,3.7,Pizza,Continental
1233499,41,11,1558,617.92,680.03,0,1,53,679,56,TYPE_A,3.7,Pizza,Continental
1060495,42,11,1558,678.03,678.03,0,0,55,679,56,TYPE_A,3.7,Pizza,Continental
1129211,43,11,1558,678.03,680.03,0,0,55,679,56,TYPE_A,3.7,Pizza,Continental
1182852,44,11,1558,679.03,680.03,0,0,27,679,56,TYPE_A,3.7,Pizza,Continental
1475391,45,11,1558,484.03,679.03,1,0,433,679,56,TYPE_A,3.7,Pizza,Continental
1157836,46,11,1558,489.85,678.03,0,0,433,679,56,TYPE_A,3.7,Pizza,Continental
1339774,47,11,1558,473.36,678.03,0,0,392,679,56,TYPE_A,3.7,Pizza,Continental
1420933,48,11,1558,638.29,637.29,0,0,80,679,56,TYPE_A,3.7,Pizza,Continental
1364135,49,11,1558,680.03,679.03,0,0,69,679,56,TYPE_A,3.7,Pizza,Continental
1074661,50,11,1558,679.03,679.03,0,0,136,679,56,TYPE_A,3.7,Pizza,Continental
1110312,51,11,1558,679.03,679.03,0,0,68,679,56,TYPE_A,3.7,Pizza,Continental
1130604,52,11,1558,678.03,679.03,0,0,80,679,56,TYPE_A,3.7,Pizza,Continental
1356547,53,11,1558,678.03,680.03,0,0,122,679,56,TYPE_A,3.7,Pizza,Continental
1269154,54,11,1558,680.03,680.03,0,0,53,679,56,TYPE_A,3.7,Pizza,Continental
1471948,55,11,1558,484.03,680.03,1,0,230,679,56,TYPE_A,3.7,Pizza,Continental
1143110,56,11,1558,679.03,679.03,0,0,41,679,56,TYPE_A,3.7,Pizza,Continental
1328589,57,11,1558,680.03,680.03,0,0,68,679,56,TYPE_A,3.7,Pizza,Continental
1478049,58,11,1558,679.03,680.03,0,0,69,679,56,TYPE_A,3.7,Pizza,Continental
1017389,59,11,1558,669.33,669.33,0,0,96,679,56,TYPE_A,3.7,Pizza,Continental
1174026,60,11,1558,680.03,678.03,0,0,136,679,56,TYPE_A,3.7,Pizza,Continental
1111181,61,11,1558,435.59,680.03,1,1,447,679,56,TYPE_A,3.7,Pizza,Continental
1223910,62,11,1558,442.35,678.03,1,1,136,679,56,TYPE_A,3.7,Pizza,Continental
1023177,63,11,1558,433.59,678.03,1,0,555,679,56,TYPE_A,3.7,Pizza,Continental
1155047,64,11,1558,441.41,678.03,1,0,526,679,56,TYPE_A,3.7,Pizza,Continental
1053128,65,11,1558,679.03,679.03,0,0,121,679,56,TYPE_A,3.7,Pizza,Continental
1027081,66,11,1558,680.03,678.03,0,0,82,679,56,TYPE_A,3.7,Pizza,Continental
1044187,67,11,1558,680.03,680.03,0,0,96,679,56,TYPE_A,3.7,Pizza,Continental
1429935,68,11,1558,678.03,680.03,0,0,123,679,56,TYPE_A,3.7,Pizza,Continental
1276183,69,11,1558,679.03,679.03,0,0,68,679,56,TYPE_A,3.7,Pizza,Continental
1456979,70,11,1558,679.03,678.03,0,0,135,679,56,TYPE_A,3.7,Pizza,Continental
1125498,71,11,1558,680.03,679.03,0,0,109,679,56,TYPE_A,3.7,Pizza,Continental
1396659,72,11,1558,679.03,680.03,0,0,81,679,56,TYPE_A,3.7,Pizza,Continental
1082954,73,11,1558,680.03,680.03,0,0,42,679,56,TYPE_A,3.7,Pizza,Continental
1105989,74,11,1558,679.03,680.03,0,0,203,679,56,TYPE_A,3.7,Pizza,Continental
1110278,75,11,1558,490.85,679.03,1,1,877,679,56,TYPE_A,3.7,Pizza,Continental
1403935,76,11,1558,486.03,680.03,1,1,446,679,56,TYPE_A,3.7,Pizza,Continental
1461850,77,11,1558,680.03,679.03,0,0,107,679,56,TYPE_A,3.7,Pizza,Continental
1069325,78,11,1558,679.03,678.03,0,0,67,679,56,TYPE_A,3.7,Pizza,Continental
1166388,79,11,1558,472.45,680.03,1,0,379,679,56,TYPE_A,3.7,Pizza,Continental
1320818,80,11,1558,678.03,679.03,0,0,96,679,56,TYPE_A,3.7,Pizza,Continental
1443042,81,11,1558,678.03,678.03,0,0,95,679,56,TYPE_A,3.7,Pizza,Continental
1380615,82,11,1558,680.03,680.03,0,0,134,679,56,TYPE_A,3.7,Pizza,Continental
1311814,83,11,1558,680.03,678.03,0,0,136,679,56,TYPE_A,3.7,Pizza,Continental
1098506,84,11,1558,492.79,680.03,1,0,662,679,56,TYPE_A,3.7,Pizza,Continental
1295670,85,11,1558,484.03,678.03,1,1,447,679,56,TYPE_A,3.7,Pizza,Continental
1120339,86,11,1558,485.03,678.03,0,0,215,679,56,TYPE_A,3.7,Pizza,Continental
1145575,87,11,1558,486.03,678.03,0,0,230,679,56,TYPE_A,3.7,Pizza,Continental
1286399,88,11,1558,485.03,680.03,0,0,298,679,56,TYPE_A,3.7,Pizza,Continental
1293307,89,11,1558,463.69,680.03,1,1,621,679,56,TYPE_A,3.7,Pizza,Continental
1113991,90,11,1558,484.03,680.03,0,0,229,679,56,TYPE_A,3.7,Pizza,Continental
1154583,91,11,1558,498.61,680.03,0,0,190,679,56,TYPE_A,3.7,Pizza,Continental
1120525,92,11,1558,438.5,680.03,1,0,932,679,56,TYPE_A,3.7,Pizza,Continental
1364048,93,11,1558,450.14,678.03,1,1,769,679,56,TYPE_A,3.7,Pizza,Continental
1435368,94,11,1558,634.38,636.38,0,0,150,679,56,TYPE_A,3.7,Pizza,Continental
1030485,95,11,1558,680.03,679.03,0,0,55,679,56,TYPE_A,3.7,Pizza,Continental
1159176,96,11,1558,678.03,679.03,0,0,135,679,56,TYPE_A,3.7,Pizza,Continental
1303205,97,11,1558,678.03,679.03,0,0,96,679,56,TYPE_A,3.7,Pizza,Continental
1289150,98,11,1558,549.99,680.03,1,0,121,679,56,TYPE_A,3.7,Pizza,Continental
1198233,99,11,1558,533.5,678.03,1,0,135,679,56,TYPE_A,3.7,Pizza,Continental
1454474,100,11,1558,680.03,680.03,0,0,149,679,56,TYPE_A,3.7,Pizza,Continental
1470685,101,11,1558,679.03,680.03,0,0,82,679,56,TYPE_A,3.7,Pizza,Continental
1466985,102,11,1558,679.03,679.03,0,0,107,679,56,TYPE_A,3.7,Pizza,Continental
1211388,103,11,1558,678.03,679.03,0,0,69,679,56,TYPE_A,3.7,Pizza,Continental
1151874,104,11,1558,678.03,679.03,0,0,82,679,56,TYPE_A,3.7,Pizza,Continental
1000042,105,11,1558,678.03,678.03,0,0,81,679,56,TYPE_A,3.7,Pizza,Continental
1036502,106,11,1558,680.03,679.03,0,0,40,679,56,TYPE_A,3.7,Pizza,Continental
1471559,107,11,1558,680.03,679.03,0,0,42,679,56,TYPE_A,3.7,Pizza,Continental
1457885,108,11,1558,486.03,680.03,0,0,527,679,56,TYPE_A,3.7,Pizza,Continental
1086930,109,11,1558,484.03,678.03,1,1,715,679,56,TYPE_A,3.7,Pizza,Continental
1083846,110,11,1558,679.03,680.03,0,0,55,679,56,TYPE_A,3.7,Pizza,Continental
1469744,111,11,1558,698.43,698.43,0,0,27,679,56,TYPE_A,3.7,Pizza,Continental
1141647,112,11,1558,698.43,698.43,0,0,94,679,56,TYPE_A,3.7,Pizza,Continental
1165425,113,11,1558,462.69,697.43,1,1,771,679,56,TYPE_A,3.7,Pizza,Continental
1316659,114,11,1558,464.69,699.43,1,1,730,679,56,TYPE_A,3.7,Pizza,Continental
1059564,115,11,1558,463.69,698.43,1,1,473,679,56,TYPE_A,3.7,Pizza,Continental
