Data set/Center wise/Center_11_Rank7.csv
id,week,center_id,meal_id,checkout_price,base_price,emailer_for_promotion,homepage_featured,num_orders,city_code,region_code,center_type,op_area,category,cuisine
1059758,1,11,2581,582.0,612.13,1,1,459,679,56,TYPE_A,3.7,Pizza,Continental
1165137,2,11,2581,581.03,610.13,1,1,202,679,56,TYPE_A,3.7,Pizza,Continental
1257739,3,11,2581,611.13,611.13,0,0,134,679,56,TYPE_A,3.7,Pizza,Continental
1136343,4,11,2581,614.98,616.98,0,0,324,679,56,TYPE_A,3.7,Pizza,Continental
1002410,5,11,2581,611.13,611.13,0,0,136,679,56,TYPE_A,3.7,Pizza,Continental
1047188,6,11,2581,612.13,612.13,0,0,203,679,56,TYPE_A,3.7,Pizza,Continental
1302838,7,11,2581,612.13,611.13,0,0,177,679,56,TYPE_A,3.7,Pizza,Continental
1412527,8,11,2581,611.13,612.13,0,0,40,679,56,TYPE_A,3.7,Pizza,Continental
1440855,9,11,2581,582.03,581.03,0,0,150,679,56,TYPE_A,3.7,Pizza,Continental
1110754,10,11,2581,581.03,581.03,0,0,243,679,56,TYPE_A,3.7,Pizza,Continental
1194479,11,11,2581,582.03,583.03,0,0,162,679,56,TYPE_A,3.7,Pizza,Continental
1213581,12,11,2581,534.53,581.03,1,0,175,679,56,TYPE_A,3.7,Pizza,Continental
1202043,13,11,2581,534.53,583.03,1,1,285,679,56,TYPE_A,3.7,Pizza,Continental
1242104,14,11,2581,617.95,617.95,0,0,284,679,56,TYPE_A,3.7,Pizza,Continental
1421045,15,11,2581,610.13,610.13,0,0,190,679,56,TYPE_A,3.7,Pizza,Continental
1092463,16,11,2581,611.13,611.13,0,0,149,679,56,TYPE_A,3.7,Pizza,Continental
1309820,17,11,2581,611.13,610.13,0,0,135,679,56,TYPE_A,3.7,Pizza,Continental
1298367,18,11,2581,612.13,610.13,0,0,148,679,56,TYPE_A,3.7,Pizza,Continental
1315985,19,11,2581,612.13,611.13,0,0,204,679,56,TYPE_A,3.7,Pizza,Continental
1376328,20,11,2581,513.13,610.13,1,0,230,679,56,TYPE_A,3.7,Pizza,Continental
1386141,21,11,2581,513.13,612.13,1,1,149,679,56,TYPE_A,3.7,Pizza,Continental
1482084,22,11,2581,600.46,600.46,0,0,123,679,56,TYPE_A,3.7,Pizza,Continental
1003795,23,11,2581,612.13,610.13,0,0,80,679,56,TYPE_A,3.7,Pizza,Continental
1299204,24,11,2581,623.77,621.77,0,0,134,679,56,TYPE_A,3.7,Pizza,Continental
1135624,25,11,2581,611.13,612.13,0,0,175,679,56,TYPE_A,3.7,Pizza,Continental
1122523,26,11,2581,486.03,611.13,1,1,419,679,56,TYPE_A,3.7,Pizza,Continental
1357267,27,11,2581,485.03,610.13,1,1,325,679,56,TYPE_A,3.7,Pizza,Continental
1307189,28,11,2581,726.53,728.53,0,0,109,679,56,TYPE_A,3.7,Pizza,Continental
1249566,29,11,2581,727.53,727.53,0,0,134,679,56,TYPE_A,3.7,Pizza,Continental
1420461,30,11,2581,728.53,727.53,0,0,96,679,56,TYPE_A,3.7,Pizza,Continental
1046580,31,11,2581,727.53,728.53,0,0,82,679,56,TYPE_A,3.7,Pizza,Continental
1469619,32,11,2581,728.53,726.53,0,0,108,679,56,TYPE_A,3.7,Pizza,Continental
1096349,33,11,2581,727.53,727.53,0,0,42,679,56,TYPE_A,3.7,Pizza,Continental
1044569,34,11,2581,726.53,726.53,0,0,107,679,56,TYPE_A,3.7,Pizza,Continental
1016772,35,11,2581,680.03,680.03,0,0,42,679,56,TYPE_A,3.7,Pizza,Continental
1130990,36,11,2581,679.03,678.03,0,0,136,679,56,TYPE_A,3.7,Pizza,Continental
1194274,37,11,2581,434.59,678.03,1,1,1012,679,56,TYPE_A,3.7,Pizza,Continental
1396658,38,11,2581,433.59,678.03,1,1,796,679,56,TYPE_A,3.7,Pizza,Continental
1240148,39,11,2581,447.17,679.03,0,1,473,679,56,TYPE_A,3.7,Pizza,Continental
1287852,40,11,2581,433.59,678.03,0,1,297,679,56,TYPE_A,3.7,Pizza,Continental
1264810,41,11,2581,680.03,679.03,0,0,40,679,56,TYPE_A,3.7,Pizza,Continental
1059981,42,11,2581,678.03,680.03,0,0,55,679,56,TYPE_A,3.7,Pizza,Continental
1162857,43,11,2581,678.03,680.03,0,0,69,679,56,TYPE_A,3.7,Pizza,Continental
1233843,44,11,2581,680.03,680.03,0,0,67,679,56,TYPE_A,3.7,Pizza,Continental
1109788,45,11,2581,485.03,680.03,1,0,377,679,56,TYPE_A,3.7,Pizza,Continental
1214475,46,11,2581,484.03,679.03,0,1,432,679,56,TYPE_A,3.7,Pizza,Continental
1018831,47,11,2581,463.72,678.03,0,1,270,679,56,TYPE_A,3.7,Pizza,Continental
1415128,48,11,2581,680.03,679.03,0,0,82,679,56,TYPE_A,3.7,Pizza,Continental
1486526,49,11,2581,678.03,680.03,0,0,149,679,56,TYPE_A,3.7,Pizza,Continental
1327931,50,11,2581,679.03,680.03,0,0,109,679,56,TYPE_A,3.7,Pizza,Continental
1102751,51,11,2581,680.03,680.03,0,0,96,679,56,TYPE_A,3.7,Pizza,Continental
1159515,52,11,2581,680.03,680.03,0,0,109,679,56,TYPE_A,3.7,Pizza,Continental
1289208,53,11,2581,678.03,678.03,0,0,94,679,56,TYPE_A,3.7,Pizza,Continental
1460939,54,11,2581,679.03,680.03,0,0,162,679,56,TYPE_A,3.7,Pizza,Continental
1309499,55,11,2581,485.03,680.03,1,0,406,679,56,TYPE_A,3.7,Pizza,Continental
1048228,56,11,2581,679.03,678.03,0,0,176,679,56,TYPE_A,3.7,Pizza,Continental
1151341,57,11,2581,680.03,678.03,0,0,230,679,56,TYPE_A,3.7,Pizza,Continental
1015344,58,11,2581,678.03,678.03,0,0,135,679,56,TYPE_A,3.7,Pizza,Continental
1407571,59,11,2581,678.03,680.03,0,0,176,679,56,TYPE_A,3.7,Pizza,Continental
1363043,60,11,2581,679.03,678.03,0,0,81,679,56,TYPE_A,3.7,Pizza,Continental
1305009,61,11,2581,434.59,680.03,1,0,703,679,56,TYPE_A,3.7,Pizza,Continental
1139423,62,11,2581,444.29,680.03,1,1,284,679,56,TYPE_A,3.7,Pizza,Continental
1429978,63,11,2581,440.44,680.03,1,0,701,679,56,TYPE_A,3.7,Pizza,Continental
1328292,64,11,2581,433.59,680.03,1,0,432,679,56,TYPE_A,3.7,Pizza,Continental
1123815,65,11,2581,616.92,618.92,0,0,54,679,56,TYPE_A,3.7,Pizza,Continental
1001288,66,11,2581,678.03,680.03,0,0,82,679,56,TYPE_A,3.7,Pizza,Continental
1033844,67,11,2581,678.03,678.03,0,0,96,679,56,TYPE_A,3.7,Pizza,Continental
1287829,68,11,2581,680.03,679.03,0,0,123,679,56,TYPE_A,3.7,Pizza,Continental
1454575,69,11,2581,679.03,680.03,0,0,95,679,56,TYPE_A,3.7,Pizza,Continental
1141318,70,11,2581,679.03,679.03,0,0,68,679,56,TYPE_A,3.7,Pizza,Continental
1060290,71,11,2581,678.03,678.03,0,0,82,679,56,TYPE_A,3.7,Pizza,Continental
1460394,72,11,2581,678.03,678.03,0,0,40,679,56,TYPE_A,3.7,Pizza,Continental
1154033,73,11,2581,678.03,678.03,0,0,68,679,56,TYPE_A,3.7,Pizza,Continental
1235697,74,11,2581,679.03,679.03,0,0,134,679,56,TYPE_A,3.7,Pizza,Continental
1125110,75,11,2581,484.03,678.03,1,1,636,679,56,TYPE_A,3.7,Pizza,Continental
1108232,76,11,2581,485.03,678.03,1,1,568,679,56,TYPE_A,3.7,Pizza,Continental
1068691,77,11,2581,581.03,679.03,0,0,28,679,56,TYPE_A,3.7,Pizza,Continental
1076274,78,11,2581,679.03,678.03,0,0,80,679,56,TYPE_A,3.7,Pizza,Continental
1421073,79,11,2581,469.48,678.03,1,0,446,679,56,TYPE_A,3.7,Pizza,Continental
1230804,80,11,2581,678.03,680.03,0,0,68,679,56,TYPE_A,3.7,Pizza,Continental
1493483,81,11,2581,679.03,678.03,0,0,82,679,56,TYPE_A,3.7,Pizza,Continental
1076072,82,11,2581,679.03,680.03,0,0,150,679,56,TYPE_A,3.7,Pizza,Continental
1358162,83,11,2581,678.03,678.03,0,0,81,679,56,TYPE_A,3.7,Pizza,Continental
1213118,84,11,2581,485.03,679.03,1,1,634,679,56,TYPE_A,3.7,Pizza,Continental
1161465,85,11,2581,484.03,679.03,1,0,487,679,56,TYPE_A,3.7,Pizza,Continental
1020134,86,11,2581,484.03,678.03,0,0,217,679,56,TYPE_A,3.7,Pizza,Continental
1307910,87,11,2581,486.03,679.03,0,0,392,679,56,TYPE_A,3.7,Pizza,Continental
1351461,88,11,2581,492.82,679.03,0,0,350,679,56,TYPE_A,3.7,Pizza,Continental
1171867,89,11,2581,464.69,679.03,1,1,757,679,56,TYPE_A,3.7,Pizza,Continental
1162442,90,11,2581,484.03,679.03,0,0,163,679,56,TYPE_A,3.7,Pizza,Continental
1200255,91,11,2581,484.03,679.03,0,0,202,679,56,TYPE_A,3.7,Pizza,Continental
1430637,92,11,2581,441.41,678.03,1,1,890,679,56,TYPE_A,3.7,Pizza,Continental
1388934,93,11,2581,440.38,680.03,1,1,717,679,56,TYPE_A,3.7,Pizza,Continental
1248881,94,11,2581,680.03,678.03,0,0,80,679,56,TYPE_A,3.7,Pizza,Continental
1138463,95,11,2581,680.03,679.03,0,0,95,679,56,TYPE_A,3.7,Pizza,Continental
1499567,96,11,2581,679.03,680.03,0,0,163,679,56,TYPE_A,3.7,Pizza,Continental
1095322,97,11,2581,679.03,678.03,0,0,68,679,56,TYPE_A,3.7,Pizza,Continental
1258910,98,11,2581,533.5,678.03,1,0,149,679,56,TYPE_A,3.7,Pizza,Continental
1048351,99,11,2581,535.5,678.03,1,0,96,679,56,TYPE_A,3.7,Pizza,Continental
1437744,100,11,2581,679.03,678.03,0,0,67,679,56,TYPE_A,3.7,Pizza,Continental
1093153,101,11,2581,680.03,679.03,0,0,121,679,56,TYPE_A,3.7,Pizza,Continental
1291009,102,11,2581,678.03,678.03,0,0,14,679,56,TYPE_A,3.7,Pizza,Continental
1170919,103,11,2581,679.03,680.03,0,0,123,679,56,TYPE_A,3.7,Pizza,Continental
1122444,104,11,2581,680.03,679.03,0,0,189,679,56,TYPE_A,3.7,Pizza,Continental
1206065,105,11,2581,680.03,680.03,0,0,42,679,56,TYPE_A,3.7,Pizza,Continental
1351365,106,11,2581,679.03,678.03,0,0,81,679,56,TYPE_A,3.7,Pizza,Continental
1259286,107,11,2581,678.03,679.03,0,0,14,679,56,TYPE_A,3.7,Pizza,Continental
1068664,108,11,2581,491.85,678.03,0,0,420,679,56,TYPE_A,3.7,Pizza,Continental
1308996,109,11,2581,488.94,679.03,1,1,959,679,56,TYPE_A,3.7,Pizza,Continental
1136540,110,11,2581,679.03,679.03,0,0,41,679,56,TYPE_A,3.7,Pizza,Continental
1232607,111,11,2581,696.49,696.49,0,0,150,679,56,TYPE_A,3.7,Pizza,Continental
1103472,112,11,2581,698.43,698.43,0,0,149,679,56,TYPE_A,3.7,Pizza,Continental
1179578,113,11,2581,462.69,697.43,1,1,486,679,56,TYPE_A,3.7,Pizza,Continental
1077406,114,11,2581,464.69,697.43,1,1,620,679,56,TYPE_A,3.7,Pizza,Continental
1226737,115,11,2581,462.69,697.43,1,1,366,679,56,TYPE_A,3.7,Pizza,Continental
1090602,1,11,1962,586.91,624.71,1,0,540,679,56,TYPE_A,3.7,Pizza,Continental
1256969,2,11,1962,585.91,625.71,1,0,512,679,56,TYPE_A,3.7,Pizza,Continental
1478098,3,11,1962,610.13,611.13,0,0,350,679,56,TYPE_A,3.7,Pizza,Continental
1390075,4,11,1962,612.13,612.13,0,0,312,679,56,TYPE_A,3.7,Pizza,Continental
1158939,5,11,1962,610.13,612.13,0,0,150,679,56,TYPE_A,3.7,Pizza,Continental
1140280,6,11,1962,611.13,612.13,0,0,284,679,56,TYPE_A,3.7,Pizza,Continental
1152763,7,11,1962,610.13,610.13,0,0,297,679,56,TYPE_A,3.7,Pizza,Continental
1350099,8,11,1962,619.89,619.89,0,0,80,679,56,TYPE_A,3.7,Pizza,Continental
1456384,9,11,1962,582.03,581.03,0,0,202,679,56,TYPE_A,3.7,Pizza,Continental
1331724,10,11,1962,583.03,583.03,0,0,256,679,56,TYPE_A,3.7,Pizza,Continental
1126549,11,11,1962,588.79,589.79,0,0,243,679,56,TYPE_A,3.7,Pizza,Continental
1130822,12,11,1962,532.53,588.79,1,0,541,679,56,TYPE_A,3.7,Pizza,Continental
1205533,13,11,1962,533.53,590.79,1,0,474,679,56,TYPE_A,3.7,Pizza,Continental
1212007,14,11,1962,612.13,611.13,0,0,189,679,56,TYPE_A,3.7,Pizza,Continental
1219018,15,11,1962,612.13,612.13,0,0,256,679,56,TYPE_A,3.7,Pizza,Continental
1264239,16,11,1962,612.13,612.13,0,0,324,679,56,TYPE_A,3.7,Pizza,Continental
1413434,17,11,1962,612.13,610.13,0,0,325,679,56,TYPE_A,3.7,Pizza,Continental
1386027,18,11,1962,616.98,615.98,0,0,311,679,56,TYPE_A,3.7,Pizza,Continental
1425987,19,11,1962,612.13,610.13,0,0,269,679,56,TYPE_A,3.7,Pizza,Continental
1197462,20,11,1962,514.13,611.13,1,0,190,679,56,TYPE_A,3.7,Pizza,Continental
1477685,21,11,1962,523.86,610.13,1,0,337,679,56,TYPE_A,3.7,Pizza,Continental
1265879,22,11,1962,611.1,613.1,0,0,296,679,56,TYPE_A,3.7,Pizza,Continental
1048252,23,11,1962,610.13,611.13,0,0,296,679,56,TYPE_A,3.7,Pizza,Continental
1497096,24,11,1962,611.13,611.13,0,0,189,679,56,TYPE_A,3.7,Pizza,Continental
1314464,25,11,1962,611.13,610.13,0,0,203,679,56,TYPE_A,3.7,Pizza,Continental
1216212,26,11,1962,496.7,610.13,1,0,595,679,56,TYPE_A,3.7,Pizza,Continental
1394242,27,11,1962,496.7,612.13,1,1,634,679,56,TYPE_A,3.7,Pizza,Continental
1381206,28,11,1962,680.03,678.03,0,0,136,679,56,TYPE_A,3.7,Pizza,Continental
1154046,29,11,1962,726.53,726.53,0,0,163,679,56,TYPE_A,3.7,Pizza,Continental
1038006,30,11,1962,726.53,728.53,0,0,109,679,56,TYPE_A,3.7,Pizza,Continental
1025843,31,11,1962,728.53,727.53,0,0,244,679,56,TYPE_A,3.7,Pizza,Continental
1024124,32,11,1962,728.53,727.53,0,0,148,679,56,TYPE_A,3.7,Pizza,Continental
1134389,33,11,1962,726.53,726.53,0,0,68,679,56,TYPE_A,3.7,Pizza,Continental
1163152,34,11,1962,727.53,728.53,0,0,95,679,56,TYPE_A,3.7,Pizza,Continental
1073978,35,11,1962,680.03,679.03,0,0,134,679,56,TYPE_A,3.7,Pizza,Continental
1113763,36,11,1962,678.03,678.03,0,0,243,679,56,TYPE_A,3.7,Pizza,Continental
1499581,37,11,1962,434.59,679.03,1,0,1513,679,56,TYPE_A,3.7,Pizza,Continental
1204680,38,11,1962,442.38,678.03,1,1,972,679,56,TYPE_A,3.7,Pizza,Continental
1430170,39,11,1962,442.32,679.03,0,1,755,679,56,TYPE_A,3.7,Pizza,Continental
1319079,40,11,1962,433.59,678.03,0,0,716,679,56,TYPE_A,3.7,Pizza,Continental
1403715,41,11,1962,678.03,679.03,0,0,216,679,56,TYPE_A,3.7,Pizza,Continental
1419357,42,11,1962,679.03,678.03,0,0,242,679,56,TYPE_A,3.7,Pizza,Continental
1003885,43,11,1962,678.03,680.03,0,0,108,679,56,TYPE_A,3.7,Pizza,Continental
1261331,44,11,1962,680.03,679.03,0,0,202,679,56,TYPE_A,3.7,Pizza,Continental
1419888,45,11,1962,486.03,678.03,1,1,688,679,56,TYPE_A,3.7,Pizza,Continental
1053259,46,11,1962,486.03,678.03,0,1,838,679,56,TYPE_A,3.7,Pizza,Continental
1390026,47,11,1962,463.72,680.03,0,0,675,679,56,TYPE_A,3.7,Pizza,Continental
1003604,48,11,1962,669.3,669.3,0,0,366,679,56,TYPE_A,3.7,Pizza,Continental
1170681,49,11,1962,678.03,679.03,0,0,339,679,56,TYPE_A,3.7,Pizza,Continental
1207461,50,11,1962,680.03,679.03,0,0,189,679,56,TYPE_A,3.7,Pizza,Continental
1440102,51,11,1962,680.03,679.03,0,0,229,679,56,TYPE_A,3.7,Pizza,Continental
1107314,52,11,1962,678.03,679.03,0,0,445,679,56,TYPE_A,3.7,Pizza,Continental
1422200,53,11,1962,680.03,679.03,0,0,351,679,56,TYPE_A,3.7,Pizza,Continental
1146710,54,11,1962,680.03,679.03,0,0,499,679,56,TYPE_A,3.7,Pizza,Continental
1296635,55,11,1962,488.94,678.03,1,1,810,679,56,TYPE_A,3.7,Pizza,Continental
1177903,56,11,1962,680.03,679.03,0,0,285,679,56,TYPE_A,3.7,Pizza,Continental
1440573,57,11,1962,680.03,680.03,0,0,323,679,56,TYPE_A,3.7,Pizza,Continental
1094796,58,11,1962,678.03,679.03,0,0,256,679,56,TYPE_A,3.7,Pizza,Continental
1008790,59,11,1962,679.03,678.03,0,0,338,679,56,TYPE_A,3.7,Pizza,Continental
1344566,60,11,1962,680.03,680.03,0,0,203,679,56,TYPE_A,3.7,Pizza,Continental
1445831,61,11,1962,435.59,680.03,1,1,1052,679,56,TYPE_A,3.7,Pizza,Continental
1171214,62,11,1962,436.5,679.03,1,1,324,679,56,TYPE_A,3.7,Pizza,Continental
1325070,63,11,1962,436.5,680.03,1,1,1093,679,56,TYPE_A,3.7,Pizza,Continental
1034842,64,11,1962,433.59,679.03,1,1,1187,679,56,TYPE_A,3.7,Pizza,Continental
1073688,65,11,1962,643.11,643.11,0,0,190,679,56,TYPE_A,3.7,Pizza,Continental
1338730,66,11,1962,679.03,679.03,0,0,134,679,56,TYPE_A,3.7,Pizza,Continental
1421860,67,11,1962,679.03,678.03,0,0,108,679,56,TYPE_A,3.7,Pizza,Continental
1153304,68,11,1962,680.03,680.03,0,0,311,679,56,TYPE_A,3.7,Pizza,Continental
1172828,69,11,1962,680.03,679.03,0,0,243,679,56,TYPE_A,3.7,Pizza,Continental
1168280,70,11,1962,678.03,678.03,0,0,148,679,56,TYPE_A,3.7,Pizza,Continental
1446747,71,11,1962,680.03,679.03,0,0,203,679,56,TYPE_A,3.7,Pizza,Continental
1458787,72,11,1962,678.03,679.03,0,0,175,679,56,TYPE_A,3.7,Pizza,Continental
1105495,73,11,1962,679.03,680.03,0,0,190,679,56,TYPE_A,3.7,Pizza,Continental
1496203,74,11,1962,680.03,678.03,0,0,229,679,56,TYPE_A,3.7,Pizza,Continental
1154632,75,11,1962,492.79,680.03,1,0,985,679,56,TYPE_A,3.7,Pizza,Continental
1303877,76,11,1962,485.03,679.03,1,1,905,679,56,TYPE_A,3.7,Pizza,Continental
1119773,77,11,1962,678.03,680.03,0,0,189,679,56,TYPE_A,3.7,Pizza,Continental
1373333,78,11,1962,678.03,679.03,0,0,176,679,56,TYPE_A,3.7,Pizza,Continental
1313397,79,11,1962,470.45,680.03,1,0,797,679,56,TYPE_A,3.7,Pizza,Continental
1285730,80,11,1962,680.03,680.03,0,0,136,679,56,TYPE_A,3.7,Pizza,Continental
1140480,81,11,1962,680.03,680.03,0,0,204,679,56,TYPE_A,3.7,Pizza,Continental
1000840,82,11,1962,679.03,680.03,0,0,231,679,56,TYPE_A,3.7,Pizza,Continental
1482585,83,11,1962,680.03,678.03,0,0,217,679,56,TYPE_A,3.7,Pizza,Continental
1284552,84,11,1962,487.91,678.03,1,0,1270,679,56,TYPE_A,3.7,Pizza,Continental
1405517,85,11,1962,484.03,679.03,1,1,959,679,56,TYPE_A,3.7,Pizza,Continental
1273384,86,11,1962,484.03,680.03,0,0,379,679,56,TYPE_A,3.7,Pizza,Continental
1304029,87,11,1962,490.88,680.03,0,0,568,679,56,TYPE_A,3.7,Pizza,Continental
1016612,88,11,1962,486.03,680.03,0,0,595,679,56,TYPE_A,3.7,Pizza,Continental
1488396,89,11,1962,465.6,678.03,1,1,1080,679,56,TYPE_A,3.7,Pizza,Continental
1469641,90,11,1962,491.82,679.03,0,0,365,679,56,TYPE_A,3.7,Pizza,Continental
1237300,91,11,1962,490.85,679.03,0,0,487,679,56,TYPE_A,3.7,Pizza,Continental
1452965,92,11,1962,438.47,678.03,1,1,1851,679,56,TYPE_A,3.7,Pizza,Continental
1131948,93,11,1962,439.47,678.03,1,1,1621,679,56,TYPE_A,3.7,Pizza,Continental
1478540,94,11,1962,643.11,643.11,0,0,188,679,56,TYPE_A,3.7,Pizza,Continental
1093711,95,11,1962,679.03,679.03,0,0,216,679,56,TYPE_A,3.7,Pizza,Continental
1487691,96,11,1962,680.03,680.03,0,0,204,679,56,TYPE_A,3.7,Pizza,Continental
1054200,97,11,1962,678.03,678.03,0,0,311,679,56,TYPE_A,3.7,Pizza,Continental
1276759,98,11,1962,539.35,680.03,1,0,406,679,56,TYPE_A,3.7,Pizza,Continental
1257597,99,11,1962,534.5,678.03,1,0,258,679,56,TYPE_A,3.7,Pizza,Continental
1156853,100,11,1962,678.03,680.03,0,0,230,679,56,TYPE_A,3.7,Pizza,Continental
1164658,101,11,1962,679.03,680.03,0,0,258,679,56,TYPE_A,3.7,Pizza,Continental
1327824,102,11,1962,679.03,678.03,0,0,298,679,56,TYPE_A,3.7,Pizza,Continental
1062900,103,11,1962,678.03,678.03,0,0,162,679,56,TYPE_A,3.7,Pizza,Continental
1084811,104,11,1962,679.03,678.03,0,0,312,679,56,TYPE_A,3.7,Pizza,Continental
1252076,105,11,1962,680.03,679.03,0,0,107,679,56,TYPE_A,3.7,Pizza,Continental
1462749,106,11,1962,680.03,679.03,0,0,189,679,56,TYPE_A,3.7,Pizza,Continental
1056226,107,11,1962,678.03,678.03,0,0,42,679,56,TYPE_A,3.7,Pizza,Continental
1226770,108,11,1962,484.03,678.03,0,0,809,679,56,TYPE_A,3.7,Pizza,Continental
1010993,109,11,1962,489.91,679.03,1,0,1404,679,56,TYPE_A,3.7,Pizza,Continental
1288301,110,11,1962,649.9,651.9,0,0,190,679,56,TYPE_A,3.7,Pizza,Continental
1050593,111,11,1962,698.43,697.43,0,0,96,679,56,TYPE_A,3.7,Pizza,Continental
1092974,112,11,1962,697.43,697.43,0,0,203,679,56,TYPE_A,3.7,Pizza,Continental
1186197,113,11,1962,464.69,699.43,1,1,1485,679,56,TYPE_A,3.7,Pizza,Continental
1229920,114,11,1962,466.6,699.43,1,0,1040,679,56,TYPE_A,3.7,Pizza,Continental
1111784,115,11,1962,463.69,699.43,1,1,918,679,56,TYPE_A,3.7,Pizza,Continental
