Data set/Center wise/Center_11_Rank7.csv
id,week,center_id,meal_id,checkout_price,base_price,emailer_for_promotion,homepage_featured,num_orders,city_code,region_code,center_type,op_area,category,cuisine
1236933,1,11,1445,628.62,627.62,0,1,81,679,56,TYPE_A,3.7,Seafood,Continental
1279786,2,11,1445,628.62,626.62,0,0,123,679,56,TYPE_A,3.7,Seafood,Continental
1155212,3,11,1445,628.62,627.62,0,0,53,679,56,TYPE_A,3.7,Seafood,Continental
1327795,4,11,1445,628.62,627.62,0,0,121,679,56,TYPE_A,3.7,Seafood,Continental
1487229,5,11,1445,484.03,627.62,1,1,393,679,56,TYPE_A,3.7,Seafood,Continental
1075603,6,11,1445,484.03,626.62,0,1,283,679,56,TYPE_A,3.7,Seafood,Continental
1011882,7,11,1445,670.33,668.33,0,0,67,679,56,TYPE_A,3.7,Seafood,Continental
1130021,8,11,1445,669.33,669.33,0,0,42,679,56,TYPE_A,3.7,Seafood,Continental
1290853,9,11,1445,440.44,670.33,1,1,770,679,56,TYPE_A,3.7,Seafood,Continental
1354591,10,11,1445,435.53,668.33,1,0,622,679,56,TYPE_A,3.7,Seafood,Continental
1057933,11,11,1445,435.53,669.33,0,1,512,679,56,TYPE_A,3.7,Seafood,Continental
1181795,12,11,1445,574.27,670.33,0,0,54,679,56,TYPE_A,3.7,Seafood,Continental
1087435,13,11,1445,620.86,619.86,0,0,55,679,56,TYPE_A,3.7,Seafood,Continental
1281153,14,11,1445,618.86,618.86,0,0,42,679,56,TYPE_A,3.7,Seafood,Continental
1410640,17,11,1445,619.86,618.86,0,0,135,679,56,TYPE_A,3.7,Seafood,Continental
1055852,19,11,1445,619.86,618.86,0,0,108,679,56,TYPE_A,3.7,Seafood,Continental
1042954,20,11,1445,618.86,620.86,0,0,67,679,56,TYPE_A,3.7,Seafood,Continental
1133104,21,11,1445,619.86,620.86,0,0,26,679,56,TYPE_A,3.7,Seafood,Continental
1321926,22,11,1445,620.86,620.86,0,0,107,679,56,TYPE_A,3.7,Seafood,Continental
1232870,23,11,1445,620.86,620.86,0,0,175,679,56,TYPE_A,3.7,Seafood,Continental
1396905,24,11,1445,630.56,630.56,0,0,67,679,56,TYPE_A,3.7,Seafood,Continental
1316889,25,11,1445,534.53,630.56,0,0,134,679,56,TYPE_A,3.7,Seafood,Continental
1208140,26,11,1445,533.53,630.56,0,0,82,679,56,TYPE_A,3.7,Seafood,Continental
1103089,27,11,1445,533.53,628.56,0,0,134,679,56,TYPE_A,3.7,Seafood,Continental
1319926,28,11,1445,532.53,630.56,0,0,177,679,56,TYPE_A,3.7,Seafood,Continental
1441443,29,11,1445,619.86,619.86,0,0,81,679,56,TYPE_A,3.7,Seafood,Continental
1167974,30,11,1445,620.86,620.86,0,0,95,679,56,TYPE_A,3.7,Seafood,Continental
1158650,31,11,1445,619.86,619.86,0,0,40,679,56,TYPE_A,3.7,Seafood,Continental
1365795,32,11,1445,618.86,619.86,0,0,80,679,56,TYPE_A,3.7,Seafood,Continental
1119121,33,11,1445,501.55,618.86,1,1,163,679,56,TYPE_A,3.7,Seafood,Continental
1380270,34,11,1445,486.03,618.86,0,1,258,679,56,TYPE_A,3.7,Seafood,Continental
1442073,35,11,1445,668.33,618.86,0,1,80,679,56,TYPE_A,3.7,Seafood,Continental
1002282,36,11,1445,670.33,620.86,0,1,215,679,56,TYPE_A,3.7,Seafood,Continental
1360525,37,11,1445,668.33,669.33,0,0,41,679,56,TYPE_A,3.7,Seafood,Continental
1070134,38,11,1445,670.33,669.33,0,0,80,679,56,TYPE_A,3.7,Seafood,Continental
1440810,39,11,1445,619.86,619.86,0,0,150,679,56,TYPE_A,3.7,Seafood,Continental
1241582,40,11,1445,486.03,618.86,1,0,446,679,56,TYPE_A,3.7,Seafood,Continental
1326223,41,11,1445,486.03,619.86,1,1,256,679,56,TYPE_A,3.7,Seafood,Continental
1308923,42,11,1445,628.56,629.56,0,0,69,679,56,TYPE_A,3.7,Seafood,Continental
1270889,43,11,1445,618.86,619.86,0,0,81,679,56,TYPE_A,3.7,Seafood,Continental
1283728,44,11,1445,618.86,619.86,0,0,67,679,56,TYPE_A,3.7,Seafood,Continental
1440947,45,11,1445,620.86,619.86,0,0,134,679,56,TYPE_A,3.7,Seafood,Continental
1429103,46,11,1445,620.86,619.86,0,0,189,679,56,TYPE_A,3.7,Seafood,Continental
1015363,47,11,1445,630.56,628.56,0,0,67,679,56,TYPE_A,3.7,Seafood,Continental
1245578,48,11,1445,618.86,619.86,0,0,108,679,56,TYPE_A,3.7,Seafood,Continental
1334441,49,11,1445,618.86,618.86,0,0,107,679,56,TYPE_A,3.7,Seafood,Continental
1006114,50,11,1445,618.86,619.86,0,0,54,679,56,TYPE_A,3.7,Seafood,Continental
1116377,51,11,1445,620.86,618.86,0,0,54,679,56,TYPE_A,3.7,Seafood,Continental
1265744,52,11,1445,389.03,619.86,1,1,649,679,56,TYPE_A,3.7,Seafood,Continental
1184954,53,11,1445,389.03,618.86,1,1,796,679,56,TYPE_A,3.7,Seafood,Continental
1093921,54,11,1445,618.86,620.86,0,0,40,679,56,TYPE_A,3.7,Seafood,Continental
1354851,55,11,1445,620.86,618.86,0,0,67,679,56,TYPE_A,3.7,Seafood,Continental
1043085,56,11,1445,620.86,618.86,0,0,81,679,56,TYPE_A,3.7,Seafood,Continental
1161735,57,11,1445,610.13,610.13,0,0,80,679,56,TYPE_A,3.7,Seafood,Continental
1315207,58,11,1445,610.19,610.19,0,0,81,679,56,TYPE_A,3.7,Seafood,Continental
1335155,59,11,1445,613.07,614.07,0,0,188,679,56,TYPE_A,3.7,Seafood,Continental
1137510,60,11,1445,485.03,614.07,1,1,352,679,56,TYPE_A,3.7,Seafood,Continental
1145568,61,11,1445,608.19,610.19,0,0,69,679,56,TYPE_A,3.7,Seafood,Continental
1300060,62,11,1445,610.19,608.19,0,0,54,679,56,TYPE_A,3.7,Seafood,Continental
1183265,63,11,1445,610.19,608.19,0,0,26,679,56,TYPE_A,3.7,Seafood,Continental
1399903,64,11,1445,609.19,609.19,0,0,82,679,56,TYPE_A,3.7,Seafood,Continental
1128015,65,11,1445,484.03,608.19,1,0,136,679,56,TYPE_A,3.7,Seafood,Continental
1039644,66,11,1445,610.19,609.19,0,0,54,679,56,TYPE_A,3.7,Seafood,Continental
1357234,67,11,1445,609.19,608.19,0,0,41,679,56,TYPE_A,3.7,Seafood,Continental
1431503,68,11,1445,608.19,609.19,0,0,80,679,56,TYPE_A,3.7,Seafood,Continental
1014071,69,11,1445,481.12,610.19,1,1,405,679,56,TYPE_A,3.7,Seafood,Continental
1129775,70,11,1445,497.64,608.19,0,1,405,679,56,TYPE_A,3.7,Seafood,Continental
1200959,71,11,1445,610.13,612.13,0,0,121,679,56,TYPE_A,3.7,Seafood,Continental
1336146,72,11,1445,611.13,611.13,0,0,109,679,56,TYPE_A,3.7,Seafood,Continental
1237975,73,11,1445,612.13,611.13,0,0,82,679,56,TYPE_A,3.7,Seafood,Continental
1381326,74,11,1445,610.13,612.13,0,0,149,679,56,TYPE_A,3.7,Seafood,Continental
1149157,75,11,1445,610.13,612.13,0,0,148,679,56,TYPE_A,3.7,Seafood,Continental
1209692,76,11,1445,610.13,611.13,0,0,122,679,56,TYPE_A,3.7,Seafood,Continental
1284609,77,11,1445,563.63,561.63,0,0,135,679,56,TYPE_A,3.7,Seafood,Continental
1366496,78,11,1445,562.63,561.63,0,0,175,679,56,TYPE_A,3.7,Seafood,Continental
1160214,79,11,1445,562.63,563.63,0,0,109,679,56,TYPE_A,3.7,Seafood,Continental
1422439,80,11,1445,578.15,577.15,0,0,190,679,56,TYPE_A,3.7,Seafood,Continental
1053986,81,11,1445,668.33,669.33,0,0,121,679,56,TYPE_A,3.7,Seafood,Continental
1077304,82,11,1445,668.33,669.33,0,0,122,679,56,TYPE_A,3.7,Seafood,Continental
1335191,83,11,1445,670.33,669.33,0,0,80,679,56,TYPE_A,3.7,Seafood,Continental
1423055,84,11,1445,670.33,670.33,0,0,122,679,56,TYPE_A,3.7,Seafood,Continental
1253604,85,11,1445,669.33,668.33,0,0,14,679,56,TYPE_A,3.7,Seafood,Continental
1242256,86,11,1445,669.33,669.33,0,0,42,679,56,TYPE_A,3.7,Seafood,Continental
1337680,87,11,1445,669.33,668.33,0,0,82,679,56,TYPE_A,3.7,Seafood,Continental
1482948,88,11,1445,670.33,669.33,0,0,81,679,56,TYPE_A,3.7,Seafood,Continental
1300634,89,11,1445,669.33,668.33,0,0,81,679,56,TYPE_A,3.7,Seafood,Continental
1405169,90,11,1445,442.35,668.33,1,1,514,679,56,TYPE_A,3.7,Seafood,Continental
1367417,91,11,1445,437.53,670.33,1,1,472,679,56,TYPE_A,3.7,Seafood,Continental
1274900,92,11,1445,669.33,669.33,0,0,95,679,56,TYPE_A,3.7,Seafood,Continental
1495616,93,11,1445,670.33,668.33,0,0,121,679,56,TYPE_A,3.7,Seafood,Continental
1178937,94,11,1445,436.56,670.33,1,0,338,679,56,TYPE_A,3.7,Seafood,Continental
1271813,95,11,1445,435.56,670.33,1,0,485,679,56,TYPE_A,3.7,Seafood,Continental
1109415,96,11,1445,668.33,668.33,0,0,150,679,56,TYPE_A,3.7,Seafood,Continental
1066067,97,11,1445,670.33,668.33,0,0,67,679,56,TYPE_A,3.7,Seafood,Continental
1234090,98,11,1445,670.33,668.33,0,0,55,679,56,TYPE_A,3.7,Seafood,Continental
1221961,99,11,1445,669.33,669.33,0,0,81,679,56,TYPE_A,3.7,Seafood,Continental
1133433,100,11,1445,435.53,670.33,0,0,554,679,56,TYPE_A,3.7,Seafood,Continental
1493025,101,11,1445,435.53,668.33,1,0,420,679,56,TYPE_A,3.7,Seafood,Continental
1000751,102,11,1445,668.33,669.33,0,0,134,679,56,TYPE_A,3.7,Seafood,Continental
1497275,103,11,1445,669.33,668.33,0,0,42,679,56,TYPE_A,3.7,Seafood,Continental
1470823,104,11,1445,670.33,670.33,0,0,42,679,56,TYPE_A,3.7,Seafood,Continental
1434885,105,11,1445,670.33,670.33,0,0,67,679,56,TYPE_A,3.7,Seafood,Continental
1209106,106,11,1445,454.93,668.33,0,1,445,679,56,TYPE_A,3.7,Seafood,Continental
1086344,107,11,1445,456.93,669.33,1,0,108,679,56,TYPE_A,3.7,Seafood,Continental
1152475,108,11,1445,669.33,669.33,0,0,26,679,56,TYPE_A,3.7,Seafood,Continental
1224635,109,11,1445,668.33,669.33,0,0,67,679,56,TYPE_A,3.7,Seafood,Continental
1209039,110,11,1445,669.33,669.33,0,0,94,679,56,TYPE_A,3.7,Seafood,Continental
1022271,111,11,1445,668.33,670.33,0,0,80,679,56,TYPE_A,3.7,Seafood,Continental
1191923,112,11,1445,668.33,669.33,0,0,96,679,56,TYPE_A,3.7,Seafood,Continental
1459601,113,11,1445,669.33,670.33,0,0,53,679,56,TYPE_A,3.7,Seafood,Continental
1306426,114,11,1445,688.73,689.73,0,0,26,679,56,TYPE_A,3.7,Seafood,Continental
1052411,115,11,1445,688.73,687.73,0,0,27,679,56,TYPE_A,3.7,Seafood,Continental
1283261,1,11,2867,626.62,628.62,0,0,81,679,56,TYPE_A,3.7,Seafood,Continental
1172049,2,11,2867,627.62,626.62,0,0,41,679,56,TYPE_A,3.7,Seafood,Continental
1202563,3,11,2867,627.62,626.62,0,0,15,679,56,TYPE_A,3.7,Seafood,Continental
1068278,4,11,2867,626.62,627.62,0,0,40,679,56,TYPE_A,3.7,Seafood,Continental
1298231,5,11,2867,486.03,626.62,1,1,324,679,56,TYPE_A,3.7,Seafood,Continental
1160207,6,11,2867,484.03,627.62,0,0,177,679,56,TYPE_A,3.7,Seafood,Continental
1467836,7,11,2867,670.33,669.33,0,0,80,679,56,TYPE_A,3.7,Seafood,Continental
1429575,8,11,2867,670.33,668.33,0,0,27,679,56,TYPE_A,3.7,Seafood,Continental
1449522,9,11,2867,437.53,669.33,1,0,460,679,56,TYPE_A,3.7,Seafood,Continental
1446872,10,11,2867,436.53,670.33,1,1,595,679,56,TYPE_A,3.7,Seafood,Continental
1285788,11,11,2867,435.53,668.33,0,0,203,679,56,TYPE_A,3.7,Seafood,Continental
1144860,12,11,2867,620.86,620.86,0,0,26,679,56,TYPE_A,3.7,Seafood,Continental
1472219,13,11,2867,619.86,619.86,0,0,54,679,56,TYPE_A,3.7,Seafood,Continental
1014312,14,11,2867,619.86,619.86,0,0,67,679,56,TYPE_A,3.7,Seafood,Continental
1292524,15,11,2867,620.86,619.86,0,0,40,679,56,TYPE_A,3.7,Seafood,Continental
1299526,16,11,2867,620.86,619.86,0,0,67,679,56,TYPE_A,3.7,Seafood,Continental
1295174,17,11,2867,619.86,618.86,0,0,82,679,56,TYPE_A,3.7,Seafood,Continental
1277052,18,11,2867,618.86,619.86,0,0,69,679,56,TYPE_A,3.7,Seafood,Continental
1172158,19,11,2867,619.86,620.86,0,0,96,679,56,TYPE_A,3.7,Seafood,Continental
1310159,20,11,2867,618.86,618.86,0,0,54,679,56,TYPE_A,3.7,Seafood,Continental
1412576,21,11,2867,619.86,619.86,0,0,15,679,56,TYPE_A,3.7,Seafood,Continental
1057997,23,11,2867,620.86,619.86,0,0,40,679,56,TYPE_A,3.7,Seafood,Continental
1408908,24,11,2867,620.86,618.86,0,0,28,679,56,TYPE_A,3.7,Seafood,Continental
1048043,25,11,2867,532.53,620.86,0,0,55,679,56,TYPE_A,3.7,Seafood,Continental
1104586,26,11,2867,533.53,618.86,0,0,216,679,56,TYPE_A,3.7,Seafood,Continental
1480002,28,11,2867,532.53,620.86,0,0,95,679,56,TYPE_A,3.7,Seafood,Continental
1480236,29,11,2867,620.86,620.86,0,0,67,679,56,TYPE_A,3.7,Seafood,Continental
1466476,30,11,2867,618.86,618.86,0,0,42,679,56,TYPE_A,3.7,Seafood,Continental
1219362,31,11,2867,619.86,619.86,0,0,122,679,56,TYPE_A,3.7,Seafood,Continental
1105176,32,11,2867,619.86,620.86,0,0,26,679,56,TYPE_A,3.7,Seafood,Continental
1007219,33,11,2867,486.03,618.86,1,1,122,679,56,TYPE_A,3.7,Seafood,Continental
1165542,34,11,2867,485.03,620.86,0,1,243,679,56,TYPE_A,3.7,Seafood,Continental
1123594,35,11,2867,670.33,620.86,0,1,53,679,56,TYPE_A,3.7,Seafood,Continental
1352573,36,11,2867,668.33,620.86,0,1,80,679,56,TYPE_A,3.7,Seafood,Continental
1415939,37,11,2867,670.33,669.33,0,0,55,679,56,TYPE_A,3.7,Seafood,Continental
1156192,38,11,2867,668.33,670.33,0,1,68,679,56,TYPE_A,3.7,Seafood,Continental
1223816,39,11,2867,620.86,668.33,0,1,55,679,56,TYPE_A,3.7,Seafood,Continental
1100819,40,11,2867,486.03,669.33,1,1,350,679,56,TYPE_A,3.7,Seafood,Continental
1068018,41,11,2867,486.03,669.33,1,1,323,679,56,TYPE_A,3.7,Seafood,Continental
1154025,42,11,2867,625.65,670.33,0,1,95,679,56,TYPE_A,3.7,Seafood,Continental
1227454,43,11,2867,619.86,620.86,0,0,69,679,56,TYPE_A,3.7,Seafood,Continental
1123743,44,11,2867,619.86,619.86,0,0,53,679,56,TYPE_A,3.7,Seafood,Continental
1405770,45,11,2867,620.86,619.86,0,0,108,679,56,TYPE_A,3.7,Seafood,Continental
1045792,46,11,2867,619.86,619.86,0,0,109,679,56,TYPE_A,3.7,Seafood,Continental
1105508,47,11,2867,618.86,620.86,0,0,26,679,56,TYPE_A,3.7,Seafood,Continental
1476933,48,11,2867,619.86,618.86,0,0,69,679,56,TYPE_A,3.7,Seafood,Continental
1292853,49,11,2867,619.86,620.86,0,0,67,679,56,TYPE_A,3.7,Seafood,Continental
1273777,50,11,2867,618.86,618.86,0,0,109,679,56,TYPE_A,3.7,Seafood,Continental
1377880,51,11,2867,620.86,619.86,0,0,67,679,56,TYPE_A,3.7,Seafood,Continental
1197988,52,11,2867,388.03,620.86,1,1,566,679,56,TYPE_A,3.7,Seafood,Continental
1433959,53,11,2867,387.03,619.86,1,0,258,679,56,TYPE_A,3.7,Seafood,Continental
1228703,54,11,2867,619.86,620.86,0,0,135,679,56,TYPE_A,3.7,Seafood,Continental
1126523,55,11,2867,619.86,619.86,0,0,26,679,56,TYPE_A,3.7,Seafood,Continental
1226045,57,11,2867,611.13,610.13,0,0,161,679,56,TYPE_A,3.7,Seafood,Continental
1188850,59,11,2867,609.19,610.19,0,0,27,679,56,TYPE_A,3.7,Seafood,Continental
1040513,60,11,2867,484.03,610.19,1,1,379,679,56,TYPE_A,3.7,Seafood,Continental
1494872,61,11,2867,608.19,609.19,0,0,134,679,56,TYPE_A,3.7,Seafood,Continental
1199597,62,11,2867,608.19,610.19,0,0,13,679,56,TYPE_A,3.7,Seafood,Continental
1153474,64,11,2867,608.19,610.19,0,0,41,679,56,TYPE_A,3.7,Seafood,Continental
1220214,65,11,2867,484.03,610.19,1,0,231,679,56,TYPE_A,3.7,Seafood,Continental
1197687,66,11,2867,610.19,608.19,0,0,28,679,56,TYPE_A,3.7,Seafood,Continental
1478896,67,11,2867,608.19,610.19,0,0,41,679,56,TYPE_A,3.7,Seafood,Continental
1052737,68,11,2867,609.19,608.19,0,0,81,679,56,TYPE_A,3.7,Seafood,Continental
1136758,69,11,2867,486.03,609.19,1,1,541,679,56,TYPE_A,3.7,Seafood,Continental
1163664,70,11,2867,484.03,610.19,0,0,420,679,56,TYPE_A,3.7,Seafood,Continental
1096458,71,11,2867,595.61,594.61,0,0,109,679,56,TYPE_A,3.7,Seafood,Continental
1371144,72,11,2867,611.13,610.13,0,0,123,679,56,TYPE_A,3.7,Seafood,Continental
1431961,73,11,2867,611.13,612.13,0,0,107,679,56,TYPE_A,3.7,Seafood,Continental
1087736,74,11,2867,611.13,610.13,0,0,161,679,56,TYPE_A,3.7,Seafood,Continental
1420808,75,11,2867,612.13,610.13,0,0,69,679,56,TYPE_A,3.7,Seafood,Continental
1474303,76,11,2867,612.13,610.13,0,0,148,679,56,TYPE_A,3.7,Seafood,Continental
1205709,77,11,2867,563.63,561.63,0,0,109,679,56,TYPE_A,3.7,Seafood,Continental
1103212,78,11,2867,562.63,561.63,0,0,40,679,56,TYPE_A,3.7,Seafood,Continental
1170127,79,11,2867,561.63,561.63,0,0,94,679,56,TYPE_A,3.7,Seafood,Continental
1096856,80,11,2867,562.63,563.63,0,0,95,679,56,TYPE_A,3.7,Seafood,Continental
1369518,81,11,2867,669.33,668.33,0,0,94,679,56,TYPE_A,3.7,Seafood,Continental
1242997,82,11,2867,669.33,669.33,0,0,123,679,56,TYPE_A,3.7,Seafood,Continental
1498204,83,11,2867,668.33,670.33,0,0,26,679,56,TYPE_A,3.7,Seafood,Continental
1250204,84,11,2867,670.33,670.33,0,0,109,679,56,TYPE_A,3.7,Seafood,Continental
1093548,85,11,2867,668.33,669.33,0,0,42,679,56,TYPE_A,3.7,Seafood,Continental
1109197,86,11,2867,670.33,668.33,0,0,68,679,56,TYPE_A,3.7,Seafood,Continental
1461044,87,11,2867,670.33,668.33,0,0,53,679,56,TYPE_A,3.7,Seafood,Continental
1081510,88,11,2867,668.33,670.33,0,0,55,679,56,TYPE_A,3.7,Seafood,Continental
1366011,89,11,2867,668.33,669.33,0,0,67,679,56,TYPE_A,3.7,Seafood,Continental
1457653,90,11,2867,430.68,670.33,1,1,339,679,56,TYPE_A,3.7,Seafood,Continental
1465336,91,11,2867,435.53,668.33,1,1,377,679,56,TYPE_A,3.7,Seafood,Continental
1087848,92,11,2867,668.33,670.33,0,0,80,679,56,TYPE_A,3.7,Seafood,Continental
1440933,93,11,2867,669.33,670.33,0,0,53,679,56,TYPE_A,3.7,Seafood,Continental
1108110,94,11,2867,434.56,668.33,1,1,528,679,56,TYPE_A,3.7,Seafood,Continental
1226998,95,11,2867,430.68,670.33,1,1,352,679,56,TYPE_A,3.7,Seafood,Continental
1385716,96,11,2867,670.33,669.33,0,0,55,679,56,TYPE_A,3.7,Seafood,Continental
1121252,97,11,2867,670.33,669.33,0,0,68,679,56,TYPE_A,3.7,Seafood,Continental
1097763,98,11,2867,668.33,669.33,0,0,40,679,56,TYPE_A,3.7,Seafood,Continental
1493727,99,11,2867,669.33,670.33,0,0,15,679,56,TYPE_A,3.7,Seafood,Continental
1387781,100,11,2867,437.53,668.33,0,1,392,679,56,TYPE_A,3.7,Seafood,Continental
1103469,101,11,2867,436.53,669.33,1,1,459,679,56,TYPE_A,3.7,Seafood,Continental
1421958,102,11,2867,668.33,669.33,0,0,95,679,56,TYPE_A,3.7,Seafood,Continental
1058619,103,11,2867,669.33,668.33,0,0,69,679,56,TYPE_A,3.7,Seafood,Continental
1156345,104,11,2867,668.33,668.33,0,0,28,679,56,TYPE_A,3.7,Seafood,Continental
1124345,105,11,2867,668.33,669.33,0,0,95,679,56,TYPE_A,3.7,Seafood,Continental
1425043,106,11,2867,455.93,668.33,0,1,231,679,56,TYPE_A,3.7,Seafood,Continental
1344967,107,11,2867,455.93,669.33,1,1,67,679,56,TYPE_A,3.7,Seafood,Continental
1016064,108,11,2867,669.33,668.33,0,0,55,679,56,TYPE_A,3.7,Seafood,Continental
1440368,109,11,2867,670.33,669.33,0,0,94,679,56,TYPE_A,3.7,Seafood,Continental
1275920,110,11,2867,670.33,668.33,0,0,55,679,56,TYPE_A,3.7,Seafood,Continental
1185839,111,11,2867,669.33,669.33,0,0,28,679,56,TYPE_A,3.7,Seafood,Continental
1334936,112,11,2867,670.33,670.33,0,0,81,679,56,TYPE_A,3.7,Seafood,Continental
1088963,113,11,2867,668.33,668.33,0,0,42,679,56,TYPE_A,3.7,Seafood,Continental
1224879,114,11,2867,688.73,688.73,0,0,81,679,56,TYPE_A,3.7,Seafood,Continental
1459838,115,11,2867,688.73,687.73,0,0,54,679,56,TYPE_A,3.7,Seafood,Continental
