Data set/Center wise/Center_11_Rank7.csv
id,week,center_id,meal_id,checkout_price,base_price,emailer_for_promotion,homepage_featured,num_orders,city_code,region_code,center_type,op_area,category,cuisine
1439461,1,11,2760,243.53,242.53,0,0,215,679,56,TYPE_A,3.7,Other Snacks,Thai
1438380,2,11,2760,242.53,242.53,0,0,163,679,56,TYPE_A,3.7,Other Snacks,Thai
1116670,3,11,2760,241.53,243.53,0,0,215,679,56,TYPE_A,3.7,Other Snacks,Thai
1025886,4,11,2760,243.53,241.53,0,0,230,679,56,TYPE_A,3.7,Other Snacks,Thai
1291879,5,11,2760,242.53,241.53,0,0,107,679,56,TYPE_A,3.7,Other Snacks,Thai
1266693,6,11,2760,242.53,243.53,0,0,229,679,56,TYPE_A,3.7,Other Snacks,Thai
1232265,7,11,2760,243.53,243.53,0,0,80,679,56,TYPE_A,3.7,Other Snacks,Thai
1452510,8,11,2760,243.53,241.53,0,0,162,679,56,TYPE_A,3.7,Other Snacks,Thai
1018674,9,11,2760,243.53,241.53,0,0,215,679,56,TYPE_A,3.7,Other Snacks,Thai
1002070,10,11,2760,242.53,243.53,0,0,189,679,56,TYPE_A,3.7,Other Snacks,Thai
1203589,11,11,2760,243.53,243.53,0,0,203,679,56,TYPE_A,3.7,Other Snacks,Thai
1107816,12,11,2760,242.53,243.53,0,0,202,679,56,TYPE_A,3.7,Other Snacks,Thai
1140429,13,11,2760,241.53,243.53,0,0,215,679,56,TYPE_A,3.7,Other Snacks,Thai
1386416,14,11,2760,106.76,243.53,0,0,1647,679,56,TYPE_A,3.7,Other Snacks,Thai
1155819,15,11,2760,214.37,243.53,0,0,257,679,56,TYPE_A,3.7,Other Snacks,Thai
1013003,16,11,2760,194.0,243.53,0,0,391,679,56,TYPE_A,3.7,Other Snacks,Thai
1065069,17,11,2760,231.83,233.83,0,0,136,679,56,TYPE_A,3.7,Other Snacks,Thai
1205843,18,11,2760,242.53,243.53,0,0,269,679,56,TYPE_A,3.7,Other Snacks,Thai
1271508,19,11,2760,243.53,241.53,0,0,217,679,56,TYPE_A,3.7,Other Snacks,Thai
1183395,20,11,2760,243.53,241.53,0,0,243,679,56,TYPE_A,3.7,Other Snacks,Thai
1439038,21,11,2760,243.53,242.53,0,0,231,679,56,TYPE_A,3.7,Other Snacks,Thai
1001703,22,11,2760,243.53,241.53,0,0,81,679,56,TYPE_A,3.7,Other Snacks,Thai
1453121,23,11,2760,242.53,241.53,0,0,136,679,56,TYPE_A,3.7,Other Snacks,Thai
1356319,24,11,2760,243.53,243.53,0,0,190,679,56,TYPE_A,3.7,Other Snacks,Thai
1200770,25,11,2760,174.63,242.53,0,1,338,679,56,TYPE_A,3.7,Other Snacks,Thai
1347343,26,11,2760,181.42,241.53,0,1,419,679,56,TYPE_A,3.7,Other Snacks,Thai
1064497,27,11,2760,174.63,241.53,0,1,283,679,56,TYPE_A,3.7,Other Snacks,Thai
1106274,28,11,2760,242.53,241.53,0,0,242,679,56,TYPE_A,3.7,Other Snacks,Thai
1278463,29,11,2760,243.53,243.53,0,0,162,679,56,TYPE_A,3.7,Other Snacks,Thai
1363475,30,11,2760,243.53,241.53,0,0,163,679,56,TYPE_A,3.7,Other Snacks,Thai
1203520,31,11,2760,243.53,243.53,0,0,107,679,56,TYPE_A,3.7,Other Snacks,Thai
1349309,32,11,2760,241.53,242.53,0,0,188,679,56,TYPE_A,3.7,Other Snacks,Thai
1243270,33,11,2760,242.53,243.53,0,0,204,679,56,TYPE_A,3.7,Other Snacks,Thai
1222584,34,11,2760,242.53,241.53,0,0,108,679,56,TYPE_A,3.7,Other Snacks,Thai
1314308,35,11,2760,241.53,242.53,0,0,162,679,56,TYPE_A,3.7,Other Snacks,Thai
1157609,36,11,2760,241.53,241.53,0,0,94,679,56,TYPE_A,3.7,Other Snacks,Thai
1248769,37,11,2760,242.53,241.53,0,0,244,679,56,TYPE_A,3.7,Other Snacks,Thai
1370544,38,11,2760,243.53,243.53,0,0,53,679,56,TYPE_A,3.7,Other Snacks,Thai
1225406,39,11,2760,173.63,242.53,0,1,350,679,56,TYPE_A,3.7,Other Snacks,Thai
1127518,40,11,2760,175.63,243.53,0,1,339,679,56,TYPE_A,3.7,Other Snacks,Thai
1193301,41,11,2760,175.63,243.53,0,1,418,679,56,TYPE_A,3.7,Other Snacks,Thai
1096069,42,11,2760,178.54,243.53,0,1,298,679,56,TYPE_A,3.7,Other Snacks,Thai
1293312,43,11,2760,243.53,241.53,0,0,231,679,56,TYPE_A,3.7,Other Snacks,Thai
1330187,44,11,2760,241.53,242.53,0,0,216,679,56,TYPE_A,3.7,Other Snacks,Thai
1278552,45,11,2760,241.53,242.53,0,0,231,679,56,TYPE_A,3.7,Other Snacks,Thai
1362728,46,11,2760,194.03,243.53,0,0,270,679,56,TYPE_A,3.7,Other Snacks,Thai
1278147,47,11,2760,194.03,241.53,0,0,311,679,56,TYPE_A,3.7,Other Snacks,Thai
1485485,48,11,2760,193.03,241.53,0,0,189,679,56,TYPE_A,3.7,Other Snacks,Thai
1347009,49,11,2760,241.53,242.53,0,0,215,679,56,TYPE_A,3.7,Other Snacks,Thai
1324511,50,11,2760,242.53,243.53,0,0,271,679,56,TYPE_A,3.7,Other Snacks,Thai
1094166,51,11,2760,241.53,243.53,0,0,149,679,56,TYPE_A,3.7,Other Snacks,Thai
1488941,52,11,2760,243.53,241.53,0,0,122,679,56,TYPE_A,3.7,Other Snacks,Thai
1114085,53,11,2760,219.25,219.25,0,0,244,679,56,TYPE_A,3.7,Other Snacks,Thai
1383362,54,11,2760,218.25,220.25,0,0,215,679,56,TYPE_A,3.7,Other Snacks,Thai
1438460,55,11,2760,220.25,219.25,0,0,216,679,56,TYPE_A,3.7,Other Snacks,Thai
1054470,56,11,2760,219.25,220.25,0,0,188,679,56,TYPE_A,3.7,Other Snacks,Thai
1093613,57,11,2760,242.53,241.53,0,0,134,679,56,TYPE_A,3.7,Other Snacks,Thai
1403815,58,11,2760,241.53,241.53,0,0,285,679,56,TYPE_A,3.7,Other Snacks,Thai
1111391,59,11,2760,213.43,241.53,0,0,95,679,56,TYPE_A,3.7,Other Snacks,Thai
1032995,60,11,2760,213.4,241.53,0,0,283,679,56,TYPE_A,3.7,Other Snacks,Thai
1064008,61,11,2760,213.43,242.53,0,0,148,679,56,TYPE_A,3.7,Other Snacks,Thai
1337153,62,11,2760,213.43,241.53,0,0,54,679,56,TYPE_A,3.7,Other Snacks,Thai
1335944,63,11,2760,242.53,242.53,0,0,123,679,56,TYPE_A,3.7,Other Snacks,Thai
1455014,64,11,2760,243.53,241.53,0,0,270,679,56,TYPE_A,3.7,Other Snacks,Thai
1136516,65,11,2760,243.53,242.53,0,1,163,679,56,TYPE_A,3.7,Other Snacks,Thai
1024117,66,11,2760,223.13,223.13,0,0,501,679,56,TYPE_A,3.7,Other Snacks,Thai
1119885,67,11,2760,223.13,223.13,0,1,377,679,56,TYPE_A,3.7,Other Snacks,Thai
1422703,68,11,2760,222.13,223.13,0,0,445,679,56,TYPE_A,3.7,Other Snacks,Thai
1099467,69,11,2760,243.53,241.53,0,0,365,679,56,TYPE_A,3.7,Other Snacks,Thai
1350183,70,11,2760,241.53,242.53,0,0,350,679,56,TYPE_A,3.7,Other Snacks,Thai
1008021,71,11,2760,241.53,241.53,0,0,339,679,56,TYPE_A,3.7,Other Snacks,Thai
1035576,72,11,2760,242.53,243.53,0,0,229,679,56,TYPE_A,3.7,Other Snacks,Thai
1446934,73,11,2760,242.53,241.53,0,0,285,679,56,TYPE_A,3.7,Other Snacks,Thai
1068818,74,11,2760,241.53,241.53,0,0,229,679,56,TYPE_A,3.7,Other Snacks,Thai
1040059,75,11,2760,242.53,243.53,0,0,204,679,56,TYPE_A,3.7,Other Snacks,Thai
1023170,76,11,2760,243.53,242.53,0,0,296,679,56,TYPE_A,3.7,Other Snacks,Thai
1046213,77,11,2760,212.43,242.53,0,0,419,679,56,TYPE_A,3.7,Other Snacks,Thai
1175016,78,11,2760,215.4,242.53,0,0,366,679,56,TYPE_A,3.7,Other Snacks,Thai
1470164,79,11,2760,212.43,241.53,0,0,472,679,56,TYPE_A,3.7,Other Snacks,Thai
1433868,80,11,2760,214.43,242.53,0,0,460,679,56,TYPE_A,3.7,Other Snacks,Thai
1354386,81,11,2760,242.53,243.53,0,0,230,679,56,TYPE_A,3.7,Other Snacks,Thai
1318392,82,11,2760,241.53,241.53,0,0,338,679,56,TYPE_A,3.7,Other Snacks,Thai
1473714,83,11,2760,243.53,242.53,0,0,311,679,56,TYPE_A,3.7,Other Snacks,Thai
1277549,84,11,2760,214.4,241.53,0,0,595,679,56,TYPE_A,3.7,Other Snacks,Thai
1051751,85,11,2760,213.43,241.53,0,0,391,679,56,TYPE_A,3.7,Other Snacks,Thai
1409477,86,11,2760,242.53,242.53,0,0,149,679,56,TYPE_A,3.7,Other Snacks,Thai
1413774,87,11,2760,241.53,242.53,0,0,176,679,56,TYPE_A,3.7,Other Snacks,Thai
1211433,88,11,2760,241.53,242.53,0,0,148,679,56,TYPE_A,3.7,Other Snacks,Thai
1130178,89,11,2760,243.53,241.53,0,0,270,679,56,TYPE_A,3.7,Other Snacks,Thai
1173494,90,11,2760,242.53,243.53,0,0,325,679,56,TYPE_A,3.7,Other Snacks,Thai
1407538,91,11,2760,243.53,241.53,0,0,270,679,56,TYPE_A,3.7,Other Snacks,Thai
1260751,92,11,2760,241.53,243.53,0,0,297,679,56,TYPE_A,3.7,Other Snacks,Thai
1296675,93,11,2760,242.53,241.53,0,0,296,679,56,TYPE_A,3.7,Other Snacks,Thai
1058417,94,11,2760,241.53,242.53,0,0,270,679,56,TYPE_A,3.7,Other Snacks,Thai
1003119,95,11,2760,241.56,240.56,0,0,311,679,56,TYPE_A,3.7,Other Snacks,Thai
1477932,96,11,2760,242.53,243.53,0,0,258,679,56,TYPE_A,3.7,Other Snacks,Thai
1016990,97,11,2760,241.53,241.53,0,0,148,679,56,TYPE_A,3.7,Other Snacks,Thai
1167408,98,11,2760,243.53,241.53,0,0,123,679,56,TYPE_A,3.7,Other Snacks,Thai
1054239,99,11,2760,223.1,224.1,0,0,270,679,56,TYPE_A,3.7,Other Snacks,Thai
1019615,100,11,2760,223.13,223.13,0,0,256,679,56,TYPE_A,3.7,Other Snacks,Thai
1088695,101,11,2760,225.07,224.07,0,0,176,679,56,TYPE_A,3.7,Other Snacks,Thai
1279854,102,11,2760,222.13,222.13,0,0,352,679,56,TYPE_A,3.7,Other Snacks,Thai
1080102,103,11,2760,222.13,223.13,0,0,297,679,56,TYPE_A,3.7,Other Snacks,Thai
1388463,104,11,2760,222.13,222.13,0,0,148,679,56,TYPE_A,3.7,Other Snacks,Thai
1377116,105,11,2760,242.53,242.53,0,0,202,679,56,TYPE_A,3.7,Other Snacks,Thai
1232207,106,11,2760,241.53,242.53,0,0,96,679,56,TYPE_A,3.7,Other Snacks,Thai
1465301,107,11,2760,241.53,242.53,0,0,94,679,56,TYPE_A,3.7,Other Snacks,Thai
1388522,108,11,2760,242.53,242.53,0,0,204,679,56,TYPE_A,3.7,Other Snacks,Thai
1228861,109,11,2760,241.53,243.53,0,0,270,679,56,TYPE_A,3.7,Other Snacks,Thai
1001339,110,11,2760,241.53,242.53,0,0,107,679,56,TYPE_A,3.7,Other Snacks,Thai
1422643,111,11,2760,241.53,241.53,0,0,69,679,56,TYPE_A,3.7,Other Snacks,Thai
1332721,112,11,2760,243.53,243.53,0,0,229,679,56,TYPE_A,3.7,Other Snacks,Thai
1472224,113,11,2760,242.53,241.53,0,0,204,679,56,TYPE_A,3.7,Other Snacks,Thai
1337513,114,11,2760,241.53,241.53,0,0,148,679,56,TYPE_A,3.7,Other Snacks,Thai
1479168,115,11,2760,241.53,243.53,0,0,242,679,56,TYPE_A,3.7,Other Snacks,Thai
1102584,1,11,1525,242.5,282.33,0,1,460,679,56,TYPE_A,3.7,Other Snacks,Thai
1421387,2,11,1525,243.47,282.33,0,1,512,679,56,TYPE_A,3.7,Other Snacks,Thai
1235950,3,11,1525,242.5,281.33,0,1,432,679,56,TYPE_A,3.7,Other Snacks,Thai
1099818,4,11,1525,244.47,281.33,0,1,715,679,56,TYPE_A,3.7,Other Snacks,Thai
1008873,5,11,1525,291.03,291.03,0,0,203,679,56,TYPE_A,3.7,Other Snacks,Thai
1486471,6,11,1525,290.03,292.03,0,0,364,679,56,TYPE_A,3.7,Other Snacks,Thai
1001136,7,11,1525,290.03,291.03,0,0,393,679,56,TYPE_A,3.7,Other Snacks,Thai
1368444,8,11,1525,290.03,291.03,0,0,365,679,56,TYPE_A,3.7,Other Snacks,Thai
1239099,9,11,1525,291.03,290.03,0,0,393,679,56,TYPE_A,3.7,Other Snacks,Thai
1300583,10,11,1525,244.5,291.03,0,1,742,679,56,TYPE_A,3.7,Other Snacks,Thai
1137288,11,11,1525,241.53,291.03,0,0,539,679,56,TYPE_A,3.7,Other Snacks,Thai
1276583,12,11,1525,243.53,291.03,0,0,715,679,56,TYPE_A,3.7,Other Snacks,Thai
1342727,13,11,1525,291.03,290.03,0,0,243,679,56,TYPE_A,3.7,Other Snacks,Thai
1344832,14,11,1525,291.03,292.03,0,0,256,679,56,TYPE_A,3.7,Other Snacks,Thai
1262968,15,11,1525,290.03,292.03,0,0,312,679,56,TYPE_A,3.7,Other Snacks,Thai
1356605,16,11,1525,292.03,292.03,0,0,364,679,56,TYPE_A,3.7,Other Snacks,Thai
1183877,17,11,1525,290.03,291.03,0,0,473,679,56,TYPE_A,3.7,Other Snacks,Thai
1425186,18,11,1525,291.03,291.03,0,0,230,679,56,TYPE_A,3.7,Other Snacks,Thai
1180515,19,11,1525,291.03,291.03,0,0,472,679,56,TYPE_A,3.7,Other Snacks,Thai
1362148,20,11,1525,289.06,290.06,0,0,311,679,56,TYPE_A,3.7,Other Snacks,Thai
1350232,21,11,1525,292.03,290.03,0,0,433,679,56,TYPE_A,3.7,Other Snacks,Thai
1051173,22,11,1525,242.5,290.03,0,1,649,679,56,TYPE_A,3.7,Other Snacks,Thai
1177052,23,11,1525,244.47,291.03,0,1,769,679,56,TYPE_A,3.7,Other Snacks,Thai
1439716,24,11,1525,242.5,291.03,0,1,811,679,56,TYPE_A,3.7,Other Snacks,Thai
1399418,25,11,1525,290.03,292.03,0,0,257,679,56,TYPE_A,3.7,Other Snacks,Thai
1183559,26,11,1525,290.03,292.03,0,0,175,679,56,TYPE_A,3.7,Other Snacks,Thai
1244900,27,11,1525,292.03,290.03,0,0,283,679,56,TYPE_A,3.7,Other Snacks,Thai
1080023,28,11,1525,261.93,291.03,0,1,744,679,56,TYPE_A,3.7,Other Snacks,Thai
1313805,29,11,1525,261.93,290.03,0,1,514,679,56,TYPE_A,3.7,Other Snacks,Thai
1300248,30,11,1525,260.93,292.03,0,1,284,679,56,TYPE_A,3.7,Other Snacks,Thai
1129790,31,11,1525,290.03,290.03,0,0,162,679,56,TYPE_A,3.7,Other Snacks,Thai
1207598,40,11,1525,291.03,290.03,0,0,26,679,56,TYPE_A,3.7,Other Snacks,Thai
1351718,41,11,1525,290.03,291.03,0,0,136,679,56,TYPE_A,3.7,Other Snacks,Thai
1436727,42,11,1525,291.03,291.03,0,0,215,679,56,TYPE_A,3.7,Other Snacks,Thai
1367200,43,11,1525,262.87,291.03,0,1,474,679,56,TYPE_A,3.7,Other Snacks,Thai
1126337,44,11,1525,264.87,262.87,0,0,378,679,56,TYPE_A,3.7,Other Snacks,Thai
1477312,45,11,1525,263.87,263.87,0,0,378,679,56,TYPE_A,3.7,Other Snacks,Thai
1319066,46,11,1525,290.03,292.03,0,0,391,679,56,TYPE_A,3.7,Other Snacks,Thai
1169798,47,11,1525,290.03,290.03,0,0,269,679,56,TYPE_A,3.7,Other Snacks,Thai
1212585,48,11,1525,292.03,292.03,0,0,190,679,56,TYPE_A,3.7,Other Snacks,Thai
1099690,49,11,1525,291.03,290.03,0,0,325,679,56,TYPE_A,3.7,Other Snacks,Thai
1026343,50,11,1525,292.03,290.03,0,0,271,679,56,TYPE_A,3.7,Other Snacks,Thai
1242144,51,11,1525,290.03,291.03,0,0,298,679,56,TYPE_A,3.7,Other Snacks,Thai
1081031,52,11,1525,291.03,292.03,0,0,188,679,56,TYPE_A,3.7,Other Snacks,Thai
1316512,53,11,1525,292.03,292.03,0,0,269,679,56,TYPE_A,3.7,Other Snacks,Thai
1435406,54,11,1525,292.03,291.03,0,0,364,679,56,TYPE_A,3.7,Other Snacks,Thai
1401143,55,11,1525,292.03,291.03,0,0,269,679,56,TYPE_A,3.7,Other Snacks,Thai
1219114,56,11,1525,245.47,291.03,0,0,283,679,56,TYPE_A,3.7,Other Snacks,Thai
1324247,57,11,1525,241.53,291.03,0,0,419,679,56,TYPE_A,3.7,Other Snacks,Thai
1322389,58,11,1525,241.53,291.03,0,0,338,679,56,TYPE_A,3.7,Other Snacks,Thai
1090491,59,11,1525,290.03,290.03,0,0,310,679,56,TYPE_A,3.7,Other Snacks,Thai
1424274,60,11,1525,290.03,292.03,0,0,270,679,56,TYPE_A,3.7,Other Snacks,Thai
1280828,61,11,1525,292.03,291.03,0,0,284,679,56,TYPE_A,3.7,Other Snacks,Thai
1143035,62,11,1525,291.03,291.03,0,1,244,679,56,TYPE_A,3.7,Other Snacks,Thai
1089471,63,11,1525,243.53,292.03,0,0,607,679,56,TYPE_A,3.7,Other Snacks,Thai
1115457,64,11,1525,244.5,292.03,0,1,607,679,56,TYPE_A,3.7,Other Snacks,Thai
1043329,65,11,1525,242.53,292.03,0,0,553,679,56,TYPE_A,3.7,Other Snacks,Thai
1316989,66,11,1525,291.03,292.03,0,0,364,679,56,TYPE_A,3.7,Other Snacks,Thai
1065657,67,11,1525,290.03,292.03,0,0,379,679,56,TYPE_A,3.7,Other Snacks,Thai
1278558,68,11,1525,291.03,290.03,0,0,377,679,56,TYPE_A,3.7,Other Snacks,Thai
1083529,69,11,1525,291.03,290.03,0,0,323,679,56,TYPE_A,3.7,Other Snacks,Thai
1254701,70,11,1525,287.12,289.12,0,0,446,679,56,TYPE_A,3.7,Other Snacks,Thai
1063496,71,11,1525,291.03,290.03,0,0,472,679,56,TYPE_A,3.7,Other Snacks,Thai
1193291,72,11,1525,290.03,292.03,0,0,566,679,56,TYPE_A,3.7,Other Snacks,Thai
1450993,73,11,1525,245.44,291.03,0,1,851,679,56,TYPE_A,3.7,Other Snacks,Thai
1057729,74,11,1525,245.47,290.03,0,1,823,679,56,TYPE_A,3.7,Other Snacks,Thai
1069969,75,11,1525,242.5,290.03,0,1,863,679,56,TYPE_A,3.7,Other Snacks,Thai
1136279,76,11,1525,243.47,290.03,0,0,661,679,56,TYPE_A,3.7,Other Snacks,Thai
1264889,77,11,1525,291.03,291.03,0,0,447,679,56,TYPE_A,3.7,Other Snacks,Thai
1269435,78,11,1525,289.06,291.06,0,0,339,679,56,TYPE_A,3.7,Other Snacks,Thai
1195347,79,11,1525,290.03,292.03,0,0,406,679,56,TYPE_A,3.7,Other Snacks,Thai
1414856,80,11,1525,243.53,291.03,0,1,811,679,56,TYPE_A,3.7,Other Snacks,Thai
1322294,81,11,1525,241.53,292.03,0,1,770,679,56,TYPE_A,3.7,Other Snacks,Thai
1395658,82,11,1525,243.53,292.03,0,1,662,679,56,TYPE_A,3.7,Other Snacks,Thai
1407951,83,11,1525,290.03,292.03,0,0,459,679,56,TYPE_A,3.7,Other Snacks,Thai
1288650,84,11,1525,292.03,291.03,0,0,420,679,56,TYPE_A,3.7,Other Snacks,Thai
1393962,85,11,1525,244.47,292.03,0,0,486,679,56,TYPE_A,3.7,Other Snacks,Thai
1337634,86,11,1525,242.5,291.03,0,1,987,679,56,TYPE_A,3.7,Other Snacks,Thai
1456036,87,11,1525,243.5,290.03,0,1,836,679,56,TYPE_A,3.7,Other Snacks,Thai
1164500,88,11,1525,242.5,290.03,0,1,607,679,56,TYPE_A,3.7,Other Snacks,Thai
1304696,89,11,1525,292.03,292.03,0,0,204,679,56,TYPE_A,3.7,Other Snacks,Thai
1309383,90,11,1525,291.03,292.03,0,0,459,679,56,TYPE_A,3.7,Other Snacks,Thai
1055563,91,11,1525,291.03,290.03,0,0,325,679,56,TYPE_A,3.7,Other Snacks,Thai
1462074,92,11,1525,290.03,292.03,0,0,446,679,56,TYPE_A,3.7,Other Snacks,Thai
1450100,93,11,1525,290.03,291.03,0,0,366,679,56,TYPE_A,3.7,Other Snacks,Thai
1214616,94,11,1525,292.03,290.03,0,0,432,679,56,TYPE_A,3.7,Other Snacks,Thai
1013703,95,11,1525,290.03,292.03,0,0,609,679,56,TYPE_A,3.7,Other Snacks,Thai
1376055,96,11,1525,243.53,291.03,0,1,906,679,56,TYPE_A,3.7,Other Snacks,Thai
1344934,97,11,1525,243.53,290.03,0,1,663,679,56,TYPE_A,3.7,Other Snacks,Thai
1157705,98,11,1525,241.53,291.03,0,1,539,679,56,TYPE_A,3.7,Other Snacks,Thai
1438264,99,11,1525,290.09,288.09,0,0,296,679,56,TYPE_A,3.7,Other Snacks,Thai
1074855,100,11,1525,290.03,292.03,0,0,366,679,56,TYPE_A,3.7,Other Snacks,Thai
1115569,101,11,1525,290.03,292.03,0,0,122,679,56,TYPE_A,3.7,Other Snacks,Thai
1400092,102,11,1525,291.03,291.03,0,0,216,679,56,TYPE_A,3.7,Other Snacks,Thai
1393152,103,11,1525,292.03,292.03,0,1,339,679,56,TYPE_A,3.7,Other Snacks,Thai
1089191,104,11,1525,242.5,290.03,0,1,446,679,56,TYPE_A,3.7,Other Snacks,Thai
1416914,105,11,1525,245.47,291.03,0,1,500,679,56,TYPE_A,3.7,Other Snacks,Thai
1172771,106,11,1525,245.47,292.03,0,1,512,679,56,TYPE_A,3.7,Other Snacks,Thai
1490514,107,11,1525,243.5,292.03,0,1,648,679,56,TYPE_A,3.7,Other Snacks,Thai
1285797,108,11,1525,260.93,292.03,0,1,472,679,56,TYPE_A,3.7,Other Snacks,Thai
1461674,109,11,1525,260.93,292.03,0,1,580,679,56,TYPE_A,3.7,Other Snacks,Thai
1318579,110,11,1525,241.53,292.03,0,1,392,679,56,TYPE_A,3.7,Other Snacks,Thai
1257686,111,11,1525,244.5,292.03,0,1,499,679,56,TYPE_A,3.7,Other Snacks,Thai
1132686,112,11,1525,244.5,292.03,0,1,514,679,56,TYPE_A,3.7,Other Snacks,Thai
1396790,113,11,1525,243.53,290.03,0,1,647,679,56,TYPE_A,3.7,Other Snacks,Thai
1305367,114,11,1525,241.53,292.03,0,1,311,679,56,TYPE_A,3.7,Other Snacks,Thai
1350995,115,11,1525,291.03,290.03,0,0,445,679,56,TYPE_A,3.7,Other Snacks,Thai
