Data set/Center wise/Center_11_Rank7.csv
id,week,center_id,meal_id,checkout_price,base_price,emailer_for_promotion,homepage_featured,num_orders,city_code,region_code,center_type,op_area,category,cuisine
1147589,1,11,2704,243.5,280.33,0,1,270,679,56,TYPE_A,3.7,Other Snacks,Thai
1183468,2,11,2704,242.5,281.33,0,1,284,679,56,TYPE_A,3.7,Other Snacks,Thai
1117108,3,11,2704,243.5,281.33,0,1,364,679,56,TYPE_A,3.7,Other Snacks,Thai
1075417,4,11,2704,244.5,280.33,0,1,662,679,56,TYPE_A,3.7,Other Snacks,Thai
1240171,5,11,2704,291.03,281.33,0,1,202,679,56,TYPE_A,3.7,Other Snacks,Thai
1088035,6,11,2704,291.03,292.03,0,0,230,679,56,TYPE_A,3.7,Other Snacks,Thai
1063812,7,11,2704,291.03,290.03,0,0,175,679,56,TYPE_A,3.7,Other Snacks,Thai
1037654,8,11,2704,290.03,291.03,0,0,190,679,56,TYPE_A,3.7,Other Snacks,Thai
1099753,9,11,2704,291.03,291.03,0,0,149,679,56,TYPE_A,3.7,Other Snacks,Thai
1464039,10,11,2704,244.5,290.03,0,0,474,679,56,TYPE_A,3.7,Other Snacks,Thai
1031693,11,11,2704,243.53,290.03,0,0,269,679,56,TYPE_A,3.7,Other Snacks,Thai
1088787,12,11,2704,241.53,291.03,0,0,271,679,56,TYPE_A,3.7,Other Snacks,Thai
1034887,13,11,2704,290.03,291.03,0,0,81,679,56,TYPE_A,3.7,Other Snacks,Thai
1059122,14,11,2704,292.03,291.03,0,0,162,679,56,TYPE_A,3.7,Other Snacks,Thai
1048858,15,11,2704,290.03,290.03,0,0,95,679,56,TYPE_A,3.7,Other Snacks,Thai
1492092,16,11,2704,292.03,290.03,0,0,162,679,56,TYPE_A,3.7,Other Snacks,Thai
1273420,17,11,2704,292.03,292.03,0,0,161,679,56,TYPE_A,3.7,Other Snacks,Thai
1037692,18,11,2704,291.03,291.03,0,0,122,679,56,TYPE_A,3.7,Other Snacks,Thai
1454847,19,11,2704,290.03,292.03,0,0,203,679,56,TYPE_A,3.7,Other Snacks,Thai
1037123,20,11,2704,291.03,292.03,0,0,217,679,56,TYPE_A,3.7,Other Snacks,Thai
1179373,21,11,2704,290.03,292.03,0,0,121,679,56,TYPE_A,3.7,Other Snacks,Thai
1401137,22,11,2704,246.44,290.03,0,1,350,679,56,TYPE_A,3.7,Other Snacks,Thai
1317912,23,11,2704,243.47,290.03,0,1,485,679,56,TYPE_A,3.7,Other Snacks,Thai
1030284,24,11,2704,243.5,292.03,0,1,350,679,56,TYPE_A,3.7,Other Snacks,Thai
1001664,25,11,2704,290.03,292.03,0,1,123,679,56,TYPE_A,3.7,Other Snacks,Thai
1003465,26,11,2704,292.03,291.03,0,0,95,679,56,TYPE_A,3.7,Other Snacks,Thai
1458688,27,11,2704,292.03,292.03,0,0,69,679,56,TYPE_A,3.7,Other Snacks,Thai
1050196,28,11,2704,263.9,292.03,0,1,418,679,56,TYPE_A,3.7,Other Snacks,Thai
1062039,29,11,2704,261.93,292.03,0,1,311,679,56,TYPE_A,3.7,Other Snacks,Thai
1440227,30,11,2704,262.93,292.03,0,1,243,679,56,TYPE_A,3.7,Other Snacks,Thai
1337235,31,11,2704,291.03,292.03,0,0,149,679,56,TYPE_A,3.7,Other Snacks,Thai
1203746,32,11,2704,291.03,292.03,0,0,15,679,56,TYPE_A,3.7,Other Snacks,Thai
1068256,36,11,2704,243.53,292.03,0,0,53,679,56,TYPE_A,3.7,Other Snacks,Thai
1482444,37,11,2704,242.53,291.03,0,0,69,679,56,TYPE_A,3.7,Other Snacks,Thai
1455303,38,11,2704,243.53,292.03,0,0,40,679,56,TYPE_A,3.7,Other Snacks,Thai
1427903,41,11,2704,291.03,291.03,0,0,148,679,56,TYPE_A,3.7,Other Snacks,Thai
1465198,42,11,2704,291.03,292.03,0,0,149,679,56,TYPE_A,3.7,Other Snacks,Thai
1387453,43,11,2704,262.87,262.87,0,0,217,679,56,TYPE_A,3.7,Other Snacks,Thai
1447363,44,11,2704,262.87,264.87,0,0,244,679,56,TYPE_A,3.7,Other Snacks,Thai
1441838,45,11,2704,264.87,264.87,0,0,204,679,56,TYPE_A,3.7,Other Snacks,Thai
1154494,46,11,2704,291.03,290.03,0,0,161,679,56,TYPE_A,3.7,Other Snacks,Thai
1389050,47,11,2704,292.03,290.03,0,0,161,679,56,TYPE_A,3.7,Other Snacks,Thai
1347163,48,11,2704,290.03,292.03,0,0,122,679,56,TYPE_A,3.7,Other Snacks,Thai
1359186,49,11,2704,291.03,291.03,0,0,175,679,56,TYPE_A,3.7,Other Snacks,Thai
1010068,50,11,2704,291.03,292.03,0,0,311,679,56,TYPE_A,3.7,Other Snacks,Thai
1298432,51,11,2704,291.03,291.03,0,0,244,679,56,TYPE_A,3.7,Other Snacks,Thai
1067763,52,11,2704,290.03,292.03,0,0,162,679,56,TYPE_A,3.7,Other Snacks,Thai
1416635,53,11,2704,290.03,290.03,0,0,177,679,56,TYPE_A,3.7,Other Snacks,Thai
1298946,54,11,2704,292.03,290.03,0,0,135,679,56,TYPE_A,3.7,Other Snacks,Thai
1193716,55,11,2704,290.03,291.03,0,0,68,679,56,TYPE_A,3.7,Other Snacks,Thai
1097716,56,11,2704,242.53,291.03,0,0,216,679,56,TYPE_A,3.7,Other Snacks,Thai
1323596,57,11,2704,245.44,291.03,0,0,269,679,56,TYPE_A,3.7,Other Snacks,Thai
1292168,58,11,2704,244.44,290.03,0,0,230,679,56,TYPE_A,3.7,Other Snacks,Thai
1385849,59,11,2704,292.03,291.03,0,0,135,679,56,TYPE_A,3.7,Other Snacks,Thai
1156533,60,11,2704,292.03,292.03,0,0,107,679,56,TYPE_A,3.7,Other Snacks,Thai
1249586,61,11,2704,291.03,292.03,0,0,149,679,56,TYPE_A,3.7,Other Snacks,Thai
1098654,62,11,2704,292.03,291.03,0,1,96,679,56,TYPE_A,3.7,Other Snacks,Thai
1107847,63,11,2704,242.56,292.03,0,1,634,679,56,TYPE_A,3.7,Other Snacks,Thai
1113585,64,11,2704,242.53,291.03,0,1,420,679,56,TYPE_A,3.7,Other Snacks,Thai
1410542,65,11,2704,241.53,292.03,0,1,339,679,56,TYPE_A,3.7,Other Snacks,Thai
1455394,66,11,2704,290.03,290.03,0,0,148,679,56,TYPE_A,3.7,Other Snacks,Thai
1354309,67,11,2704,290.03,292.03,0,0,134,679,56,TYPE_A,3.7,Other Snacks,Thai
1352704,68,11,2704,290.03,291.03,0,0,215,679,56,TYPE_A,3.7,Other Snacks,Thai
1061734,69,11,2704,292.03,290.03,0,0,149,679,56,TYPE_A,3.7,Other Snacks,Thai
1039107,70,11,2704,289.09,290.09,0,0,188,679,56,TYPE_A,3.7,Other Snacks,Thai
1359892,71,11,2704,290.03,292.03,0,0,285,679,56,TYPE_A,3.7,Other Snacks,Thai
1403897,72,11,2704,290.03,291.03,0,0,283,679,56,TYPE_A,3.7,Other Snacks,Thai
1336426,73,11,2704,243.5,292.03,0,1,688,679,56,TYPE_A,3.7,Other Snacks,Thai
1239198,74,11,2704,243.5,291.03,0,1,663,679,56,TYPE_A,3.7,Other Snacks,Thai
1468637,75,11,2704,242.5,290.03,0,1,770,679,56,TYPE_A,3.7,Other Snacks,Thai
1463386,76,11,2704,243.47,291.03,0,0,445,679,56,TYPE_A,3.7,Other Snacks,Thai
1396886,77,11,2704,292.03,292.03,0,0,162,679,56,TYPE_A,3.7,Other Snacks,Thai
1005180,78,11,2704,290.03,291.03,0,0,242,679,56,TYPE_A,3.7,Other Snacks,Thai
1352807,79,11,2704,291.03,292.03,0,0,229,679,56,TYPE_A,3.7,Other Snacks,Thai
1144347,80,11,2704,242.53,290.03,0,1,485,679,56,TYPE_A,3.7,Other Snacks,Thai
1391166,81,11,2704,243.53,291.03,0,1,742,679,56,TYPE_A,3.7,Other Snacks,Thai
1491889,82,11,2704,243.53,290.03,0,1,566,679,56,TYPE_A,3.7,Other Snacks,Thai
1128995,83,11,2704,292.03,291.03,0,1,406,679,56,TYPE_A,3.7,Other Snacks,Thai
1099248,84,11,2704,290.03,290.03,0,1,256,679,56,TYPE_A,3.7,Other Snacks,Thai
1081996,85,11,2704,242.5,291.03,0,0,323,679,56,TYPE_A,3.7,Other Snacks,Thai
1348500,86,11,2704,242.5,292.03,0,1,445,679,56,TYPE_A,3.7,Other Snacks,Thai
1183673,87,11,2704,244.47,291.03,0,1,568,679,56,TYPE_A,3.7,Other Snacks,Thai
1005521,88,11,2704,244.5,291.03,0,1,485,679,56,TYPE_A,3.7,Other Snacks,Thai
1044083,89,11,2704,292.03,292.03,0,0,216,679,56,TYPE_A,3.7,Other Snacks,Thai
1068518,90,11,2704,291.03,290.03,0,0,296,679,56,TYPE_A,3.7,Other Snacks,Thai
1191832,91,11,2704,292.03,290.03,0,0,338,679,56,TYPE_A,3.7,Other Snacks,Thai
1455254,92,11,2704,292.03,290.03,0,0,229,679,56,TYPE_A,3.7,Other Snacks,Thai
1310369,93,11,2704,292.03,291.03,0,0,242,679,56,TYPE_A,3.7,Other Snacks,Thai
1318339,94,11,2704,292.03,290.03,0,0,202,679,56,TYPE_A,3.7,Other Snacks,Thai
1245898,95,11,2704,291.03,290.03,0,0,391,679,56,TYPE_A,3.7,Other Snacks,Thai
1210427,96,11,2704,243.53,291.03,0,1,567,679,56,TYPE_A,3.7,Other Snacks,Thai
1489913,97,11,2704,241.53,290.03,0,1,594,679,56,TYPE_A,3.7,Other Snacks,Thai
1363745,98,11,2704,244.5,290.03,0,1,514,679,56,TYPE_A,3.7,Other Snacks,Thai
1262951,99,11,2704,292.03,290.03,0,0,109,679,56,TYPE_A,3.7,Other Snacks,Thai
1264531,100,11,2704,290.03,290.03,0,0,230,679,56,TYPE_A,3.7,Other Snacks,Thai
1152812,101,11,2704,292.03,292.03,0,0,176,679,56,TYPE_A,3.7,Other Snacks,Thai
1190033,102,11,2704,292.03,290.03,0,0,177,679,56,TYPE_A,3.7,Other Snacks,Thai
1367341,103,11,2704,290.03,290.03,0,1,500,679,56,TYPE_A,3.7,Other Snacks,Thai
1456112,104,11,2704,243.5,291.03,0,1,474,679,56,TYPE_A,3.7,Other Snacks,Thai
1089101,105,11,2704,243.5,292.03,0,1,528,679,56,TYPE_A,3.7,Other Snacks,Thai
1160091,106,11,2704,242.5,292.03,0,1,528,679,56,TYPE_A,3.7,Other Snacks,Thai
1144695,107,11,2704,243.5,290.03,0,1,419,679,56,TYPE_A,3.7,Other Snacks,Thai
1474153,108,11,2704,264.87,290.03,0,1,418,679,56,TYPE_A,3.7,Other Snacks,Thai
1369176,109,11,2704,262.93,291.03,0,1,593,679,56,TYPE_A,3.7,Other Snacks,Thai
1150604,110,11,2704,242.5,292.03,0,1,459,679,56,TYPE_A,3.7,Other Snacks,Thai
1002427,111,11,2704,243.53,291.03,0,1,405,679,56,TYPE_A,3.7,Other Snacks,Thai
1332136,112,11,2704,241.53,290.03,0,1,499,679,56,TYPE_A,3.7,Other Snacks,Thai
1380889,113,11,2704,241.53,290.03,0,1,514,679,56,TYPE_A,3.7,Other Snacks,Thai
1369651,114,11,2704,241.53,292.03,0,1,338,679,56,TYPE_A,3.7,Other Snacks,Thai
1006694,115,11,2704,291.03,292.03,0,0,244,679,56,TYPE_A,3.7,Other Snacks,Thai
1188075,1,11,2492,387.03,387.03,0,0,26,679,56,TYPE_A,3.7,Desert,Indian
1432269,3,11,2492,389.03,388.03,0,0,123,679,56,TYPE_A,3.7,Desert,Indian
1012931,4,11,2492,387.03,388.03,0,0,55,679,56,TYPE_A,3.7,Desert,Indian
1216926,5,11,2492,388.03,389.03,0,0,82,679,56,TYPE_A,3.7,Desert,Indian
1231630,6,11,2492,388.03,388.03,0,0,69,679,56,TYPE_A,3.7,Desert,Indian
1474217,7,11,2492,388.03,389.03,0,0,81,679,56,TYPE_A,3.7,Desert,Indian
1214769,8,11,2492,388.03,387.03,0,0,15,679,56,TYPE_A,3.7,Desert,Indian
1107119,9,11,2492,389.03,387.03,0,0,53,679,56,TYPE_A,3.7,Desert,Indian
1296772,10,11,2492,387.03,387.03,0,0,82,679,56,TYPE_A,3.7,Desert,Indian
1142483,11,11,2492,388.03,387.03,0,0,82,679,56,TYPE_A,3.7,Desert,Indian
1042092,12,11,2492,389.03,389.03,0,0,108,679,56,TYPE_A,3.7,Desert,Indian
1394880,13,11,2492,387.03,388.03,0,0,54,679,56,TYPE_A,3.7,Desert,Indian
1352816,14,11,2492,387.03,387.03,0,0,27,679,56,TYPE_A,3.7,Desert,Indian
1255433,15,11,2492,388.03,389.03,0,0,108,679,56,TYPE_A,3.7,Desert,Indian
1021798,16,11,2492,388.03,388.03,0,0,55,679,56,TYPE_A,3.7,Desert,Indian
1310018,18,11,2492,389.03,387.03,0,0,53,679,56,TYPE_A,3.7,Desert,Indian
1420751,19,11,2492,387.03,388.03,0,0,68,679,56,TYPE_A,3.7,Desert,Indian
1046349,20,11,2492,387.03,387.03,0,0,26,679,56,TYPE_A,3.7,Desert,Indian
1112231,21,11,2492,388.03,388.03,0,0,69,679,56,TYPE_A,3.7,Desert,Indian
1180034,22,11,2492,388.03,388.03,0,0,41,679,56,TYPE_A,3.7,Desert,Indian
1171879,23,11,2492,387.03,387.03,0,0,42,679,56,TYPE_A,3.7,Desert,Indian
1173832,24,11,2492,389.03,389.03,0,0,94,679,56,TYPE_A,3.7,Desert,Indian
1102213,25,11,2492,389.03,387.03,0,0,95,679,56,TYPE_A,3.7,Desert,Indian
1089289,26,11,2492,388.03,388.03,0,0,123,679,56,TYPE_A,3.7,Desert,Indian
1460151,28,11,2492,293.0,389.03,1,1,175,679,56,TYPE_A,3.7,Desert,Indian
1080849,29,11,2492,293.0,388.03,1,1,215,679,56,TYPE_A,3.7,Desert,Indian
1327937,30,11,2492,292.0,388.03,0,0,96,679,56,TYPE_A,3.7,Desert,Indian
1365770,31,11,2492,293.0,387.03,0,0,81,679,56,TYPE_A,3.7,Desert,Indian
1314569,32,11,2492,389.03,387.03,0,0,55,679,56,TYPE_A,3.7,Desert,Indian
1111612,34,11,2492,387.03,387.03,0,0,41,679,56,TYPE_A,3.7,Desert,Indian
1108492,35,11,2492,389.03,387.03,0,0,13,679,56,TYPE_A,3.7,Desert,Indian
1249303,36,11,2492,388.03,389.03,0,0,41,679,56,TYPE_A,3.7,Desert,Indian
1228047,37,11,2492,388.03,387.03,0,0,40,679,56,TYPE_A,3.7,Desert,Indian
1226837,38,11,2492,389.03,389.03,0,0,53,679,56,TYPE_A,3.7,Desert,Indian
1241274,39,11,2492,387.03,388.03,0,0,81,679,56,TYPE_A,3.7,Desert,Indian
1190769,40,11,2492,389.03,388.03,0,0,28,679,56,TYPE_A,3.7,Desert,Indian
1113023,42,11,2492,389.03,387.03,0,0,27,679,56,TYPE_A,3.7,Desert,Indian
1159702,43,11,2492,389.03,388.03,0,0,54,679,56,TYPE_A,3.7,Desert,Indian
1333692,44,11,2492,389.03,389.03,0,0,26,679,56,TYPE_A,3.7,Desert,Indian
1343238,45,11,2492,314.28,387.03,0,0,55,679,56,TYPE_A,3.7,Desert,Indian
1380932,46,11,2492,290.03,387.03,0,0,82,679,56,TYPE_A,3.7,Desert,Indian
1470003,47,11,2492,290.03,388.03,0,0,27,679,56,TYPE_A,3.7,Desert,Indian
1033006,48,11,2492,324.04,389.03,0,1,40,679,56,TYPE_A,3.7,Desert,Indian
1349604,49,11,2492,355.02,389.03,0,1,40,679,56,TYPE_A,3.7,Desert,Indian
1201200,50,11,2492,388.03,387.03,0,1,42,679,56,TYPE_A,3.7,Desert,Indian
1444520,51,11,2492,389.03,387.03,0,1,67,679,56,TYPE_A,3.7,Desert,Indian
1401859,52,11,2492,388.03,388.03,0,0,27,679,56,TYPE_A,3.7,Desert,Indian
1318803,53,11,2492,388.03,389.03,0,0,26,679,56,TYPE_A,3.7,Desert,Indian
1031028,54,11,2492,388.03,389.03,0,0,27,679,56,TYPE_A,3.7,Desert,Indian
1076751,55,11,2492,389.03,388.03,0,0,14,679,56,TYPE_A,3.7,Desert,Indian
1373311,57,11,2492,387.03,388.03,0,0,27,679,56,TYPE_A,3.7,Desert,Indian
1093501,58,11,2492,389.03,387.03,0,0,40,679,56,TYPE_A,3.7,Desert,Indian
1216204,59,11,2492,388.03,389.03,0,0,15,679,56,TYPE_A,3.7,Desert,Indian
1284396,60,11,2492,388.03,387.03,0,0,28,679,56,TYPE_A,3.7,Desert,Indian
1104746,61,11,2492,387.03,388.03,0,0,26,679,56,TYPE_A,3.7,Desert,Indian
1146181,63,11,2492,286.21,388.03,1,0,204,679,56,TYPE_A,3.7,Desert,Indian
1083106,64,11,2492,293.0,389.03,1,0,135,679,56,TYPE_A,3.7,Desert,Indian
1245109,65,11,2492,389.03,389.03,0,0,41,679,56,TYPE_A,3.7,Desert,Indian
1107699,67,11,2492,389.03,388.03,0,0,55,679,56,TYPE_A,3.7,Desert,Indian
1033404,68,11,2492,389.03,387.03,0,0,28,679,56,TYPE_A,3.7,Desert,Indian
1264099,69,11,2492,388.03,387.03,0,0,28,679,56,TYPE_A,3.7,Desert,Indian
1168763,70,11,2492,388.03,387.03,0,0,26,679,56,TYPE_A,3.7,Desert,Indian
1063391,71,11,2492,389.03,387.03,0,0,54,679,56,TYPE_A,3.7,Desert,Indian
1226379,72,11,2492,389.03,387.03,0,0,55,679,56,TYPE_A,3.7,Desert,Indian
1277512,73,11,2492,387.03,389.03,0,0,69,679,56,TYPE_A,3.7,Desert,Indian
1163905,74,11,2492,388.03,388.03,0,0,15,679,56,TYPE_A,3.7,Desert,Indian
1360263,75,11,2492,387.03,388.03,0,0,42,679,56,TYPE_A,3.7,Desert,Indian
1180553,76,11,2492,388.03,389.03,0,0,26,679,56,TYPE_A,3.7,Desert,Indian
1425292,77,11,2492,388.03,388.03,0,0,26,679,56,TYPE_A,3.7,Desert,Indian
1113242,78,11,2492,389.03,387.03,0,0,27,679,56,TYPE_A,3.7,Desert,Indian
1166617,79,11,2492,389.03,388.03,0,0,68,679,56,TYPE_A,3.7,Desert,Indian
1403777,80,11,2492,292.0,389.03,0,1,80,679,56,TYPE_A,3.7,Desert,Indian
1116219,81,11,2492,293.0,389.03,1,1,175,679,56,TYPE_A,3.7,Desert,Indian
1412458,82,11,2492,316.25,388.03,0,0,55,679,56,TYPE_A,3.7,Desert,Indian
1045503,83,11,2492,292.0,387.03,0,0,68,679,56,TYPE_A,3.7,Desert,Indian
1473411,84,11,2492,387.03,389.03,0,0,53,679,56,TYPE_A,3.7,Desert,Indian
1331561,85,11,2492,389.03,388.03,0,0,28,679,56,TYPE_A,3.7,Desert,Indian
1155943,86,11,2492,387.03,387.03,0,0,28,679,56,TYPE_A,3.7,Desert,Indian
1224944,87,11,2492,388.03,389.03,0,0,14,679,56,TYPE_A,3.7,Desert,Indian
1099540,88,11,2492,387.03,389.03,0,0,68,679,56,TYPE_A,3.7,Desert,Indian
1344921,89,11,2492,388.03,389.03,0,0,54,679,56,TYPE_A,3.7,Desert,Indian
1393784,90,11,2492,387.03,388.03,0,0,42,679,56,TYPE_A,3.7,Desert,Indian
1039187,91,11,2492,388.03,388.03,0,0,67,679,56,TYPE_A,3.7,Desert,Indian
1127466,92,11,2492,389.03,387.03,0,0,68,679,56,TYPE_A,3.7,Desert,Indian
1214623,93,11,2492,387.03,388.03,0,0,95,679,56,TYPE_A,3.7,Desert,Indian
1121104,94,11,2492,387.03,389.03,0,0,42,679,56,TYPE_A,3.7,Desert,Indian
1035642,95,11,2492,389.03,387.03,0,0,27,679,56,TYPE_A,3.7,Desert,Indian
1176995,96,11,2492,291.0,389.03,0,1,162,679,56,TYPE_A,3.7,Desert,Indian
1276591,97,11,2492,292.0,389.03,0,0,96,679,56,TYPE_A,3.7,Desert,Indian
1355250,98,11,2492,293.0,389.03,0,0,69,679,56,TYPE_A,3.7,Desert,Indian
1046144,99,11,2492,293.0,388.03,0,0,53,679,56,TYPE_A,3.7,Desert,Indian
1397320,100,11,2492,387.03,389.03,0,0,15,679,56,TYPE_A,3.7,Desert,Indian
1148760,101,11,2492,388.03,387.03,0,0,26,679,56,TYPE_A,3.7,Desert,Indian
1418812,103,11,2492,387.03,388.03,0,0,13,679,56,TYPE_A,3.7,Desert,Indian
1458658,105,11,2492,387.03,389.03,0,0,55,679,56,TYPE_A,3.7,Desert,Indian
1012426,106,11,2492,387.03,389.03,0,0,42,679,56,TYPE_A,3.7,Desert,Indian
1084239,107,11,2492,389.03,389.03,0,0,41,679,56,TYPE_A,3.7,Desert,Indian
1242335,108,11,2492,340.5,387.03,0,0,94,679,56,TYPE_A,3.7,Desert,Indian
1281567,109,11,2492,341.5,387.03,0,0,54,679,56,TYPE_A,3.7,Desert,Indian
1428235,110,11,2492,389.03,387.03,0,0,40,679,56,TYPE_A,3.7,Desert,Indian
1094424,111,11,2492,387.03,388.03,0,0,81,679,56,TYPE_A,3.7,Desert,Indian
1135159,112,11,2492,388.03,387.03,0,0,42,679,56,TYPE_A,3.7,Desert,Indian
1296109,113,11,2492,387.03,389.03,0,0,68,679,56,TYPE_A,3.7,Desert,Indian
1489483,114,11,2492,387.03,387.03,0,0,42,679,56,TYPE_A,3.7,Desert,Indian
1351809,115,11,2492,389.03,389.03,0,0,80,679,56,TYPE_A,3.7,Desert,Indian
