Data set/Center wise/Center_11_Rank7.csv
id,week,center_id,meal_id,checkout_price,base_price,emailer_for_promotion,homepage_featured,num_orders,city_code,region_code,center_type,op_area,category,cuisine
1250484,1,11,1543,486.03,486.03,0,0,107,679,56,TYPE_A,3.7,Desert,Indian
1021133,2,11,1543,484.03,486.03,0,0,41,679,56,TYPE_A,3.7,Desert,Indian
1037903,3,11,1543,486.03,485.03,0,0,54,679,56,TYPE_A,3.7,Desert,Indian
1499760,4,11,1543,485.03,486.03,0,0,109,679,56,TYPE_A,3.7,Desert,Indian
1131021,5,11,1543,486.03,484.03,0,0,94,679,56,TYPE_A,3.7,Desert,Indian
1295962,6,11,1543,438.5,484.03,0,1,175,679,56,TYPE_A,3.7,Desert,Indian
1068168,7,11,1543,438.5,437.5,0,0,149,679,56,TYPE_A,3.7,Desert,Indian
1051690,8,11,1543,438.5,436.5,0,0,53,679,56,TYPE_A,3.7,Desert,Indian
1436058,9,11,1543,438.5,436.5,0,0,42,679,56,TYPE_A,3.7,Desert,Indian
1241744,10,11,1543,485.03,485.03,0,0,15,679,56,TYPE_A,3.7,Desert,Indian
1460587,11,11,1543,485.03,484.03,0,0,14,679,56,TYPE_A,3.7,Desert,Indian
1052129,13,11,1543,485.03,486.03,0,0,80,679,56,TYPE_A,3.7,Desert,Indian
1372691,15,11,1543,486.03,485.03,0,0,42,679,56,TYPE_A,3.7,Desert,Indian
1445836,16,11,1543,486.03,485.03,0,0,123,679,56,TYPE_A,3.7,Desert,Indian
1115101,17,11,1543,388.03,486.03,0,0,42,679,56,TYPE_A,3.7,Desert,Indian
1069728,18,11,1543,389.03,484.03,0,0,40,679,56,TYPE_A,3.7,Desert,Indian
1038242,19,11,1543,388.03,486.03,0,0,42,679,56,TYPE_A,3.7,Desert,Indian
1183396,20,11,1543,389.03,484.03,0,0,80,679,56,TYPE_A,3.7,Desert,Indian
1208961,21,11,1543,484.03,485.03,0,0,28,679,56,TYPE_A,3.7,Desert,Indian
1310764,22,11,1543,486.03,484.03,0,0,42,679,56,TYPE_A,3.7,Desert,Indian
1167327,23,11,1543,486.03,486.03,0,0,15,679,56,TYPE_A,3.7,Desert,Indian
1060315,25,11,1543,486.03,484.03,0,0,28,679,56,TYPE_A,3.7,Desert,Indian
1026421,26,11,1543,484.03,485.03,0,0,69,679,56,TYPE_A,3.7,Desert,Indian
1332038,27,11,1543,486.03,486.03,0,0,13,679,56,TYPE_A,3.7,Desert,Indian
1178890,28,11,1543,486.03,484.03,0,0,14,679,56,TYPE_A,3.7,Desert,Indian
1383354,32,11,1543,388.03,486.03,1,0,40,679,56,TYPE_A,3.7,Desert,Indian
1179075,33,11,1543,388.03,486.03,0,0,107,679,56,TYPE_A,3.7,Desert,Indian
1189609,34,11,1543,389.03,486.03,0,0,53,679,56,TYPE_A,3.7,Desert,Indian
1222307,35,11,1543,388.03,486.03,0,0,67,679,56,TYPE_A,3.7,Desert,Indian
1199700,36,11,1543,484.03,484.03,0,0,53,679,56,TYPE_A,3.7,Desert,Indian
1138219,37,11,1543,484.03,484.03,0,0,27,679,56,TYPE_A,3.7,Desert,Indian
1134080,38,11,1543,485.03,485.03,0,0,68,679,56,TYPE_A,3.7,Desert,Indian
1006938,39,11,1543,486.03,484.03,0,0,67,679,56,TYPE_A,3.7,Desert,Indian
1259707,40,11,1543,485.03,486.03,0,0,55,679,56,TYPE_A,3.7,Desert,Indian
1183003,41,11,1543,485.03,485.03,0,0,82,679,56,TYPE_A,3.7,Desert,Indian
1103551,42,11,1543,484.03,486.03,0,0,109,679,56,TYPE_A,3.7,Desert,Indian
1278819,43,11,1543,389.0,486.03,1,1,176,679,56,TYPE_A,3.7,Desert,Indian
1165716,44,11,1543,390.0,486.03,1,0,310,679,56,TYPE_A,3.7,Desert,Indian
1367056,45,11,1543,390.0,484.03,0,0,55,679,56,TYPE_A,3.7,Desert,Indian
1460207,46,11,1543,388.0,485.03,0,0,42,679,56,TYPE_A,3.7,Desert,Indian
1046397,47,11,1543,484.03,484.03,0,0,13,679,56,TYPE_A,3.7,Desert,Indian
1394993,48,11,1543,486.03,485.03,0,0,42,679,56,TYPE_A,3.7,Desert,Indian
1474335,49,11,1543,485.03,484.03,0,0,69,679,56,TYPE_A,3.7,Desert,Indian
1114304,50,11,1543,462.72,462.72,0,0,27,679,56,TYPE_A,3.7,Desert,Indian
1138202,51,11,1543,462.72,461.72,0,0,40,679,56,TYPE_A,3.7,Desert,Indian
1409947,52,11,1543,462.72,462.72,0,0,82,679,56,TYPE_A,3.7,Desert,Indian
1485348,53,11,1543,461.72,461.72,0,0,82,679,56,TYPE_A,3.7,Desert,Indian
1242265,55,11,1543,388.03,463.72,1,1,204,679,56,TYPE_A,3.7,Desert,Indian
1215870,56,11,1543,393.82,461.72,0,0,148,679,56,TYPE_A,3.7,Desert,Indian
1246245,57,11,1543,388.03,462.72,0,0,96,679,56,TYPE_A,3.7,Desert,Indian
1123093,58,11,1543,387.03,463.72,0,0,68,679,56,TYPE_A,3.7,Desert,Indian
1046367,59,11,1543,462.72,462.72,0,0,108,679,56,TYPE_A,3.7,Desert,Indian
1068573,60,11,1543,463.72,461.72,0,0,68,679,56,TYPE_A,3.7,Desert,Indian
1334201,61,11,1543,461.72,462.72,0,0,13,679,56,TYPE_A,3.7,Desert,Indian
1293020,62,11,1543,461.72,463.72,0,0,14,679,56,TYPE_A,3.7,Desert,Indian
1429429,63,11,1543,462.72,463.72,0,0,94,679,56,TYPE_A,3.7,Desert,Indian
1379679,64,11,1543,463.72,462.72,0,0,41,679,56,TYPE_A,3.7,Desert,Indian
1485862,65,11,1543,463.72,461.72,0,0,42,679,56,TYPE_A,3.7,Desert,Indian
1406389,66,11,1543,461.72,462.72,0,0,13,679,56,TYPE_A,3.7,Desert,Indian
1054919,67,11,1543,462.72,461.72,0,0,55,679,56,TYPE_A,3.7,Desert,Indian
1381114,68,11,1543,461.72,461.72,0,0,26,679,56,TYPE_A,3.7,Desert,Indian
1144269,69,11,1543,462.72,461.72,0,0,69,679,56,TYPE_A,3.7,Desert,Indian
1323074,70,11,1543,461.72,462.72,0,0,55,679,56,TYPE_A,3.7,Desert,Indian
1285281,71,11,1543,461.72,461.72,0,0,80,679,56,TYPE_A,3.7,Desert,Indian
1204045,72,11,1543,375.39,462.72,1,0,149,679,56,TYPE_A,3.7,Desert,Indian
1240670,73,11,1543,388.03,462.72,0,0,69,679,56,TYPE_A,3.7,Desert,Indian
1491580,74,11,1543,387.03,462.72,0,0,40,679,56,TYPE_A,3.7,Desert,Indian
1218275,75,11,1543,388.03,462.72,0,0,68,679,56,TYPE_A,3.7,Desert,Indian
1379306,76,11,1543,462.72,462.72,0,0,67,679,56,TYPE_A,3.7,Desert,Indian
1026259,77,11,1543,462.72,463.72,0,0,67,679,56,TYPE_A,3.7,Desert,Indian
1324341,78,11,1543,463.72,461.72,0,0,41,679,56,TYPE_A,3.7,Desert,Indian
1336917,79,11,1543,462.72,463.72,0,0,41,679,56,TYPE_A,3.7,Desert,Indian
1100485,80,11,1543,462.72,461.72,0,0,26,679,56,TYPE_A,3.7,Desert,Indian
1090291,81,11,1543,463.72,463.72,0,0,27,679,56,TYPE_A,3.7,Desert,Indian
1457439,82,11,1543,461.72,461.72,0,0,40,679,56,TYPE_A,3.7,Desert,Indian
1447832,83,11,1543,389.03,462.72,0,0,67,679,56,TYPE_A,3.7,Desert,Indian
1474150,84,11,1543,389.03,462.72,0,0,53,679,56,TYPE_A,3.7,Desert,Indian
1389605,85,11,1543,389.03,463.72,0,0,175,679,56,TYPE_A,3.7,Desert,Indian
1328403,86,11,1543,393.85,461.72,0,0,190,679,56,TYPE_A,3.7,Desert,Indian
1130802,87,11,1543,461.72,462.72,0,0,148,679,56,TYPE_A,3.7,Desert,Indian
1128583,88,11,1543,486.03,484.03,0,0,26,679,56,TYPE_A,3.7,Desert,Indian
1106655,89,11,1543,484.03,486.03,0,0,122,679,56,TYPE_A,3.7,Desert,Indian
1442022,90,11,1543,485.03,485.03,0,0,121,679,56,TYPE_A,3.7,Desert,Indian
1080783,91,11,1543,485.03,486.03,0,0,54,679,56,TYPE_A,3.7,Desert,Indian
1471135,92,11,1543,484.03,485.03,0,0,108,679,56,TYPE_A,3.7,Desert,Indian
1338095,93,11,1543,484.03,485.03,0,0,81,679,56,TYPE_A,3.7,Desert,Indian
1483823,94,11,1543,485.03,486.03,0,0,176,679,56,TYPE_A,3.7,Desert,Indian
1477584,95,11,1543,485.03,486.03,0,0,95,679,56,TYPE_A,3.7,Desert,Indian
1081500,96,11,1543,486.03,486.03,0,0,69,679,56,TYPE_A,3.7,Desert,Indian
1015201,97,11,1543,484.03,486.03,0,0,80,679,56,TYPE_A,3.7,Desert,Indian
1349195,98,11,1543,485.03,486.03,0,0,42,679,56,TYPE_A,3.7,Desert,Indian
1293375,99,11,1543,486.03,484.03,0,0,80,679,56,TYPE_A,3.7,Desert,Indian
1002686,100,11,1543,484.03,484.03,0,0,94,679,56,TYPE_A,3.7,Desert,Indian
1276956,101,11,1543,455.96,455.96,0,0,107,679,56,TYPE_A,3.7,Desert,Indian
1099511,102,11,1543,486.03,486.03,0,0,28,679,56,TYPE_A,3.7,Desert,Indian
1062481,104,11,1543,486.03,485.03,0,0,41,679,56,TYPE_A,3.7,Desert,Indian
1296054,105,11,1543,485.03,486.03,0,0,94,679,56,TYPE_A,3.7,Desert,Indian
1494462,106,11,1543,486.03,485.03,0,0,67,679,56,TYPE_A,3.7,Desert,Indian
1266001,107,11,1543,486.03,485.03,0,0,28,679,56,TYPE_A,3.7,Desert,Indian
1204917,108,11,1543,484.03,486.03,0,0,69,679,56,TYPE_A,3.7,Desert,Indian
1137460,109,11,1543,485.03,484.03,0,0,123,679,56,TYPE_A,3.7,Desert,Indian
1309389,110,11,1543,473.39,473.39,0,0,94,679,56,TYPE_A,3.7,Desert,Indian
1043112,111,11,1543,474.39,472.39,0,0,122,679,56,TYPE_A,3.7,Desert,Indian
1094622,112,11,1543,473.39,474.39,0,0,94,679,56,TYPE_A,3.7,Desert,Indian
1280528,113,11,1543,473.39,472.39,0,0,175,679,56,TYPE_A,3.7,Desert,Indian
1170275,114,11,1543,474.39,473.39,0,0,68,679,56,TYPE_A,3.7,Desert,Indian
1182755,115,11,1543,474.39,472.39,0,0,82,679,56,TYPE_A,3.7,Desert,Indian
1099886,1,11,2304,484.03,485.03,0,0,150,679,56,TYPE_A,3.7,Desert,Indian
1115855,2,11,2304,485.03,484.03,0,0,54,679,56,TYPE_A,3.7,Desert,Indian
1355813,3,11,2304,485.03,485.03,0,0,122,679,56,TYPE_A,3.7,Desert,Indian
1461217,4,11,2304,484.03,485.03,0,0,108,679,56,TYPE_A,3.7,Desert,Indian
1275890,5,11,2304,486.03,484.03,0,0,109,679,56,TYPE_A,3.7,Desert,Indian
1117595,6,11,2304,436.5,437.5,0,0,161,679,56,TYPE_A,3.7,Desert,Indian
1035789,7,11,2304,438.5,438.5,0,0,162,679,56,TYPE_A,3.7,Desert,Indian
1371993,8,11,2304,437.5,436.5,0,0,69,679,56,TYPE_A,3.7,Desert,Indian
1246589,9,11,2304,436.5,438.5,0,0,69,679,56,TYPE_A,3.7,Desert,Indian
1193686,10,11,2304,486.03,484.03,0,0,108,679,56,TYPE_A,3.7,Desert,Indian
1088713,11,11,2304,486.03,486.03,0,0,28,679,56,TYPE_A,3.7,Desert,Indian
1274545,12,11,2304,484.03,485.03,0,0,68,679,56,TYPE_A,3.7,Desert,Indian
1382169,13,11,2304,485.03,484.03,0,0,41,679,56,TYPE_A,3.7,Desert,Indian
1325940,14,11,2304,484.03,486.03,0,0,42,679,56,TYPE_A,3.7,Desert,Indian
1198503,15,11,2304,484.03,486.03,0,0,53,679,56,TYPE_A,3.7,Desert,Indian
1180607,17,11,2304,389.03,485.03,0,0,26,679,56,TYPE_A,3.7,Desert,Indian
1473310,18,11,2304,389.03,486.03,0,0,26,679,56,TYPE_A,3.7,Desert,Indian
1075858,19,11,2304,387.03,484.03,0,0,15,679,56,TYPE_A,3.7,Desert,Indian
1221099,20,11,2304,388.03,485.03,0,0,69,679,56,TYPE_A,3.7,Desert,Indian
1203221,21,11,2304,445.23,446.23,0,0,68,679,56,TYPE_A,3.7,Desert,Indian
1428237,22,11,2304,486.03,485.03,0,0,107,679,56,TYPE_A,3.7,Desert,Indian
1121293,23,11,2304,485.03,486.03,0,0,42,679,56,TYPE_A,3.7,Desert,Indian
1494929,25,11,2304,486.03,486.03,0,0,14,679,56,TYPE_A,3.7,Desert,Indian
1014772,26,11,2304,486.03,486.03,0,0,13,679,56,TYPE_A,3.7,Desert,Indian
1293602,27,11,2304,484.03,484.03,0,0,13,679,56,TYPE_A,3.7,Desert,Indian
1041987,28,11,2304,485.03,485.03,0,0,14,679,56,TYPE_A,3.7,Desert,Indian
1326373,29,11,2304,485.03,485.03,0,0,26,679,56,TYPE_A,3.7,Desert,Indian
1079524,30,11,2304,485.03,486.03,0,0,26,679,56,TYPE_A,3.7,Desert,Indian
1251308,31,11,2304,484.03,485.03,0,0,95,679,56,TYPE_A,3.7,Desert,Indian
1057188,32,11,2304,389.03,485.03,1,0,108,679,56,TYPE_A,3.7,Desert,Indian
1132511,33,11,2304,388.03,485.03,0,0,13,679,56,TYPE_A,3.7,Desert,Indian
1360832,34,11,2304,388.03,485.03,0,0,14,679,56,TYPE_A,3.7,Desert,Indian
1288982,35,11,2304,381.27,485.03,0,0,161,679,56,TYPE_A,3.7,Desert,Indian
1151759,36,11,2304,485.03,484.03,0,0,15,679,56,TYPE_A,3.7,Desert,Indian
1185218,37,11,2304,486.03,486.03,0,0,26,679,56,TYPE_A,3.7,Desert,Indian
1042598,38,11,2304,485.03,485.03,0,0,95,679,56,TYPE_A,3.7,Desert,Indian
1282967,39,11,2304,484.03,486.03,0,0,42,679,56,TYPE_A,3.7,Desert,Indian
1192470,40,11,2304,484.03,486.03,0,0,54,679,56,TYPE_A,3.7,Desert,Indian
1019582,41,11,2304,484.03,484.03,0,0,122,679,56,TYPE_A,3.7,Desert,Indian
1026819,42,11,2304,485.03,486.03,0,0,134,679,56,TYPE_A,3.7,Desert,Indian
1066213,43,11,2304,390.0,484.03,1,1,283,679,56,TYPE_A,3.7,Desert,Indian
1174972,44,11,2304,389.0,484.03,1,0,283,679,56,TYPE_A,3.7,Desert,Indian
1196318,45,11,2304,388.0,484.03,0,0,94,679,56,TYPE_A,3.7,Desert,Indian
1441205,46,11,2304,389.0,484.03,0,0,67,679,56,TYPE_A,3.7,Desert,Indian
1066123,47,11,2304,484.03,485.03,0,0,67,679,56,TYPE_A,3.7,Desert,Indian
1247795,48,11,2304,486.03,485.03,0,0,28,679,56,TYPE_A,3.7,Desert,Indian
1177981,49,11,2304,486.03,484.03,0,0,67,679,56,TYPE_A,3.7,Desert,Indian
1429981,50,11,2304,461.72,463.72,0,0,80,679,56,TYPE_A,3.7,Desert,Indian
1087034,51,11,2304,461.72,462.72,0,0,80,679,56,TYPE_A,3.7,Desert,Indian
1180660,52,11,2304,461.72,461.72,0,0,80,679,56,TYPE_A,3.7,Desert,Indian
1465701,53,11,2304,462.72,462.72,0,0,68,679,56,TYPE_A,3.7,Desert,Indian
1272167,54,11,2304,463.72,462.72,0,0,107,679,56,TYPE_A,3.7,Desert,Indian
1052958,55,11,2304,389.03,463.72,1,0,149,679,56,TYPE_A,3.7,Desert,Indian
1453469,56,11,2304,387.03,461.72,0,0,107,679,56,TYPE_A,3.7,Desert,Indian
1033438,57,11,2304,395.76,463.72,0,0,121,679,56,TYPE_A,3.7,Desert,Indian
1347972,58,11,2304,396.73,462.72,0,0,109,679,56,TYPE_A,3.7,Desert,Indian
1086823,59,11,2304,462.72,462.72,0,0,190,679,56,TYPE_A,3.7,Desert,Indian
1237950,60,11,2304,461.72,462.72,0,0,80,679,56,TYPE_A,3.7,Desert,Indian
1241348,61,11,2304,463.72,463.72,0,0,15,679,56,TYPE_A,3.7,Desert,Indian
1066965,62,11,2304,463.72,463.72,0,0,14,679,56,TYPE_A,3.7,Desert,Indian
1348482,63,11,2304,462.72,463.72,0,0,162,679,56,TYPE_A,3.7,Desert,Indian
1454029,64,11,2304,462.72,463.72,0,0,95,679,56,TYPE_A,3.7,Desert,Indian
1151030,65,11,2304,463.72,461.72,0,0,67,679,56,TYPE_A,3.7,Desert,Indian
1413018,66,11,2304,461.72,461.72,0,0,94,679,56,TYPE_A,3.7,Desert,Indian
1292352,67,11,2304,463.72,461.72,0,0,216,679,56,TYPE_A,3.7,Desert,Indian
1144561,68,11,2304,462.72,463.72,0,0,230,679,56,TYPE_A,3.7,Desert,Indian
1214890,69,11,2304,461.72,463.72,0,0,109,679,56,TYPE_A,3.7,Desert,Indian
1002353,70,11,2304,461.72,461.72,0,0,135,679,56,TYPE_A,3.7,Desert,Indian
1160094,71,11,2304,461.72,462.72,0,0,202,679,56,TYPE_A,3.7,Desert,Indian
1230352,72,11,2304,380.24,461.72,1,1,243,679,56,TYPE_A,3.7,Desert,Indian
1281047,73,11,2304,389.03,463.72,0,0,175,679,56,TYPE_A,3.7,Desert,Indian
1160742,74,11,2304,388.03,461.72,0,0,69,679,56,TYPE_A,3.7,Desert,Indian
1321032,75,11,2304,387.03,462.72,0,0,148,679,56,TYPE_A,3.7,Desert,Indian
1112311,76,11,2304,461.72,461.72,0,0,40,679,56,TYPE_A,3.7,Desert,Indian
1330890,77,11,2304,462.72,463.72,0,0,134,679,56,TYPE_A,3.7,Desert,Indian
1460269,78,11,2304,462.72,463.72,0,0,95,679,56,TYPE_A,3.7,Desert,Indian
1033173,79,11,2304,463.72,461.72,0,0,80,679,56,TYPE_A,3.7,Desert,Indian
1160408,80,11,2304,461.72,462.72,0,0,55,679,56,TYPE_A,3.7,Desert,Indian
1370368,81,11,2304,461.72,461.72,0,0,81,679,56,TYPE_A,3.7,Desert,Indian
1240049,82,11,2304,463.72,461.72,0,0,67,679,56,TYPE_A,3.7,Desert,Indian
1361967,83,11,2304,389.03,462.72,0,0,82,679,56,TYPE_A,3.7,Desert,Indian
1094415,84,11,2304,401.58,462.72,0,0,68,679,56,TYPE_A,3.7,Desert,Indian
1152909,85,11,2304,389.03,463.72,0,0,42,679,56,TYPE_A,3.7,Desert,Indian
1004015,86,11,2304,414.25,461.72,0,0,40,679,56,TYPE_A,3.7,Desert,Indian
1147418,87,11,2304,462.72,461.72,0,0,42,679,56,TYPE_A,3.7,Desert,Indian
1108253,88,11,2304,479.18,481.18,0,0,123,679,56,TYPE_A,3.7,Desert,Indian
1117186,89,11,2304,485.03,485.03,0,0,122,679,56,TYPE_A,3.7,Desert,Indian
1091599,90,11,2304,485.03,485.03,0,0,55,679,56,TYPE_A,3.7,Desert,Indian
1227021,91,11,2304,485.03,484.03,0,0,107,679,56,TYPE_A,3.7,Desert,Indian
1000975,92,11,2304,485.03,485.03,0,0,80,679,56,TYPE_A,3.7,Desert,Indian
1289424,93,11,2304,486.03,484.03,0,0,95,679,56,TYPE_A,3.7,Desert,Indian
1284923,94,11,2304,485.03,485.03,0,0,123,679,56,TYPE_A,3.7,Desert,Indian
1493204,95,11,2304,484.03,486.03,0,0,134,679,56,TYPE_A,3.7,Desert,Indian
1465178,96,11,2304,484.03,484.03,0,0,123,679,56,TYPE_A,3.7,Desert,Indian
1442408,97,11,2304,485.03,485.03,0,0,108,679,56,TYPE_A,3.7,Desert,Indian
1365881,98,11,2304,484.03,486.03,0,0,41,679,56,TYPE_A,3.7,Desert,Indian
1061701,99,11,2304,486.03,485.03,0,0,81,679,56,TYPE_A,3.7,Desert,Indian
1160498,100,11,2304,486.03,486.03,0,0,81,679,56,TYPE_A,3.7,Desert,Indian
1301681,101,11,2304,486.03,484.03,0,0,67,679,56,TYPE_A,3.7,Desert,Indian
1231407,102,11,2304,484.03,486.03,0,0,26,679,56,TYPE_A,3.7,Desert,Indian
1422381,104,11,2304,484.03,486.03,0,0,68,679,56,TYPE_A,3.7,Desert,Indian
1491735,105,11,2304,479.24,479.24,0,0,189,679,56,TYPE_A,3.7,Desert,Indian
1427765,106,11,2304,484.03,485.03,0,0,150,679,56,TYPE_A,3.7,Desert,Indian
1324743,107,11,2304,485.03,484.03,0,0,81,679,56,TYPE_A,3.7,Desert,Indian
1314727,108,11,2304,486.03,486.03,0,0,67,679,56,TYPE_A,3.7,Desert,Indian
1151861,109,11,2304,484.03,486.03,0,0,54,679,56,TYPE_A,3.7,Desert,Indian
1370213,110,11,2304,457.9,457.9,0,0,82,679,56,TYPE_A,3.7,Desert,Indian
1484495,111,11,2304,472.39,473.39,0,0,55,679,56,TYPE_A,3.7,Desert,Indian
1255729,112,11,2304,474.39,474.39,0,0,122,679,56,TYPE_A,3.7,Desert,Indian
1105174,113,11,2304,472.39,474.39,0,0,68,679,56,TYPE_A,3.7,Desert,Indian
1357619,114,11,2304,473.39,473.39,0,0,94,679,56,TYPE_A,3.7,Desert,Indian
1309545,115,11,2304,474.39,473.39,0,0,67,679,56,TYPE_A,3.7,Desert,Indian
