Data set/Center wise/Center_11_Rank7.csv
id,week,center_id,meal_id,checkout_price,base_price,emailer_for_promotion,homepage_featured,num_orders,city_code,region_code,center_type,op_area,category,cuisine
1410522,2,11,2494,243.5,272.63,0,0,28,679,56,TYPE_A,3.7,Soup,Thai
1356241,3,11,2494,244.5,271.63,0,0,14,679,56,TYPE_A,3.7,Soup,Thai
1229486,4,11,2494,243.5,271.63,0,0,40,679,56,TYPE_A,3.7,Soup,Thai
1405893,5,11,2494,243.5,270.63,0,0,54,679,56,TYPE_A,3.7,Soup,Thai
1008438,6,11,2494,242.5,271.63,0,0,14,679,56,TYPE_A,3.7,Soup,Thai
1327451,7,11,2494,243.5,270.63,0,0,80,679,56,TYPE_A,3.7,Soup,Thai
1152941,8,11,2494,242.5,244.5,0,0,15,679,56,TYPE_A,3.7,Soup,Thai
1271964,9,11,2494,271.63,271.63,0,0,42,679,56,TYPE_A,3.7,Soup,Thai
1379217,10,11,2494,272.63,270.63,0,0,53,679,56,TYPE_A,3.7,Soup,Thai
1263853,11,11,2494,271.63,272.63,0,0,28,679,56,TYPE_A,3.7,Soup,Thai
1230842,12,11,2494,272.63,272.63,0,0,55,679,56,TYPE_A,3.7,Soup,Thai
1260125,13,11,2494,244.5,271.63,0,0,26,679,56,TYPE_A,3.7,Soup,Thai
1477528,14,11,2494,244.5,270.63,0,0,42,679,56,TYPE_A,3.7,Soup,Thai
1037830,15,11,2494,242.5,272.63,0,0,41,679,56,TYPE_A,3.7,Soup,Thai
1069365,16,11,2494,244.5,271.63,0,0,69,679,56,TYPE_A,3.7,Soup,Thai
1378935,17,11,2494,243.5,272.63,0,0,14,679,56,TYPE_A,3.7,Soup,Thai
1393491,18,11,2494,244.5,270.63,0,0,40,679,56,TYPE_A,3.7,Soup,Thai
1457516,19,11,2494,244.5,242.5,0,0,80,679,56,TYPE_A,3.7,Soup,Thai
1437765,20,11,2494,242.5,244.5,0,0,55,679,56,TYPE_A,3.7,Soup,Thai
1126011,21,11,2494,242.5,244.5,0,0,40,679,56,TYPE_A,3.7,Soup,Thai
1078671,22,11,2494,242.5,242.5,0,1,95,679,56,TYPE_A,3.7,Soup,Thai
1243298,23,11,2494,243.5,243.5,0,0,41,679,56,TYPE_A,3.7,Soup,Thai
1019934,24,11,2494,243.5,242.5,0,0,14,679,56,TYPE_A,3.7,Soup,Thai
1482947,25,11,2494,244.5,244.5,0,0,55,679,56,TYPE_A,3.7,Soup,Thai
1009843,26,11,2494,243.5,244.5,0,0,67,679,56,TYPE_A,3.7,Soup,Thai
1135391,27,11,2494,244.5,244.5,0,0,26,679,56,TYPE_A,3.7,Soup,Thai
1197071,28,11,2494,243.5,244.5,0,0,13,679,56,TYPE_A,3.7,Soup,Thai
1142661,29,11,2494,196.0,242.5,0,0,149,679,56,TYPE_A,3.7,Soup,Thai
1347072,30,11,2494,194.0,242.5,0,1,82,679,56,TYPE_A,3.7,Soup,Thai
1364315,31,11,2494,196.0,242.5,0,0,40,679,56,TYPE_A,3.7,Soup,Thai
1250621,32,11,2494,194.0,244.5,0,1,80,679,56,TYPE_A,3.7,Soup,Thai
1182429,33,11,2494,257.08,242.5,0,1,41,679,56,TYPE_A,3.7,Soup,Thai
1335900,36,11,2494,256.08,244.5,0,1,54,679,56,TYPE_A,3.7,Soup,Thai
1471138,37,11,2494,195.0,244.5,0,0,53,679,56,TYPE_A,3.7,Soup,Thai
1273198,38,11,2494,194.0,242.5,0,1,122,679,56,TYPE_A,3.7,Soup,Thai
1101638,39,11,2494,194.0,243.5,0,0,67,679,56,TYPE_A,3.7,Soup,Thai
1475775,40,11,2494,194.0,242.5,0,0,69,679,56,TYPE_A,3.7,Soup,Thai
1431974,41,11,2494,219.28,243.5,0,0,53,679,56,TYPE_A,3.7,Soup,Thai
1075747,42,11,2494,217.28,218.28,0,0,15,679,56,TYPE_A,3.7,Soup,Thai
1055247,43,11,2494,217.28,219.28,0,0,15,679,56,TYPE_A,3.7,Soup,Thai
1404220,44,11,2494,218.28,217.28,0,0,13,679,56,TYPE_A,3.7,Soup,Thai
1313802,45,11,2494,234.8,232.8,0,0,94,679,56,TYPE_A,3.7,Soup,Thai
1387363,46,11,2494,233.8,232.8,0,0,94,679,56,TYPE_A,3.7,Soup,Thai
1182929,47,11,2494,234.8,233.8,0,0,14,679,56,TYPE_A,3.7,Soup,Thai
1374173,48,11,2494,233.8,233.8,0,0,42,679,56,TYPE_A,3.7,Soup,Thai
1368182,49,11,2494,241.56,241.56,0,0,41,679,56,TYPE_A,3.7,Soup,Thai
1249278,50,11,2494,242.56,240.56,0,0,53,679,56,TYPE_A,3.7,Soup,Thai
1106045,51,11,2494,241.56,241.56,0,0,40,679,56,TYPE_A,3.7,Soup,Thai
1409548,52,11,2494,240.56,240.56,0,0,55,679,56,TYPE_A,3.7,Soup,Thai
1275064,53,11,2494,242.56,241.56,0,0,13,679,56,TYPE_A,3.7,Soup,Thai
1474102,54,11,2494,241.56,240.56,0,0,41,679,56,TYPE_A,3.7,Soup,Thai
1385367,55,11,2494,241.56,241.56,0,0,67,679,56,TYPE_A,3.7,Soup,Thai
1365466,56,11,2494,241.56,241.56,0,0,82,679,56,TYPE_A,3.7,Soup,Thai
1461936,57,11,2494,242.53,243.53,0,0,53,679,56,TYPE_A,3.7,Soup,Thai
1497623,58,11,2494,241.53,241.53,0,0,54,679,56,TYPE_A,3.7,Soup,Thai
1144452,59,11,2494,243.53,242.53,0,0,40,679,56,TYPE_A,3.7,Soup,Thai
1349509,60,11,2494,243.53,243.53,0,0,67,679,56,TYPE_A,3.7,Soup,Thai
1066897,61,11,2494,243.53,243.53,0,0,55,679,56,TYPE_A,3.7,Soup,Thai
1033665,62,11,2494,242.53,243.53,0,0,55,679,56,TYPE_A,3.7,Soup,Thai
1421321,64,11,2494,242.53,242.53,0,0,27,679,56,TYPE_A,3.7,Soup,Thai
1050240,65,11,2494,242.53,242.53,0,0,67,679,56,TYPE_A,3.7,Soup,Thai
1124972,66,11,2494,241.53,243.53,0,0,54,679,56,TYPE_A,3.7,Soup,Thai
1314534,67,11,2494,243.53,241.53,0,0,69,679,56,TYPE_A,3.7,Soup,Thai
1284651,68,11,2494,243.53,243.53,0,0,41,679,56,TYPE_A,3.7,Soup,Thai
1363517,69,11,2494,231.83,231.83,0,0,40,679,56,TYPE_A,3.7,Soup,Thai
1358876,70,11,2494,231.83,231.83,0,0,55,679,56,TYPE_A,3.7,Soup,Thai
1327548,71,11,2494,233.83,233.83,0,0,82,679,56,TYPE_A,3.7,Soup,Thai
1130123,72,11,2494,232.83,231.83,0,0,81,679,56,TYPE_A,3.7,Soup,Thai
1426416,73,11,2494,233.83,231.83,0,0,80,679,56,TYPE_A,3.7,Soup,Thai
1234648,74,11,2494,233.83,233.83,0,0,54,679,56,TYPE_A,3.7,Soup,Thai
1263924,75,11,2494,231.83,232.83,0,0,55,679,56,TYPE_A,3.7,Soup,Thai
1153078,76,11,2494,231.83,231.83,0,0,41,679,56,TYPE_A,3.7,Soup,Thai
1448882,77,11,2494,231.83,231.83,0,0,109,679,56,TYPE_A,3.7,Soup,Thai
1235454,78,11,2494,233.83,232.83,0,0,55,679,56,TYPE_A,3.7,Soup,Thai
1124892,79,11,2494,233.83,233.83,0,0,42,679,56,TYPE_A,3.7,Soup,Thai
1448520,80,11,2494,233.83,231.83,0,0,122,679,56,TYPE_A,3.7,Soup,Thai
1055199,81,11,2494,213.43,213.43,0,0,54,679,56,TYPE_A,3.7,Soup,Thai
1060422,82,11,2494,212.43,213.43,0,0,81,679,56,TYPE_A,3.7,Soup,Thai
1212205,83,11,2494,213.43,214.43,0,0,54,679,56,TYPE_A,3.7,Soup,Thai
1197666,84,11,2494,213.43,212.43,0,0,67,679,56,TYPE_A,3.7,Soup,Thai
1338388,85,11,2494,213.43,213.43,0,0,68,679,56,TYPE_A,3.7,Soup,Thai
1081382,86,11,2494,214.43,212.43,0,0,67,679,56,TYPE_A,3.7,Soup,Thai
1269645,87,11,2494,212.43,213.43,0,0,26,679,56,TYPE_A,3.7,Soup,Thai
1140295,88,11,2494,214.43,212.43,0,0,40,679,56,TYPE_A,3.7,Soup,Thai
1373774,89,11,2494,212.43,213.43,0,0,81,679,56,TYPE_A,3.7,Soup,Thai
1291307,90,11,2494,214.43,212.43,0,0,54,679,56,TYPE_A,3.7,Soup,Thai
1483678,91,11,2494,212.43,213.43,0,0,41,679,56,TYPE_A,3.7,Soup,Thai
1196399,92,11,2494,213.43,214.43,0,0,82,679,56,TYPE_A,3.7,Soup,Thai
1387897,93,11,2494,195.0,196.0,0,0,94,679,56,TYPE_A,3.7,Soup,Thai
1026088,94,11,2494,202.79,201.79,0,0,150,679,56,TYPE_A,3.7,Soup,Thai
1136322,95,11,2494,196.0,196.0,0,0,122,679,56,TYPE_A,3.7,Soup,Thai
1021784,96,11,2494,195.0,194.0,0,0,107,679,56,TYPE_A,3.7,Soup,Thai
1475410,97,11,2494,196.0,194.0,0,0,68,679,56,TYPE_A,3.7,Soup,Thai
1494539,98,11,2494,195.0,194.0,0,0,122,679,56,TYPE_A,3.7,Soup,Thai
1224114,99,11,2494,195.0,194.0,0,0,135,679,56,TYPE_A,3.7,Soup,Thai
1131564,100,11,2494,195.0,195.0,0,0,94,679,56,TYPE_A,3.7,Soup,Thai
1171698,101,11,2494,194.0,195.0,0,0,95,679,56,TYPE_A,3.7,Soup,Thai
1031850,102,11,2494,202.76,202.76,0,0,136,679,56,TYPE_A,3.7,Soup,Thai
1327766,103,11,2494,194.0,196.0,0,0,80,679,56,TYPE_A,3.7,Soup,Thai
1437469,104,11,2494,194.0,196.0,0,0,40,679,56,TYPE_A,3.7,Soup,Thai
1099029,105,11,2494,244.5,244.5,0,0,26,679,56,TYPE_A,3.7,Soup,Thai
1325937,106,11,2494,271.63,272.63,0,0,15,679,56,TYPE_A,3.7,Soup,Thai
1271083,107,11,2494,244.5,270.63,0,0,123,679,56,TYPE_A,3.7,Soup,Thai
1329773,108,11,2494,242.5,270.63,0,0,55,679,56,TYPE_A,3.7,Soup,Thai
1123934,109,11,2494,242.5,270.63,0,0,107,679,56,TYPE_A,3.7,Soup,Thai
1037985,110,11,2494,247.38,247.38,0,0,108,679,56,TYPE_A,3.7,Soup,Thai
1256347,111,11,2494,243.5,244.5,0,0,14,679,56,TYPE_A,3.7,Soup,Thai
1254853,112,11,2494,243.5,242.5,0,0,28,679,56,TYPE_A,3.7,Soup,Thai
1013869,113,11,2494,242.5,244.5,0,0,53,679,56,TYPE_A,3.7,Soup,Thai
1438128,114,11,2494,244.5,244.5,0,0,55,679,56,TYPE_A,3.7,Soup,Thai
1333502,115,11,2494,244.5,242.5,0,0,68,679,56,TYPE_A,3.7,Soup,Thai
1186502,2,11,2444,626.62,628.62,0,0,69,679,56,TYPE_A,3.7,Seafood,Continental
1097157,3,11,2444,626.62,626.62,0,0,27,679,56,TYPE_A,3.7,Seafood,Continental
1338640,4,11,2444,628.62,627.62,0,0,134,679,56,TYPE_A,3.7,Seafood,Continental
1257083,5,11,2444,486.03,626.62,1,1,487,679,56,TYPE_A,3.7,Seafood,Continental
1057776,6,11,2444,485.03,628.62,0,1,460,679,56,TYPE_A,3.7,Seafood,Continental
1080187,7,11,2444,670.33,669.33,0,0,161,679,56,TYPE_A,3.7,Seafood,Continental
1351987,8,11,2444,670.33,670.33,0,0,40,679,56,TYPE_A,3.7,Seafood,Continental
1368981,9,11,2444,442.32,668.33,1,1,851,679,56,TYPE_A,3.7,Seafood,Continental
1196675,10,11,2444,437.53,669.33,1,1,744,679,56,TYPE_A,3.7,Seafood,Continental
1142947,11,11,2444,437.53,670.33,0,0,217,679,56,TYPE_A,3.7,Seafood,Continental
1077428,12,11,2444,618.86,618.86,0,0,53,679,56,TYPE_A,3.7,Seafood,Continental
1437609,13,11,2444,619.86,619.86,0,0,26,679,56,TYPE_A,3.7,Seafood,Continental
1355357,14,11,2444,620.86,619.86,0,0,40,679,56,TYPE_A,3.7,Seafood,Continental
1213743,15,11,2444,619.86,620.86,0,0,123,679,56,TYPE_A,3.7,Seafood,Continental
1089743,16,11,2444,618.86,620.86,0,0,28,679,56,TYPE_A,3.7,Seafood,Continental
1248545,17,11,2444,618.86,619.86,0,0,94,679,56,TYPE_A,3.7,Seafood,Continental
1410856,18,11,2444,619.86,619.86,0,0,40,679,56,TYPE_A,3.7,Seafood,Continental
1223310,19,11,2444,618.86,619.86,0,0,80,679,56,TYPE_A,3.7,Seafood,Continental
1498838,20,11,2444,620.86,620.86,0,0,82,679,56,TYPE_A,3.7,Seafood,Continental
1451755,21,11,2444,620.86,618.86,0,0,82,679,56,TYPE_A,3.7,Seafood,Continental
1130093,22,11,2444,618.86,619.86,0,0,94,679,56,TYPE_A,3.7,Seafood,Continental
1122314,23,11,2444,620.86,620.86,0,0,54,679,56,TYPE_A,3.7,Seafood,Continental
1394968,24,11,2444,618.86,618.86,0,0,26,679,56,TYPE_A,3.7,Seafood,Continental
1451329,25,11,2444,532.53,620.86,0,0,108,679,56,TYPE_A,3.7,Seafood,Continental
1452646,26,11,2444,532.53,619.86,0,0,134,679,56,TYPE_A,3.7,Seafood,Continental
1409738,27,11,2444,534.53,618.86,0,0,26,679,56,TYPE_A,3.7,Seafood,Continental
1483458,28,11,2444,533.53,620.86,0,0,176,679,56,TYPE_A,3.7,Seafood,Continental
1009159,29,11,2444,619.86,620.86,0,0,53,679,56,TYPE_A,3.7,Seafood,Continental
1419606,30,11,2444,620.86,619.86,0,0,94,679,56,TYPE_A,3.7,Seafood,Continental
1298178,31,11,2444,620.86,618.86,0,0,95,679,56,TYPE_A,3.7,Seafood,Continental
1142950,32,11,2444,618.86,618.86,0,0,53,679,56,TYPE_A,3.7,Seafood,Continental
1269484,33,11,2444,480.21,618.86,1,0,107,679,56,TYPE_A,3.7,Seafood,Continental
1069239,34,11,2444,484.03,619.86,0,1,350,679,56,TYPE_A,3.7,Seafood,Continental
1185023,35,11,2444,669.33,619.86,0,1,55,679,56,TYPE_A,3.7,Seafood,Continental
1248841,36,11,2444,669.33,620.86,0,1,81,679,56,TYPE_A,3.7,Seafood,Continental
1161681,37,11,2444,668.33,668.33,0,0,95,679,56,TYPE_A,3.7,Seafood,Continental
1444826,38,11,2444,669.33,670.33,0,1,40,679,56,TYPE_A,3.7,Seafood,Continental
1092712,39,11,2444,619.86,620.86,0,0,80,679,56,TYPE_A,3.7,Seafood,Continental
1152646,40,11,2444,486.03,618.86,1,1,487,679,56,TYPE_A,3.7,Seafood,Continental
1126297,41,11,2444,486.03,618.86,1,1,514,679,56,TYPE_A,3.7,Seafood,Continental
1178538,42,11,2444,619.86,619.86,0,0,134,679,56,TYPE_A,3.7,Seafood,Continental
1020970,43,11,2444,620.86,619.86,0,1,54,679,56,TYPE_A,3.7,Seafood,Continental
1281834,44,11,2444,618.86,619.86,0,0,135,679,56,TYPE_A,3.7,Seafood,Continental
1471464,45,11,2444,620.86,618.86,0,0,121,679,56,TYPE_A,3.7,Seafood,Continental
1286047,46,11,2444,619.86,619.86,0,0,163,679,56,TYPE_A,3.7,Seafood,Continental
1127613,47,11,2444,618.86,619.86,0,0,68,679,56,TYPE_A,3.7,Seafood,Continental
1497029,48,11,2444,620.86,619.86,0,0,69,679,56,TYPE_A,3.7,Seafood,Continental
1288545,49,11,2444,623.74,622.74,0,0,189,679,56,TYPE_A,3.7,Seafood,Continental
1215566,50,11,2444,620.86,619.86,0,0,136,679,56,TYPE_A,3.7,Seafood,Continental
1112996,51,11,2444,618.86,620.86,0,0,96,679,56,TYPE_A,3.7,Seafood,Continental
1431846,52,11,2444,387.03,619.86,1,0,973,679,56,TYPE_A,3.7,Seafood,Continental
1166428,53,11,2444,387.03,619.86,1,1,744,679,56,TYPE_A,3.7,Seafood,Continental
1391863,54,11,2444,618.86,619.86,0,0,148,679,56,TYPE_A,3.7,Seafood,Continental
1475378,55,11,2444,620.86,619.86,0,0,28,679,56,TYPE_A,3.7,Seafood,Continental
1125299,56,11,2444,620.86,620.86,0,0,28,679,56,TYPE_A,3.7,Seafood,Continental
1153828,57,11,2444,610.19,610.19,0,0,121,679,56,TYPE_A,3.7,Seafood,Continental
1422907,58,11,2444,610.19,608.19,0,0,188,679,56,TYPE_A,3.7,Seafood,Continental
1208682,59,11,2444,608.19,609.19,0,0,81,679,56,TYPE_A,3.7,Seafood,Continental
1023079,60,11,2444,485.03,610.19,1,0,447,679,56,TYPE_A,3.7,Seafood,Continental
1143970,61,11,2444,608.19,608.19,0,0,96,679,56,TYPE_A,3.7,Seafood,Continental
1429555,62,11,2444,608.19,608.19,0,0,27,679,56,TYPE_A,3.7,Seafood,Continental
1243198,63,11,2444,610.19,609.19,0,0,96,679,56,TYPE_A,3.7,Seafood,Continental
1467943,65,11,2444,486.03,609.19,1,0,82,679,56,TYPE_A,3.7,Seafood,Continental
1292935,66,11,2444,595.61,596.61,0,0,123,679,56,TYPE_A,3.7,Seafood,Continental
1101786,67,11,2444,610.19,610.19,0,0,121,679,56,TYPE_A,3.7,Seafood,Continental
1067625,68,11,2444,610.19,610.19,0,0,96,679,56,TYPE_A,3.7,Seafood,Continental
1309065,69,11,2444,486.03,608.19,1,0,526,679,56,TYPE_A,3.7,Seafood,Continental
1288089,70,11,2444,489.88,610.19,0,1,486,679,56,TYPE_A,3.7,Seafood,Continental
1365144,71,11,2444,599.52,598.52,0,0,136,679,56,TYPE_A,3.7,Seafood,Continental
1082066,72,11,2444,612.13,611.13,0,0,136,679,56,TYPE_A,3.7,Seafood,Continental
1007539,73,11,2444,611.13,612.13,0,0,109,679,56,TYPE_A,3.7,Seafood,Continental
1385657,74,11,2444,610.13,611.13,0,0,121,679,56,TYPE_A,3.7,Seafood,Continental
1232210,75,11,2444,611.13,610.13,0,0,107,679,56,TYPE_A,3.7,Seafood,Continental
1114810,76,11,2444,610.13,610.13,0,0,55,679,56,TYPE_A,3.7,Seafood,Continental
1202730,77,11,2444,562.63,562.63,0,0,163,679,56,TYPE_A,3.7,Seafood,Continental
1009467,78,11,2444,562.63,563.63,0,0,177,679,56,TYPE_A,3.7,Seafood,Continental
1329617,79,11,2444,561.63,562.63,0,0,122,679,56,TYPE_A,3.7,Seafood,Continental
1295923,80,11,2444,563.63,561.63,0,0,68,679,56,TYPE_A,3.7,Seafood,Continental
1401397,81,11,2444,647.99,648.99,0,0,67,679,56,TYPE_A,3.7,Seafood,Continental
1338496,82,11,2444,669.33,668.33,0,0,68,679,56,TYPE_A,3.7,Seafood,Continental
1303047,83,11,2444,668.33,670.33,0,0,41,679,56,TYPE_A,3.7,Seafood,Continental
1046176,84,11,2444,668.33,668.33,0,0,54,679,56,TYPE_A,3.7,Seafood,Continental
1446146,85,11,2444,669.33,669.33,0,0,67,679,56,TYPE_A,3.7,Seafood,Continental
1244823,86,11,2444,668.33,668.33,0,0,13,679,56,TYPE_A,3.7,Seafood,Continental
1387706,87,11,2444,670.33,669.33,0,0,53,679,56,TYPE_A,3.7,Seafood,Continental
1378944,88,11,2444,668.33,670.33,0,0,80,679,56,TYPE_A,3.7,Seafood,Continental
1246034,89,11,2444,669.33,668.33,0,0,27,679,56,TYPE_A,3.7,Seafood,Continental
1132576,90,11,2444,433.59,668.33,1,1,393,679,56,TYPE_A,3.7,Seafood,Continental
1140028,91,11,2444,437.53,670.33,1,1,460,679,56,TYPE_A,3.7,Seafood,Continental
1217422,92,11,2444,669.33,668.33,0,0,80,679,56,TYPE_A,3.7,Seafood,Continental
1080887,93,11,2444,669.33,670.33,0,0,95,679,56,TYPE_A,3.7,Seafood,Continental
1234088,94,11,2444,435.56,669.33,1,1,716,679,56,TYPE_A,3.7,Seafood,Continental
1066408,95,11,2444,436.56,669.33,1,1,485,679,56,TYPE_A,3.7,Seafood,Continental
1345428,96,11,2444,641.23,640.23,0,0,107,679,56,TYPE_A,3.7,Seafood,Continental
1135594,97,11,2444,669.33,670.33,0,0,108,679,56,TYPE_A,3.7,Seafood,Continental
1245478,98,11,2444,670.33,670.33,0,0,67,679,56,TYPE_A,3.7,Seafood,Continental
1278873,99,11,2444,668.33,668.33,0,0,15,679,56,TYPE_A,3.7,Seafood,Continental
1001416,100,11,2444,435.53,668.33,0,0,445,679,56,TYPE_A,3.7,Seafood,Continental
1432205,101,11,2444,435.53,668.33,1,1,554,679,56,TYPE_A,3.7,Seafood,Continental
1232461,102,11,2444,670.33,668.33,0,0,67,679,56,TYPE_A,3.7,Seafood,Continental
1319958,104,11,2444,669.33,670.33,0,0,96,679,56,TYPE_A,3.7,Seafood,Continental
1486638,105,11,2444,669.33,669.33,0,0,27,679,56,TYPE_A,3.7,Seafood,Continental
1080575,106,11,2444,454.93,668.33,0,1,379,679,56,TYPE_A,3.7,Seafood,Continental
1065732,107,11,2444,459.78,668.33,1,0,67,679,56,TYPE_A,3.7,Seafood,Continental
1382573,108,11,2444,669.33,669.33,0,0,54,679,56,TYPE_A,3.7,Seafood,Continental
1184913,109,11,2444,668.33,668.33,0,0,95,679,56,TYPE_A,3.7,Seafood,Continental
1307310,110,11,2444,669.33,669.33,0,0,53,679,56,TYPE_A,3.7,Seafood,Continental
1402199,111,11,2444,669.33,668.33,0,0,109,679,56,TYPE_A,3.7,Seafood,Continental
1366873,112,11,2444,668.33,669.33,0,0,96,679,56,TYPE_A,3.7,Seafood,Continental
1405920,113,11,2444,668.33,668.33,0,0,42,679,56,TYPE_A,3.7,Seafood,Continental
1013818,114,11,2444,688.73,687.73,0,0,41,679,56,TYPE_A,3.7,Seafood,Continental
