Data set/Center wise/Center_11_Rank7.csv
id,week,center_id,meal_id,checkout_price,base_price,emailer_for_promotion,homepage_featured,num_orders,city_code,region_code,center_type,op_area,category,cuisine
1046400,3,11,2126,487.0,485.0,0,0,40,679,56,TYPE_A,3.7,Pasta,Italian
1178271,4,11,2126,485.03,485.03,0,0,15,679,56,TYPE_A,3.7,Pasta,Italian
1405068,5,11,2126,484.03,486.03,0,0,26,679,56,TYPE_A,3.7,Pasta,Italian
1297644,6,11,2126,460.78,460.78,0,0,82,679,56,TYPE_A,3.7,Pasta,Italian
1086072,7,11,2126,484.03,486.03,0,0,96,679,56,TYPE_A,3.7,Pasta,Italian
1325226,8,11,2126,532.53,533.53,0,0,82,679,56,TYPE_A,3.7,Pasta,Italian
1304501,9,11,2126,533.53,532.53,0,0,40,679,56,TYPE_A,3.7,Pasta,Italian
1444482,10,11,2126,534.53,532.53,0,0,55,679,56,TYPE_A,3.7,Pasta,Italian
1003788,11,11,2126,534.53,533.53,0,0,81,679,56,TYPE_A,3.7,Pasta,Italian
1452527,12,11,2126,454.93,534.53,0,0,68,679,56,TYPE_A,3.7,Pasta,Italian
1113900,13,11,2126,475.36,534.53,0,0,123,679,56,TYPE_A,3.7,Pasta,Italian
1374258,14,11,2126,484.03,485.03,0,0,27,679,56,TYPE_A,3.7,Pasta,Italian
1317489,15,11,2126,484.03,486.03,0,0,67,679,56,TYPE_A,3.7,Pasta,Italian
1409216,16,11,2126,533.53,533.53,0,0,42,679,56,TYPE_A,3.7,Pasta,Italian
1209368,17,11,2126,532.53,532.53,0,0,55,679,56,TYPE_A,3.7,Pasta,Italian
1090441,18,11,2126,485.03,532.53,0,1,135,679,56,TYPE_A,3.7,Pasta,Italian
1161982,19,11,2126,484.03,534.53,0,1,67,679,56,TYPE_A,3.7,Pasta,Italian
1177913,20,11,2126,484.03,484.03,0,0,69,679,56,TYPE_A,3.7,Pasta,Italian
1369759,21,11,2126,491.85,489.85,0,0,107,679,56,TYPE_A,3.7,Pasta,Italian
1326221,22,11,2126,533.53,532.53,0,0,41,679,56,TYPE_A,3.7,Pasta,Italian
1360787,23,11,2126,534.53,532.53,0,0,96,679,56,TYPE_A,3.7,Pasta,Italian
1153332,24,11,2126,532.53,534.53,0,0,42,679,56,TYPE_A,3.7,Pasta,Italian
1058270,25,11,2126,485.03,484.03,0,0,94,679,56,TYPE_A,3.7,Pasta,Italian
1084991,26,11,2126,491.82,491.82,0,0,95,679,56,TYPE_A,3.7,Pasta,Italian
1180329,27,11,2126,486.03,484.03,0,0,107,679,56,TYPE_A,3.7,Pasta,Italian
1262264,28,11,2126,533.53,534.53,0,0,96,679,56,TYPE_A,3.7,Pasta,Italian
1285050,29,11,2126,486.03,486.03,0,0,68,679,56,TYPE_A,3.7,Pasta,Italian
1252431,30,11,2126,484.03,485.03,0,0,109,679,56,TYPE_A,3.7,Pasta,Italian
1015295,31,11,2126,533.53,532.53,0,0,68,679,56,TYPE_A,3.7,Pasta,Italian
1365061,32,11,2126,532.53,534.53,0,0,54,679,56,TYPE_A,3.7,Pasta,Italian
1219435,33,11,2126,433.59,534.53,0,1,40,679,56,TYPE_A,3.7,Pasta,Italian
1339288,34,11,2126,434.59,532.53,0,1,68,679,56,TYPE_A,3.7,Pasta,Italian
1112197,35,11,2126,435.59,534.53,0,1,108,679,56,TYPE_A,3.7,Pasta,Italian
1082002,36,11,2126,435.59,532.53,0,1,54,679,56,TYPE_A,3.7,Pasta,Italian
1016558,37,11,2126,533.53,533.53,0,1,82,679,56,TYPE_A,3.7,Pasta,Italian
1111582,38,11,2126,533.53,533.53,0,0,41,679,56,TYPE_A,3.7,Pasta,Italian
1033338,39,11,2126,486.03,486.03,0,0,53,679,56,TYPE_A,3.7,Pasta,Italian
1184106,40,11,2126,484.03,484.03,0,0,67,679,56,TYPE_A,3.7,Pasta,Italian
1397851,41,11,2126,486.03,486.03,0,0,82,679,56,TYPE_A,3.7,Pasta,Italian
1322496,42,11,2126,484.03,485.03,0,0,42,679,56,TYPE_A,3.7,Pasta,Italian
1001145,43,11,2126,534.53,532.53,0,0,135,679,56,TYPE_A,3.7,Pasta,Italian
1176236,44,11,2126,504.43,534.53,0,1,82,679,56,TYPE_A,3.7,Pasta,Italian
1275320,45,11,2126,503.43,504.43,0,0,27,679,56,TYPE_A,3.7,Pasta,Italian
1030412,46,11,2126,504.43,504.43,0,1,40,679,56,TYPE_A,3.7,Pasta,Italian
1135305,47,11,2126,503.43,505.43,0,0,41,679,56,TYPE_A,3.7,Pasta,Italian
1111824,48,11,2126,533.53,532.53,0,0,27,679,56,TYPE_A,3.7,Pasta,Italian
1115165,49,11,2126,533.53,533.53,0,0,14,679,56,TYPE_A,3.7,Pasta,Italian
1049607,50,11,2126,534.53,532.53,0,0,14,679,56,TYPE_A,3.7,Pasta,Italian
1178424,51,11,2126,532.53,534.53,0,0,13,679,56,TYPE_A,3.7,Pasta,Italian
1086979,52,11,2126,437.5,532.53,0,0,109,679,56,TYPE_A,3.7,Pasta,Italian
1352368,53,11,2126,437.5,532.53,0,0,109,679,56,TYPE_A,3.7,Pasta,Italian
1328645,54,11,2126,437.5,533.53,0,0,134,679,56,TYPE_A,3.7,Pasta,Italian
1202654,55,11,2126,436.5,532.53,0,1,121,679,56,TYPE_A,3.7,Pasta,Italian
1269375,56,11,2126,534.53,534.53,0,0,15,679,56,TYPE_A,3.7,Pasta,Italian
1316252,58,11,2126,534.53,533.53,0,0,95,679,56,TYPE_A,3.7,Pasta,Italian
1234765,59,11,2126,532.53,533.53,0,0,68,679,56,TYPE_A,3.7,Pasta,Italian
1425304,60,11,2126,534.53,534.53,0,0,67,679,56,TYPE_A,3.7,Pasta,Italian
1436685,61,11,2126,435.53,533.53,1,1,94,679,56,TYPE_A,3.7,Pasta,Italian
1264773,62,11,2126,436.53,532.53,1,1,149,679,56,TYPE_A,3.7,Pasta,Italian
1058370,63,11,2126,435.53,533.53,0,1,13,679,56,TYPE_A,3.7,Pasta,Italian
1134429,64,11,2126,435.53,534.53,0,1,94,679,56,TYPE_A,3.7,Pasta,Italian
1038290,65,11,2126,472.39,533.53,0,0,67,679,56,TYPE_A,3.7,Pasta,Italian
1297722,66,11,2126,533.53,534.53,0,0,67,679,56,TYPE_A,3.7,Pasta,Italian
1284144,67,11,2126,533.53,532.53,0,0,13,679,56,TYPE_A,3.7,Pasta,Italian
1248403,69,11,2126,534.53,534.53,0,0,14,679,56,TYPE_A,3.7,Pasta,Italian
1125548,70,11,2126,486.03,534.53,1,1,161,679,56,TYPE_A,3.7,Pasta,Italian
1223557,71,11,2126,486.03,533.53,1,1,135,679,56,TYPE_A,3.7,Pasta,Italian
1042037,72,11,2126,383.15,532.53,0,0,188,679,56,TYPE_A,3.7,Pasta,Italian
1253474,73,11,2126,484.03,486.03,0,0,13,679,56,TYPE_A,3.7,Pasta,Italian
1364036,74,11,2126,522.83,524.83,0,0,67,679,56,TYPE_A,3.7,Pasta,Italian
1212764,75,11,2126,489.88,489.88,0,0,162,679,56,TYPE_A,3.7,Pasta,Italian
1400483,76,11,2126,534.53,533.53,0,0,95,679,56,TYPE_A,3.7,Pasta,Italian
1393167,77,11,2126,532.53,532.53,0,0,69,679,56,TYPE_A,3.7,Pasta,Italian
1115087,78,11,2126,534.53,534.53,0,0,109,679,56,TYPE_A,3.7,Pasta,Italian
1078834,79,11,2126,533.53,533.53,0,0,136,679,56,TYPE_A,3.7,Pasta,Italian
1369391,80,11,2126,533.53,532.53,0,0,82,679,56,TYPE_A,3.7,Pasta,Italian
1238397,81,11,2126,464.63,534.53,0,0,123,679,56,TYPE_A,3.7,Pasta,Italian
1280782,82,11,2126,464.63,534.53,0,0,176,679,56,TYPE_A,3.7,Pasta,Italian
1267703,83,11,2126,464.63,532.53,0,0,202,679,56,TYPE_A,3.7,Pasta,Italian
1496293,84,11,2126,464.63,534.53,0,0,177,679,56,TYPE_A,3.7,Pasta,Italian
1282823,85,11,2126,534.53,532.53,0,0,149,679,56,TYPE_A,3.7,Pasta,Italian
1458065,86,11,2126,533.53,533.53,0,0,162,679,56,TYPE_A,3.7,Pasta,Italian
1370567,87,11,2126,534.53,533.53,0,0,69,679,56,TYPE_A,3.7,Pasta,Italian
1047028,88,11,2126,437.53,533.53,1,0,122,679,56,TYPE_A,3.7,Pasta,Italian
1394671,89,11,2126,425.89,533.53,0,0,96,679,56,TYPE_A,3.7,Pasta,Italian
1182855,90,11,2126,435.53,532.53,0,1,258,679,56,TYPE_A,3.7,Pasta,Italian
1315898,91,11,2126,436.53,534.53,0,0,150,679,56,TYPE_A,3.7,Pasta,Italian
1094880,92,11,2126,525.74,525.74,0,0,188,679,56,TYPE_A,3.7,Pasta,Italian
1366735,93,11,2126,532.53,532.53,0,0,122,679,56,TYPE_A,3.7,Pasta,Italian
1157022,94,11,2126,533.53,534.53,0,0,82,679,56,TYPE_A,3.7,Pasta,Italian
1339331,95,11,2126,532.53,532.53,0,0,109,679,56,TYPE_A,3.7,Pasta,Italian
1393616,96,11,2126,436.5,533.53,0,1,162,679,56,TYPE_A,3.7,Pasta,Italian
1391995,97,11,2126,436.5,532.53,0,0,109,679,56,TYPE_A,3.7,Pasta,Italian
1257171,98,11,2126,532.53,533.53,0,0,26,679,56,TYPE_A,3.7,Pasta,Italian
1335350,99,11,2126,533.53,534.53,0,0,54,679,56,TYPE_A,3.7,Pasta,Italian
1280895,100,11,2126,534.53,533.53,0,0,69,679,56,TYPE_A,3.7,Pasta,Italian
1137685,101,11,2126,534.53,532.53,0,0,123,679,56,TYPE_A,3.7,Pasta,Italian
1271645,102,11,2126,533.53,532.53,0,0,14,679,56,TYPE_A,3.7,Pasta,Italian
1288680,103,11,2126,436.53,533.53,0,0,14,679,56,TYPE_A,3.7,Pasta,Italian
1287284,104,11,2126,437.53,534.53,0,1,55,679,56,TYPE_A,3.7,Pasta,Italian
1166223,105,11,2126,437.53,534.53,0,1,163,679,56,TYPE_A,3.7,Pasta,Italian
1098512,106,11,2126,437.53,532.53,0,1,96,679,56,TYPE_A,3.7,Pasta,Italian
1367127,107,11,2126,532.53,534.53,0,1,109,679,56,TYPE_A,3.7,Pasta,Italian
1290643,108,11,2126,534.53,533.53,0,0,96,679,56,TYPE_A,3.7,Pasta,Italian
1487011,109,11,2126,533.53,532.53,0,0,69,679,56,TYPE_A,3.7,Pasta,Italian
1146522,110,11,2126,533.53,534.53,0,0,53,679,56,TYPE_A,3.7,Pasta,Italian
1177458,111,11,2126,532.53,532.53,0,0,40,679,56,TYPE_A,3.7,Pasta,Italian
1035659,112,11,2126,533.53,533.53,0,0,134,679,56,TYPE_A,3.7,Pasta,Italian
1281934,113,11,2126,437.53,532.53,0,1,94,679,56,TYPE_A,3.7,Pasta,Italian
1354366,114,11,2126,293.94,533.53,0,1,203,679,56,TYPE_A,3.7,Pasta,Italian
1132462,115,11,2126,533.53,534.53,0,0,81,679,56,TYPE_A,3.7,Pasta,Italian
1228320,24,11,2490,253.2,253.2,0,0,296,679,56,TYPE_A,3.7,Salad,Italian
1435878,25,11,2490,252.2,253.2,0,0,486,679,56,TYPE_A,3.7,Salad,Italian
1122053,26,11,2490,252.2,254.2,0,0,528,679,56,TYPE_A,3.7,Salad,Italian
1028115,27,11,2490,254.2,254.2,0,0,404,679,56,TYPE_A,3.7,Salad,Italian
1387865,28,11,2490,253.2,252.2,0,0,555,679,56,TYPE_A,3.7,Salad,Italian
1349260,29,11,2490,252.2,253.2,0,0,472,679,56,TYPE_A,3.7,Salad,Italian
1322505,30,11,2490,253.2,253.2,0,0,472,679,56,TYPE_A,3.7,Salad,Italian
1092162,31,11,2490,195.97,253.2,1,1,1189,679,56,TYPE_A,3.7,Salad,Italian
1195447,32,11,2490,251.23,251.23,0,0,662,679,56,TYPE_A,3.7,Salad,Italian
1149275,33,11,2490,240.59,240.59,0,0,528,679,56,TYPE_A,3.7,Salad,Italian
1412769,34,11,2490,254.2,253.2,0,0,553,679,56,TYPE_A,3.7,Salad,Italian
1177646,35,11,2490,253.2,254.2,0,0,674,679,56,TYPE_A,3.7,Salad,Italian
1428440,36,11,2490,252.2,252.2,0,0,661,679,56,TYPE_A,3.7,Salad,Italian
1287118,37,11,2490,253.2,254.2,0,0,310,679,56,TYPE_A,3.7,Salad,Italian
1408696,38,11,2490,254.2,254.2,0,0,514,679,56,TYPE_A,3.7,Salad,Italian
1309482,39,11,2490,252.2,253.2,0,0,514,679,56,TYPE_A,3.7,Salad,Italian
1459292,40,11,2490,252.2,252.2,0,0,485,679,56,TYPE_A,3.7,Salad,Italian
1458284,41,11,2490,242.53,242.53,0,0,609,679,56,TYPE_A,3.7,Salad,Italian
1184698,42,11,2490,168.81,243.53,1,1,1539,679,56,TYPE_A,3.7,Salad,Italian
1214970,43,11,2490,254.2,254.2,0,0,609,679,56,TYPE_A,3.7,Salad,Italian
1086164,44,11,2490,252.2,253.2,0,0,690,679,56,TYPE_A,3.7,Salad,Italian
1208678,45,11,2490,254.2,252.2,0,0,661,679,56,TYPE_A,3.7,Salad,Italian
1299325,46,11,2490,252.2,252.2,0,0,636,679,56,TYPE_A,3.7,Salad,Italian
1094965,47,11,2490,253.2,254.2,0,0,431,679,56,TYPE_A,3.7,Salad,Italian
1223020,48,11,2490,194.03,252.2,1,1,1512,679,56,TYPE_A,3.7,Salad,Italian
1002809,49,11,2490,193.03,252.2,0,0,1621,679,56,TYPE_A,3.7,Salad,Italian
1067413,50,11,2490,252.2,253.2,0,0,540,679,56,TYPE_A,3.7,Salad,Italian
1301618,51,11,2490,252.2,252.2,0,0,404,679,56,TYPE_A,3.7,Salad,Italian
1276443,52,11,2490,197.94,254.2,1,1,1486,679,56,TYPE_A,3.7,Salad,Italian
1305026,53,11,2490,196.0,253.2,0,0,1350,679,56,TYPE_A,3.7,Salad,Italian
1192464,54,11,2490,227.95,229.95,0,0,487,679,56,TYPE_A,3.7,Salad,Italian
1364519,55,11,2490,252.2,254.2,0,0,350,679,56,TYPE_A,3.7,Salad,Italian
1084612,56,11,2490,252.2,254.2,0,0,593,679,56,TYPE_A,3.7,Salad,Italian
1151261,57,11,2490,252.2,254.2,0,0,231,679,56,TYPE_A,3.7,Salad,Italian
1037083,58,11,2490,252.2,252.2,0,0,553,679,56,TYPE_A,3.7,Salad,Italian
1351785,59,11,2490,252.2,253.2,0,0,539,679,56,TYPE_A,3.7,Salad,Italian
1377212,60,11,2490,252.2,254.2,0,0,325,679,56,TYPE_A,3.7,Salad,Italian
1458082,61,11,2490,253.2,253.2,0,0,391,679,56,TYPE_A,3.7,Salad,Italian
1485117,62,11,2490,254.2,253.2,0,0,284,679,56,TYPE_A,3.7,Salad,Italian
1409964,63,11,2490,252.2,252.2,0,0,285,679,56,TYPE_A,3.7,Salad,Italian
1245302,64,11,2490,253.2,253.2,0,0,270,679,56,TYPE_A,3.7,Salad,Italian
1342888,65,11,2490,169.75,252.2,1,1,2296,679,56,TYPE_A,3.7,Salad,Italian
1215319,66,11,2490,254.2,254.2,0,0,594,679,56,TYPE_A,3.7,Salad,Italian
1014166,67,11,2490,252.2,252.2,0,0,607,679,56,TYPE_A,3.7,Salad,Italian
1426025,68,11,2490,254.2,254.2,0,0,419,679,56,TYPE_A,3.7,Salad,Italian
1132315,69,11,2490,252.2,252.2,0,0,378,679,56,TYPE_A,3.7,Salad,Italian
1256823,70,11,2490,254.2,254.2,0,0,365,679,56,TYPE_A,3.7,Salad,Italian
1160078,71,11,2490,254.2,254.2,0,0,513,679,56,TYPE_A,3.7,Salad,Italian
1001419,72,11,2490,254.2,253.2,0,0,635,679,56,TYPE_A,3.7,Salad,Italian
1061918,73,11,2490,253.2,252.2,0,0,539,679,56,TYPE_A,3.7,Salad,Italian
1173262,74,11,2490,253.2,252.2,0,0,229,679,56,TYPE_A,3.7,Salad,Italian
1214729,75,11,2490,252.2,252.2,0,0,620,679,56,TYPE_A,3.7,Salad,Italian
1419052,76,11,2490,146.5,254.2,1,1,4509,679,56,TYPE_A,3.7,Salad,Italian
1282348,77,11,2490,148.47,254.2,0,1,3714,679,56,TYPE_A,3.7,Salad,Italian
1363990,78,11,2490,148.47,254.2,1,1,3619,679,56,TYPE_A,3.7,Salad,Italian
1087314,79,11,2490,147.5,252.2,1,1,3606,679,56,TYPE_A,3.7,Salad,Italian
1248065,80,11,2490,213.46,253.2,0,0,917,679,56,TYPE_A,3.7,Salad,Italian
1019569,81,11,2490,214.4,253.2,0,0,798,679,56,TYPE_A,3.7,Salad,Italian
1474341,82,11,2490,215.4,252.2,0,0,756,679,56,TYPE_A,3.7,Salad,Italian
1387396,83,11,2490,329.83,328.83,0,0,271,679,56,TYPE_A,3.7,Salad,Italian
1424759,84,11,2490,332.74,333.74,0,0,175,679,56,TYPE_A,3.7,Salad,Italian
1088686,85,11,2490,195.97,333.74,0,0,1053,679,56,TYPE_A,3.7,Salad,Italian
1307130,86,11,2490,197.88,333.74,0,0,959,679,56,TYPE_A,3.7,Salad,Italian
1147936,87,11,2490,195.0,333.74,0,0,1027,679,56,TYPE_A,3.7,Salad,Italian
1274542,88,11,2490,196.97,332.74,0,0,1133,679,56,TYPE_A,3.7,Salad,Italian
1277015,89,11,2490,280.36,331.74,0,0,527,679,56,TYPE_A,3.7,Salad,Italian
1490903,90,11,2490,195.03,331.74,1,1,2107,679,56,TYPE_A,3.7,Salad,Italian
1003300,91,11,2490,192.06,331.74,1,1,1619,679,56,TYPE_A,3.7,Salad,Italian
1146201,92,11,2490,278.42,333.74,0,0,514,679,56,TYPE_A,3.7,Salad,Italian
1340162,93,11,2490,281.36,281.36,0,0,392,679,56,TYPE_A,3.7,Salad,Italian
1287200,94,11,2490,193.03,279.36,1,1,1282,679,56,TYPE_A,3.7,Salad,Italian
1317822,95,11,2490,275.51,276.51,0,0,433,679,56,TYPE_A,3.7,Salad,Italian
1491998,96,11,2490,281.36,279.36,0,0,593,679,56,TYPE_A,3.7,Salad,Italian
1050783,97,11,2490,281.36,279.36,0,0,501,679,56,TYPE_A,3.7,Salad,Italian
1283420,98,11,2490,281.36,281.36,0,0,283,679,56,TYPE_A,3.7,Salad,Italian
1088302,99,11,2490,281.36,280.36,0,0,258,679,56,TYPE_A,3.7,Salad,Italian
1284358,100,11,2490,279.36,279.36,0,0,527,679,56,TYPE_A,3.7,Salad,Italian
1441350,101,11,2490,279.36,279.36,0,0,460,679,56,TYPE_A,3.7,Salad,Italian
1143638,102,11,2490,281.36,281.36,0,0,420,679,56,TYPE_A,3.7,Salad,Italian
1288364,103,11,2490,280.36,281.36,0,0,351,679,56,TYPE_A,3.7,Salad,Italian
1079351,104,11,2490,279.36,280.36,0,0,608,679,56,TYPE_A,3.7,Salad,Italian
1055265,105,11,2490,281.36,279.36,0,0,582,679,56,TYPE_A,3.7,Salad,Italian
1424539,106,11,2490,279.39,279.39,0,0,755,679,56,TYPE_A,3.7,Salad,Italian
1434978,107,11,2490,279.36,279.36,0,0,526,679,56,TYPE_A,3.7,Salad,Italian
1036200,108,11,2490,281.36,280.36,0,0,243,679,56,TYPE_A,3.7,Salad,Italian
1016543,109,11,2490,241.56,279.36,0,0,393,679,56,TYPE_A,3.7,Salad,Italian
1262670,110,11,2490,259.02,259.02,0,0,499,679,56,TYPE_A,3.7,Salad,Italian
1161860,111,11,2490,290.03,292.03,0,0,217,679,56,TYPE_A,3.7,Salad,Italian
1091461,112,11,2490,292.03,291.03,0,0,351,679,56,TYPE_A,3.7,Salad,Italian
1385619,113,11,2490,291.03,290.03,0,0,243,679,56,TYPE_A,3.7,Salad,Italian
1104963,114,11,2490,291.03,290.03,0,0,378,679,56,TYPE_A,3.7,Salad,Italian
1214781,115,11,2490,272.63,271.63,0,0,189,679,56,TYPE_A,3.7,Salad,Italian
