Data set/Center wise/Center_11_Rank7.csv
id,week,center_id,meal_id,checkout_price,base_price,emailer_for_promotion,homepage_featured,num_orders,city_code,region_code,center_type,op_area,category,cuisine
1238328,27,11,2664,135.83,136.83,0,0,135,679,56,TYPE_A,3.7,Salad,Italian
1341148,28,11,2664,319.13,321.13,0,0,122,679,56,TYPE_A,3.7,Salad,Italian
1182647,29,11,2664,320.13,320.13,0,0,420,679,56,TYPE_A,3.7,Salad,Italian
1144082,30,11,2664,320.13,319.13,0,0,580,679,56,TYPE_A,3.7,Salad,Italian
1356715,31,11,2664,319.13,320.13,0,0,528,679,56,TYPE_A,3.7,Salad,Italian
1330061,32,11,2664,321.13,320.13,0,0,500,679,56,TYPE_A,3.7,Salad,Italian
1358203,33,11,2664,320.13,319.13,0,0,485,679,56,TYPE_A,3.7,Salad,Italian
1405310,34,11,2664,319.13,319.13,0,0,593,679,56,TYPE_A,3.7,Salad,Italian
1230819,35,11,2664,321.13,319.13,0,0,634,679,56,TYPE_A,3.7,Salad,Italian
1100060,36,11,2664,321.13,321.13,0,0,689,679,56,TYPE_A,3.7,Salad,Italian
1482201,37,11,2664,260.02,320.13,0,1,1120,679,56,TYPE_A,3.7,Salad,Italian
1393662,38,11,2664,318.19,319.19,0,0,473,679,56,TYPE_A,3.7,Salad,Italian
1010724,39,11,2664,321.13,319.13,0,0,500,679,56,TYPE_A,3.7,Salad,Italian
1066505,40,11,2664,320.13,321.13,0,0,580,679,56,TYPE_A,3.7,Salad,Italian
1038687,41,11,2664,310.43,310.43,0,0,526,679,56,TYPE_A,3.7,Salad,Italian
1230811,42,11,2664,272.57,310.43,0,0,904,679,56,TYPE_A,3.7,Salad,Italian
1208816,43,11,2664,320.13,319.13,0,0,539,679,56,TYPE_A,3.7,Salad,Italian
1061337,44,11,2664,319.13,320.13,0,0,593,679,56,TYPE_A,3.7,Salad,Italian
1355812,45,11,2664,321.13,321.13,0,0,379,679,56,TYPE_A,3.7,Salad,Italian
1399807,46,11,2664,321.13,319.13,0,0,229,679,56,TYPE_A,3.7,Salad,Italian
1283404,47,11,2664,319.13,320.13,0,0,539,679,56,TYPE_A,3.7,Salad,Italian
1170993,48,11,2664,319.13,320.13,0,0,621,679,56,TYPE_A,3.7,Salad,Italian
1127698,49,11,2664,320.13,320.13,0,0,662,679,56,TYPE_A,3.7,Salad,Italian
1189319,50,11,2664,321.13,319.13,0,0,500,679,56,TYPE_A,3.7,Salad,Italian
1198194,51,11,2664,319.13,321.13,0,0,473,679,56,TYPE_A,3.7,Salad,Italian
1095291,52,11,2664,320.13,319.13,0,0,553,679,56,TYPE_A,3.7,Salad,Italian
1020818,53,11,2664,319.13,319.13,0,0,513,679,56,TYPE_A,3.7,Salad,Italian
1488897,54,11,2664,319.13,319.13,0,0,405,679,56,TYPE_A,3.7,Salad,Italian
1264270,55,11,2664,320.13,321.13,0,0,419,679,56,TYPE_A,3.7,Salad,Italian
1195697,56,11,2664,263.84,320.13,1,0,959,679,56,TYPE_A,3.7,Salad,Italian
1431969,57,11,2664,268.75,320.13,1,0,1095,679,56,TYPE_A,3.7,Salad,Italian
1003792,58,11,2664,319.13,319.13,0,0,514,679,56,TYPE_A,3.7,Salad,Italian
1240692,59,11,2664,321.13,319.13,0,0,554,679,56,TYPE_A,3.7,Salad,Italian
1439139,60,11,2664,275.48,319.13,0,0,702,679,56,TYPE_A,3.7,Salad,Italian
1431807,61,11,2664,279.36,320.13,0,0,528,679,56,TYPE_A,3.7,Salad,Italian
1092963,63,11,2664,283.3,320.13,0,0,431,679,56,TYPE_A,3.7,Salad,Italian
1001061,64,11,2664,277.42,321.13,0,0,755,679,56,TYPE_A,3.7,Salad,Italian
1239142,65,11,2664,319.13,321.13,0,0,703,679,56,TYPE_A,3.7,Salad,Italian
1474198,66,11,2664,319.13,319.13,0,0,932,679,56,TYPE_A,3.7,Salad,Italian
1464699,67,11,2664,310.4,312.4,0,0,972,679,56,TYPE_A,3.7,Salad,Italian
1473184,68,11,2664,320.13,320.13,0,0,674,679,56,TYPE_A,3.7,Salad,Italian
1269151,69,11,2664,319.13,319.13,0,0,661,679,56,TYPE_A,3.7,Salad,Italian
1435613,70,11,2664,314.34,313.34,0,0,311,679,56,TYPE_A,3.7,Salad,Italian
1041537,71,11,2664,311.4,312.4,0,0,798,679,56,TYPE_A,3.7,Salad,Italian
1163215,72,11,2664,314.34,312.34,0,0,755,679,56,TYPE_A,3.7,Salad,Italian
1301503,73,11,2664,319.13,320.13,0,0,674,679,56,TYPE_A,3.7,Salad,Italian
1130430,74,11,2664,321.13,321.13,0,0,688,679,56,TYPE_A,3.7,Salad,Italian
1448085,75,11,2664,321.13,319.13,0,0,783,679,56,TYPE_A,3.7,Salad,Italian
1342286,76,11,2664,313.31,314.31,0,0,769,679,56,TYPE_A,3.7,Salad,Italian
1221874,77,11,2664,319.13,320.13,0,0,432,679,56,TYPE_A,3.7,Salad,Italian
1440917,78,11,2664,321.13,321.13,0,0,499,679,56,TYPE_A,3.7,Salad,Italian
1049690,79,11,2664,321.13,320.13,0,0,595,679,56,TYPE_A,3.7,Salad,Italian
1124826,80,11,2664,321.13,320.13,0,0,190,679,56,TYPE_A,3.7,Salad,Italian
1409953,81,11,2664,321.13,319.13,0,0,717,679,56,TYPE_A,3.7,Salad,Italian
1221674,82,11,2664,248.35,321.13,1,0,1349,679,56,TYPE_A,3.7,Salad,Italian
1455390,83,11,2664,305.58,304.58,0,0,879,679,56,TYPE_A,3.7,Salad,Italian
1354151,84,11,2664,316.28,316.28,0,0,809,679,56,TYPE_A,3.7,Salad,Italian
1166936,85,11,2664,310.43,310.43,0,0,917,679,56,TYPE_A,3.7,Salad,Italian
1184438,86,11,2664,314.28,316.28,0,0,676,679,56,TYPE_A,3.7,Salad,Italian
1130156,87,11,2664,314.28,316.28,0,0,703,679,56,TYPE_A,3.7,Salad,Italian
1117007,88,11,2664,315.28,316.28,0,0,796,679,56,TYPE_A,3.7,Salad,Italian
1234333,89,11,2664,315.28,316.28,0,0,932,679,56,TYPE_A,3.7,Salad,Italian
1198331,90,11,2664,316.28,316.28,0,0,743,679,56,TYPE_A,3.7,Salad,Italian
1266961,91,11,2664,314.28,316.28,0,0,838,679,56,TYPE_A,3.7,Salad,Italian
1215021,92,11,2664,314.28,314.28,0,0,865,679,56,TYPE_A,3.7,Salad,Italian
1084704,93,11,2664,309.46,309.46,0,0,879,679,56,TYPE_A,3.7,Salad,Italian
1192804,94,11,2664,310.46,309.46,0,0,621,679,56,TYPE_A,3.7,Salad,Italian
1081450,95,11,2664,338.59,336.59,0,0,743,679,56,TYPE_A,3.7,Salad,Italian
1216132,96,11,2664,339.56,339.56,0,0,634,679,56,TYPE_A,3.7,Salad,Italian
1100515,97,11,2664,330.77,331.77,0,0,150,679,56,TYPE_A,3.7,Salad,Italian
1318899,98,11,2664,331.77,331.77,0,0,661,679,56,TYPE_A,3.7,Salad,Italian
1195905,99,11,2664,337.56,338.56,0,0,701,679,56,TYPE_A,3.7,Salad,Italian
1009823,100,11,2664,339.56,339.56,0,0,609,679,56,TYPE_A,3.7,Salad,Italian
1462037,101,11,2664,338.56,339.56,0,0,703,679,56,TYPE_A,3.7,Salad,Italian
1041484,102,11,2664,338.56,338.56,0,0,418,679,56,TYPE_A,3.7,Salad,Italian
1132661,103,11,2664,339.56,338.56,0,0,392,679,56,TYPE_A,3.7,Salad,Italian
1030681,104,11,2664,333.74,332.74,0,0,730,679,56,TYPE_A,3.7,Salad,Italian
1117119,105,11,2664,339.56,338.56,0,0,473,679,56,TYPE_A,3.7,Salad,Italian
1010522,106,11,2664,338.56,339.56,0,0,661,679,56,TYPE_A,3.7,Salad,Italian
1280837,107,11,2664,337.56,339.56,0,0,837,679,56,TYPE_A,3.7,Salad,Italian
1073560,108,11,2664,337.56,337.56,0,0,554,679,56,TYPE_A,3.7,Salad,Italian
1466690,109,11,2664,331.8,330.8,0,0,594,679,56,TYPE_A,3.7,Salad,Italian
1149632,110,11,2664,330.8,329.8,0,0,581,679,56,TYPE_A,3.7,Salad,Italian
1100605,111,11,2664,328.83,329.83,0,0,555,679,56,TYPE_A,3.7,Salad,Italian
1445005,112,11,2664,337.56,338.56,0,0,555,679,56,TYPE_A,3.7,Salad,Italian
1102398,113,11,2664,338.56,339.56,0,0,593,679,56,TYPE_A,3.7,Salad,Italian
1228379,114,11,2664,338.56,338.56,0,0,917,679,56,TYPE_A,3.7,Salad,Italian
1381198,115,11,2664,245.44,337.56,1,0,1241,679,56,TYPE_A,3.7,Salad,Italian
1181803,27,11,2569,136.83,135.83,0,0,256,679,56,TYPE_A,3.7,Salad,Italian
1228203,28,11,2569,332.71,332.71,0,0,122,679,56,TYPE_A,3.7,Salad,Italian
1424337,29,11,2569,332.71,332.71,0,0,163,679,56,TYPE_A,3.7,Salad,Italian
1226631,30,11,2569,334.71,333.71,0,0,284,679,56,TYPE_A,3.7,Salad,Italian
1285906,31,11,2569,332.71,333.71,0,0,189,679,56,TYPE_A,3.7,Salad,Italian
1378604,32,11,2569,334.71,333.71,0,0,296,679,56,TYPE_A,3.7,Salad,Italian
1378018,33,11,2569,334.71,332.71,0,0,298,679,56,TYPE_A,3.7,Salad,Italian
1468183,34,11,2569,333.71,334.71,0,0,190,679,56,TYPE_A,3.7,Salad,Italian
1112220,35,11,2569,334.71,332.71,0,0,257,679,56,TYPE_A,3.7,Salad,Italian
1081054,36,11,2569,334.71,333.71,0,0,256,679,56,TYPE_A,3.7,Salad,Italian
1266058,37,11,2569,244.5,333.71,0,1,756,679,56,TYPE_A,3.7,Salad,Italian
1159022,38,11,2569,334.71,332.71,0,0,204,679,56,TYPE_A,3.7,Salad,Italian
1083259,39,11,2569,333.71,333.71,0,0,163,679,56,TYPE_A,3.7,Salad,Italian
1267699,40,11,2569,333.71,332.71,0,0,190,679,56,TYPE_A,3.7,Salad,Italian
1065265,41,11,2569,332.71,334.71,0,0,148,679,56,TYPE_A,3.7,Salad,Italian
1452568,42,11,2569,269.72,334.71,0,0,567,679,56,TYPE_A,3.7,Salad,Italian
1273658,43,11,2569,333.71,332.71,0,0,189,679,56,TYPE_A,3.7,Salad,Italian
1223644,44,11,2569,333.71,333.71,0,0,284,679,56,TYPE_A,3.7,Salad,Italian
1004466,45,11,2569,333.71,334.71,0,0,242,679,56,TYPE_A,3.7,Salad,Italian
1206116,46,11,2569,332.71,334.71,0,0,53,679,56,TYPE_A,3.7,Salad,Italian
1315597,47,11,2569,333.71,333.71,0,0,176,679,56,TYPE_A,3.7,Salad,Italian
1062262,48,11,2569,332.71,334.71,0,0,177,679,56,TYPE_A,3.7,Salad,Italian
1094266,49,11,2569,334.71,334.71,0,0,217,679,56,TYPE_A,3.7,Salad,Italian
1275798,50,11,2569,332.71,332.71,0,0,271,679,56,TYPE_A,3.7,Salad,Italian
1344688,51,11,2569,333.71,333.71,0,0,161,679,56,TYPE_A,3.7,Salad,Italian
1200343,52,11,2569,334.71,332.71,0,0,189,679,56,TYPE_A,3.7,Salad,Italian
1440890,53,11,2569,332.71,333.71,0,0,202,679,56,TYPE_A,3.7,Salad,Italian
1016099,54,11,2569,333.71,333.71,0,0,188,679,56,TYPE_A,3.7,Salad,Italian
1124528,55,11,2569,332.71,333.71,0,0,256,679,56,TYPE_A,3.7,Salad,Italian
1138280,56,11,2569,263.9,334.71,1,0,917,679,56,TYPE_A,3.7,Salad,Italian
1340781,57,11,2569,261.93,333.71,1,0,1026,679,56,TYPE_A,3.7,Salad,Italian
1446433,58,11,2569,332.71,333.71,0,0,256,679,56,TYPE_A,3.7,Salad,Italian
1495103,59,11,2569,333.71,332.71,0,0,189,679,56,TYPE_A,3.7,Salad,Italian
1211170,60,11,2569,288.15,332.71,0,0,433,679,56,TYPE_A,3.7,Salad,Italian
1225546,61,11,2569,287.15,333.71,0,0,703,679,56,TYPE_A,3.7,Salad,Italian
1414748,62,11,2569,284.21,332.71,0,0,188,679,56,TYPE_A,3.7,Salad,Italian
1488020,63,11,2569,284.21,334.71,0,0,594,679,56,TYPE_A,3.7,Salad,Italian
1029552,64,11,2569,287.15,333.71,0,0,377,679,56,TYPE_A,3.7,Salad,Italian
1352214,65,11,2569,334.71,332.71,0,0,311,679,56,TYPE_A,3.7,Salad,Italian
1199021,66,11,2569,334.71,333.71,0,0,230,679,56,TYPE_A,3.7,Salad,Italian
1101705,67,11,2569,334.71,334.71,0,0,242,679,56,TYPE_A,3.7,Salad,Italian
1012097,68,11,2569,332.71,332.71,0,0,312,679,56,TYPE_A,3.7,Salad,Italian
1076939,69,11,2569,332.71,334.71,0,0,379,679,56,TYPE_A,3.7,Salad,Italian
1200949,70,11,2569,324.04,322.04,0,0,122,679,56,TYPE_A,3.7,Salad,Italian
1414414,71,11,2569,332.71,334.71,0,0,566,679,56,TYPE_A,3.7,Salad,Italian
1237922,72,11,2569,324.04,324.04,0,0,405,679,56,TYPE_A,3.7,Salad,Italian
1054818,73,11,2569,322.1,322.1,0,0,350,679,56,TYPE_A,3.7,Salad,Italian
1073797,74,11,2569,301.73,300.73,0,0,514,679,56,TYPE_A,3.7,Salad,Italian
1383114,75,11,2569,334.71,334.71,0,0,270,679,56,TYPE_A,3.7,Salad,Italian
1289104,76,11,2569,334.71,334.71,0,0,270,679,56,TYPE_A,3.7,Salad,Italian
1203047,77,11,2569,333.71,332.71,0,0,190,679,56,TYPE_A,3.7,Salad,Italian
1216754,78,11,2569,318.22,316.22,0,0,270,679,56,TYPE_A,3.7,Salad,Italian
1303634,79,11,2569,334.71,333.71,0,0,204,679,56,TYPE_A,3.7,Salad,Italian
1418594,80,11,2569,332.71,333.71,0,0,80,679,56,TYPE_A,3.7,Salad,Italian
1101364,81,11,2569,332.71,332.71,0,0,339,679,56,TYPE_A,3.7,Salad,Italian
1148115,82,11,2569,245.44,334.71,1,0,1027,679,56,TYPE_A,3.7,Salad,Italian
1004604,83,11,2569,291.06,334.71,0,0,337,679,56,TYPE_A,3.7,Salad,Italian
1428505,84,11,2569,308.52,307.52,0,0,541,679,56,TYPE_A,3.7,Salad,Italian
1296199,85,11,2569,298.76,300.76,0,0,540,679,56,TYPE_A,3.7,Salad,Italian
1167721,86,11,2569,316.28,314.28,0,0,378,679,56,TYPE_A,3.7,Salad,Italian
1276862,87,11,2569,284.27,316.28,0,0,528,679,56,TYPE_A,3.7,Salad,Italian
1351151,88,11,2569,314.31,313.31,0,0,190,679,56,TYPE_A,3.7,Salad,Italian
1484053,89,11,2569,314.28,315.28,0,0,204,679,56,TYPE_A,3.7,Salad,Italian
1047738,90,11,2569,316.28,314.28,0,0,203,679,56,TYPE_A,3.7,Salad,Italian
1413372,91,11,2569,315.28,315.28,0,0,256,679,56,TYPE_A,3.7,Salad,Italian
1453355,92,11,2569,305.55,305.55,0,0,474,679,56,TYPE_A,3.7,Salad,Italian
1195698,93,11,2569,309.46,310.46,0,0,323,679,56,TYPE_A,3.7,Salad,Italian
1234623,94,11,2569,309.46,310.46,0,0,298,679,56,TYPE_A,3.7,Salad,Italian
1054254,95,11,2569,339.56,337.56,0,0,392,679,56,TYPE_A,3.7,Salad,Italian
1185901,96,11,2569,337.56,337.56,0,0,270,679,56,TYPE_A,3.7,Salad,Italian
1432383,97,11,2569,303.64,339.56,0,0,391,679,56,TYPE_A,3.7,Salad,Italian
1441651,98,11,2569,322.1,321.1,0,0,258,679,56,TYPE_A,3.7,Salad,Italian
1384206,99,11,2569,337.56,337.56,0,0,258,679,56,TYPE_A,3.7,Salad,Italian
1354379,100,11,2569,339.56,337.56,0,0,271,679,56,TYPE_A,3.7,Salad,Italian
1415064,101,11,2569,337.56,338.56,0,0,325,679,56,TYPE_A,3.7,Salad,Italian
1106249,102,11,2569,338.56,338.56,0,0,215,679,56,TYPE_A,3.7,Salad,Italian
1364494,103,11,2569,335.62,337.62,0,0,339,679,56,TYPE_A,3.7,Salad,Italian
1408225,104,11,2569,338.56,339.56,0,0,242,679,56,TYPE_A,3.7,Salad,Italian
1359940,105,11,2569,339.56,339.56,0,0,323,679,56,TYPE_A,3.7,Salad,Italian
1169458,106,11,2569,339.56,339.56,0,0,378,679,56,TYPE_A,3.7,Salad,Italian
1299911,107,11,2569,337.56,339.56,0,0,297,679,56,TYPE_A,3.7,Salad,Italian
1226351,108,11,2569,338.56,339.56,0,0,418,679,56,TYPE_A,3.7,Salad,Italian
1401932,109,11,2569,324.98,323.98,0,0,323,679,56,TYPE_A,3.7,Salad,Italian
1466410,110,11,2569,338.56,338.56,0,0,404,679,56,TYPE_A,3.7,Salad,Italian
1186326,111,11,2569,339.56,338.56,0,0,204,679,56,TYPE_A,3.7,Salad,Italian
1057721,112,11,2569,338.56,337.56,0,0,324,679,56,TYPE_A,3.7,Salad,Italian
1391781,113,11,2569,338.56,337.56,0,0,310,679,56,TYPE_A,3.7,Salad,Italian
1065149,114,11,2569,339.56,339.56,0,0,352,679,56,TYPE_A,3.7,Salad,Italian
1052991,115,11,2569,245.41,338.56,1,0,1133,679,56,TYPE_A,3.7,Salad,Italian
1147294,63,11,2956,629.53,631.53,0,0,28,679,56,TYPE_A,3.7,Fish,Continental
1458975,64,11,2956,630.53,630.53,0,0,42,679,56,TYPE_A,3.7,Fish,Continental
1425799,65,11,2956,631.53,630.53,0,0,107,679,56,TYPE_A,3.7,Fish,Continental
1328724,66,11,2956,631.53,630.53,0,0,27,679,56,TYPE_A,3.7,Fish,Continental
1351807,67,11,2956,629.53,631.53,0,0,81,679,56,TYPE_A,3.7,Fish,Continental
1325265,68,11,2956,629.53,630.53,0,0,40,679,56,TYPE_A,3.7,Fish,Continental
1229082,70,11,2956,630.53,630.53,0,0,27,679,56,TYPE_A,3.7,Fish,Continental
1049961,71,11,2956,630.53,629.53,0,0,69,679,56,TYPE_A,3.7,Fish,Continental
1377836,72,11,2956,629.53,630.53,0,0,95,679,56,TYPE_A,3.7,Fish,Continental
1034275,73,11,2956,581.03,583.03,0,0,109,679,56,TYPE_A,3.7,Fish,Continental
1133010,74,11,2956,582.03,582.03,0,0,134,679,56,TYPE_A,3.7,Fish,Continental
1260143,75,11,2956,582.03,582.03,0,0,175,679,56,TYPE_A,3.7,Fish,Continental
1392264,76,11,2956,583.03,581.03,0,0,109,679,56,TYPE_A,3.7,Fish,Continental
1080650,77,11,2956,583.03,583.03,0,0,204,679,56,TYPE_A,3.7,Fish,Continental
1045728,78,11,2956,583.03,582.03,0,0,123,679,56,TYPE_A,3.7,Fish,Continental
1042930,79,11,2956,583.03,582.03,0,0,109,679,56,TYPE_A,3.7,Fish,Continental
1324324,80,11,2956,582.03,583.03,0,0,148,679,56,TYPE_A,3.7,Fish,Continental
1063245,81,11,2956,584.94,583.94,0,0,202,679,56,TYPE_A,3.7,Fish,Continental
1075667,82,11,2956,583.03,581.03,0,0,134,679,56,TYPE_A,3.7,Fish,Continental
1208544,83,11,2956,583.03,582.03,0,0,162,679,56,TYPE_A,3.7,Fish,Continental
1421549,84,11,2956,581.03,581.03,0,0,82,679,56,TYPE_A,3.7,Fish,Continental
1345043,85,11,2956,583.03,583.03,0,0,135,679,56,TYPE_A,3.7,Fish,Continental
1471909,86,11,2956,587.88,585.88,0,0,271,679,56,TYPE_A,3.7,Fish,Continental
1074032,87,11,2956,588.82,587.82,0,0,202,679,56,TYPE_A,3.7,Fish,Continental
1475831,88,11,2956,581.03,581.03,0,0,135,679,56,TYPE_A,3.7,Fish,Continental
1241188,89,11,2956,582.03,582.03,0,0,95,679,56,TYPE_A,3.7,Fish,Continental
1312801,91,11,2956,583.03,582.03,0,0,163,679,56,TYPE_A,3.7,Fish,Continental
1262619,92,11,2956,581.03,582.03,0,0,54,679,56,TYPE_A,3.7,Fish,Continental
1197309,93,11,2956,583.03,582.03,0,0,122,679,56,TYPE_A,3.7,Fish,Continental
1005192,94,11,2956,583.03,581.03,0,0,149,679,56,TYPE_A,3.7,Fish,Continental
1060826,95,11,2956,583.03,583.03,0,0,244,679,56,TYPE_A,3.7,Fish,Continental
1164476,96,11,2956,583.03,583.03,0,0,188,679,56,TYPE_A,3.7,Fish,Continental
1230399,97,11,2956,583.03,583.03,0,0,296,679,56,TYPE_A,3.7,Fish,Continental
1250725,98,11,2956,581.03,581.03,0,0,41,679,56,TYPE_A,3.7,Fish,Continental
1416260,99,11,2956,582.03,581.03,0,0,134,679,56,TYPE_A,3.7,Fish,Continental
1051733,100,11,2956,484.03,581.03,0,0,257,679,56,TYPE_A,3.7,Fish,Continental
1476423,101,11,2956,486.03,582.03,0,0,202,679,56,TYPE_A,3.7,Fish,Continental
1411025,102,11,2956,581.03,583.03,0,0,150,679,56,TYPE_A,3.7,Fish,Continental
1057056,103,11,2956,582.03,582.03,0,0,121,679,56,TYPE_A,3.7,Fish,Continental
1164147,104,11,2956,582.03,581.03,0,0,27,679,56,TYPE_A,3.7,Fish,Continental
1183845,105,11,2956,582.03,582.03,0,0,134,679,56,TYPE_A,3.7,Fish,Continental
1478519,106,11,2956,582.03,581.03,0,0,67,679,56,TYPE_A,3.7,Fish,Continental
1333695,107,11,2956,583.03,581.03,0,0,95,679,56,TYPE_A,3.7,Fish,Continental
1249513,108,11,2956,583.03,582.03,0,0,134,679,56,TYPE_A,3.7,Fish,Continental
1276587,109,11,2956,581.03,581.03,0,0,134,679,56,TYPE_A,3.7,Fish,Continental
1241618,110,11,2956,581.03,581.03,0,0,81,679,56,TYPE_A,3.7,Fish,Continental
1347542,111,11,2956,583.03,583.03,0,0,188,679,56,TYPE_A,3.7,Fish,Continental
1436996,112,11,2956,581.03,582.03,0,0,204,679,56,TYPE_A,3.7,Fish,Continental
1260003,113,11,2956,581.03,582.03,0,0,95,679,56,TYPE_A,3.7,Fish,Continental
1499691,114,11,2956,581.03,581.03,0,0,122,679,56,TYPE_A,3.7,Fish,Continental
1030584,115,11,2956,581.03,583.03,0,0,53,679,56,TYPE_A,3.7,Fish,Continental
