Data set/Center wise/Center_11_Rank7.csv
id,week,center_id,meal_id,checkout_price,base_price,emailer_for_promotion,homepage_featured,num_orders,city_code,region_code,center_type,op_area,category,cuisine
1288539,65,11,1571,629.53,629.53,0,0,27,679,56,TYPE_A,3.7,Fish,Continental
1449634,66,11,1571,629.53,629.53,0,0,41,679,56,TYPE_A,3.7,Fish,Continental
1426366,67,11,1571,631.53,630.53,0,0,26,679,56,TYPE_A,3.7,Fish,Continental
1320601,68,11,1571,631.53,629.53,0,0,13,679,56,TYPE_A,3.7,Fish,Continental
1447782,69,11,1571,631.53,630.53,0,0,55,679,56,TYPE_A,3.7,Fish,Continental
1336921,70,11,1571,630.53,629.53,0,0,41,679,56,TYPE_A,3.7,Fish,Continental
1243625,71,11,1571,630.53,630.53,0,0,95,679,56,TYPE_A,3.7,Fish,Continental
1346820,73,11,1571,582.03,582.03,0,0,67,679,56,TYPE_A,3.7,Fish,Continental
1393295,74,11,1571,583.03,583.03,0,0,136,679,56,TYPE_A,3.7,Fish,Continental
1060148,75,11,1571,581.03,581.03,0,0,161,679,56,TYPE_A,3.7,Fish,Continental
1238883,76,11,1571,583.03,583.03,0,0,68,679,56,TYPE_A,3.7,Fish,Continental
1290098,77,11,1571,581.03,583.03,0,0,150,679,56,TYPE_A,3.7,Fish,Continental
1350386,78,11,1571,583.03,582.03,0,0,135,679,56,TYPE_A,3.7,Fish,Continental
1333453,79,11,1571,582.03,582.03,0,0,26,679,56,TYPE_A,3.7,Fish,Continental
1186090,80,11,1571,583.03,582.03,0,0,136,679,56,TYPE_A,3.7,Fish,Continental
1163732,81,11,1571,581.03,583.03,0,0,217,679,56,TYPE_A,3.7,Fish,Continental
1071214,82,11,1571,583.03,581.03,0,0,123,679,56,TYPE_A,3.7,Fish,Continental
1176678,83,11,1571,582.03,582.03,0,0,162,679,56,TYPE_A,3.7,Fish,Continental
1328284,84,11,1571,583.03,582.03,0,0,95,679,56,TYPE_A,3.7,Fish,Continental
1325476,85,11,1571,581.03,582.03,0,0,230,679,56,TYPE_A,3.7,Fish,Continental
1313134,86,11,1571,582.03,582.03,0,0,188,679,56,TYPE_A,3.7,Fish,Continental
1216321,87,11,1571,582.03,583.03,0,0,175,679,56,TYPE_A,3.7,Fish,Continental
1109185,88,11,1571,583.03,581.03,0,0,95,679,56,TYPE_A,3.7,Fish,Continental
1413053,89,11,1571,583.03,583.03,0,0,176,679,56,TYPE_A,3.7,Fish,Continental
1246421,90,11,1571,583.03,582.03,0,0,94,679,56,TYPE_A,3.7,Fish,Continental
1166971,91,11,1571,581.03,582.03,0,0,107,679,56,TYPE_A,3.7,Fish,Continental
1221381,92,11,1571,583.03,582.03,0,0,163,679,56,TYPE_A,3.7,Fish,Continental
1233848,93,11,1571,582.03,581.03,0,0,108,679,56,TYPE_A,3.7,Fish,Continental
1111647,94,11,1571,582.03,581.03,0,0,107,679,56,TYPE_A,3.7,Fish,Continental
1091076,95,11,1571,583.03,582.03,0,0,109,679,56,TYPE_A,3.7,Fish,Continental
1328438,96,11,1571,582.03,583.03,0,0,177,679,56,TYPE_A,3.7,Fish,Continental
1299730,97,11,1571,582.03,581.03,0,0,109,679,56,TYPE_A,3.7,Fish,Continental
1449566,98,11,1571,581.03,581.03,0,0,109,679,56,TYPE_A,3.7,Fish,Continental
1391792,99,11,1571,581.03,581.03,0,0,68,679,56,TYPE_A,3.7,Fish,Continental
1307032,100,11,1571,485.03,582.03,0,0,242,679,56,TYPE_A,3.7,Fish,Continental
1146033,101,11,1571,484.03,583.03,0,0,270,679,56,TYPE_A,3.7,Fish,Continental
1037898,102,11,1571,582.03,582.03,0,0,53,679,56,TYPE_A,3.7,Fish,Continental
1362803,103,11,1571,583.03,583.03,0,0,96,679,56,TYPE_A,3.7,Fish,Continental
1280966,104,11,1571,582.03,582.03,0,0,80,679,56,TYPE_A,3.7,Fish,Continental
1089290,105,11,1571,581.03,581.03,0,0,82,679,56,TYPE_A,3.7,Fish,Continental
1219574,106,11,1571,581.03,581.03,0,0,108,679,56,TYPE_A,3.7,Fish,Continental
1095019,107,11,1571,582.03,583.03,0,0,41,679,56,TYPE_A,3.7,Fish,Continental
1360328,108,11,1571,582.03,581.03,0,0,135,679,56,TYPE_A,3.7,Fish,Continental
1018281,109,11,1571,583.03,581.03,0,0,67,679,56,TYPE_A,3.7,Fish,Continental
1008891,110,11,1571,582.03,581.03,0,0,81,679,56,TYPE_A,3.7,Fish,Continental
1371720,111,11,1571,582.03,581.03,0,0,108,679,56,TYPE_A,3.7,Fish,Continental
1107507,112,11,1571,583.03,582.03,0,0,123,679,56,TYPE_A,3.7,Fish,Continental
1102113,113,11,1571,583.03,581.03,0,0,53,679,56,TYPE_A,3.7,Fish,Continental
1351739,114,11,1571,583.03,582.03,0,0,121,679,56,TYPE_A,3.7,Fish,Continental
1224351,115,11,1571,581.03,583.03,0,0,67,679,56,TYPE_A,3.7,Fish,Continental
